<?xml version="1.0" encoding="UTF-8" ?>
<testsuites name="vitest tests" tests="4280" failures="0" errors="0" time="37.421430627">
    <testsuite name="adws/__tests__/adwChore.test.ts" timestamp="2026-10-06T17:53:43.749Z" hostname="macmini.local" tests="12" failures="0" errors="0" skipped="0" time="0.011480875">
        <testcase classname="adws/__tests__/adwChore.test.ts" name="executeChore — the diff judge escalated the chore and the review still has blockers after its last attempt &gt; attempts the review as often as the retry budget allows, patching between attempts" time="0.002721667">
        </testcase>
        <testcase classname="adws/__tests__/adwChore.test.ts" name="executeChore — the diff judge escalated the chore and the review still has blockers after its last attempt &gt; stops at review_failed and never writes awaiting_merge" time="0.000559042">
        </testcase>
        <testcase classname="adws/__tests__/adwChore.test.ts" name="executeChore — the diff judge escalated the chore and the review still has blockers after its last attempt &gt; runs no document phase, opens no pull request and approves nothing" time="0.000358667">
        </testcase>
        <testcase classname="adws/__tests__/adwChore.test.ts" name="executeChore — the diff judge escalated the chore and the review still has blockers after its last attempt &gt; records the failed verdict in the orchestrator metadata and persists the cost" time="0.004072667">
        </testcase>
        <testcase classname="adws/__tests__/adwChore.test.ts" name="executeChore — the diff judge escalated the chore and the review still has blockers after its last attempt &gt; tells the issue which branch holds the work and to post ## Retry" time="0.000419042">
        </testcase>
        <testcase classname="adws/__tests__/adwChore.test.ts" name="executeChore — the diff judge escalated the chore and the review passes &gt; documents, opens and pre-approves the pull request and ends at awaiting_merge" time="0.0004075">
        </testcase>
        <testcase classname="adws/__tests__/adwChore.test.ts" name="executeChore — the diff judge escalated the chore and the review passes &gt; opens the pull request and leaves it unapproved when the issue has the hitl label" time="0.000251458">
        </testcase>
        <testcase classname="adws/__tests__/adwChore.test.ts" name="executeChore — the diff judge escalated the chore and the review passes &gt; records the passed verdict in the orchestrator metadata" time="0.000297125">
        </testcase>
        <testcase classname="adws/__tests__/adwChore.test.ts" name="executeChore — the diff judge escalated the chore and the review passes &gt; carries on to the pull request when a patch turns the first failed attempt into a pass" time="0.000324792">
        </testcase>
        <testcase classname="adws/__tests__/adwChore.test.ts" name="executeChore — the diff judge rules the chore safe &gt; runs no review or document phase and still opens and pre-approves the pull request" time="0.000347084">
        </testcase>
        <testcase classname="adws/__tests__/adwChore.test.ts" name="executeChore — the baseline &gt; runs first, as the phase named baseline, before the install phase and the plan phase" time="0.000342209">
        </testcase>
        <testcase classname="adws/__tests__/adwChore.test.ts" name="executeChore — the baseline &gt; stops the run before any plan is written when it parks the workflow" time="0.000580958">
        </testcase>
    </testsuite>
    <testsuite name="adws/__tests__/adwInitPrompt.test.ts" timestamp="2026-10-06T17:53:43.750Z" hostname="macmini.local" tests="5" failures="0" errors="0" skipped="0" time="0.004560709">
        <testcase classname="adws/__tests__/adwInitPrompt.test.ts" name="adw_init.md reproduces the texts it cannot import &gt; writes a .github/adw.yml heredoc byte-identical to ADW_YML_TEMPLATE" time="0.001873833">
        </testcase>
        <testcase classname="adws/__tests__/adwInitPrompt.test.ts" name="adw_init.md reproduces the texts it cannot import &gt; carries the Comments entry of ADW&apos;s own coding guidelines" time="0.000712916">
        </testcase>
        <testcase classname="adws/__tests__/adwInitPrompt.test.ts" name="adw_init.md reproduces the texts it cannot import &gt; offers exactly the application types the mapping knows" time="0.0006055">
        </testcase>
        <testcase classname="adws/__tests__/adwInitPrompt.test.ts" name="adw_init.md reproduces the texts it cannot import &gt; says to leave the section out when detection cannot decide, so that no default is ever written" time="0.000169708">
        </testcase>
        <testcase classname="adws/__tests__/adwInitPrompt.test.ts" name="adw_init.md reproduces the texts it cannot import &gt; says to preserve a type the owner set by hand, so that an upgrade does not drop it" time="0.000117042">
        </testcase>
    </testsuite>
    <testsuite name="adws/__tests__/adwMerge.test.ts" timestamp="2026-10-06T17:53:43.750Z" hostname="macmini.local" tests="28" failures="0" errors="0" skipped="0" time="0.025837292">
        <testcase classname="adws/__tests__/adwMerge.test.ts" name="executeMerge — missing state &gt; returns abandoned when top-level state file is not found" time="0.003677417">
            <system-out>
[31m❌ [2026-10-06T17:53:40.363Z] adwMerge: no top-level state found for adwId=test-adw-id[0m

            </system-out>
        </testcase>
        <testcase classname="adws/__tests__/adwMerge.test.ts" name="executeMerge — missing state &gt; returns abandoned when workflowStage is not awaiting_merge" time="0.00086725">
            <system-out>
⚠️ [2026-10-06T17:53:40.365Z] adwMerge: unexpected workflowStage &apos;completed&apos; for adwId=test-adw-id

            </system-out>
        </testcase>
        <testcase classname="adws/__tests__/adwMerge.test.ts" name="executeMerge — missing state &gt; returns abandoned when orchestrator state path is not found" time="0.000336875">
            <system-out>
[31m❌ [2026-10-06T17:53:40.366Z] adwMerge: no orchestrator state found for adwId=test-adw-id[0m

            </system-out>
        </testcase>
        <testcase classname="adws/__tests__/adwMerge.test.ts" name="executeMerge — missing state &gt; returns abandoned when branchName is missing from orchestrator state" time="0.00030475">
            <system-out>
[31m❌ [2026-10-06T17:53:40.366Z] adwMerge: no branchName in state for adwId=test-adw-id[0m

            </system-out>
        </testcase>
        <testcase classname="adws/__tests__/adwMerge.test.ts" name="executeMerge — missing state &gt; stays awaiting_merge on first no_pr_found miss (attempt 1 of 3)" time="0.000692917">
            <system-out>
⚠️ [2026-10-06T17:53:40.367Z] adwMerge: no PR for &apos;feature-issue-42-abc&apos; (attempt 1/3) — staying awaiting_merge

            </system-out>
        </testcase>
        <testcase classname="adws/__tests__/adwMerge.test.ts" name="executeMerge — missing state &gt; stays awaiting_merge on second no_pr_found miss (attempt 2 of 3)" time="0.000290791">
            <system-out>
⚠️ [2026-10-06T17:53:40.367Z] adwMerge: no PR for &apos;feature-issue-42-abc&apos; (attempt 2/3) — staying awaiting_merge

            </system-out>
        </testcase>
        <testcase classname="adws/__tests__/adwMerge.test.ts" name="executeMerge — missing state &gt; escalates to merge_blocked on third no_pr_found miss (attempt 3 of 3)" time="0.002820875">
            <system-out>
[31m❌ [2026-10-06T17:53:40.368Z] adwMerge: no PR for &apos;feature-issue-42-abc&apos; after 3 attempts — escalating to merge_blocked[0m

            </system-out>
        </testcase>
        <testcase classname="adws/__tests__/adwMerge.test.ts" name="executeMerge — already merged PR &gt; writes completed and posts completion comment when PR is already MERGED" time="0.000464">
            <system-out>
📋 [2026-10-06T17:53:40.370Z] adwMerge: PR #7 state=MERGED branch=feature-issue-42-abc base=main
✅ [2026-10-06T17:53:40.370Z] adwMerge: PR #7 already merged, writing completed

            </system-out>
        </testcase>
        <testcase classname="adws/__tests__/adwMerge.test.ts" name="executeMerge — closed PR &gt; writes discarded and notifies blocked when PR is CLOSED without merge" time="0.003105083">
            <system-out>
📋 [2026-10-06T17:53:40.372Z] adwMerge: PR #7 state=CLOSED branch=feature-issue-42-abc base=main
⚠️ [2026-10-06T17:53:40.372Z] adwMerge: PR #7 is closed without merge

            </system-out>
        </testcase>
        <testcase classname="adws/__tests__/adwMerge.test.ts" name="executeMerge — closed PR &gt; does not call notifyBlockedTransition for merged PRs" time="0.000349291">
            <system-out>
📋 [2026-10-06T17:53:40.374Z] adwMerge: PR #7 state=MERGED branch=feature-issue-42-abc base=main
✅ [2026-10-06T17:53:40.374Z] adwMerge: PR #7 already merged, writing completed

            </system-out>
        </testcase>
        <testcase classname="adws/__tests__/adwMerge.test.ts" name="executeMerge — successful merge &gt; calls mergeWithConflictResolution with correct args and writes completed" time="0.002750416">
            <system-out>
📋 [2026-10-06T17:53:40.377Z] adwMerge: PR #7 state=OPEN branch=feature-issue-42-abc base=main

✅ [2026-10-06T17:53:40.377Z] adwMerge: PR #7 merged successfully

            </system-out>
        </testcase>
        <testcase classname="adws/__tests__/adwMerge.test.ts" name="executeMerge — successful merge &gt; includes specPath when plan file exists" time="0.000971958">
            <system-out>
📋 [2026-10-06T17:53:40.377Z] adwMerge: PR #7 state=OPEN branch=feature-issue-42-abc base=main

✅ [2026-10-06T17:53:40.377Z] adwMerge: PR #7 merged successfully

            </system-out>
        </testcase>
        <testcase classname="adws/__tests__/adwMerge.test.ts" name="executeMerge — failed merge &gt; writes merge_blocked and comments on issue when merge fails" time="0.000399166">
            <system-out>
📋 [2026-10-06T17:53:40.378Z] adwMerge: PR #7 state=OPEN branch=feature-issue-42-abc base=main

[31m❌ [2026-10-06T17:53:40.378Z] adwMerge: merge failed after retries: Conflict detected and could not be resolved[0m

            </system-out>
        </testcase>
        <testcase classname="adws/__tests__/adwMerge.test.ts" name="executeMerge — failed merge &gt; includes last error in the issue failure comment" time="0.0002165">
            <system-out>
📋 [2026-10-06T17:53:40.379Z] adwMerge: PR #7 state=OPEN branch=feature-issue-42-abc base=main

[31m❌ [2026-10-06T17:53:40.379Z] adwMerge: merge failed after retries: merge conflict in file.txt[0m

            </system-out>
        </testcase>
        <testcase classname="adws/__tests__/adwMerge.test.ts" name="executeMerge — worktree error &gt; writes abandoned when ensureWorktree throws" time="0.0002385">
            <system-out>
📋 [2026-10-06T17:53:40.379Z] adwMerge: PR #7 state=OPEN branch=feature-issue-42-abc base=main
[31m❌ [2026-10-06T17:53:40.379Z] adwMerge: failed to ensure worktree for &apos;feature-issue-42-abc&apos;: Error: git error[0m

            </system-out>
        </testcase>
        <testcase classname="adws/__tests__/adwMerge.test.ts" name="executeMerge — approval gate &gt; with no hitl label, an unapproved PR still merges (gate satisfied by rule 1)" time="0.000194583">
            <system-out>
📋 [2026-10-06T17:53:40.379Z] adwMerge: PR #7 state=OPEN branch=feature-issue-42-abc base=main

✅ [2026-10-06T17:53:40.379Z] adwMerge: PR #7 merged successfully

            </system-out>
        </testcase>
        <testcase classname="adws/__tests__/adwMerge.test.ts" name="executeMerge — approval gate &gt; terminal MERGED state skips approval check — returns already_merged" time="0.000175625">
            <system-out>
📋 [2026-10-06T17:53:40.379Z] adwMerge: PR #7 state=MERGED branch=feature-issue-42-abc base=main
✅ [2026-10-06T17:53:40.379Z] adwMerge: PR #7 already merged, writing completed

            </system-out>
        </testcase>
        <testcase classname="adws/__tests__/adwMerge.test.ts" name="executeMerge — approval gate &gt; terminal CLOSED state skips approval check — returns pr_closed" time="0.000167417">
            <system-out>
📋 [2026-10-06T17:53:40.379Z] adwMerge: PR #7 state=CLOSED branch=feature-issue-42-abc base=main
⚠️ [2026-10-06T17:53:40.379Z] adwMerge: PR #7 is closed without merge

            </system-out>
        </testcase>
        <testcase classname="adws/__tests__/adwMerge.test.ts" name="executeMerge — approval gate &gt; with no hitl and PR approved, merge proceeds" time="0.000157042">
            <system-out>
📋 [2026-10-06T17:53:40.380Z] adwMerge: PR #7 state=OPEN branch=feature-issue-42-abc base=main

✅ [2026-10-06T17:53:40.380Z] adwMerge: PR #7 merged successfully

            </system-out>
        </testcase>
        <testcase classname="adws/__tests__/adwMerge.test.ts" name="executeMerge — branchName resolution (issue #530) &gt; regression: resolves branchName from top-level state when orchestrator path is null" time="0.001889958">
            <system-out>
📋 [2026-10-06T17:53:40.380Z] adwMerge: PR #7 state=OPEN branch=feature-issue-530-top-level base=main

✅ [2026-10-06T17:53:40.381Z] adwMerge: PR #7 merged successfully

            </system-out>
        </testcase>
        <testcase classname="adws/__tests__/adwMerge.test.ts" name="executeMerge — branchName resolution (issue #530) &gt; regression: resolves branchName from top-level state when orchestrator state has no branchName" time="0.000693792">
            <system-out>
📋 [2026-10-06T17:53:40.382Z] adwMerge: PR #7 state=OPEN branch=feature-issue-530-top-level base=main

✅ [2026-10-06T17:53:40.382Z] adwMerge: PR #7 merged successfully

            </system-out>
        </testcase>
        <testcase classname="adws/__tests__/adwMerge.test.ts" name="executeMerge — branchName resolution (issue #530) &gt; precedence: top-level branchName wins when both stores differ" time="0.001189125">
            <system-out>
📋 [2026-10-06T17:53:40.383Z] adwMerge: PR #7 state=OPEN branch=feature-top-level-A base=main

✅ [2026-10-06T17:53:40.383Z] adwMerge: PR #7 merged successfully

            </system-out>
        </testcase>
        <testcase classname="adws/__tests__/adwMerge.test.ts" name="executeMerge — branchName resolution (issue #530) &gt; fallback: uses orchestrator branchName when top-level state has none" time="0.000390208">
            <system-out>
📋 [2026-10-06T17:53:40.384Z] adwMerge: PR #7 state=OPEN branch=feature-issue-42-abc base=main

✅ [2026-10-06T17:53:40.384Z] adwMerge: PR #7 merged successfully

            </system-out>
        </testcase>
        <testcase classname="adws/__tests__/adwMerge.test.ts" name="executeMerge — hitl × approved gate matrix &gt; rule 1: no hitl + not approved → merge (gate open)" time="0.000261792">
            <system-out>
📋 [2026-10-06T17:53:40.384Z] adwMerge: PR #7 state=OPEN branch=feature-issue-42-abc base=main

✅ [2026-10-06T17:53:40.384Z] adwMerge: PR #7 merged successfully

            </system-out>
        </testcase>
        <testcase classname="adws/__tests__/adwMerge.test.ts" name="executeMerge — hitl × approved gate matrix &gt; rule 2: hitl + not approved → defer with reason hitl_blocked_unapproved" time="0.000214208">
            <system-out>
📋 [2026-10-06T17:53:40.384Z] adwMerge: PR #7 state=OPEN branch=feature-issue-42-abc base=main
📋 [2026-10-06T17:53:40.384Z] Issue #42 has hitl label and PR #7 is not approved — deferring

            </system-out>
        </testcase>
        <testcase classname="adws/__tests__/adwMerge.test.ts" name="executeMerge — hitl × approved gate matrix &gt; rule 3: hitl + approved → merge (gate satisfied by approval)" time="0.000983292">
            <system-out>
📋 [2026-10-06T17:53:40.384Z] adwMerge: PR #7 state=OPEN branch=feature-issue-42-abc base=main

✅ [2026-10-06T17:53:40.384Z] adwMerge: PR #7 merged successfully

            </system-out>
        </testcase>
        <testcase classname="adws/__tests__/adwMerge.test.ts" name="executeMerge — hitl × approved gate matrix &gt; rule 4: no hitl + approved → merge (gate open via rule 1)" time="0.000248291">
            <system-out>
📋 [2026-10-06T17:53:40.385Z] adwMerge: PR #7 state=OPEN branch=feature-issue-42-abc base=main

✅ [2026-10-06T17:53:40.385Z] adwMerge: PR #7 merged successfully

            </system-out>
        </testcase>
        <testcase classname="adws/__tests__/adwMerge.test.ts" name="executeMerge — hitl × approved gate matrix &gt; defer logs a message naming the issue and PR" time="0.00042875">
        </testcase>
    </testsuite>
    <testsuite name="adws/__tests__/adwPlanBuildReview.test.ts" timestamp="2026-10-06T17:53:43.753Z" hostname="macmini.local" tests="9" failures="0" errors="0" skipped="0" time="0.009148167">
        <testcase classname="adws/__tests__/adwPlanBuildReview.test.ts" name="executePlanBuildReview — the review still has blockers after its last attempt &gt; attempts the review as often as the retry budget allows, patching between attempts" time="0.00276175">
        </testcase>
        <testcase classname="adws/__tests__/adwPlanBuildReview.test.ts" name="executePlanBuildReview — the review still has blockers after its last attempt &gt; stops at review_failed and never writes awaiting_merge" time="0.000608958">
        </testcase>
        <testcase classname="adws/__tests__/adwPlanBuildReview.test.ts" name="executePlanBuildReview — the review still has blockers after its last attempt &gt; opens no pull request" time="0.000295625">
        </testcase>
        <testcase classname="adws/__tests__/adwPlanBuildReview.test.ts" name="executePlanBuildReview — the review still has blockers after its last attempt &gt; records the failed verdict in the orchestrator metadata and persists the cost" time="0.001232">
        </testcase>
        <testcase classname="adws/__tests__/adwPlanBuildReview.test.ts" name="executePlanBuildReview — the review still has blockers after its last attempt &gt; tells the issue which branch holds the work and to post ## Retry" time="0.00062375">
        </testcase>
        <testcase classname="adws/__tests__/adwPlanBuildReview.test.ts" name="executePlanBuildReview — the review passes &gt; opens the pull request and ends at awaiting_merge" time="0.000670417">
        </testcase>
        <testcase classname="adws/__tests__/adwPlanBuildReview.test.ts" name="executePlanBuildReview — the review passes &gt; carries on to the pull request when a patch turns the first failed attempt into a pass" time="0.000454334">
        </testcase>
        <testcase classname="adws/__tests__/adwPlanBuildReview.test.ts" name="executePlanBuildReview — the baseline &gt; runs first, as the phase named baseline, before the install phase and the plan phase" time="0.000390542">
        </testcase>
        <testcase classname="adws/__tests__/adwPlanBuildReview.test.ts" name="executePlanBuildReview — the baseline &gt; stops the run before any plan is written when it parks the workflow" time="0.000709709">
        </testcase>
    </testsuite>
    <testsuite name="adws/__tests__/adwPlanBuildTestReview.test.ts" timestamp="2026-10-06T17:53:43.753Z" hostname="macmini.local" tests="9" failures="0" errors="0" skipped="0" time="0.033739709">
        <testcase classname="adws/__tests__/adwPlanBuildTestReview.test.ts" name="executePlanBuildTestReview — the review still has blockers after its last attempt &gt; attempts the review as often as the retry budget allows, patching between attempts" time="0.003359125">
        </testcase>
        <testcase classname="adws/__tests__/adwPlanBuildTestReview.test.ts" name="executePlanBuildTestReview — the review still has blockers after its last attempt &gt; stops at review_failed and never writes awaiting_merge" time="0.001357875">
        </testcase>
        <testcase classname="adws/__tests__/adwPlanBuildTestReview.test.ts" name="executePlanBuildTestReview — the review still has blockers after its last attempt &gt; opens no pull request and publishes no proof" time="0.001010042">
        </testcase>
        <testcase classname="adws/__tests__/adwPlanBuildTestReview.test.ts" name="executePlanBuildTestReview — the review still has blockers after its last attempt &gt; records the failed verdict in the orchestrator metadata and persists the cost" time="0.002691625">
        </testcase>
        <testcase classname="adws/__tests__/adwPlanBuildTestReview.test.ts" name="executePlanBuildTestReview — the review still has blockers after its last attempt &gt; tells the issue which branch holds the work and to post ## Retry" time="0.00899975">
        </testcase>
        <testcase classname="adws/__tests__/adwPlanBuildTestReview.test.ts" name="executePlanBuildTestReview — the review passes &gt; opens the pull request, publishes the proof and ends at awaiting_merge" time="0.000372458">
        </testcase>
        <testcase classname="adws/__tests__/adwPlanBuildTestReview.test.ts" name="executePlanBuildTestReview — the review passes &gt; carries on to the pull request when a patch turns the first failed attempt into a pass" time="0.000257">
        </testcase>
        <testcase classname="adws/__tests__/adwPlanBuildTestReview.test.ts" name="executePlanBuildTestReview — the baseline &gt; runs first, as the phase named baseline, before the install phase and the plan phase" time="0.01288675">
        </testcase>
        <testcase classname="adws/__tests__/adwPlanBuildTestReview.test.ts" name="executePlanBuildTestReview — the baseline &gt; stops the run before any plan is written when it parks the workflow" time="0.001574416">
        </testcase>
    </testsuite>
    <testsuite name="adws/__tests__/adwUpgrade.test.ts" timestamp="2026-10-06T17:53:43.754Z" hostname="macmini.local" tests="91" failures="0" errors="0" skipped="0" time="0.066416584">
        <testcase classname="adws/__tests__/adwUpgrade.test.ts" name="buildUpgradePrBody &gt; begins with Implements #&lt;issueNumber&gt;" time="0.001376458">
        </testcase>
        <testcase classname="adws/__tests__/adwUpgrade.test.ts" name="buildUpgradePrBody &gt; contains Closes #&lt;issueNumber&gt; to auto-close the tracking issue on merge" time="0.000228084">
        </testcase>
        <testcase classname="adws/__tests__/adwUpgrade.test.ts" name="buildUpgradePrBody &gt; contains the full hash" time="0.000137208">
        </testcase>
        <testcase classname="adws/__tests__/adwUpgrade.test.ts" name="buildUpgradePrTitle &gt; includes the first 12 chars of the hash" time="0.000147125">
        </testcase>
        <testcase classname="adws/__tests__/adwUpgrade.test.ts" name="buildUpgradeFailureComment &gt; is NOT an ADW workflow comment (concurrency-guard guarantee)" time="0.000287959">
        </testcase>
        <testcase classname="adws/__tests__/adwUpgrade.test.ts" name="buildUpgradeFailureComment &gt; includes the failure reason" time="0.000115375">
        </testcase>
        <testcase classname="adws/__tests__/adwUpgrade.test.ts" name="buildUpgradeFailureComment &gt; includes the adwId" time="0.000094458">
        </testcase>
        <testcase classname="adws/__tests__/adwUpgrade.test.ts" name="buildUpgradeFailureComment &gt; includes a re-run command referencing the issue number" time="0.000099875">
        </testcase>
        <testcase classname="adws/__tests__/adwUpgrade.test.ts" name="executeUpgrade — idempotency guard (existing claim-branch PR) &gt; no-ops with reason=pr_already_exists when a PR already exists for the claim branch" time="0.001574458">
        </testcase>
        <testcase classname="adws/__tests__/adwUpgrade.test.ts" name="executeUpgrade — idempotency guard (existing claim-branch PR) &gt; does not regenerate, commit, push, or open a PR when a claim-branch PR exists" time="0.00086375">
        </testcase>
        <testcase classname="adws/__tests__/adwUpgrade.test.ts" name="executeUpgrade — idempotency guard (existing claim-branch PR) &gt; also no-ops for a CLOSED claim-branch PR (human-rejected upgrade must not loop)" time="0.000554416">
        </testcase>
        <testcase classname="adws/__tests__/adwUpgrade.test.ts" name="executeUpgrade — idempotency guard (existing claim-branch PR) &gt; proceeds normally when no PR exists for the claim branch (genuinely stalled)" time="0.000588125">
        </testcase>
        <testcase classname="adws/__tests__/adwUpgrade.test.ts" name="executeUpgrade — idempotency guard (existing claim-branch PR) &gt; rebuilds (does NOT no-op) when the claim-branch PR is labeled wontfix" time="0.000312167">
        </testcase>
        <testcase classname="adws/__tests__/adwUpgrade.test.ts" name="executeUpgrade — success path (default: auto-merge) &gt; returns outcome=completed, reason=pr_merged, and prUrl on success" time="0.000202084">
        </testcase>
        <testcase classname="adws/__tests__/adwUpgrade.test.ts" name="executeUpgrade — success path (default: auto-merge) &gt; creates PR with Implements #&lt;issueNumber&gt; in body" time="0.000199042">
        </testcase>
        <testcase classname="adws/__tests__/adwUpgrade.test.ts" name="executeUpgrade — success path (default: auto-merge) &gt; creates PR with Closes #&lt;issueNumber&gt; in body to auto-close tracking issue on merge" time="0.000173292">
        </testcase>
        <testcase classname="adws/__tests__/adwUpgrade.test.ts" name="executeUpgrade — success path (default: auto-merge) &gt; calls createPullRequest exactly once" time="0.00016825">
        </testcase>
        <testcase classname="adws/__tests__/adwUpgrade.test.ts" name="executeUpgrade — success path (default: auto-merge) &gt; calls mergePR once with (pr.number, repoInfo) on the default (hitl:false) path" time="0.000660792">
        </testcase>
        <testcase classname="adws/__tests__/adwUpgrade.test.ts" name="executeUpgrade — success path (default: auto-merge) &gt; never calls commentOnIssue on default success path" time="0.00018075">
        </testcase>
        <testcase classname="adws/__tests__/adwUpgrade.test.ts" name="executeUpgrade — success path (default: auto-merge) &gt; writes .adw-version with the runtime-computed hash (not a passed-in value)" time="0.001168541">
        </testcase>
        <testcase classname="adws/__tests__/adwUpgrade.test.ts" name="executeUpgrade — hitl:true path &gt; does not call mergePR when hitl: true" time="0.000648208">
        </testcase>
        <testcase classname="adws/__tests__/adwUpgrade.test.ts" name="executeUpgrade — hitl:true path &gt; returns outcome=completed, reason=pr_opened_hitl when hitl: true" time="0.001613166">
        </testcase>
        <testcase classname="adws/__tests__/adwUpgrade.test.ts" name="executeUpgrade — hitl:true path &gt; posts exactly one non-ADW comment when hitl: true" time="0.00099875">
        </testcase>
        <testcase classname="adws/__tests__/adwUpgrade.test.ts" name="executeUpgrade — merge failure (non-fatal) &gt; returns outcome=completed, reason=merge_failed when mergePR fails" time="0.000926291">
        </testcase>
        <testcase classname="adws/__tests__/adwUpgrade.test.ts" name="executeUpgrade — merge failure (non-fatal) &gt; posts exactly one non-ADW comment when merge fails" time="0.001136917">
        </testcase>
        <testcase classname="adws/__tests__/adwUpgrade.test.ts" name="executeUpgrade — merge failure (non-fatal) &gt; does not throw when mergePR fails" time="0.005969042">
        </testcase>
        <testcase classname="adws/__tests__/adwUpgrade.test.ts" name="executeUpgrade — non-fast-forward push parks instead of crashing &gt; returns outcome=completed, reason=claim_lost on a rejected push" time="0.005274167">
        </testcase>
        <testcase classname="adws/__tests__/adwUpgrade.test.ts" name="executeUpgrade — non-fast-forward push parks instead of crashing &gt; does not open a PR, merge, or comment when the push is rejected" time="0.009611375">
        </testcase>
        <testcase classname="adws/__tests__/adwUpgrade.test.ts" name="executeUpgrade — non-fast-forward push parks instead of crashing &gt; does not swallow a genuine (non-rejection) push failure — returns failed/push_error instead of throwing" time="0.0003605">
        </testcase>
        <testcase classname="adws/__tests__/adwUpgrade.test.ts" name="executeUpgrade — step 6 commit/push failures &gt; commitChanges throw → outcome=failed, reason=commit_error, one counted failure comment, no push/PR" time="0.001994667">
        </testcase>
        <testcase classname="adws/__tests__/adwUpgrade.test.ts" name="executeUpgrade — step 6 commit/push failures &gt; does not reject (resolves cleanly) when commitChanges throws" time="0.000331125">
        </testcase>
        <testcase classname="adws/__tests__/adwUpgrade.test.ts" name="executeUpgrade — step 6 commit/push failures &gt; pushBranch non-rejection throw → outcome=failed, reason=push_error, one counted failure comment, no PR" time="0.000320375">
        </testcase>
        <testcase classname="adws/__tests__/adwUpgrade.test.ts" name="executeUpgrade — step 6 commit/push failures &gt; does not reject (resolves cleanly) when pushBranch throws a non-rejection error" time="0.000623709">
        </testcase>
        <testcase classname="adws/__tests__/adwUpgrade.test.ts" name="executeUpgrade — step 6 commit/push failures &gt; pushBranch rejection (isPushRejection=true) stays claim_lost and posts no failure comment" time="0.004435084">
        </testcase>
        <testcase classname="adws/__tests__/adwUpgrade.test.ts" name="isPushRejectionError &gt; classifies a non-fast-forward execSync error (stderr Buffer) as a rejection" time="0.000456667">
        </testcase>
        <testcase classname="adws/__tests__/adwUpgrade.test.ts" name="isPushRejectionError &gt; does not classify an auth/connection failure as a rejection" time="0.000067209">
        </testcase>
        <testcase classname="adws/__tests__/adwUpgrade.test.ts" name="parseAdwYml — malformed state flows through default path &gt; parseAdwYml returns { hitl: false } for malformed value" time="0.001693625">
            <system-out>
⚠️ [2026-10-06T17:53:39.686Z] adw.yml: malformed &apos;hitl&apos; value &quot;maybe&quot;, defaulting to auto-merge (hitl: false)

            </system-out>
        </testcase>
        <testcase classname="adws/__tests__/adwUpgrade.test.ts" name="buildUpgradeHitlComment &gt; is NOT an ADW workflow comment" time="0.000064459">
        </testcase>
        <testcase classname="adws/__tests__/adwUpgrade.test.ts" name="buildUpgradeHitlComment &gt; references the PR number" time="0.000033708">
        </testcase>
        <testcase classname="adws/__tests__/adwUpgrade.test.ts" name="buildUpgradeHitlComment &gt; references the adwId" time="0.000028917">
        </testcase>
        <testcase classname="adws/__tests__/adwUpgrade.test.ts" name="buildUpgradeMergeFailedComment &gt; is NOT an ADW workflow comment" time="0.000032958">
        </testcase>
        <testcase classname="adws/__tests__/adwUpgrade.test.ts" name="buildUpgradeMergeFailedComment &gt; references the PR number" time="0.000024625">
        </testcase>
        <testcase classname="adws/__tests__/adwUpgrade.test.ts" name="buildUpgradeMergeFailedComment &gt; includes the failure reason" time="0.000040917">
        </testcase>
        <testcase classname="adws/__tests__/adwUpgrade.test.ts" name="executeUpgrade — branch derivation &gt; calls ensureWorktree with adw-upgrade-&lt;hash&gt; (matches buildClaimBranchName)" time="0.000347041">
        </testcase>
        <testcase classname="adws/__tests__/adwUpgrade.test.ts" name="executeUpgrade — LLM failure path &gt; returns outcome=failed with reason=llm_failed" time="0.000288625">
        </testcase>
        <testcase classname="adws/__tests__/adwUpgrade.test.ts" name="executeUpgrade — LLM failure path &gt; posts exactly one commentOnIssue" time="0.00028075">
        </testcase>
        <testcase classname="adws/__tests__/adwUpgrade.test.ts" name="executeUpgrade — LLM failure path &gt; failure comment is not an ADW comment" time="0.000195667">
        </testcase>
        <testcase classname="adws/__tests__/adwUpgrade.test.ts" name="executeUpgrade — LLM failure path &gt; does not call createPullRequest, writeAdwVersion, commitChanges, or pushBranch" time="0.00020175">
        </testcase>
        <testcase classname="adws/__tests__/adwUpgrade.test.ts" name="executeUpgrade — worktree error path &gt; returns outcome=failed with reason=worktree_error when ensureWorktree throws" time="0.000217">
        </testcase>
        <testcase classname="adws/__tests__/adwUpgrade.test.ts" name="executeUpgrade — worktree error path &gt; posts a failure comment when ensureWorktree throws" time="0.000198625">
        </testcase>
        <testcase classname="adws/__tests__/adwUpgrade.test.ts" name="executeUpgrade — worktree error path &gt; does not call createPullRequest when ensureWorktree throws" time="0.000179792">
        </testcase>
        <testcase classname="adws/__tests__/adwUpgrade.test.ts" name="executeUpgrade — anti-brick verification gate (E1) &gt; returns outcome=failed, reason=regen_incomplete when verifyAdwRegen returns ok:false" time="0.000175458">
        </testcase>
        <testcase classname="adws/__tests__/adwUpgrade.test.ts" name="executeUpgrade — anti-brick verification gate (E1) &gt; does not call writeAdwVersion, commitChanges, pushBranch, createPullRequest, or mergePR when gate fails" time="0.000199417">
        </testcase>
        <testcase classname="adws/__tests__/adwUpgrade.test.ts" name="executeUpgrade — anti-brick verification gate (E1) &gt; posts exactly one non-ADW comment when gate fails" time="0.000166125">
        </testcase>
        <testcase classname="adws/__tests__/adwUpgrade.test.ts" name="executeUpgrade — validity gate &gt; calls verifyAdwRegen with (worktreePath) — one-arg validity-only signature" time="0.000207792">
        </testcase>
        <testcase classname="adws/__tests__/adwUpgrade.test.ts" name="executeUpgrade — validity gate &gt; Test 1 (regression, legitimate no-op): verifyAdwRegen ok:true → stamps .adw-version and opens PR (pr_merged)" time="0.000300667">
        </testcase>
        <testcase classname="adws/__tests__/adwUpgrade.test.ts" name="executeUpgrade — validity gate &gt; Test 2 (stale receipt → fail closed): verifyAdwRegen ok:false → regen_incomplete, no stamp/PR/merge, one non-ADW comment" time="0.000222625">
        </testcase>
        <testcase classname="adws/__tests__/adwUpgrade.test.ts" name="executeUpgrade — gate passes (E2) &gt; calls writeAdwVersion when verifyAdwRegen returns ok:true" time="0.000159292">
        </testcase>
        <testcase classname="adws/__tests__/adwUpgrade.test.ts" name="executeUpgrade — gate passes (E2) &gt; proceeds to pr_merged on the gate-pass path" time="0.000143625">
        </testcase>
        <testcase classname="adws/__tests__/adwUpgrade.test.ts" name="executeUpgrade — copy-before-init ordering (E3) &gt; calls copyInitCommandToWorktree before runInitCommand" time="0.000234042">
        </testcase>
        <testcase classname="adws/__tests__/adwUpgrade.test.ts" name="executeUpgrade — copy-before-init ordering (E3) &gt; calls copyInitCommandToWorktree with (worktreePath, frameworkRepoRoot)" time="0.00032325">
        </testcase>
        <testcase classname="adws/__tests__/adwUpgrade.test.ts" name="executeUpgrade — starter guardrails settings copy (#763) &gt; calls copyStarterSettings exactly once with (worktreePath, frameworkRepoRoot)" time="0.0003255">
        </testcase>
        <testcase classname="adws/__tests__/adwUpgrade.test.ts" name="executeUpgrade — starter guardrails settings copy (#763) &gt; calls copyStarterSettings before commitChanges" time="0.000263958">
        </testcase>
        <testcase classname="adws/__tests__/adwUpgrade.test.ts" name="executeUpgrade — starter guardrails settings copy (#763) &gt; commitChanges is still called with excludePaths for only adw_init.md — the starter settings file is not excluded" time="0.000702708">
        </testcase>
        <testcase classname="adws/__tests__/adwUpgrade.test.ts" name="executeUpgrade — starter guardrails settings copy (#763) &gt; a skipped starter-settings result still proceeds to commit/push/PR (idempotency does not abort the run)" time="0.000670666">
        </testcase>
        <testcase classname="adws/__tests__/adwUpgrade.test.ts" name="executeUpgrade — starter guardrails settings copy (#763) &gt; does not call copyStarterSettings when the verifyAdwRegen gate fails (regen_incomplete)" time="0.002125709">
        </testcase>
        <testcase classname="adws/__tests__/adwUpgrade.test.ts" name="executeUpgrade — .github/adw.yml template write &gt; calls writeAdwYmlTemplate exactly once with the worktree path" time="0.000370458">
        </testcase>
        <testcase classname="adws/__tests__/adwUpgrade.test.ts" name="executeUpgrade — .github/adw.yml template write &gt; calls writeAdwYmlTemplate before commitChanges so the file rides into the regen commit" time="0.000436">
        </testcase>
        <testcase classname="adws/__tests__/adwUpgrade.test.ts" name="executeUpgrade — .github/adw.yml template write &gt; does not call writeAdwYmlTemplate when runInitCommand fails (llm_failed)" time="0.000203292">
        </testcase>
        <testcase classname="adws/__tests__/adwUpgrade.test.ts" name="executeUpgrade — .github/adw.yml template write &gt; does not call writeAdwYmlTemplate when the verifyAdwRegen gate fails (regen_incomplete)" time="0.00022125">
        </testcase>
        <testcase classname="adws/__tests__/adwUpgrade.test.ts" name="executeUpgrade — .github/adw.yml template write &gt; logs that the file was created when the template was written" time="0.000220084">
        </testcase>
        <testcase classname="adws/__tests__/adwUpgrade.test.ts" name="executeUpgrade — .github/adw.yml template write &gt; logs that an existing file was left untouched, and still proceeds to commit/push/PR" time="0.000526916">
        </testcase>
        <testcase classname="adws/__tests__/adwUpgrade.test.ts" name="executeUpgrade — hash error path &gt; returns outcome=failed with reason=hash_error when computeFrameworkHash throws" time="0.000219916">
        </testcase>
        <testcase classname="adws/__tests__/adwUpgrade.test.ts" name="executeUpgrade — hash error path &gt; returns outcome=failed when computeFrameworkHash returns empty string" time="0.000187625">
        </testcase>
        <testcase classname="adws/__tests__/adwUpgrade.test.ts" name="executeUpgrade — hash error path &gt; posts a failure comment on hash error" time="0.000451291">
        </testcase>
        <testcase classname="adws/__tests__/adwUpgrade.test.ts" name="executeUpgrade — failure-cap escalation &gt; returns outcome=escalated when failure count reaches the cap" time="0.00098975">
        </testcase>
        <testcase classname="adws/__tests__/adwUpgrade.test.ts" name="executeUpgrade — failure-cap escalation &gt; applies the terminal adw:blocked label on escalation" time="0.000222959">
        </testcase>
        <testcase classname="adws/__tests__/adwUpgrade.test.ts" name="executeUpgrade — failure-cap escalation &gt; moves the board to Blocked on escalation" time="0.000176167">
        </testcase>
        <testcase classname="adws/__tests__/adwUpgrade.test.ts" name="executeUpgrade — failure-cap escalation &gt; posts exactly one Slack alert on escalation" time="0.000165917">
        </testcase>
        <testcase classname="adws/__tests__/adwUpgrade.test.ts" name="executeUpgrade — failure-cap escalation &gt; posts one escalation comment to the issue on escalation" time="0.000183667">
        </testcase>
        <testcase classname="adws/__tests__/adwUpgrade.test.ts" name="executeUpgrade — failure-cap escalation &gt; does not regenerate (.adw/) when escalated" time="0.000605417">
        </testcase>
        <testcase classname="adws/__tests__/adwUpgrade.test.ts" name="executeUpgrade — failure-cap escalation &gt; proceeds normally (pr_merged) when failure count is below the cap" time="0.000275083">
        </testcase>
        <testcase classname="adws/__tests__/adwUpgrade.test.ts" name="executeUpgrade — entry gate (already-escalated issue) &gt; returns outcome=escalated immediately when terminal label is present" time="0.002677708">
        </testcase>
        <testcase classname="adws/__tests__/adwUpgrade.test.ts" name="executeUpgrade — entry gate (already-escalated issue) &gt; does no regen work when terminal label is present" time="0.000273542">
        </testcase>
        <testcase classname="adws/__tests__/adwUpgrade.test.ts" name="executeUpgrade — entry gate (already-escalated issue) &gt; cap gate never fires when claim PR already exists (PR-idempotency guard is first)" time="0.000261958">
        </testcase>
        <testcase classname="adws/__tests__/adwUpgrade.test.ts" name="executeUpgrade — scoped regen commit (Part D) &gt; calls commitChanges with excludePaths for adw_init.md" time="0.000318084">
        </testcase>
        <testcase classname="adws/__tests__/adwUpgrade.test.ts" name="executeUpgrade — reconcile-before-regen (stale worktree) &gt; calls reconcileWorktreeToRemote once with the worktreePath and claim branch" time="0.000207958">
        </testcase>
        <testcase classname="adws/__tests__/adwUpgrade.test.ts" name="executeUpgrade — reconcile-before-regen (stale worktree) &gt; calls reconcileWorktreeToRemote after ensureWorktree" time="0.000199166">
        </testcase>
        <testcase classname="adws/__tests__/adwUpgrade.test.ts" name="executeUpgrade — reconcile-before-regen (stale worktree) &gt; calls reconcileWorktreeToRemote before copyInitCommandToWorktree and runInitCommand" time="0.000204708">
        </testcase>
        <testcase classname="adws/__tests__/adwUpgrade.test.ts" name="executeUpgrade — reconcile-before-regen (stale worktree) &gt; success path still reaches pr_merged with reconcile wired in (diverged-reuse → fast-forwardable push)" time="0.000166875">
        </testcase>
        <testcase classname="adws/__tests__/adwUpgrade.test.ts" name="executeUpgrade — reconcile-before-regen (stale worktree) &gt; reconcile failure returns worktree_error, posts one non-ADW comment, skips all regen steps" time="0.000265667">
        </testcase>
    </testsuite>
    <testsuite name="adws/__tests__/checkBranchNames.test.ts" timestamp="2026-10-06T17:53:43.757Z" hostname="macmini.local" tests="41" failures="0" errors="0" skipped="0" time="0.232727416">
        <testcase classname="adws/__tests__/checkBranchNames.test.ts" name="scanTypeScript &gt; flags a string literal that is a branch name" time="0.004084292">
        </testcase>
        <testcase classname="adws/__tests__/checkBranchNames.test.ts" name="scanTypeScript &gt; flags every name in a list, one violation per literal" time="0.001918666">
        </testcase>
        <testcase classname="adws/__tests__/checkBranchNames.test.ts" name="scanTypeScript &gt; flags a template literal that diffs against a named remote ref" time="0.000927167">
        </testcase>
        <testcase classname="adws/__tests__/checkBranchNames.test.ts" name="scanTypeScript &gt; flags a full ref" time="0.000446625">
        </testcase>
        <testcase classname="adws/__tests__/checkBranchNames.test.ts" name="scanTypeScript &gt; flags a name in the head, middle and tail of a template with substitutions" time="0.003615375">
        </testcase>
        <testcase classname="adws/__tests__/checkBranchNames.test.ts" name="scanTypeScript &gt; reports the 1-based line of the literal and the source line as text" time="0.000546291">
        </testcase>
        <testcase classname="adws/__tests__/checkBranchNames.test.ts" name="scanTypeScript &gt; ignores comments that mention a branch" time="0.000552667">
        </testcase>
        <testcase classname="adws/__tests__/checkBranchNames.test.ts" name="scanTypeScript &gt; ignores a ref whose branch is resolved at run time" time="0.000742459">
        </testcase>
        <testcase classname="adws/__tests__/checkBranchNames.test.ts" name="scanTypeScript &gt; ignores the string &quot;bun run dev&quot;, which names no branch" time="0.000451917">
        </testcase>
        <testcase classname="adws/__tests__/checkBranchNames.test.ts" name="scanTypeScript &gt; ignores the string &quot;start dev server&quot;, which names no branch" time="0.000187875">
        </testcase>
        <testcase classname="adws/__tests__/checkBranchNames.test.ts" name="scanTypeScript &gt; ignores the string &quot;development&quot;, which names no branch" time="0.000539833">
        </testcase>
        <testcase classname="adws/__tests__/checkBranchNames.test.ts" name="scanTypeScript &gt; ignores the string &quot;domain&quot;, which names no branch" time="0.000209833">
        </testcase>
        <testcase classname="adws/__tests__/checkBranchNames.test.ts" name="scanTypeScript &gt; parses a .tsx file with JSX" time="0.001681542">
        </testcase>
        <testcase classname="adws/__tests__/checkBranchNames.test.ts" name="scanMarkdown &gt; flags &quot;- Run `git diff origin/main --stat`&quot;" time="0.000184208">
        </testcase>
        <testcase classname="adws/__tests__/checkBranchNames.test.ts" name="scanMarkdown &gt; flags &quot;analyzing code changes against the main branch&quot;" time="0.000177125">
        </testcase>
        <testcase classname="adws/__tests__/checkBranchNames.test.ts" name="scanMarkdown &gt; flags &quot;(e.g., `main`, `develop`)&quot;" time="0.000108833">
        </testcase>
        <testcase classname="adws/__tests__/checkBranchNames.test.ts" name="scanMarkdown &gt; flags &quot;for each branch except main and develop&quot;" time="0.000045416">
        </testcase>
        <testcase classname="adws/__tests__/checkBranchNames.test.ts" name="scanMarkdown &gt; flags &quot;Rebase onto upstream/dev first&quot;" time="0.000071416">
        </testcase>
        <testcase classname="adws/__tests__/checkBranchNames.test.ts" name="scanMarkdown &gt; flags &quot;Compare with Main Branch&quot;" time="0.00003525">
        </testcase>
        <testcase classname="adws/__tests__/checkBranchNames.test.ts" name="scanMarkdown &gt; ignores &quot;the main feature&quot;" time="0.000038541">
        </testcase>
        <testcase classname="adws/__tests__/checkBranchNames.test.ts" name="scanMarkdown &gt; ignores &quot;under the main header&quot;" time="0.000025667">
        </testcase>
        <testcase classname="adws/__tests__/checkBranchNames.test.ts" name="scanMarkdown &gt; ignores &quot;dev server&quot;" time="0.000056708">
        </testcase>
        <testcase classname="adws/__tests__/checkBranchNames.test.ts" name="scanMarkdown &gt; ignores &quot;`bun run dev`&quot;" time="0.000056208">
        </testcase>
        <testcase classname="adws/__tests__/checkBranchNames.test.ts" name="scanMarkdown &gt; ignores &quot;git diff origin/&lt;defaultBranch&gt;&quot;" time="0.000030125">
        </testcase>
        <testcase classname="adws/__tests__/checkBranchNames.test.ts" name="scanMarkdown &gt; ignores &quot;run it 2&gt;/dev/null&quot;" time="0.000043583">
        </testcase>
        <testcase classname="adws/__tests__/checkBranchNames.test.ts" name="scanMarkdown &gt; ignores &quot;the default branch&quot;" time="0.000025">
        </testcase>
        <testcase classname="adws/__tests__/checkBranchNames.test.ts" name="scanMarkdown &gt; reports each offending line separately with its 1-based number" time="0.00005875">
        </testcase>
        <testcase classname="adws/__tests__/checkBranchNames.test.ts" name="scanMarkdown &gt; scans fenced blocks and code spans, which are what agents run" time="0.000081417">
        </testcase>
        <testcase classname="adws/__tests__/checkBranchNames.test.ts" name="namesBranch &gt; is false for text that names no branch" time="0.000184041">
        </testcase>
        <testcase classname="adws/__tests__/checkBranchNames.test.ts" name="namesBranch &gt; is true for the words that are only ever branch names here" time="0.000046708">
        </testcase>
        <testcase classname="adws/__tests__/checkBranchNames.test.ts" name="namesBranch &gt; is false for a ref to a branch named something else" time="0.000050417">
        </testcase>
        <testcase classname="adws/__tests__/checkBranchNames.test.ts" name="namesBranch &gt; does not take a longer branch name for a protected one" time="0.000036125">
        </testcase>
        <testcase classname="adws/__tests__/checkBranchNames.test.ts" name="collectFiles and scanFiles &gt; returns repo-relative POSIX paths of .ts, .tsx and .md files under the roots, sorted" time="0.001669792">
        </testcase>
        <testcase classname="adws/__tests__/checkBranchNames.test.ts" name="collectFiles and scanFiles &gt; skips tests, dependencies, build output and worktrees" time="0.002096375">
        </testcase>
        <testcase classname="adws/__tests__/checkBranchNames.test.ts" name="collectFiles and scanFiles &gt; skips a root the tree does not have" time="0.000972375">
        </testcase>
        <testcase classname="adws/__tests__/checkBranchNames.test.ts" name="collectFiles and scanFiles &gt; dispatches on the extension: markdown by line, TypeScript by string literal" time="0.001541417">
        </testcase>
        <testcase classname="adws/__tests__/checkBranchNames.test.ts" name="runBranchNameCheck &gt; exits 0 when no file names a branch" time="0.001446209">
        </testcase>
        <testcase classname="adws/__tests__/checkBranchNames.test.ts" name="runBranchNameCheck &gt; exits 1 and reports file:line and the offending line, relative to the root" time="0.00097475">
        </testcase>
        <testcase classname="adws/__tests__/checkBranchNames.test.ts" name="runBranchNameCheck &gt; lists a line once however many names it holds" time="0.001761583">
        </testcase>
        <testcase classname="adws/__tests__/checkBranchNames.test.ts" name="runBranchNameCheck &gt; points at the run-time remedy" time="0.001646542">
        </testcase>
        <testcase classname="adws/__tests__/checkBranchNames.test.ts" name="the adws/ tree &gt; names no branch to act on" time="0.201292083">
        </testcase>
    </testsuite>
    <testsuite name="adws/__tests__/checkGitGhGuard.test.ts" timestamp="2026-10-06T17:53:43.759Z" hostname="macmini.local" tests="71" failures="0" errors="0" skipped="0" time="0.067469875">
        <testcase classname="adws/__tests__/checkGitGhGuard.test.ts" name="scanFiles — ALLOWLIST removed (#701) &gt; reports a violation for a raw execSync(git …) call in a non-package file" time="0.009055042">
        </testcase>
        <testcase classname="adws/__tests__/checkGitGhGuard.test.ts" name="scanFiles — ALLOWLIST removed (#701) &gt; reports a violation for a raw execSync(gh …) call" time="0.001175708">
        </testcase>
        <testcase classname="adws/__tests__/checkGitGhGuard.test.ts" name="scanFiles — ALLOWLIST removed (#701) &gt; returns no violations when the source has no git/gh call" time="0.000330291">
        </testcase>
        <testcase classname="adws/__tests__/checkGitGhGuard.test.ts" name="scanFiles — ALLOWLIST removed (#701) &gt; scans all provided paths — no allowlist skip reduces scannedCount" time="0.000518">
        </testcase>
        <testcase classname="adws/__tests__/checkGitGhGuard.test.ts" name="scanFiles — ALLOWLIST removed (#701) &gt; scanFiles signature accepts no allowlist parameter — only relPaths and repoRoot" time="0.000120916">
        </testcase>
        <testcase classname="adws/__tests__/checkGitGhGuard.test.ts" name="scanFiles — cwd-derived-identity rule (#769) &gt; flags an inline gitContextForRepo(getRepoInfo()) composite" time="0.000625292">
        </testcase>
        <testcase classname="adws/__tests__/checkGitGhGuard.test.ts" name="scanFiles — cwd-derived-identity rule (#769) &gt; flags a local-variable composite: const info = getRepoInfo(); … gitContextForRepo(info)" time="0.0003385">
        </testcase>
        <testcase classname="adws/__tests__/checkGitGhGuard.test.ts" name="scanFiles — cwd-derived-identity rule (#769) &gt; flags a readLocalRepoInfo() composite" time="0.000416375">
        </testcase>
        <testcase classname="adws/__tests__/checkGitGhGuard.test.ts" name="scanFiles — cwd-derived-identity rule (#769) &gt; permits gitContextForRepo(readLocalRepoInfo(REPO_ROOT)) — an explicit argument is not cwd-derived" time="0.000413333">
        </testcase>
        <testcase classname="adws/__tests__/checkGitGhGuard.test.ts" name="scanFiles — cwd-derived-identity rule (#769) &gt; permits a guarded-fallback identity: const r = repoInfo ?? getRepoInfo(); gitContextForRepo(r)" time="0.000378417">
        </testcase>
        <testcase classname="adws/__tests__/checkGitGhGuard.test.ts" name="scanFiles — cwd-derived-identity rule (#769) &gt; permits gitContextForRepo(repoInfoParam) — an unrelated identifier is never collected" time="0.000516333">
        </testcase>
        <testcase classname="adws/__tests__/checkGitGhGuard.test.ts" name="scanFiles — cwd-derived-identity rule (#769) &gt; permits a bare getRepoInfo() that is never fed to a context construction" time="0.000241833">
        </testcase>
        <testcase classname="adws/__tests__/checkGitGhGuard.test.ts" name="scanFiles — cwd-derived-identity rule (#769) &gt; existing git-gh-shellout detections are tagged with rule &quot;git-gh-shellout&quot;" time="0.000470792">
        </testcase>
        <testcase classname="adws/__tests__/checkGitGhGuard.test.ts" name="scanFiles — cwd-derived-identity rule follows forgeProviders (#823) &gt; flags an inline forgeProviders({ identity: readLocalRepoInfo() }) composite" time="0.000293292">
        </testcase>
        <testcase classname="adws/__tests__/checkGitGhGuard.test.ts" name="scanFiles — cwd-derived-identity rule follows forgeProviders (#823) &gt; flags a local-variable composite: const info = getRepoInfo(); … forgeProviders({ identity: info })" time="0.0002015">
        </testcase>
        <testcase classname="adws/__tests__/checkGitGhGuard.test.ts" name="scanFiles — cwd-derived-identity rule follows forgeProviders (#823) &gt; flags the shorthand form: const identity = getRepoInfo(); … forgeProviders({ identity })" time="0.000191792">
        </testcase>
        <testcase classname="adws/__tests__/checkGitGhGuard.test.ts" name="scanFiles — cwd-derived-identity rule follows forgeProviders (#823) &gt; flags deps.forgeProviders({ identity: getRepoInfo() }) — an injected seam still carries a cwd-derived identity" time="0.000232708">
        </testcase>
        <testcase classname="adws/__tests__/checkGitGhGuard.test.ts" name="scanFiles — cwd-derived-identity rule follows forgeProviders (#823) &gt; permits forgeProviders({ identity: repoIdParam }) — an unrelated identifier is never collected" time="0.000172333">
        </testcase>
        <testcase classname="adws/__tests__/checkGitGhGuard.test.ts" name="scanFiles — cwd-derived-identity rule follows forgeProviders (#823) &gt; permits forgeProviders({ identity: readLocalRepoInfo(REPO_ROOT) }) — an explicit argument is not cwd-derived" time="0.000157833">
        </testcase>
        <testcase classname="adws/__tests__/checkGitGhGuard.test.ts" name="scanFiles — cwd-derived-identity rule follows readLocalRepoIdentity (#844) &gt; flags an inline gitContextForRepo(readLocalRepoIdentity()) composite" time="0.000150917">
        </testcase>
        <testcase classname="adws/__tests__/checkGitGhGuard.test.ts" name="scanFiles — cwd-derived-identity rule follows readLocalRepoIdentity (#844) &gt; flags an inline forgeProviders({ identity: readLocalRepoIdentity() }) composite" time="0.000158125">
        </testcase>
        <testcase classname="adws/__tests__/checkGitGhGuard.test.ts" name="scanFiles — cwd-derived-identity rule follows readLocalRepoIdentity (#844) &gt; flags a local-variable composite: const info = readLocalRepoIdentity(); … gitContextForRepo(info)" time="0.000149292">
        </testcase>
        <testcase classname="adws/__tests__/checkGitGhGuard.test.ts" name="scanFiles — cwd-derived-identity rule follows readLocalRepoIdentity (#844) &gt; permits gitContextForRepo(readLocalRepoIdentity(REPO_ROOT)) — an explicit argument is not cwd-derived" time="0.000131042">
        </testcase>
        <testcase classname="adws/__tests__/checkGitGhGuard.test.ts" name="scanFiles — cwd-derived-identity rule follows readLocalRepoIdentity (#844) &gt; still flags forgeProviders({ identity: readLocalRepoIdentity() }) when forgeProviders is an imported name, not a local declaration (#840)" time="0.001178875">
        </testcase>
        <testcase classname="adws/__tests__/checkGitGhGuard.test.ts" name="EXEMPT_PACKAGES — the closed, empty exempt set (#840) &gt; is empty — the git core and the GitHub forge adapter now live in @paysdoc/devplatform" time="0.000543542">
        </testcase>
        <testcase classname="adws/__tests__/checkGitGhGuard.test.ts" name="isExemptPackage — the empty set exempts nothing (#840) &gt; is false for the former git core package directory" time="0.000652583">
        </testcase>
        <testcase classname="adws/__tests__/checkGitGhGuard.test.ts" name="isExemptPackage — the empty set exempts nothing (#840) &gt; is false for a file beneath the former git core package" time="0.000103709">
        </testcase>
        <testcase classname="adws/__tests__/checkGitGhGuard.test.ts" name="isExemptPackage — the empty set exempts nothing (#840) &gt; is false for the former GitHub forge adapter directory" time="0.000079167">
        </testcase>
        <testcase classname="adws/__tests__/checkGitGhGuard.test.ts" name="isExemptPackage — the empty set exempts nothing (#840) &gt; is false for a file beneath the former GitHub forge adapter" time="0.000084333">
        </testcase>
        <testcase classname="adws/__tests__/checkGitGhGuard.test.ts" name="isExemptPackage — the empty set exempts nothing (#840) &gt; is false for adws/github/ — the name contains &quot;github&quot; but it is not the adapter package" time="0.000104084">
        </testcase>
        <testcase classname="adws/__tests__/checkGitGhGuard.test.ts" name="isExemptPackage — the empty set exempts nothing (#840) &gt; is false for the adapter&apos;s former GitLab sibling package" time="0.000094958">
        </testcase>
        <testcase classname="adws/__tests__/checkGitGhGuard.test.ts" name="isExemptPackage — the empty set exempts nothing (#840) &gt; is false for an ordinary consumer package" time="0.000089666">
        </testcase>
        <testcase classname="adws/__tests__/checkGitGhGuard.test.ts" name="isExemptPackage — the empty set exempts nothing (#840) &gt; is false for the adapter&apos;s former parent directory file" time="0.000078416">
        </testcase>
        <testcase classname="adws/__tests__/checkGitGhGuard.test.ts" name="a gh or git call site fails the guard — the exempt set is empty (AC4, #840) &gt; a synthetic gh call site at the former GitHub forge adapter path yields exactly one violation" time="0.00039425">
        </testcase>
        <testcase classname="adws/__tests__/checkGitGhGuard.test.ts" name="a gh or git call site fails the guard — the exempt set is empty (AC4, #840) &gt; a synthetic git call site at the former git core path yields exactly one violation" time="0.000841166">
        </testcase>
        <testcase classname="adws/__tests__/checkGitGhGuard.test.ts" name="scanFiles — unsanctioned-construction rule (#795) &gt; flags deliberate violations &gt; flags a bare createGitHubIssueTracker(...) call in a non-allowlisted file" time="0.000446458">
        </testcase>
        <testcase classname="adws/__tests__/checkGitGhGuard.test.ts" name="scanFiles — unsanctioned-construction rule (#795) &gt; flags deliberate violations &gt; flags a bare createRepoContext(...) call in a non-allowlisted file" time="0.000178666">
        </testcase>
        <testcase classname="adws/__tests__/checkGitGhGuard.test.ts" name="scanFiles — unsanctioned-construction rule (#795) &gt; flags deliberate violations &gt; flags a bare mintBoundProviders(...) call in a non-allowlisted file" time="0.000311792">
        </testcase>
        <testcase classname="adws/__tests__/checkGitGhGuard.test.ts" name="scanFiles — unsanctioned-construction rule (#795) &gt; flags deliberate violations &gt; flags new GitContext(...) in a non-allowlisted file, naming it in `command`" time="0.000341708">
        </testcase>
        <testcase classname="adws/__tests__/checkGitGhGuard.test.ts" name="scanFiles — unsanctioned-construction rule (#795) &gt; flags deliberate violations &gt; still flags new GitContext(...) when GitContext is an imported name, not a local declaration (#840)" time="0.000197417">
        </testcase>
        <testcase classname="adws/__tests__/checkGitGhGuard.test.ts" name="scanFiles — unsanctioned-construction rule (#795) &gt; flags deliberate violations &gt; flags gitContextForRepo(repoInfoParam) — the identical source is ZERO violations under cwd-derived-identity (see that describe block above), proving the two rules are independent" time="0.0001995">
        </testcase>
        <testcase classname="adws/__tests__/checkGitGhGuard.test.ts" name="scanFiles — unsanctioned-construction rule (#795) &gt; flags deliberate violations &gt; flags two constructions in one file as two violations, one per line" time="0.000208458">
        </testcase>
        <testcase classname="adws/__tests__/checkGitGhGuard.test.ts" name="scanFiles — unsanctioned-construction rule (#795) &gt; flags deliberate violations &gt; flags a bare forgeProviders(...) call in a non-allowlisted file" time="0.000175209">
        </testcase>
        <testcase classname="adws/__tests__/checkGitGhGuard.test.ts" name="scanFiles — unsanctioned-construction rule (#795) &gt; flags deliberate violations &gt; flags createGitHubIssueTracker(...) at the now-retired mint file and factory-definition file — neither is sanctioned any longer" time="0.000264375">
        </testcase>
        <testcase classname="adws/__tests__/checkGitGhGuard.test.ts" name="scanFiles — unsanctioned-construction rule (#795) &gt; does not flag sanctioned sites or legal shapes &gt; permits createGitHubIssueTracker(...) at the permanent launch-boundary file" time="0.001077125">
        </testcase>
        <testcase classname="adws/__tests__/checkGitGhGuard.test.ts" name="scanFiles — unsanctioned-construction rule (#795) &gt; does not flag sanctioned sites or legal shapes &gt; permits new GitContext(...) with GitContext as an imported name at the permanent launch-boundary file (#840)" time="0.00062775">
        </testcase>
        <testcase classname="adws/__tests__/checkGitGhGuard.test.ts" name="scanFiles — unsanctioned-construction rule (#795) &gt; does not flag sanctioned sites or legal shapes &gt; flags createGitHubIssueTracker(...) at the former assembly-module path — it is no longer a sanctioned site (#840)" time="0.000270667">
        </testcase>
        <testcase classname="adws/__tests__/checkGitGhGuard.test.ts" name="scanFiles — unsanctioned-construction rule (#795) &gt; does not flag sanctioned sites or legal shapes &gt; permits deps.forgeProviders(...) — an injected seam, not a bypass" time="0.000426125">
        </testcase>
        <testcase classname="adws/__tests__/checkGitGhGuard.test.ts" name="scanFiles — unsanctioned-construction rule (#795) &gt; does not flag sanctioned sites or legal shapes &gt; permits createGhCommandRunner/createGitHubTokenProvider/createIssueCmd/createGhRepoApi — the flagged set is explicit names, never a create* pattern" time="0.000609792">
        </testcase>
        <testcase classname="adws/__tests__/checkGitGhGuard.test.ts" name="scanFiles — unsanctioned-construction rule (#795) &gt; does not flag sanctioned sites or legal shapes &gt; permits deps.gitContextForRepo(...) and d.gitContextForRepo(...) — injected seams, not bypasses" time="0.000727958">
        </testcase>
        <testcase classname="adws/__tests__/checkGitGhGuard.test.ts" name="scanFiles — unsanctioned-construction rule (#795) &gt; does not flag sanctioned sites or legal shapes &gt; permits a createGitHubCodeHost function declaration — declarations are never flagged, only calls" time="0.000318083">
        </testcase>
        <testcase classname="adws/__tests__/checkGitGhGuard.test.ts" name="scanFiles — unsanctioned-construction rule (#795) &gt; does not flag sanctioned sites or legal shapes &gt; a git shell-out in a construction-sanctioned file is still exactly one git-gh-shellout violation — the construction allowlist does not leak into the other rules" time="0.000162042">
        </testcase>
        <testcase classname="adws/__tests__/checkGitGhGuard.test.ts" name="isSanctionedConstructionSite — the one-entry permanent allowlist (#795, #840) &gt; is true for the one permanent path" time="0.000095833">
        </testcase>
        <testcase classname="adws/__tests__/checkGitGhGuard.test.ts" name="isSanctionedConstructionSite — the one-entry permanent allowlist (#795, #840) &gt; is false for the former assembly-module path — its construction role now lives in @paysdoc/devplatform" time="0.000090583">
        </testcase>
        <testcase classname="adws/__tests__/checkGitGhGuard.test.ts" name="isSanctionedConstructionSite — the one-entry permanent allowlist (#795, #840) &gt; is false for the retired mint file and factory-definition file — #823 took the sunset half to zero" time="0.000084459">
        </testcase>
        <testcase classname="adws/__tests__/checkGitGhGuard.test.ts" name="isSanctionedConstructionSite — the one-entry permanent allowlist (#795, #840) &gt; is false for an unlisted file" time="0.000083667">
        </testcase>
        <testcase classname="adws/__tests__/checkGitGhGuard.test.ts" name="isSanctionedConstructionSite — the one-entry permanent allowlist (#795, #840) &gt; is false for a directory prefix — a whole directory is never sanctioned, only exact files" time="0.000079708">
        </testcase>
        <testcase classname="adws/__tests__/checkGitGhGuard.test.ts" name="isSanctionedConstructionSite — the one-entry permanent allowlist (#795, #840) &gt; the allowlist is exactly one permanent entry and no transitional entry" time="0.000112584">
        </testcase>
        <testcase classname="adws/__tests__/checkGitGhGuard.test.ts" name="findStaleSanctionedEntries (#795, #823) &gt; with an empty seen-set, returns [] — nothing transitional is left to go stale" time="0.000311416">
        </testcase>
        <testcase classname="adws/__tests__/checkGitGhGuard.test.ts" name="findStaleSanctionedEntries (#795, #823) &gt; with the permanent path seen, returns []" time="0.000092417">
        </testcase>
        <testcase classname="adws/__tests__/checkGitGhGuard.test.ts" name="guarded factory names still exist (#795 / AC3, #840) &gt; &apos;forgeProviders&apos; is still declared in &apos;node_modules/@paysdoc/devplatform/dis…&apos;" time="0.002986084">
        </testcase>
        <testcase classname="adws/__tests__/checkGitGhGuard.test.ts" name="guarded factory names still exist (#795 / AC3, #840) &gt; &apos;readLocalRepoInfo&apos; is still declared in &apos;node_modules/@paysdoc/devplatform/dis…&apos;" time="0.01313025">
        </testcase>
        <testcase classname="adws/__tests__/checkGitGhGuard.test.ts" name="guarded factory names still exist (#795 / AC3, #840) &gt; &apos;readLocalRepoIdentity&apos; is still declared in &apos;adws/core/localRepoIdentity.ts&apos;" time="0.001536291">
        </testcase>
        <testcase classname="adws/__tests__/checkGitGhGuard.test.ts" name="guarded factory names still exist (#795 / AC3, #840) &gt; &apos;createGitHubIssueTracker&apos; is still declared in &apos;node_modules/@paysdoc/devplatform/dis…&apos;" time="0.002319666">
        </testcase>
        <testcase classname="adws/__tests__/checkGitGhGuard.test.ts" name="guarded factory names still exist (#795 / AC3, #840) &gt; &apos;createGitHubCodeHost&apos; is still declared in &apos;node_modules/@paysdoc/devplatform/dis…&apos;" time="0.004643042">
        </testcase>
        <testcase classname="adws/__tests__/checkGitGhGuard.test.ts" name="guarded factory names still exist (#795 / AC3, #840) &gt; &apos;createGitHubBoardManager&apos; is still declared in &apos;node_modules/@paysdoc/devplatform/dis…&apos;" time="0.000975833">
        </testcase>
        <testcase classname="adws/__tests__/checkGitGhGuard.test.ts" name="guarded factory names still exist (#795 / AC3, #840) &gt; &apos;createGitLabCodeHost&apos; is still declared in &apos;node_modules/@paysdoc/devplatform/dis…&apos;" time="0.000871542">
        </testcase>
        <testcase classname="adws/__tests__/checkGitGhGuard.test.ts" name="guarded factory names still exist (#795 / AC3, #840) &gt; &apos;createGitLabBoardManager&apos; is still declared in &apos;node_modules/@paysdoc/devplatform/dis…&apos;" time="0.003211791">
        </testcase>
        <testcase classname="adws/__tests__/checkGitGhGuard.test.ts" name="guarded factory names still exist (#795 / AC3, #840) &gt; &apos;createJiraIssueTracker&apos; is still declared in &apos;node_modules/@paysdoc/devplatform/dis…&apos;" time="0.002572584">
        </testcase>
        <testcase classname="adws/__tests__/checkGitGhGuard.test.ts" name="guarded factory names still exist (#795 / AC3, #840) &gt; &apos;createJiraBoardManager&apos; is still declared in &apos;node_modules/@paysdoc/devplatform/dis…&apos;" time="0.003288458">
        </testcase>
        <testcase classname="adws/__tests__/checkGitGhGuard.test.ts" name="guarded factory names still exist (#795 / AC3, #840) &gt; &apos;GitContext&apos; is still declared in &apos;node_modules/@paysdoc/devplatform/dis…&apos;" time="0.001864209">
        </testcase>
    </testsuite>
    <testsuite name="adws/__tests__/checkLivingDocsIndex.test.ts" timestamp="2026-10-06T17:53:43.761Z" hostname="macmini.local" tests="14" failures="0" errors="0" skipped="0" time="0.116482459">
        <testcase classname="adws/__tests__/checkLivingDocsIndex.test.ts" name="runLivingDocsIndexCheck &gt; exits 0 over a healthy fixture, and the top-level READMEs are not reported dangling" time="0.008464834">
        </testcase>
        <testcase classname="adws/__tests__/checkLivingDocsIndex.test.ts" name="runLivingDocsIndexCheck &gt; exits 1 and names all 20 dangling entries when 20 are restored" time="0.006401292">
        </testcase>
        <testcase classname="adws/__tests__/checkLivingDocsIndex.test.ts" name="runLivingDocsIndexCheck &gt; exits 0 with a WARN line when the only finding is a dead glob" time="0.00739525">
        </testcase>
        <testcase classname="adws/__tests__/checkLivingDocsIndex.test.ts" name="runLivingDocsIndexCheck &gt; exits 1 on an overlapping Owns: glob pair" time="0.008620292">
        </testcase>
        <testcase classname="adws/__tests__/checkLivingDocsIndex.test.ts" name="runLivingDocsIndexCheck &gt; exits 1 when the index is missing" time="0.00113075">
        </testcase>
        <testcase classname="adws/__tests__/checkLivingDocsIndex.test.ts" name="runLivingDocsIndexCheck &gt; does not prune a nested directory that merely shares a basename with a top-level runtime-state dir (adws/agents/, adws/phases/logs/)" time="0.009623">
        </testcase>
        <testcase classname="adws/__tests__/checkLivingDocsIndex.test.ts" name="runLivingDocsIndexCheck — decisions &gt; passes both Decisions lines over a repository with no ADRs and no blocks" time="0.007645542">
        </testcase>
        <testcase classname="adws/__tests__/checkLivingDocsIndex.test.ts" name="runLivingDocsIndexCheck — decisions &gt; exits 0 when the section links exactly the records of the block and the records exist" time="0.010094666">
        </testcase>
        <testcase classname="adws/__tests__/checkLivingDocsIndex.test.ts" name="runLivingDocsIndexCheck — decisions &gt; exits 1 and names the doc and the record when the block lists a record the doc has no section for" time="0.009631292">
        </testcase>
        <testcase classname="adws/__tests__/checkLivingDocsIndex.test.ts" name="runLivingDocsIndexCheck — decisions &gt; exits 1 when the section links a record the block does not list" time="0.010341292">
        </testcase>
        <testcase classname="adws/__tests__/checkLivingDocsIndex.test.ts" name="runLivingDocsIndexCheck — decisions &gt; exits 1 on a block that lists a record with no file, naming the finding and the record" time="0.006737875">
        </testcase>
        <testcase classname="adws/__tests__/checkLivingDocsIndex.test.ts" name="runLivingDocsIndexCheck — decisions &gt; exits 1 on a block in a repository with no ADRs, naming the doc and the record" time="0.008452916">
        </testcase>
        <testcase classname="adws/__tests__/checkLivingDocsIndex.test.ts" name="runLivingDocsIndexCheck — decisions &gt; exits 1 on a section link with the wrong slug for an existing record" time="0.011064459">
        </testcase>
        <testcase classname="adws/__tests__/checkLivingDocsIndex.test.ts" name="runLivingDocsIndexCheck — decisions &gt; exits 1 on a section without a block, because the block is authoritative" time="0.009319584">
        </testcase>
    </testsuite>
    <testsuite name="adws/__tests__/checkModelLiterals.test.ts" timestamp="2026-10-06T17:53:43.762Z" hostname="macmini.local" tests="9" failures="0" errors="0" skipped="0" time="0.28786775">
        <testcase classname="adws/__tests__/checkModelLiterals.test.ts" name="findLiteralModelCallSites &gt; reports each shape that names a model literally, by line" time="0.00746625">
        </testcase>
        <testcase classname="adws/__tests__/checkModelLiterals.test.ts" name="findLiteralModelCallSites &gt; reports none when the model comes from the routing module" time="0.001108875">
        </testcase>
        <testcase classname="adws/__tests__/checkModelLiterals.test.ts" name="findLiteralModelCallSites &gt; reports a typed model parameter with a literal default" time="0.00040475">
        </testcase>
        <testcase classname="adws/__tests__/checkModelLiterals.test.ts" name="findLiteralModelCallSites &gt; reads TSX files" time="0.001812833">
        </testcase>
        <testcase classname="adws/__tests__/checkModelLiterals.test.ts" name="findLiteralModelCallSites &gt; ignores model names that start no process" time="0.000455417">
        </testcase>
        <testcase classname="adws/__tests__/checkModelLiterals.test.ts" name="scanForLiteralModels &gt; finds no call site in the repository that names a model literally" time="0.270771709">
        </testcase>
        <testcase classname="adws/__tests__/checkModelLiterals.test.ts" name="scanForLiteralModels &gt; scans adws/ and scripts/ and reports paths relative to the root" time="0.001437666">
        </testcase>
        <testcase classname="adws/__tests__/checkModelLiterals.test.ts" name="scanForLiteralModels &gt; skips tests, the routing module, node_modules and dist" time="0.002380084">
        </testcase>
        <testcase classname="adws/__tests__/checkModelLiterals.test.ts" name="scanForLiteralModels &gt; passes over a root with no adws/ or scripts/ directory" time="0.001211125">
        </testcase>
    </testsuite>
    <testsuite name="adws/__tests__/depauditSetup.test.ts" timestamp="2026-10-06T17:53:43.762Z" hostname="macmini.local" tests="11" failures="0" errors="0" skipped="0" time="0.005227167">
        <testcase classname="adws/__tests__/depauditSetup.test.ts" name="executeDepauditSetup — depaudit setup invocation &gt; invokes depaudit setup with config.worktreePath as cwd" time="0.001453">
        </testcase>
        <testcase classname="adws/__tests__/depauditSetup.test.ts" name="executeDepauditSetup — depaudit setup invocation &gt; does not throw when depaudit setup binary is missing" time="0.000197917">
        </testcase>
        <testcase classname="adws/__tests__/depauditSetup.test.ts" name="executeDepauditSetup — SOCKET_API_TOKEN propagation &gt; codeHost.setSecret is called with SOCKET_API_TOKEN when env is present" time="0.000486458">
        </testcase>
        <testcase classname="adws/__tests__/depauditSetup.test.ts" name="executeDepauditSetup — SOCKET_API_TOKEN propagation &gt; skippedSecrets includes SOCKET_API_TOKEN when env is unset" time="0.000630291">
        </testcase>
        <testcase classname="adws/__tests__/depauditSetup.test.ts" name="executeDepauditSetup — SOCKET_API_TOKEN propagation &gt; warnings array contains SOCKET_API_TOKEN skip message when unset" time="0.000105667">
        </testcase>
        <testcase classname="adws/__tests__/depauditSetup.test.ts" name="executeDepauditSetup — SLACK_WEBHOOK_URL propagation &gt; codeHost.setSecret is called with SLACK_WEBHOOK_URL when env is present" time="0.000136166">
        </testcase>
        <testcase classname="adws/__tests__/depauditSetup.test.ts" name="executeDepauditSetup — SLACK_WEBHOOK_URL propagation &gt; skippedSecrets includes SLACK_WEBHOOK_URL when env is unset" time="0.000130292">
        </testcase>
        <testcase classname="adws/__tests__/depauditSetup.test.ts" name="executeDepauditSetup — missing env vars &gt; does not throw when both env vars are unset" time="0.000338">
        </testcase>
        <testcase classname="adws/__tests__/depauditSetup.test.ts" name="executeDepauditSetup — missing env vars &gt; does not throw when codeHost.setSecret fails" time="0.000229167">
        </testcase>
        <testcase classname="adws/__tests__/depauditSetup.test.ts" name="executeDepauditSetup — no repo context &gt; skips both secrets with a warning when config.repoContext is absent" time="0.000187959">
        </testcase>
        <testcase classname="adws/__tests__/depauditSetup.test.ts" name="executeDepauditSetup — repo identity fallback &gt; uses the repoContext identity for the success log message when config.targetRepo is undefined" time="0.000291416">
        </testcase>
    </testsuite>
    <testsuite name="adws/__tests__/depauditTriageSkill.test.ts" timestamp="2026-10-06T17:53:43.763Z" hostname="macmini.local" tests="4" failures="0" errors="0" skipped="0" time="0.003446292">
        <testcase classname="adws/__tests__/depauditTriageSkill.test.ts" name="depaudit-triage skill — major-upgrade issue routing contract &gt; names no orchestrator command anywhere in the skill" time="0.001493583">
        </testcase>
        <testcase classname="adws/__tests__/depauditTriageSkill.test.ts" name="depaudit-triage skill — major-upgrade issue routing contract &gt; files the issue with the adw:bug label in the create call" time="0.000253625">
        </testcase>
        <testcase classname="adws/__tests__/depauditTriageSkill.test.ts" name="depaudit-triage skill — major-upgrade issue routing contract &gt; creates adw:bug first, with the catalogue&apos;s own colour and description" time="0.0001905">
        </testcase>
        <testcase classname="adws/__tests__/depauditTriageSkill.test.ts" name="depaudit-triage skill — major-upgrade issue routing contract &gt; routes adw:bug to the full SDLC orchestrator" time="0.000240709">
        </testcase>
    </testsuite>
    <testsuite name="adws/__tests__/deployWorkersWorkflow.test.ts" timestamp="2026-10-06T17:53:43.763Z" hostname="macmini.local" tests="9" failures="0" errors="0" skipped="0" time="0.00441425">
        <testcase classname="adws/__tests__/deployWorkersWorkflow.test.ts" name="deploy-workers.yml change detection &gt; pins the base of the paths filter to the pushed branch" time="0.001418292">
        </testcase>
        <testcase classname="adws/__tests__/deployWorkersWorkflow.test.ts" name="deploy-workers.yml change detection &gt; triggers on pushes to main and leaves the change detection to the changes job" time="0.000255166">
        </testcase>
        <testcase classname="adws/__tests__/deployWorkersWorkflow.test.ts" name="deploy-workers.yml change detection &gt; has a Worker to deploy" time="0.000195125">
        </testcase>
        <testcase classname="adws/__tests__/deployWorkersWorkflow.test.ts" name="deploy-workers.yml change detection &gt; Worker cost-api &gt; is exposed as an output of the changes job" time="0.000171042">
        </testcase>
        <testcase classname="adws/__tests__/deployWorkersWorkflow.test.ts" name="deploy-workers.yml change detection &gt; Worker cost-api &gt; is deployed when its own directory or the deploy workflow changes" time="0.000330583">
        </testcase>
        <testcase classname="adws/__tests__/deployWorkersWorkflow.test.ts" name="deploy-workers.yml change detection &gt; Worker cost-api &gt; has a deploy job that runs for its output and deploys from its own directory" time="0.000203709">
        </testcase>
        <testcase classname="adws/__tests__/deployWorkersWorkflow.test.ts" name="deploy-workers.yml change detection &gt; Worker screenshot-router &gt; is exposed as an output of the changes job" time="0.000118667">
        </testcase>
        <testcase classname="adws/__tests__/deployWorkersWorkflow.test.ts" name="deploy-workers.yml change detection &gt; Worker screenshot-router &gt; is deployed when its own directory or the deploy workflow changes" time="0.000203583">
        </testcase>
        <testcase classname="adws/__tests__/deployWorkersWorkflow.test.ts" name="deploy-workers.yml change detection &gt; Worker screenshot-router &gt; has a deploy job that runs for its output and deploys from its own directory" time="0.000131291">
        </testcase>
    </testsuite>
    <testsuite name="adws/__tests__/envelopeConformanceWorkflow.test.ts" timestamp="2026-10-06T17:53:43.763Z" hostname="macmini.local" tests="5" failures="0" errors="0" skipped="0" time="0.313010041">
        <testcase classname="adws/__tests__/envelopeConformanceWorkflow.test.ts" name="envelope-conformance.yml live leg &gt; cannot be skipped or softened" time="0.000632125">
        </testcase>
        <testcase classname="adws/__tests__/envelopeConformanceWorkflow.test.ts" name="envelope-conformance.yml live leg &gt; hands the secret to the live step only" time="0.00035775">
        </testcase>
        <testcase classname="adws/__tests__/envelopeConformanceWorkflow.test.ts" name="envelope-conformance.yml live leg &gt; fails with an error naming the secret when the key is empty, as Actions passes a secret that does not exist" time="0.012700208">
        </testcase>
        <testcase classname="adws/__tests__/envelopeConformanceWorkflow.test.ts" name="envelope-conformance.yml live leg &gt; fails with an error naming the secret when the key is unset" time="0.012421625">
        </testcase>
        <testcase classname="adws/__tests__/envelopeConformanceWorkflow.test.ts" name="envelope-conformance.yml live leg &gt; runs the live probe when the key is present" time="0.284918375">
        </testcase>
    </testsuite>
    <testsuite name="adws/__tests__/healthCheckChecks.test.ts" timestamp="2026-10-06T17:53:43.763Z" hostname="macmini.local" tests="22" failures="0" errors="0" skipped="0" time="0.257142541">
        <testcase classname="adws/__tests__/healthCheckChecks.test.ts" name="checkGitRepository &gt; happy path: returns success with branch, remote, and user info" time="0.002298625">
        </testcase>
        <testcase classname="adws/__tests__/healthCheckChecks.test.ts" name="checkGitRepository &gt; getCurrentBranch returns empty string → currentBranch falls back to &quot;unknown&quot;" time="0.000340209">
        </testcase>
        <testcase classname="adws/__tests__/healthCheckChecks.test.ts" name="checkGitRepository &gt; getCurrentBranch throws → currentBranch falls back to &quot;unknown&quot;" time="0.000258208">
        </testcase>
        <testcase classname="adws/__tests__/healthCheckChecks.test.ts" name="checkGitRepository &gt; remotes() throws → hasRemote:false, remotes:[]" time="0.000326542">
        </testcase>
        <testcase classname="adws/__tests__/healthCheckChecks.test.ts" name="checkGitRepository &gt; remotes() returns empty array → hasRemote:false" time="0.000230834">
        </testcase>
        <testcase classname="adws/__tests__/healthCheckChecks.test.ts" name="checkGitRepository &gt; gitConfigUser returns { name: null, email: null } → userConfigured:false + warning" time="0.000223959">
        </testcase>
        <testcase classname="adws/__tests__/healthCheckChecks.test.ts" name="checkGitRepository &gt; gitConfigUser returns only name null → userConfigured:false + warning" time="0.000252541">
        </testcase>
        <testcase classname="adws/__tests__/healthCheckChecks.test.ts" name="checkGitRepository &gt; returns details.userName as undefined when name is null" time="0.0004065">
        </testcase>
        <testcase classname="adws/__tests__/healthCheckChecks.test.ts" name="checkGitHubCLI &gt; returns authenticated:true when getAuthenticatedUser resolves a login" time="0.008566333">
        </testcase>
        <testcase classname="adws/__tests__/healthCheckChecks.test.ts" name="checkGitHubCLI &gt; authenticated:false when getAuthenticatedUser returns null" time="0.006915125">
        </testcase>
        <testcase classname="adws/__tests__/healthCheckChecks.test.ts" name="checkGitHubCLI &gt; authenticated:false when the code host refuses the operation by name (a non-GitHub port)" time="0.010381833">
        </testcase>
        <testcase classname="adws/__tests__/healthCheckChecks.test.ts" name="checkGitHubCLI &gt; returns success:true even when unauthenticated (warning, not error)" time="0.006691334">
        </testcase>
        <testcase classname="adws/__tests__/healthCheckChecks.test.ts" name="checkIssueNumber &gt; happy path: fills title and state from the tracker&apos;s Issue" time="0.00015225">
        </testcase>
        <testcase classname="adws/__tests__/healthCheckChecks.test.ts" name="checkIssueNumber &gt; returns failure for invalid issue number (0) without calling the tracker" time="0.000463917">
        </testcase>
        <testcase classname="adws/__tests__/healthCheckChecks.test.ts" name="checkIssueNumber &gt; returns failure for NaN issue number without calling the tracker" time="0.000080125">
        </testcase>
        <testcase classname="adws/__tests__/healthCheckChecks.test.ts" name="checkIssueNumber &gt; returns failure for negative issue number without calling the tracker" time="0.000061458">
        </testcase>
        <testcase classname="adws/__tests__/healthCheckChecks.test.ts" name="checkIssueNumber &gt; returns not-found failure when the tracker rejects" time="0.000069208">
        </testcase>
        <testcase classname="adws/__tests__/healthCheckChecks.test.ts" name="checkClaudeCodeCLI &gt; runs the version probe once, with auto-memory disabled and without unlisted variables" time="0.215709959">
        </testcase>
        <testcase classname="adws/__tests__/healthCheckChecks.test.ts" name="checkEnvironmentVariables &gt; passes with ANTHROPIC_API_KEY unset and reports subscription billing" time="0.000527792">
        </testcase>
        <testcase classname="adws/__tests__/healthCheckChecks.test.ts" name="checkEnvironmentVariables &gt; counts an empty ANTHROPIC_API_KEY as unset" time="0.000276916">
        </testcase>
        <testcase classname="adws/__tests__/healthCheckChecks.test.ts" name="checkEnvironmentVariables &gt; passes with ANTHROPIC_API_KEY set, reports API billing and warns that billing moves" time="0.000385667">
        </testcase>
        <testcase classname="adws/__tests__/healthCheckChecks.test.ts" name="checkEnvironmentVariables &gt; lists the other optional variables that are set, and never reports a required or missing list" time="0.000736666">
        </testcase>
    </testsuite>
    <testsuite name="adws/__tests__/issueDependencies.test.ts" timestamp="2026-10-06T17:53:43.764Z" hostname="macmini.local" tests="5" failures="0" errors="0" skipped="0" time="0.006650125">
        <testcase classname="adws/__tests__/issueDependencies.test.ts" name="findOpenDependencies — fail-closed behavior &gt; treats a dep as OPEN when getIssueState throws" time="0.003182333">
        </testcase>
        <testcase classname="adws/__tests__/issueDependencies.test.ts" name="findOpenDependencies — fail-closed behavior &gt; returns all deps as OPEN when all getIssueState calls throw" time="0.00060075">
        </testcase>
        <testcase classname="adws/__tests__/issueDependencies.test.ts" name="findOpenDependencies — fail-closed behavior &gt; only includes failed and OPEN deps when some calls succeed" time="0.00053925">
        </testcase>
        <testcase classname="adws/__tests__/issueDependencies.test.ts" name="findOpenDependencies — fail-closed behavior &gt; returns empty array when all deps are CLOSED" time="0.00055125">
        </testcase>
        <testcase classname="adws/__tests__/issueDependencies.test.ts" name="findOpenDependencies — fail-closed behavior &gt; returns empty array when no dependencies exist" time="0.000443">
        </testcase>
    </testsuite>
    <testsuite name="adws/__tests__/prTemplateMarker.test.ts" timestamp="2026-10-06T17:53:43.764Z" hostname="macmini.local" tests="2" failures="0" errors="0" skipped="0" time="0.001277959">
        <testcase classname="adws/__tests__/prTemplateMarker.test.ts" name="pull_request.md PR-body marker contract &gt; instructs emitting the bare `Implements #&lt;issueNumber&gt;` marker" time="0.000617292">
        </testcase>
        <testcase classname="adws/__tests__/prTemplateMarker.test.ts" name="pull_request.md PR-body marker contract &gt; still instructs emitting a `Closes` keyword for GitHub auto-close" time="0.000123875">
        </testcase>
    </testsuite>
    <testsuite name="adws/__tests__/regressionWorkflow.test.ts" timestamp="2026-10-06T17:53:43.764Z" hostname="macmini.local" tests="13" failures="0" errors="0" skipped="0" time="0.155372375">
        <testcase classname="adws/__tests__/regressionWorkflow.test.ts" name="regression.yml &gt; has a host job and then a docker job, each with a 30-minute timeout" time="0.001792792">
        </testcase>
        <testcase classname="adws/__tests__/regressionWorkflow.test.ts" name="regression.yml &gt; runs the host job on the schedule and for the host runtime" time="0.000219209">
        </testcase>
        <testcase classname="adws/__tests__/regressionWorkflow.test.ts" name="regression.yml &gt; runs the docker job on the schedule and for the docker runtime" time="0.000114708">
        </testcase>
        <testcase classname="adws/__tests__/regressionWorkflow.test.ts" name="regression.yml &gt; runs Cucumber in the host scenarios step with nothing that swallows its exit status" time="0.000146291">
        </testcase>
        <testcase classname="adws/__tests__/regressionWorkflow.test.ts" name="regression.yml &gt; fails the host scenarios step when Cucumber exits non-zero" time="0.128906375">
        </testcase>
        <testcase classname="adws/__tests__/regressionWorkflow.test.ts" name="regression.yml &gt; passes the host scenarios step when Cucumber exits 0" time="0.019199042">
        </testcase>
        <testcase classname="adws/__tests__/regressionWorkflow.test.ts" name="regression.yml &gt; runs the host step &quot;Report results&quot; whatever the suite said" time="0.000230916">
        </testcase>
        <testcase classname="adws/__tests__/regressionWorkflow.test.ts" name="regression.yml &gt; runs the host step &quot;Upload results artifact&quot; whatever the suite said" time="0.000121625">
        </testcase>
        <testcase classname="adws/__tests__/regressionWorkflow.test.ts" name="regression.yml &gt; uploads the results with the v4 artifact action" time="0.000152167">
        </testcase>
        <testcase classname="adws/__tests__/regressionWorkflow.test.ts" name="regression.yml &gt; installs on the runner before the container run, so the node_modules mount point exists inside the read-only checkout" time="0.0002265">
        </testcase>
        <testcase classname="adws/__tests__/regressionWorkflow.test.ts" name="the Docker leg &gt; mounts the checkout read-only and gives node_modules an anonymous volume, in the shell and the run path alike" time="0.0001735">
        </testcase>
        <testcase classname="adws/__tests__/regressionWorkflow.test.ts" name="the Docker leg &gt; the image command &gt; copies the read-only mount with cp -R, which leaves the copy owned by the container user" time="0.000120625">
        </testcase>
        <testcase classname="adws/__tests__/regressionWorkflow.test.ts" name="the Docker leg &gt; the image command &gt; copies, then enters the copy, installs there, and only then runs Cucumber" time="0.000224708">
        </testcase>
    </testsuite>
    <testsuite name="adws/__tests__/triggerWebhook.test.ts" timestamp="2026-10-06T17:53:43.765Z" hostname="macmini.local" tests="8" failures="0" errors="0" skipped="0" time="0.005371166">
        <testcase classname="adws/__tests__/triggerWebhook.test.ts" name="trigger_webhook — issues.opened catch block &gt; does not call spawnDetached when checkIssueEligibility throws" time="0.001765708">
        </testcase>
        <testcase classname="adws/__tests__/triggerWebhook.test.ts" name="trigger_webhook — issues.opened catch block &gt; reports the failure via the webhook event boundary" time="0.000321166">
        </testcase>
        <testcase classname="adws/__tests__/triggerWebhook.test.ts" name="trigger_webhook — issues.opened catch block &gt; does not spawn adwPlanBuildTest.tsx as fallback" time="0.000274334">
        </testcase>
        <testcase classname="adws/__tests__/triggerWebhook.test.ts" name="trigger_webhook — issues.labeled not subscribed (AC5) &gt; source contains no action === &quot;labeled&quot; handler" time="0.000374">
        </testcase>
        <testcase classname="adws/__tests__/triggerWebhook.test.ts" name="trigger_webhook — issue_comment catch block &gt; does not call spawnDetached when comment handler rejects" time="0.00031425">
        </testcase>
        <testcase classname="adws/__tests__/triggerWebhook.test.ts" name="trigger_webhook — issue_comment catch block &gt; reports the failure via the webhook event boundary" time="0.000257375">
        </testcase>
        <testcase classname="adws/__tests__/triggerWebhook.test.ts" name="trigger_webhook — per-event resilience boundary wiring (#776) &gt; wraps the req.on(&apos;end&apos;) dispatch in a try/catch that calls containEventFailure" time="0.000331583">
        </testcase>
        <testcase classname="adws/__tests__/triggerWebhook.test.ts" name="trigger_webhook — per-event resilience boundary wiring (#776) &gt; terminates the /health check IIFE with a .catch(" time="0.000316792">
        </testcase>
    </testsuite>
    <testsuite name="adws/__tests__/vocabularyTemplate.test.ts" timestamp="2026-10-06T17:53:43.765Z" hostname="macmini.local" tests="7" failures="0" errors="0" skipped="0" time="0.003790084">
        <testcase classname="adws/__tests__/vocabularyTemplate.test.ts" name="templates/vocabulary.md.template &gt; exists at the framework repo root" time="0.001557958">
        </testcase>
        <testcase classname="adws/__tests__/vocabularyTemplate.test.ts" name="templates/vocabulary.md.template &gt; contains the ## Rot-Detection Rubric section heading" time="0.000291792">
        </testcase>
        <testcase classname="adws/__tests__/vocabularyTemplate.test.ts" name="templates/vocabulary.md.template &gt; contains the ## Observability Surfaces (Examples) section heading" time="0.000171583">
        </testcase>
        <testcase classname="adws/__tests__/vocabularyTemplate.test.ts" name="templates/vocabulary.md.template &gt; contains the ## Three Permitted Execution Patterns section heading" time="0.000143917">
        </testcase>
        <testcase classname="adws/__tests__/vocabularyTemplate.test.ts" name="templates/vocabulary.md.template &gt; rubric section contains the File shape forbidden-pattern bullet" time="0.000122292">
        </testcase>
        <testcase classname="adws/__tests__/vocabularyTemplate.test.ts" name="templates/vocabulary.md.template &gt; rubric section contains the File content via substring match forbidden-pattern bullet" time="0.000106083">
        </testcase>
        <testcase classname="adws/__tests__/vocabularyTemplate.test.ts" name="templates/vocabulary.md.template &gt; rubric section contains the Structural source-file assertions forbidden-pattern bullet" time="0.000100333">
        </testcase>
    </testsuite>
    <testsuite name="adws/agents/__tests__/agentProcessHandler.test.ts" timestamp="2026-10-06T17:53:43.766Z" hostname="macmini.local" tests="8" failures="0" errors="0" skipped="0" time="0.004760375">
        <testcase classname="adws/agents/__tests__/agentProcessHandler.test.ts" name="handleAgentProcess — rate-limit facts &gt; carries rateLimitType/resetsAt from the 2026-09-22 incident stream and kills the process" time="0.00175325">
        </testcase>
        <testcase classname="adws/agents/__tests__/agentProcessHandler.test.ts" name="handleAgentProcess — rate-limit facts &gt; carries no facts when only a documented api_retry signal (no rate_limit_event) ends the run rate-limited" time="0.000300458">
        </testcase>
        <testcase classname="adws/agents/__tests__/agentProcessHandler.test.ts" name="handleAgentProcess — rate-limit facts &gt; reports authExpired (not rateLimited) for a documented authentication_failed api_retry signal" time="0.000201375">
        </testcase>
        <testcase classname="adws/agents/__tests__/agentProcessHandler.test.ts" name="handleAgentProcess — rate-limit facts &gt; reports authExpired for a terminal result carrying api_error_status: 401 with no api_retry line" time="0.00017325">
        </testcase>
        <testcase classname="adws/agents/__tests__/agentProcessHandler.test.ts" name="handleAgentProcess — cost figures &gt; keeps costUSD as the local computation and carries the CLI figure, the streamed estimate and the actual counts" time="0.000705084">
        </testcase>
        <testcase classname="adws/agents/__tests__/agentProcessHandler.test.ts" name="handleAgentProcess — cost figures &gt; carries the streamed estimate but no reportedCostUSD and no actual counts when the run ends before the result message" time="0.000449542">
        </testcase>
        <testcase classname="adws/agents/__tests__/agentProcessHandler.test.ts" name="handleAgentProcess — context compaction &gt; lets an agent run on through a compaction by default, and resolves with its final result" time="0.000231417">
        </testcase>
        <testcase classname="adws/agents/__tests__/agentProcessHandler.test.ts" name="handleAgentProcess — context compaction &gt; kills an agent on compaction when its caller restarts it, and reports the run as compacted" time="0.000172292">
        </testcase>
    </testsuite>
    <testsuite name="adws/agents/__tests__/claudeAgent.test.ts" timestamp="2026-10-06T17:53:43.766Z" hostname="macmini.local" tests="31" failures="0" errors="0" skipped="0" time="3.52263075">
        <testcase classname="adws/agents/__tests__/claudeAgent.test.ts" name="runClaudeAgentWithCommand — watchdog &gt; throws AgentTimeoutError when the watchdog fires before the process closes" time="0.002513542">
        </testcase>
        <testcase classname="adws/agents/__tests__/claudeAgent.test.ts" name="runClaudeAgentWithCommand — watchdog &gt; includes agentName, phaseName, and timeoutMs on AgentTimeoutError" time="0.00049525">
        </testcase>
        <testcase classname="adws/agents/__tests__/claudeAgent.test.ts" name="runClaudeAgentWithCommand — watchdog &gt; calls killProcessGroup on the claude pid when the watchdog fires" time="0.001321542">
        </testcase>
        <testcase classname="adws/agents/__tests__/claudeAgent.test.ts" name="runClaudeAgentWithCommand — watchdog &gt; does NOT throw AgentTimeoutError when handleAgentProcess resolves before the watchdog" time="0.000308125">
        </testcase>
        <testcase classname="adws/agents/__tests__/claudeAgent.test.ts" name="runClaudeAgentWithCommand — watchdog &gt; spawns the child process with detached: true so the process group can be killed" time="0.000789375">
        </testcase>
        <testcase classname="adws/agents/__tests__/claudeAgent.test.ts" name="runClaudeAgentWithCommand — rate-limit facts (#907) &gt; throws a RateLimitError carrying rateLimitType/resetsAt from the handler result" time="0.000182">
        </testcase>
        <testcase classname="adws/agents/__tests__/claudeAgent.test.ts" name="runClaudeAgentWithCommand — rate-limit facts (#907) &gt; throws a RateLimitError with both facts undefined when the handler result carries none" time="0.000115667">
        </testcase>
        <testcase classname="adws/agents/__tests__/claudeAgent.test.ts" name="runClaudeAgentWithCommand — auth retry logic &gt; throws AuthRequiredError when handleAgentProcess returns authExpired and execSync returns loggedIn=false" time="0.000203833">
        </testcase>
        <testcase classname="adws/agents/__tests__/claudeAgent.test.ts" name="runClaudeAgentWithCommand — auth retry logic &gt; includes the agentName in AuthRequiredError when loggedIn=false" time="0.000126541">
        </testcase>
        <testcase classname="adws/agents/__tests__/claudeAgent.test.ts" name="runClaudeAgentWithCommand — auth retry logic &gt; throws AuthRequiredError when retry also returns authExpired=true (loggedIn=true path)" time="2.002174041">
        </testcase>
        <testcase classname="adws/agents/__tests__/claudeAgent.test.ts" name="runClaudeAgentWithCommand — auth retry logic &gt; throws AuthRequiredError when execSync throws" time="0.000820541">
        </testcase>
        <testcase classname="adws/agents/__tests__/claudeAgent.test.ts" name="runClaudeAgentWithCommand — auth retry logic &gt; returns result without throwing when first call succeeds (no authExpired)" time="0.000348334">
        </testcase>
        <testcase classname="adws/agents/__tests__/claudeAgent.test.ts" name="runClaudeAgentWithCommand — launch environment &gt; builds the environment from the caller&apos;s subprocessEnv overlay" time="0.000886042">
        </testcase>
        <testcase classname="adws/agents/__tests__/claudeAgent.test.ts" name="runClaudeAgentWithCommand — launch environment &gt; builds the environment from an empty overlay when subprocessEnv is omitted" time="0.000175792">
        </testcase>
        <testcase classname="adws/agents/__tests__/claudeAgent.test.ts" name="runClaudeAgentWithCommand — launch environment &gt; spawns the agent with the environment the builder returned" time="0.000436834">
        </testcase>
        <testcase classname="adws/agents/__tests__/claudeAgent.test.ts" name="runClaudeAgentWithCommand — launch environment &gt; never assigns to process.env — the environment is a new object" time="0.000295584">
        </testcase>
        <testcase classname="adws/agents/__tests__/claudeAgent.test.ts" name="runClaudeAgentWithCommand — launch environment &gt; the launch identity &gt; reaches the launch environment from the launch context, and its credential does not" time="0.000229167">
        </testcase>
        <testcase classname="adws/agents/__tests__/claudeAgent.test.ts" name="runClaudeAgentWithCommand — launch environment &gt; the launch identity &gt; yields to an explicit subprocessEnv" time="0.000304125">
        </testcase>
        <testcase classname="adws/agents/__tests__/claudeAgent.test.ts" name="runClaudeAgentWithCommand — launch environment &gt; the launch identity &gt; adds no identity when the launch context carries no gitContext" time="0.0003245">
        </testcase>
        <testcase classname="adws/agents/__tests__/claudeAgent.test.ts" name="runClaudeAgentWithCommand — launch environment &gt; hands the same environment to the first spawn and to the ENOENT retry spawn" time="0.50359025">
        </testcase>
        <testcase classname="adws/agents/__tests__/claudeAgent.test.ts" name="runClaudeAgentWithCommand — launch environment &gt; runs the auth-status check and the auth retry spawn under the environment of the first spawn" time="0.001071083">
        </testcase>
        <testcase classname="adws/agents/__tests__/claudeAgent.test.ts" name="runClaudeAgentWithCommand — guardrails --settings injection (#762) &gt; passes selfHost/adwId derived from launchContext to the gate" time="0.000380917">
        </testcase>
        <testcase classname="adws/agents/__tests__/claudeAgent.test.ts" name="runClaudeAgentWithCommand — guardrails --settings injection (#762) &gt; defaults to selfHost: true and adwId: &quot;&quot; when launchContext is omitted (fail-safe)" time="0.000114667">
        </testcase>
        <testcase classname="adws/agents/__tests__/claudeAgent.test.ts" name="runClaudeAgentWithCommand — guardrails --settings injection (#762) &gt; unshifts --settings and sets an absolute CLAUDE_HOOKS_LOG_DIR when the gate injects" time="0.000294791">
        </testcase>
        <testcase classname="adws/agents/__tests__/claudeAgent.test.ts" name="runClaudeAgentWithCommand — guardrails --settings injection (#762) &gt; a target run receiving inject: true carries --settings; a self-host run does not" time="0.000321625">
        </testcase>
        <testcase classname="adws/agents/__tests__/claudeAgent.test.ts" name="runClaudeAgentWithCommand — guardrails --settings injection (#762) &gt; does not set CLAUDE_HOOKS_LOG_DIR when the gate withholds injection" time="0.000212291">
        </testcase>
        <testcase classname="adws/agents/__tests__/claudeAgent.test.ts" name="runClaudeAgentWithCommand — guardrails --settings injection (#762) &gt; carries the injected --settings flag through the ENOENT retry spawn as well" time="0.50112975">
        </testcase>
        <testcase classname="adws/agents/__tests__/claudeAgent.test.ts" name="runClaudeAgentWithCommand — compaction kill opt-in &gt; leaves an agent running through a compaction unless its caller restarts it" time="0.000173875">
        </testcase>
        <testcase classname="adws/agents/__tests__/claudeAgent.test.ts" name="runClaudeAgentWithCommand — compaction kill opt-in &gt; asks for the kill on the first spawn when the caller restarts the agent" time="0.000085416">
        </testcase>
        <testcase classname="adws/agents/__tests__/claudeAgent.test.ts" name="runClaudeAgentWithCommand — compaction kill opt-in &gt; keeps the request on the ENOENT retry spawn" time="0.500827916">
        </testcase>
        <testcase classname="adws/agents/__tests__/claudeAgent.test.ts" name="runClaudeAgentWithCommand — compaction kill opt-in &gt; keeps the request on the auth retry spawn" time="0.000711209">
        </testcase>
    </testsuite>
    <testsuite name="adws/agents/__tests__/claudeAgentGuardrails.test.ts" timestamp="2026-10-06T17:53:43.767Z" hostname="macmini.local" tests="7" failures="0" errors="0" skipped="0" time="0.013676459">
        <testcase classname="adws/agents/__tests__/claudeAgentGuardrails.test.ts" name="runClaudeAgentWithCommand — guardrails for every target repository &gt; injects the guardrail settings when the target repository has no .github/adw.yml" time="0.007187584">
            <system-out>
📋 [2026-10-06T17:53:40.642Z] Starting guardrails-agent agent...
📋 [2026-10-06T17:53:40.643Z]   Command: /opt/homebrew/Cellar/node/26.5.0/bin/node --print --verbose --dangerously-skip-permissions --output-format stream-json --model sonnet &quot;&lt;prompt&gt;&quot;
📋 [2026-10-06T17:53:40.643Z]   Slash command: /commit
📋 [2026-10-06T17:53:40.643Z]   Model: sonnet
📋 [2026-10-06T17:53:40.643Z]   Output file: /tmp/adw-guardrails-agent.jsonl
📋 [2026-10-06T17:53:40.643Z]   Args length: 4 characters

            </system-out>
        </testcase>
        <testcase classname="adws/agents/__tests__/claudeAgentGuardrails.test.ts" name="runClaudeAgentWithCommand — guardrails for every target repository &gt; injects the guardrail settings when .github/adw.yml still holds a leftover &quot;guardrails: false&quot;" time="0.002246">
            <system-out>
📋 [2026-10-06T17:53:40.647Z] Starting guardrails-agent agent...
📋 [2026-10-06T17:53:40.647Z]   Command: /opt/homebrew/Cellar/node/26.5.0/bin/node --print --verbose --dangerously-skip-permissions --output-format stream-json --model sonnet &quot;&lt;prompt&gt;&quot;
📋 [2026-10-06T17:53:40.647Z]   Slash command: /commit
📋 [2026-10-06T17:53:40.647Z]   Model: sonnet
📋 [2026-10-06T17:53:40.647Z]   Output file: /tmp/adw-guardrails-agent.jsonl
📋 [2026-10-06T17:53:40.647Z]   Args length: 4 characters

            </system-out>
        </testcase>
        <testcase classname="adws/agents/__tests__/claudeAgentGuardrails.test.ts" name="runClaudeAgentWithCommand — guardrails for every target repository &gt; injects the guardrail settings when .github/adw.yml still holds a leftover &quot;guardrails: true&quot;" time="0.000823375">
            <system-out>
📋 [2026-10-06T17:53:40.649Z] Starting guardrails-agent agent...
📋 [2026-10-06T17:53:40.649Z]   Command: /opt/homebrew/Cellar/node/26.5.0/bin/node --print --verbose --dangerously-skip-permissions --output-format stream-json --model sonnet &quot;&lt;prompt&gt;&quot;
📋 [2026-10-06T17:53:40.649Z]   Slash command: /commit
📋 [2026-10-06T17:53:40.649Z]   Model: sonnet
📋 [2026-10-06T17:53:40.649Z]   Output file: /tmp/adw-guardrails-agent.jsonl
📋 [2026-10-06T17:53:40.649Z]   Args length: 4 characters

            </system-out>
        </testcase>
        <testcase classname="adws/agents/__tests__/claudeAgentGuardrails.test.ts" name="runClaudeAgentWithCommand — guardrails for every target repository &gt; injects the guardrail settings when .github/adw.yml still holds a leftover &quot;guardrails: maybe&quot;" time="0.000642208">
            <system-out>
📋 [2026-10-06T17:53:40.650Z] Starting guardrails-agent agent...
📋 [2026-10-06T17:53:40.650Z]   Command: /opt/homebrew/Cellar/node/26.5.0/bin/node --print --verbose --dangerously-skip-permissions --output-format stream-json --model sonnet &quot;&lt;prompt&gt;&quot;
📋 [2026-10-06T17:53:40.650Z]   Slash command: /commit
📋 [2026-10-06T17:53:40.650Z]   Model: sonnet
📋 [2026-10-06T17:53:40.650Z]   Output file: /tmp/adw-guardrails-agent.jsonl
📋 [2026-10-06T17:53:40.650Z]   Args length: 4 characters

            </system-out>
        </testcase>
        <testcase classname="adws/agents/__tests__/claudeAgentGuardrails.test.ts" name="runClaudeAgentWithCommand — guardrails for every target repository &gt; starts a self-host agent without --settings or CLAUDE_HOOKS_LOG_DIR and never runs the probe" time="0.000654542">
            <system-out>
📋 [2026-10-06T17:53:40.650Z] Starting guardrails-agent agent...
📋 [2026-10-06T17:53:40.650Z]   Command: /opt/homebrew/Cellar/node/26.5.0/bin/node --print --verbose --dangerously-skip-permissions --output-format stream-json --model sonnet &quot;&lt;prompt&gt;&quot;
📋 [2026-10-06T17:53:40.650Z]   Slash command: /commit
📋 [2026-10-06T17:53:40.650Z]   Model: sonnet
📋 [2026-10-06T17:53:40.650Z]   Output file: /tmp/adw-guardrails-agent.jsonl
📋 [2026-10-06T17:53:40.650Z]   Args length: 4 characters

            </system-out>
        </testcase>
        <testcase classname="adws/agents/__tests__/claudeAgentGuardrails.test.ts" name="runClaudeAgentWithCommand — a --target-repo launch for the framework&apos;s own repository &gt; starts the agent without --settings or CLAUDE_HOOKS_LOG_DIR and never runs the probe" time="0.000451375">
            <system-out>
📋 [2026-10-06T17:53:40.651Z] Starting guardrails-agent agent...
📋 [2026-10-06T17:53:40.651Z]   Command: /opt/homebrew/Cellar/node/26.5.0/bin/node --print --verbose --dangerously-skip-permissions --output-format stream-json --model sonnet &quot;&lt;prompt&gt;&quot;
📋 [2026-10-06T17:53:40.651Z]   Slash command: /commit
📋 [2026-10-06T17:53:40.651Z]   Model: sonnet
📋 [2026-10-06T17:53:40.651Z]   Output file: /tmp/adw-guardrails-agent.jsonl
📋 [2026-10-06T17:53:40.651Z]   Args length: 4 characters

            </system-out>
        </testcase>
        <testcase classname="adws/agents/__tests__/claudeAgentGuardrails.test.ts" name="runClaudeAgentWithCommand — a --target-repo launch for the framework&apos;s own repository &gt; still injects the guardrail settings for any other --target-repo repository" time="0.000444125">
            <system-out>
📋 [2026-10-06T17:53:40.651Z] Starting guardrails-agent agent...
📋 [2026-10-06T17:53:40.651Z]   Command: /opt/homebrew/Cellar/node/26.5.0/bin/node --print --verbose --dangerously-skip-permissions --output-format stream-json --model sonnet &quot;&lt;prompt&gt;&quot;
📋 [2026-10-06T17:53:40.651Z]   Slash command: /commit
📋 [2026-10-06T17:53:40.651Z]   Model: sonnet
📋 [2026-10-06T17:53:40.651Z]   Output file: /tmp/adw-guardrails-agent.jsonl
📋 [2026-10-06T17:53:40.651Z]   Args length: 4 characters

            </system-out>
        </testcase>
    </testsuite>
    <testsuite name="adws/agents/__tests__/commandAgent.test.ts" timestamp="2026-10-06T17:53:43.768Z" hostname="macmini.local" tests="9" failures="0" errors="0" skipped="0" time="0.011467708">
        <testcase classname="adws/agents/__tests__/commandAgent.test.ts" name="runCommandAgent output-validation retry &gt; runs /correct_output with positional arguments and a routed model in default mode" time="0.004621209">
        </testcase>
        <testcase classname="adws/agents/__tests__/commandAgent.test.ts" name="runCommandAgent output-validation retry &gt; runs /correct_output with positional arguments and a routed model in fast mode" time="0.001423417">
        </testcase>
        <testcase classname="adws/agents/__tests__/commandAgent.test.ts" name="runCommandAgent output-validation retry &gt; starts every spawn with a slash command" time="0.000512208">
        </testcase>
        <testcase classname="adws/agents/__tests__/commandAgent.test.ts" name="runCommandAgent output-validation retry &gt; stops after three identical validation errors in a row" time="0.000824167">
        </testcase>
        <testcase classname="adws/agents/__tests__/commandAgent.test.ts" name="runCommandAgent output-validation retry &gt; numbers the file each retry reads, so a later retry does not overwrite an earlier one" time="0.000518791">
        </testcase>
        <testcase classname="adws/agents/__tests__/commandAgent.test.ts" name="the /correct_output command file &gt; exists under .claude/commands" time="0.000187916">
        </testcase>
        <testcase classname="adws/agents/__tests__/commandAgent.test.ts" name="runCommandAgent — context compaction &gt; passes the kill request to its agent, and leaves the output-correction retry running on" time="0.0003825">
        </testcase>
        <testcase classname="adws/agents/__tests__/commandAgent.test.ts" name="runCommandAgent — context compaction &gt; does not ask for the kill unless its caller restarts the agent" time="0.000220916">
        </testcase>
        <testcase classname="adws/agents/__tests__/commandAgent.test.ts" name="runCommandAgent — context compaction &gt; hands back a run stopped on compaction without validating its cut-off output" time="0.001484125">
        </testcase>
    </testsuite>
    <testsuite name="adws/agents/__tests__/commitIdentity.integration.test.ts" timestamp="2026-10-06T17:53:43.768Z" hostname="macmini.local" tests="4" failures="0" errors="0" skipped="0" time="1.447485375">
        <testcase classname="adws/agents/__tests__/commitIdentity.integration.test.ts" name="the identity of a commit an agent makes in a worktree &gt; derives the App identity the launch boundary hands the GitContext" time="0.135585208">
        </testcase>
        <testcase classname="adws/agents/__tests__/commitIdentity.integration.test.ts" name="the identity of a commit an agent makes in a worktree &gt; is the App, as author and as committer, for a /commit agent started with no subprocessEnv" time="0.452328">
            <system-out>
📋 [2026-10-06T17:53:34.752Z] Commit Agent starting:
📋 [2026-10-06T17:53:34.753Z]   Agent name: plan-orchestrator
📋 [2026-10-06T17:53:34.753Z]   Issue class: /feature
📋 [2026-10-06T17:53:34.753Z]   CWD: /tmp/adw-commit-identity-SjYGp6/repo/.worktrees/feature-issue-1-identity
📋 [2026-10-06T17:53:34.753Z] Starting Commit agent...
📋 [2026-10-06T17:53:34.753Z]   Command: /tmp/adw-commit-identity-SjYGp6/claude --print --verbose --dangerously-skip-permissions --output-format stream-json --model sonnet --effort medium &quot;&lt;prompt&gt;&quot;
📋 [2026-10-06T17:53:34.753Z]   Slash command: /commit
📋 [2026-10-06T17:53:34.753Z]   Model: sonnet
📋 [2026-10-06T17:53:34.753Z]   Reasoning effort: medium
📋 [2026-10-06T17:53:34.753Z]   Output file: /tmp/adw-commit-identity-SjYGp6/logs/commit-agent.jsonl
📋 [2026-10-06T17:53:34.753Z]   Args length: 2 elements

📋 [2026-10-06T17:53:35.034Z] Commit agent finished:
📋 [2026-10-06T17:53:35.034Z]   Exit code: 0
📋 [2026-10-06T17:53:35.034Z]   Total turns: 0
📋 [2026-10-06T17:53:35.034Z]   Total tool calls: 0
✅ [2026-10-06T17:53:35.034Z] Commit completed successfully
📋 [2026-10-06T17:53:35.034Z]   Cost: $0.0500
📋 [2026-10-06T17:53:35.034Z]   Models used: claude-sonnet-4-6

✅ [2026-10-06T17:53:35.035Z] Commit message: plan-orchestrator: feat: add identity plan

            </system-out>
        </testcase>
        <testcase classname="adws/agents/__tests__/commitIdentity.integration.test.ts" name="the identity of a commit an agent makes in a worktree &gt; is the App for the conflict resolver, whose agent finalizes its merge by running git commit" time="0.4368715">
            <system-out>
📋 [2026-10-06T17:53:35.202Z] Starting conflict-resolver agent...
📋 [2026-10-06T17:53:35.202Z]   Command: /tmp/adw-commit-identity-MXf4mI/claude --print --verbose --dangerously-skip-permissions --output-format stream-json --model sonnet &quot;&lt;prompt&gt;&quot;
📋 [2026-10-06T17:53:35.202Z]   Slash command: /resolve_conflict
📋 [2026-10-06T17:53:35.202Z]   Model: sonnet
📋 [2026-10-06T17:53:35.202Z]   Output file: /tmp/adw-commit-identity-MXf4mI/logs/resolve-conflict.jsonl
📋 [2026-10-06T17:53:35.202Z]   Args length: 3 elements

📋 [2026-10-06T17:53:35.472Z] conflict-resolver agent finished:
📋 [2026-10-06T17:53:35.472Z]   Exit code: 0
📋 [2026-10-06T17:53:35.472Z]   Total turns: 0
📋 [2026-10-06T17:53:35.472Z]   Total tool calls: 0
✅ [2026-10-06T17:53:35.472Z] conflict-resolver completed successfully
📋 [2026-10-06T17:53:35.472Z]   Cost: $0.0500
📋 [2026-10-06T17:53:35.472Z]   Models used: claude-sonnet-4-6

            </system-out>
        </testcase>
        <testcase classname="adws/agents/__tests__/commitIdentity.integration.test.ts" name="the identity of a commit an agent makes in a worktree &gt; is the host git config when the agent is given no launch context: the cause of the host-identity commits" time="0.421885084">
            <system-out>
📋 [2026-10-06T17:53:35.632Z] Commit Agent starting:
📋 [2026-10-06T17:53:35.632Z]   Agent name: plan-orchestrator
📋 [2026-10-06T17:53:35.632Z]   Issue class: /feature
📋 [2026-10-06T17:53:35.632Z]   CWD: /tmp/adw-commit-identity-j1OVFP/repo/.worktrees/feature-issue-1-identity
📋 [2026-10-06T17:53:35.632Z] Starting Commit agent...
📋 [2026-10-06T17:53:35.632Z]   Command: /tmp/adw-commit-identity-j1OVFP/claude --print --verbose --dangerously-skip-permissions --output-format stream-json --model sonnet --effort medium &quot;&lt;prompt&gt;&quot;
📋 [2026-10-06T17:53:35.632Z]   Slash command: /commit
📋 [2026-10-06T17:53:35.632Z]   Model: sonnet
📋 [2026-10-06T17:53:35.632Z]   Reasoning effort: medium
📋 [2026-10-06T17:53:35.632Z]   Output file: /tmp/adw-commit-identity-j1OVFP/logs/commit-agent.jsonl
📋 [2026-10-06T17:53:35.632Z]   Args length: 2 elements

📋 [2026-10-06T17:53:35.900Z] Commit agent finished:
📋 [2026-10-06T17:53:35.901Z]   Exit code: 0
📋 [2026-10-06T17:53:35.901Z]   Total turns: 0
📋 [2026-10-06T17:53:35.901Z]   Total tool calls: 0
✅ [2026-10-06T17:53:35.901Z] Commit completed successfully
📋 [2026-10-06T17:53:35.901Z]   Cost: $0.0500
📋 [2026-10-06T17:53:35.901Z]   Models used: claude-sonnet-4-6

✅ [2026-10-06T17:53:35.901Z] Commit message: plan-orchestrator: feat: add identity plan

            </system-out>
        </testcase>
    </testsuite>
    <testsuite name="adws/agents/__tests__/documentAgent.test.ts" timestamp="2026-10-06T17:53:43.768Z" hostname="macmini.local" tests="3" failures="0" errors="0" skipped="0" time="0.004078958">
        <testcase classname="adws/agents/__tests__/documentAgent.test.ts" name="runDocumentAgent — the arguments of /document &gt; passes the default branch as the fourth argument, after the spec and the screenshots directory" time="0.002329417">
        </testcase>
        <testcase classname="adws/agents/__tests__/documentAgent.test.ts" name="runDocumentAgent — the arguments of /document &gt; passes an empty fourth argument when no default branch is given, so the prompt resolves it itself" time="0.000144916">
        </testcase>
        <testcase classname="adws/agents/__tests__/documentAgent.test.ts" name="runDocumentAgent — the arguments of /document &gt; returns the documentation path the agent produced" time="0.000124375">
        </testcase>
    </testsuite>
    <testsuite name="adws/agents/__tests__/gitAgent.test.ts" timestamp="2026-10-06T17:53:43.768Z" hostname="macmini.local" tests="20" failures="0" errors="0" skipped="0" time="0.010009334">
        <testcase classname="adws/agents/__tests__/gitAgent.test.ts" name="runCommitAgent — result.success guard &gt; throws when agent returns success=false" time="0.001806792">
        </testcase>
        <testcase classname="adws/agents/__tests__/gitAgent.test.ts" name="runCommitAgent — result.success guard &gt; includes agent name in the thrown error" time="0.000532791">
        </testcase>
        <testcase classname="adws/agents/__tests__/gitAgent.test.ts" name="runCommitAgent — result.success guard &gt; truncates long output in the thrown error to 200 chars" time="0.00046575">
        </testcase>
        <testcase classname="adws/agents/__tests__/gitAgent.test.ts" name="runCommitAgent — result.success guard &gt; does not throw and returns commitMessage when agent returns success=true" time="0.000464">
        </testcase>
        <testcase classname="adws/agents/__tests__/gitAgent.test.ts" name="runCommitAgent — result.success guard &gt; does not commit garbage when output looks like an error but success=false" time="0.000308625">
        </testcase>
        <testcase classname="adws/agents/__tests__/gitAgent.test.ts" name="extractSlugFromOutput &gt; extracts a clean slug from plain output" time="0.000419458">
        </testcase>
        <testcase classname="adws/agents/__tests__/gitAgent.test.ts" name="extractSlugFromOutput &gt; strips trailing whitespace and newlines" time="0.000263375">
        </testcase>
        <testcase classname="adws/agents/__tests__/gitAgent.test.ts" name="extractSlugFromOutput &gt; strips backtick wrappers" time="0.000151833">
        </testcase>
        <testcase classname="adws/agents/__tests__/gitAgent.test.ts" name="extractSlugFromOutput &gt; uses the last non-empty line" time="0.000199416">
        </testcase>
        <testcase classname="adws/agents/__tests__/gitAgent.test.ts" name="extractSlugFromOutput &gt; throws when the output is empty" time="0.000295209">
        </testcase>
        <testcase classname="adws/agents/__tests__/gitAgent.test.ts" name="extractSlugFromOutput &gt; throws when slug contains forbidden characters" time="0.002898792">
        </testcase>
        <testcase classname="adws/agents/__tests__/gitAgent.test.ts" name="runGenerateBranchNameAgent — slug-only contract &gt; assembles full branch name from a plain slug returned by the LLM" time="0.000253334">
        </testcase>
        <testcase classname="adws/agents/__tests__/gitAgent.test.ts" name="runGenerateBranchNameAgent — slug-only contract &gt; rejects a drifted prefixed slug from the LLM" time="0.000166625">
        </testcase>
        <testcase classname="adws/agents/__tests__/gitAgent.test.ts" name="runGenerateBranchNameAgent — slug-only contract &gt; rejects a slug with forbidden characters" time="0.000091333">
        </testcase>
        <testcase classname="adws/agents/__tests__/gitAgent.test.ts" name="runGenerateBranchNameAgent — slug-only contract &gt; rejects an empty slug" time="0.000093125">
        </testcase>
        <testcase classname="adws/agents/__tests__/gitAgent.test.ts" name="runGenerateBranchNameAgent — slug-only contract &gt; assembles bugfix branch from a bug issue" time="0.000077541">
        </testcase>
        <testcase classname="adws/agents/__tests__/gitAgent.test.ts" name="runGenerateBranchNameAgent — AuthRequiredError propagation &gt; propagates AuthRequiredError thrown by runClaudeAgentWithCommand" time="0.000134417">
        </testcase>
        <testcase classname="adws/agents/__tests__/gitAgent.test.ts" name="runGenerateBranchNameAgent — AuthRequiredError propagation &gt; throws AuthRequiredError when result has authExpired=true (belt-and-braces guard)" time="0.000110541">
        </testcase>
        <testcase classname="adws/agents/__tests__/gitAgent.test.ts" name="runGenerateBranchNameAgent — AuthRequiredError propagation &gt; throws a plain Error (not AuthRequiredError) with issue context on a non-auth failure" time="0.000118041">
        </testcase>
        <testcase classname="adws/agents/__tests__/gitAgent.test.ts" name="runGenerateBranchNameAgent — AuthRequiredError propagation &gt; reports &quot;(no agent output)&quot; when a non-auth failure has empty output" time="0.000106084">
        </testcase>
    </testsuite>
    <testsuite name="adws/agents/__tests__/refactorAgent.test.ts" timestamp="2026-10-06T17:53:43.769Z" hostname="macmini.local" tests="6" failures="0" errors="0" skipped="0" time="0.004597291">
        <testcase classname="adws/agents/__tests__/refactorAgent.test.ts" name="runRefactorAgent — slash command routing &gt; invokes runClaudeAgentWithCommand with /refactor as the command" time="0.001971875">
        </testcase>
        <testcase classname="adws/agents/__tests__/refactorAgent.test.ts" name="runRefactorAgent — slash command routing &gt; passes issueDescription as the args string" time="0.000355166">
        </testcase>
        <testcase classname="adws/agents/__tests__/refactorAgent.test.ts" name="runRefactorAgent — slash command routing &gt; uses refactor-agent.jsonl as the output file name" time="0.000201125">
        </testcase>
        <testcase classname="adws/agents/__tests__/refactorAgent.test.ts" name="runRefactorAgent — slash command routing &gt; looks up model via getModelForCommand(/refactor)" time="0.000213667">
        </testcase>
        <testcase classname="adws/agents/__tests__/refactorAgent.test.ts" name="runRefactorAgent — slash command routing &gt; looks up effort via getEffortForCommand(/refactor)" time="0.00020825">
        </testcase>
        <testcase classname="adws/agents/__tests__/refactorAgent.test.ts" name="runRefactorAgent — slash command routing &gt; returns the AgentResult from runClaudeAgentWithCommand" time="0.000460167">
        </testcase>
    </testsuite>
    <testsuite name="adws/agents/__tests__/rotAnalysisAgent.test.ts" timestamp="2026-10-06T17:53:43.769Z" hostname="macmini.local" tests="8" failures="0" errors="0" skipped="0" time="0.002810125">
        <testcase classname="adws/agents/__tests__/rotAnalysisAgent.test.ts" name="extractRotVerdicts &gt; well-formed JSON array → success:true with parsed verdicts" time="0.001306292">
        </testcase>
        <testcase classname="adws/agents/__tests__/rotAnalysisAgent.test.ts" name="extractRotVerdicts &gt; array wrapped in a fenced code block with surrounding prose still parses" time="0.000183333">
        </testcase>
        <testcase classname="adws/agents/__tests__/rotAnalysisAgent.test.ts" name="extractRotVerdicts &gt; output with no brackets at all → success:false" time="0.000059875">
        </testcase>
        <testcase classname="adws/agents/__tests__/rotAnalysisAgent.test.ts" name="extractRotVerdicts &gt; bracketed but unparseable content → success:false" time="0.000076833">
        </testcase>
        <testcase classname="adws/agents/__tests__/rotAnalysisAgent.test.ts" name="extractRotVerdicts &gt; out-of-range rot value is coerced to UNKNOWN" time="0.000075125">
        </testcase>
        <testcase classname="adws/agents/__tests__/rotAnalysisAgent.test.ts" name="extractRotVerdicts &gt; empty array → success:true with empty data" time="0.000066833">
        </testcase>
        <testcase classname="adws/agents/__tests__/rotAnalysisAgent.test.ts" name="extractRotVerdicts &gt; entry missing required step field → success:false" time="0.000056458">
        </testcase>
        <testcase classname="adws/agents/__tests__/rotAnalysisAgent.test.ts" name="extractRotVerdicts &gt; parsed JSON that is not an array → success:false" time="0.000052375">
        </testcase>
    </testsuite>
    <testsuite name="adws/agents/__tests__/scenarioFidelityAgent.test.ts" timestamp="2026-10-06T17:53:43.770Z" hostname="macmini.local" tests="8" failures="0" errors="0" skipped="0" time="0.0057545">
        <testcase classname="adws/agents/__tests__/scenarioFidelityAgent.test.ts" name="extractFidelityResult &gt; valid JSON with aligned:true → success:true" time="0.002044209">
        </testcase>
        <testcase classname="adws/agents/__tests__/scenarioFidelityAgent.test.ts" name="extractFidelityResult &gt; valid JSON with aligned:false → success:true with mismatches" time="0.000849125">
        </testcase>
        <testcase classname="adws/agents/__tests__/scenarioFidelityAgent.test.ts" name="extractFidelityResult &gt; missing aligned boolean → success:false with descriptive error" time="0.000261083">
        </testcase>
        <testcase classname="adws/agents/__tests__/scenarioFidelityAgent.test.ts" name="extractFidelityResult &gt; empty string → success:false" time="0.000186667">
        </testcase>
        <testcase classname="adws/agents/__tests__/scenarioFidelityAgent.test.ts" name="extractFidelityResult &gt; malformed JSON → success:false" time="0.000169375">
        </testcase>
        <testcase classname="adws/agents/__tests__/scenarioFidelityAgent.test.ts" name="extractFidelityResult &gt; missing mismatches normalised to empty array" time="0.000190333">
        </testcase>
        <testcase classname="adws/agents/__tests__/scenarioFidelityAgent.test.ts" name="extractFidelityResult &gt; missing summary normalised to empty string" time="0.000306041">
        </testcase>
        <testcase classname="adws/agents/__tests__/scenarioFidelityAgent.test.ts" name="formatFidelityArgs &gt; returns positional args in order" time="0.000230417">
        </testcase>
    </testsuite>
    <testsuite name="adws/agents/__tests__/testAgent.test.ts" timestamp="2026-10-06T17:53:43.770Z" hostname="macmini.local" tests="4" failures="0" errors="0" skipped="0" time="0.002392417">
        <testcase classname="adws/agents/__tests__/testAgent.test.ts" name="runTestAgent — context compaction &gt; asks for the kill when its caller restarts the agent" time="0.001050416">
        </testcase>
        <testcase classname="adws/agents/__tests__/testAgent.test.ts" name="runTestAgent — context compaction &gt; leaves the agent running through a compaction by default" time="0.000113125">
        </testcase>
        <testcase classname="adws/agents/__tests__/testAgent.test.ts" name="runTestAgent — context compaction &gt; hands a run stopped on compaction back to its caller to restart, with no results to read" time="0.000370667">
        </testcase>
        <testcase classname="adws/agents/__tests__/testAgent.test.ts" name="runResolveTestAgent — context compaction &gt; asks for the kill when its caller restarts the agent, and by default leaves it running" time="0.000168708">
        </testcase>
    </testsuite>
    <testsuite name="adws/agents/__tests__/testRetry.test.ts" timestamp="2026-10-06T17:53:43.770Z" hostname="macmini.local" tests="3" failures="0" errors="0" skipped="0" time="0.011282416">
        <testcase classname="adws/agents/__tests__/testRetry.test.ts" name="runUnitTestsWithRetry — context compaction &gt; asks for the kill on a restartable test agent, and runs it again without using up a retry" time="0.007424041">
            <system-out>
📋 [2026-10-06T17:53:40.655Z] Running unit tests (attempt 1/3)...

📋 [2026-10-06T17:53:40.657Z] unit tests agent context compacted (context reset 1/3)
📋 [2026-10-06T17:53:40.657Z] Running unit tests (attempt 1/3)...

✅ [2026-10-06T17:53:40.659Z] unit tests passed!

            </system-out>
        </testcase>
        <testcase classname="adws/agents/__tests__/testRetry.test.ts" name="runUnitTestsWithRetry — context compaction &gt; asks for the kill on a restartable test-resolution agent" time="0.001955042">
            <system-out>
📋 [2026-10-06T17:53:40.660Z] Running unit tests (attempt 1/3)...

📋 [2026-10-06T17:53:40.661Z] unit tests: 1 failure(s) found, resolving...
📋 [2026-10-06T17:53:40.661Z] Resolving: broken

✅ [2026-10-06T17:53:40.661Z] Resolution attempted for: broken

📋 [2026-10-06T17:53:40.661Z] Running unit tests (attempt 2/3)...

✅ [2026-10-06T17:53:40.661Z] unit tests passed!

            </system-out>
        </testcase>
        <testcase classname="adws/agents/__tests__/testRetry.test.ts" name="runUnitTestsWithRetry — context compaction &gt; leaves the test agent running through a compaction when nothing restarts it" time="0.000789375">
            <system-out>
📋 [2026-10-06T17:53:40.662Z] Running unit tests (attempt 1/3)...

✅ [2026-10-06T17:53:40.662Z] unit tests passed!

            </system-out>
        </testcase>
    </testsuite>
    <testsuite name="adws/cost/__tests__/computation.test.ts" timestamp="2026-10-06T17:53:43.770Z" hostname="macmini.local" tests="16" failures="0" errors="0" skipped="0" time="0.004869459">
        <testcase classname="adws/cost/__tests__/computation.test.ts" name="computeCost &gt; computes cost for a single token type" time="0.001484792">
        </testcase>
        <testcase classname="adws/cost/__tests__/computation.test.ts" name="computeCost &gt; computes cost for multiple token types with Anthropic sonnet pricing" time="0.0002005">
        </testcase>
        <testcase classname="adws/cost/__tests__/computation.test.ts" name="computeCost &gt; returns zero for usage keys with no matching pricing key" time="0.000217834">
        </testcase>
        <testcase classname="adws/cost/__tests__/computation.test.ts" name="computeCost &gt; returns zero for empty usage map" time="0.00014275">
        </testcase>
        <testcase classname="adws/cost/__tests__/computation.test.ts" name="computeCost &gt; returns zero for empty pricing map" time="0.0001315">
        </testcase>
        <testcase classname="adws/cost/__tests__/computation.test.ts" name="computeCost &gt; handles large token counts without overflow" time="0.000114125">
        </testcase>
        <testcase classname="adws/cost/__tests__/computation.test.ts" name="computeCost &gt; ignores pricing keys with no matching usage key" time="0.00011225">
        </testcase>
        <testcase classname="adws/cost/__tests__/computation.test.ts" name="checkDivergence &gt; returns not divergent when computed equals reported" time="0.000231958">
        </testcase>
        <testcase classname="adws/cost/__tests__/computation.test.ts" name="checkDivergence &gt; returns not divergent when difference is below 4.9%" time="0.000164417">
        </testcase>
        <testcase classname="adws/cost/__tests__/computation.test.ts" name="checkDivergence &gt; returns divergent when difference is above 5.1%" time="0.000179625">
        </testcase>
        <testcase classname="adws/cost/__tests__/computation.test.ts" name="checkDivergence &gt; returns not divergent at exactly 5.0% (threshold is exclusive)" time="0.000154542">
        </testcase>
        <testcase classname="adws/cost/__tests__/computation.test.ts" name="checkDivergence &gt; returns divergent when reported is 0 and computed is greater than 0" time="0.000070542">
        </testcase>
        <testcase classname="adws/cost/__tests__/computation.test.ts" name="checkDivergence &gt; returns not divergent when both costs are 0" time="0.000046708">
        </testcase>
        <testcase classname="adws/cost/__tests__/computation.test.ts" name="checkDivergence &gt; returns not divergent when reportedCostUsd is undefined" time="0.00005975">
        </testcase>
        <testcase classname="adws/cost/__tests__/computation.test.ts" name="checkDivergence &gt; uses custom threshold correctly — 7% diff with 10% threshold is not divergent" time="0.000034334">
        </testcase>
        <testcase classname="adws/cost/__tests__/computation.test.ts" name="checkDivergence &gt; includes computedCostUsd and reportedCostUsd in result" time="0.000042375">
        </testcase>
    </testsuite>
    <testsuite name="adws/cost/__tests__/d1Client.test.ts" timestamp="2026-10-06T17:53:43.771Z" hostname="macmini.local" tests="2" failures="0" errors="0" skipped="0" time="0.005525709">
        <testcase classname="adws/cost/__tests__/d1Client.test.ts" name="transformToIngestPayload &gt; sends the local computation as computed_cost_usd and the CLI figure as reported_cost_usd" time="0.002659625">
        </testcase>
        <testcase classname="adws/cost/__tests__/d1Client.test.ts" name="transformToIngestPayload &gt; sends no reported_cost_usd for a record without a CLI figure, which the Worker stores as NULL" time="0.000388959">
        </testcase>
    </testsuite>
    <testsuite name="adws/cost/__tests__/extractor.test.ts" timestamp="2026-10-06T17:53:43.771Z" hostname="macmini.local" tests="32" failures="0" errors="0" skipped="0" time="0.009611833">
        <testcase classname="adws/cost/__tests__/extractor.test.ts" name="AnthropicTokenUsageExtractor &gt; starts unfinalized with empty usage and undefined cost" time="0.002187208">
        </testcase>
        <testcase classname="adws/cost/__tests__/extractor.test.ts" name="AnthropicTokenUsageExtractor &gt; parses a complete result JSONL line and finalizes" time="0.00042175">
        </testcase>
        <testcase classname="adws/cost/__tests__/extractor.test.ts" name="AnthropicTokenUsageExtractor &gt; converts modelUsage camelCase fields to snake_case keys" time="0.000282875">
        </testcase>
        <testcase classname="adws/cost/__tests__/extractor.test.ts" name="AnthropicTokenUsageExtractor &gt; handles multi-model result with both models in getCurrentUsage()" time="0.00024475">
        </testcase>
        <testcase classname="adws/cost/__tests__/extractor.test.ts" name="AnthropicTokenUsageExtractor &gt; buffers partial lines split across multiple chunks" time="0.000204917">
        </testcase>
        <testcase classname="adws/cost/__tests__/extractor.test.ts" name="AnthropicTokenUsageExtractor &gt; silently skips invalid JSON lines" time="0.000697375">
        </testcase>
        <testcase classname="adws/cost/__tests__/extractor.test.ts" name="AnthropicTokenUsageExtractor &gt; handles result message with missing total_cost_usd" time="0.000178458">
        </testcase>
        <testcase classname="adws/cost/__tests__/extractor.test.ts" name="AnthropicTokenUsageExtractor &gt; handles result message with missing modelUsage" time="0.000155625">
        </testcase>
        <testcase classname="adws/cost/__tests__/extractor.test.ts" name="AnthropicTokenUsageExtractor &gt; returns a copy of usage (getCurrentUsage is immutable-safe)" time="0.000152083">
        </testcase>
        <testcase classname="adws/cost/__tests__/extractor.test.ts" name="AnthropicTokenUsageExtractor &gt; per-turn assistant message streaming &gt; accumulates input tokens from a single assistant message" time="0.0003425">
        </testcase>
        <testcase classname="adws/cost/__tests__/extractor.test.ts" name="AnthropicTokenUsageExtractor &gt; per-turn assistant message streaming &gt; accumulates cache tokens from assistant messages" time="0.000151667">
        </testcase>
        <testcase classname="adws/cost/__tests__/extractor.test.ts" name="AnthropicTokenUsageExtractor &gt; per-turn assistant message streaming &gt; estimates output tokens from text content block character length (~4 chars/token)" time="0.000131542">
        </testcase>
        <testcase classname="adws/cost/__tests__/extractor.test.ts" name="AnthropicTokenUsageExtractor &gt; per-turn assistant message streaming &gt; estimates output tokens across multiple text blocks" time="0.0001095">
        </testcase>
        <testcase classname="adws/cost/__tests__/extractor.test.ts" name="AnthropicTokenUsageExtractor &gt; per-turn assistant message streaming &gt; does not count tool_use blocks towards output token estimation" time="0.000118834">
        </testcase>
        <testcase classname="adws/cost/__tests__/extractor.test.ts" name="AnthropicTokenUsageExtractor &gt; per-turn assistant message streaming &gt; deduplicates usage by message.id (same ID counted only once)" time="0.000118458">
        </testcase>
        <testcase classname="adws/cost/__tests__/extractor.test.ts" name="AnthropicTokenUsageExtractor &gt; per-turn assistant message streaming &gt; accumulates input tokens across messages with different IDs" time="0.0001485">
        </testcase>
        <testcase classname="adws/cost/__tests__/extractor.test.ts" name="AnthropicTokenUsageExtractor &gt; per-turn assistant message streaming &gt; uses model hint from constructor when message has no model field" time="0.000131167">
        </testcase>
        <testcase classname="adws/cost/__tests__/extractor.test.ts" name="AnthropicTokenUsageExtractor &gt; per-turn assistant message streaming &gt; uses message.model field over constructor hint when available" time="0.000132667">
        </testcase>
        <testcase classname="adws/cost/__tests__/extractor.test.ts" name="AnthropicTokenUsageExtractor &gt; per-turn assistant message streaming &gt; handles assistant message with no message.usage field gracefully" time="0.00012775">
        </testcase>
        <testcase classname="adws/cost/__tests__/extractor.test.ts" name="AnthropicTokenUsageExtractor &gt; per-turn assistant message streaming &gt; handles assistant message with no content field gracefully" time="0.000094166">
        </testcase>
        <testcase classname="adws/cost/__tests__/extractor.test.ts" name="AnthropicTokenUsageExtractor &gt; per-turn assistant message streaming &gt; getEstimatedUsage() returns current estimates before finalization" time="0.000113333">
        </testcase>
        <testcase classname="adws/cost/__tests__/extractor.test.ts" name="AnthropicTokenUsageExtractor &gt; per-turn assistant message streaming &gt; getEstimatedUsage() returns pre-finalization snapshot after result arrives" time="0.000157791">
        </testcase>
        <testcase classname="adws/cost/__tests__/extractor.test.ts" name="AnthropicTokenUsageExtractor &gt; per-turn assistant message streaming &gt; getCurrentUsage() returns actual result data after finalization (estimates replaced)" time="0.000133583">
        </testcase>
        <testcase classname="adws/cost/__tests__/extractor.test.ts" name="AnthropicTokenUsageExtractor &gt; per-turn assistant message streaming &gt; incomplete stream (no result message): getCurrentUsage() returns accumulated estimates, isFinalized() is false" time="0.00012525">
        </testcase>
        <testcase classname="adws/cost/__tests__/extractor.test.ts" name="AnthropicTokenUsageExtractor &gt; per-turn assistant message streaming &gt; result message before any assistant messages: estimated usage is empty" time="0.000571791">
        </testcase>
        <testcase classname="adws/cost/__tests__/extractor.test.ts" name="AnthropicTokenUsageExtractor &gt; per-turn assistant message streaming &gt; zero-length text content block contributes 0 estimated output tokens" time="0.000140792">
        </testcase>
        <testcase classname="adws/cost/__tests__/extractor.test.ts" name="AnthropicTokenUsageExtractor &gt; per-turn assistant message streaming &gt; getEstimatedUsage() is immutable-safe (returns a copy)" time="0.000097166">
        </testcase>
        <testcase classname="adws/cost/__tests__/extractor.test.ts" name="AnthropicTokenUsageExtractor &gt; getReportedCostUsdByModel() &gt; is empty before any result message" time="0.000115375">
        </testcase>
        <testcase classname="adws/cost/__tests__/extractor.test.ts" name="AnthropicTokenUsageExtractor &gt; getReportedCostUsdByModel() &gt; returns the costUSD the result message reports for its model" time="0.000153">
        </testcase>
        <testcase classname="adws/cost/__tests__/extractor.test.ts" name="AnthropicTokenUsageExtractor &gt; getReportedCostUsdByModel() &gt; gives each model of a multi-model result its own figure, not the session total" time="0.000143875">
        </testcase>
        <testcase classname="adws/cost/__tests__/extractor.test.ts" name="AnthropicTokenUsageExtractor &gt; getReportedCostUsdByModel() &gt; leaves out a model whose modelUsage entry carries no costUSD" time="0.000124125">
        </testcase>
        <testcase classname="adws/cost/__tests__/extractor.test.ts" name="AnthropicTokenUsageExtractor &gt; getReportedCostUsdByModel() &gt; returns a copy, so changing the returned object does not affect a later call" time="0.0000925">
        </testcase>
    </testsuite>
    <testsuite name="adws/cost/__tests__/phaseCostRecords.test.ts" timestamp="2026-10-06T17:53:43.772Z" hostname="macmini.local" tests="8" failures="0" errors="0" skipped="0" time="0.016994916">
        <testcase classname="adws/cost/__tests__/phaseCostRecords.test.ts" name="phase cost records built from a Claude CLI stream &gt; reported cost against computed cost &gt; holds the CLI figure as the reported cost and the local computation as the computed cost, so the divergence check fires" time="0.002967875">
        </testcase>
        <testcase classname="adws/cost/__tests__/phaseCostRecords.test.ts" name="phase cost records built from a Claude CLI stream &gt; reported cost against computed cost &gt; stays silent when the CLI figure is within 5% of the computed cost" time="0.000168458">
        </testcase>
        <testcase classname="adws/cost/__tests__/phaseCostRecords.test.ts" name="phase cost records built from a Claude CLI stream &gt; estimated tokens against actual tokens &gt; carries the streamed estimate and the actual counts, which the estimate-against-actual report puts side by side" time="0.011775083">
        </testcase>
        <testcase classname="adws/cost/__tests__/phaseCostRecords.test.ts" name="phase cost records built from a Claude CLI stream &gt; estimated tokens against actual tokens &gt; carries the estimate but no reported cost and no actual counts for a run that ends before the result message" time="0.000224167">
        </testcase>
        <testcase classname="adws/cost/__tests__/phaseCostRecords.test.ts" name="phase cost records built from a Claude CLI stream &gt; runs merged into one record &gt; sums the CLI figures, the computed costs and the actual token counts of two finalized runs" time="0.000285792">
        </testcase>
        <testcase classname="adws/cost/__tests__/phaseCostRecords.test.ts" name="phase cost records built from a Claude CLI stream &gt; runs merged into one record &gt; drops the reported cost and the actual tokens when one run ended before its result message" time="0.000143833">
        </testcase>
        <testcase classname="adws/cost/__tests__/phaseCostRecords.test.ts" name="phase cost records built from a Claude CLI stream &gt; runs merged into one record &gt; keeps the figures of the first entry merged into an empty map" time="0.000111">
        </testcase>
        <testcase classname="adws/cost/__tests__/phaseCostRecords.test.ts" name="phase cost records built from a Claude CLI stream &gt; runs merged into one record &gt; leaves the merged entries unchanged" time="0.000167334">
        </testcase>
    </testsuite>
    <testsuite name="adws/forge/__tests__/adwLabelProvisioning.test.ts" timestamp="2026-10-06T17:53:43.773Z" hostname="macmini.local" tests="8" failures="0" errors="0" skipped="0" time="0.008632375">
        <testcase classname="adws/forge/__tests__/adwLabelProvisioning.test.ts" name="ensureAdwLabelsExist &gt; calls ensureLabel exactly once per catalogue entry with its name/color/description" time="0.004852459">
            <system-out>
📋 [2026-10-06T17:53:41.231Z] ensureAdwLabelsExist: ensured 8/8 adw:* labels on acme/widgets

            </system-out>
        </testcase>
        <testcase classname="adws/forge/__tests__/adwLabelProvisioning.test.ts" name="ensureAdwLabelsExist &gt; idempotent: calling twice issues 2×N calls and throws neither time" time="0.000823292">
            <system-out>
📋 [2026-10-06T17:53:41.235Z] ensureAdwLabelsExist: ensured 8/8 adw:* labels on acme/widgets
📋 [2026-10-06T17:53:41.235Z] ensureAdwLabelsExist: ensured 8/8 adw:* labels on acme/widgets

            </system-out>
        </testcase>
        <testcase classname="adws/forge/__tests__/adwLabelProvisioning.test.ts" name="ensureAdwLabelsExist &gt; a throwing entry does not abort the rest and no throw escapes" time="0.000227916">
            <system-out>
⚠️ [2026-10-06T17:53:41.235Z] ensureAdwLabelsExist: failed to create label &quot;adw:feature&quot;: Error: permission denied
📋 [2026-10-06T17:53:41.235Z] ensureAdwLabelsExist: ensured 7/8 adw:* labels on acme/widgets

            </system-out>
        </testcase>
        <testcase classname="adws/forge/__tests__/adwLabelProvisioning.test.ts" name="ensureAdwLabelsExist &gt; the summary log counts only the successes" time="0.000584125">
        </testcase>
        <testcase classname="adws/forge/__tests__/adwLabelProvisioning.test.ts" name="provisionAdwLabels &gt; leaves a repository with every label in the ADW label catalogue" time="0.000147708">
        </testcase>
        <testcase classname="adws/forge/__tests__/adwLabelProvisioning.test.ts" name="provisionAdwLabels &gt; provisions through the boundary&apos;s own issue tracker, for the boundary&apos;s own repository" time="0.000136917">
        </testcase>
        <testcase classname="adws/forge/__tests__/adwLabelProvisioning.test.ts" name="provisionAdwLabels &gt; does not throw when the boundary cannot mint its providers, and warns once naming the repository" time="0.000554208">
        </testcase>
        <testcase classname="adws/forge/__tests__/adwLabelProvisioning.test.ts" name="provisionAdwLabels &gt; keeps asking for the remaining labels when the forge refuses each one" time="0.000178792">
        </testcase>
    </testsuite>
    <testsuite name="adws/forge/__tests__/hitlBoardNotifier.test.ts" timestamp="2026-10-06T17:53:43.773Z" hostname="macmini.local" tests="21" failures="0" errors="0" skipped="0" time="0.00887225">
        <testcase classname="adws/forge/__tests__/hitlBoardNotifier.test.ts" name="notifyReviewTransition &gt; posts :eyes: Slack message for a hitl issue with a matching PR" time="0.003893375">
            <system-out>
📋 [2026-10-06T17:53:40.889Z] Slack notification delivered (HTTP 200)

            </system-out>
        </testcase>
        <testcase classname="adws/forge/__tests__/hitlBoardNotifier.test.ts" name="notifyReviewTransition &gt; posts for a hitl issue whose PR uses the repo-qualified `Closes owner/repo#N` body" time="0.000318875">
            <system-out>
📋 [2026-10-06T17:53:40.890Z] Slack notification delivered (HTTP 200)

            </system-out>
        </testcase>
        <testcase classname="adws/forge/__tests__/hitlBoardNotifier.test.ts" name="notifyReviewTransition &gt; posts nothing for a non-hitl issue and does not call listOpenPRs" time="0.000206708">
        </testcase>
        <testcase classname="adws/forge/__tests__/hitlBoardNotifier.test.ts" name="notifyReviewTransition &gt; picks only the PR matching the exact issue number (digit boundary)" time="0.000240916">
            <system-out>
📋 [2026-10-06T17:53:40.891Z] Slack notification delivered (HTTP 200)

            </system-out>
        </testcase>
        <testcase classname="adws/forge/__tests__/hitlBoardNotifier.test.ts" name="notifyReviewTransition &gt; ignores promotion PRs and unrelated impl PRs" time="0.000194875">
            <system-out>
📋 [2026-10-06T17:53:40.891Z] Slack notification delivered (HTTP 200)

            </system-out>
        </testcase>
        <testcase classname="adws/forge/__tests__/hitlBoardNotifier.test.ts" name="notifyReviewTransition &gt; picks the linked PR with the newest updatedAt, regardless of listing order" time="0.000223583">
            <system-out>
📋 [2026-10-06T17:53:40.891Z] Slack notification delivered (HTTP 200)

            </system-out>
        </testcase>
        <testcase classname="adws/forge/__tests__/hitlBoardNotifier.test.ts" name="notifyReviewTransition &gt; does not post when no matching PR is found" time="0.000098833">
        </testcase>
        <testcase classname="adws/forge/__tests__/hitlBoardNotifier.test.ts" name="notifyReviewTransition &gt; swallows a failing fetch without throwing" time="0.000461334">
            <system-out>
⚠️ [2026-10-06T17:53:40.892Z] Slack notification failed: Error: network down

            </system-out>
        </testcase>
        <testcase classname="adws/forge/__tests__/hitlBoardNotifier.test.ts" name="notifyReviewTransition &gt; does not throw when readIssue returns null" time="0.000167542">
        </testcase>
        <testcase classname="adws/forge/__tests__/hitlBoardNotifier.test.ts" name="notifyReviewTransition &gt; does not post when the only linked PR is merged, not open" time="0.000123708">
        </testcase>
        <testcase classname="adws/forge/__tests__/hitlBoardNotifier.test.ts" name="notifyReviewTransition &gt; does not throw when listOpenPRs throws" time="0.000181209">
            <system-out>
⚠️ [2026-10-06T17:53:40.892Z] hitlBoardNotifier: review notification failed: Error: rate limited

            </system-out>
        </testcase>
        <testcase classname="adws/forge/__tests__/hitlBoardNotifier.test.ts" name="notifyBlockedTransition — discarded &gt; posts :no_entry: message with issue URL for a hitl issue" time="0.000204625">
            <system-out>
📋 [2026-10-06T17:53:40.893Z] Slack notification delivered (HTTP 200)

            </system-out>
        </testcase>
        <testcase classname="adws/forge/__tests__/hitlBoardNotifier.test.ts" name="notifyBlockedTransition — discarded &gt; posts nothing for a non-hitl issue" time="0.000081917">
        </testcase>
        <testcase classname="adws/forge/__tests__/hitlBoardNotifier.test.ts" name="notifyBlockedTransition — review_error &gt; posts :warning: message with snippet and issue URL" time="0.000208167">
            <system-out>
📋 [2026-10-06T17:53:40.893Z] Slack notification delivered (HTTP 200)

            </system-out>
        </testcase>
        <testcase classname="adws/forge/__tests__/hitlBoardNotifier.test.ts" name="notifyBlockedTransition — review_error &gt; collapses multi-line error to single line, truncated to ≤200 chars" time="0.000208208">
            <system-out>
📋 [2026-10-06T17:53:40.893Z] Slack notification delivered (HTTP 200)

            </system-out>
        </testcase>
        <testcase classname="adws/forge/__tests__/hitlBoardNotifier.test.ts" name="notifyBlockedTransition — review_error &gt; swallows a failing Slack delivery without throwing" time="0.000136625">
            <system-out>
⚠️ [2026-10-06T17:53:40.893Z] Slack notification failed: Error: timeout

            </system-out>
        </testcase>
        <testcase classname="adws/forge/__tests__/hitlBoardNotifier.test.ts" name="buildNotifierDeps &gt; does not invoke the thunk until a reader actually runs" time="0.000115875">
        </testcase>
        <testcase classname="adws/forge/__tests__/hitlBoardNotifier.test.ts" name="buildNotifierDeps &gt; readIssue resolves title and string labels from the tracker" time="0.000313583">
        </testcase>
        <testcase classname="adws/forge/__tests__/hitlBoardNotifier.test.ts" name="buildNotifierDeps &gt; readIssue returns null when the tracker throws" time="0.000074">
        </testcase>
        <testcase classname="adws/forge/__tests__/hitlBoardNotifier.test.ts" name="buildNotifierDeps &gt; listOpenPRs keeps only OPEN records and carries the forge-published url and updatedAt through" time="0.000102333">
        </testcase>
        <testcase classname="adws/forge/__tests__/hitlBoardNotifier.test.ts" name="buildNotifierDeps &gt; listOpenPRs returns null when the code host throws" time="0.000049292">
        </testcase>
    </testsuite>
    <testsuite name="adws/forge/__tests__/issueLinkMarker.test.ts" timestamp="2026-10-06T17:53:43.774Z" hostname="macmini.local" tests="12" failures="0" errors="0" skipped="0" time="0.005181209">
        <testcase classname="adws/forge/__tests__/issueLinkMarker.test.ts" name="bodyLinksIssue &gt; matches a bare `Implements #N` marker" time="0.001742375">
        </testcase>
        <testcase classname="adws/forge/__tests__/issueLinkMarker.test.ts" name="bodyLinksIssue &gt; matches a bare same-repo `Closes #N` marker" time="0.00029825">
        </testcase>
        <testcase classname="adws/forge/__tests__/issueLinkMarker.test.ts" name="bodyLinksIssue &gt; matches the repo-qualified `Closes owner/repo#N` form the template emits" time="0.000216">
        </testcase>
        <testcase classname="adws/forge/__tests__/issueLinkMarker.test.ts" name="bodyLinksIssue &gt; matches a repo-qualified `Implements owner/repo#N` form" time="0.000187291">
        </testcase>
        <testcase classname="adws/forge/__tests__/issueLinkMarker.test.ts" name="bodyLinksIssue &gt; matches the marker embedded in a larger body" time="0.0001285">
        </testcase>
        <testcase classname="adws/forge/__tests__/issueLinkMarker.test.ts" name="bodyLinksIssue &gt; does not match a different issue number" time="0.000175209">
        </testcase>
        <testcase classname="adws/forge/__tests__/issueLinkMarker.test.ts" name="bodyLinksIssue &gt; does not match a bare `#N` without a closing keyword" time="0.000109458">
        </testcase>
        <testcase classname="adws/forge/__tests__/issueLinkMarker.test.ts" name="bodyLinksIssue &gt; returns false for null/empty bodies" time="0.000154833">
        </testcase>
        <testcase classname="adws/forge/__tests__/issueLinkMarker.test.ts" name="bodyLinksIssue &gt; does not match `#12` when checking issue #1" time="0.000291167">
        </testcase>
        <testcase classname="adws/forge/__tests__/issueLinkMarker.test.ts" name="bodyLinksIssue &gt; does not match `#1` when checking issue #12" time="0.000223125">
        </testcase>
        <testcase classname="adws/forge/__tests__/issueLinkMarker.test.ts" name="bodyLinksIssue &gt; matches `#1` correctly when checking issue #1" time="0.000095708">
        </testcase>
        <testcase classname="adws/forge/__tests__/issueLinkMarker.test.ts" name="issueLinkPattern &gt; builds a per-issue pattern (no cross-issue bleed)" time="0.000141334">
        </testcase>
    </testsuite>
    <testsuite name="adws/forge/__tests__/linkedPrDetector.test.ts" timestamp="2026-10-06T17:53:43.775Z" hostname="macmini.local" tests="13" failures="0" errors="0" skipped="0" time="0.005018541">
        <testcase classname="adws/forge/__tests__/linkedPrDetector.test.ts" name="hasLinkedMergedOrClosedPR &gt; returns true for a PR with Implements reference that is merged" time="0.000733041">
        </testcase>
        <testcase classname="adws/forge/__tests__/linkedPrDetector.test.ts" name="hasLinkedMergedOrClosedPR &gt; returns true for a PR with Implements reference that is CLOSED" time="0.000115708">
        </testcase>
        <testcase classname="adws/forge/__tests__/linkedPrDetector.test.ts" name="hasLinkedMergedOrClosedPR &gt; returns true for a merged PR with a repo-qualified `Closes owner/repo#N` body" time="0.00009225">
        </testcase>
        <testcase classname="adws/forge/__tests__/linkedPrDetector.test.ts" name="hasLinkedMergedOrClosedPR &gt; returns false for a PR with Implements reference that is OPEN (not merged)" time="0.000056292">
        </testcase>
        <testcase classname="adws/forge/__tests__/linkedPrDetector.test.ts" name="hasLinkedMergedOrClosedPR &gt; returns false when no PR references the issue" time="0.000058875">
        </testcase>
        <testcase classname="adws/forge/__tests__/linkedPrDetector.test.ts" name="hasLinkedMergedOrClosedPR &gt; returns false when only an unrelated closed PR exists" time="0.0000515">
        </testcase>
        <testcase classname="adws/forge/__tests__/linkedPrDetector.test.ts" name="hasLinkedMergedOrClosedPR &gt; returns false for an empty PR list" time="0.000048042">
        </testcase>
        <testcase classname="adws/forge/__tests__/linkedPrDetector.test.ts" name="hasLinkedMergedOrClosedPR &gt; does not match Implements #1 when checking issue #12" time="0.000088958">
        </testcase>
        <testcase classname="adws/forge/__tests__/linkedPrDetector.test.ts" name="hasLinkedMergedOrClosedPR &gt; does not match Implements #12 when checking issue #1" time="0.000101542">
        </testcase>
        <testcase classname="adws/forge/__tests__/linkedPrDetector.test.ts" name="hasLinkedMergedOrClosedPR &gt; matches Implements #1 correctly when checking issue #1" time="0.000105792">
        </testcase>
        <testcase classname="adws/forge/__tests__/linkedPrDetector.test.ts" name="hasLinkedMergedOrClosedPR &gt; matches Implements #12 correctly when checking issue #12" time="0.000072833">
        </testcase>
        <testcase classname="adws/forge/__tests__/linkedPrDetector.test.ts" name="fetchLinkedPRs &gt; returns the code host&apos;s records unchanged" time="0.000861917">
        </testcase>
        <testcase classname="adws/forge/__tests__/linkedPrDetector.test.ts" name="fetchLinkedPRs &gt; returns [] and logs an error when listPullRequests throws" time="0.001904333">
        </testcase>
    </testsuite>
    <testsuite name="adws/forge/__tests__/parkComment.content.test.ts" timestamp="2026-10-06T17:53:43.775Z" hostname="macmini.local" tests="16" failures="0" errors="0" skipped="0" time="0.003813083">
        <testcase classname="adws/forge/__tests__/parkComment.content.test.ts" name="buildParkComment — what failed &gt; lists a failing check with its command and exit code, and quotes its output as an indented block" time="0.001417042">
        </testcase>
        <testcase classname="adws/forge/__tests__/parkComment.content.test.ts" name="buildParkComment — what failed &gt; lists every failing check, in the order given" time="0.000184667">
        </testcase>
        <testcase classname="adws/forge/__tests__/parkComment.content.test.ts" name="buildParkComment — what failed &gt; says &quot;none&quot; for a check that has no exit code" time="0.000082875">
        </testcase>
        <testcase classname="adws/forge/__tests__/parkComment.content.test.ts" name="buildParkComment — what failed &gt; says that a check printed nothing when it printed nothing" time="0.000069084">
        </testcase>
        <testcase classname="adws/forge/__tests__/parkComment.content.test.ts" name="buildParkComment — what failed &gt; names the scenario of a pre-existing regression" time="0.00005925">
        </testcase>
        <testcase classname="adws/forge/__tests__/parkComment.content.test.ts" name="buildParkComment — what failed &gt; says that the dev server did not start, and quotes the server’s output" time="0.000081375">
        </testcase>
        <testcase classname="adws/forge/__tests__/parkComment.content.test.ts" name="buildParkComment — what failed &gt; names the &quot;## Application Type&quot; section, the value found there, and says to re-run adw_init" time="0.000081667">
        </testcase>
        <testcase classname="adws/forge/__tests__/parkComment.content.test.ts" name="buildParkComment — what failed &gt; says that the &quot;## Application Type&quot; section is missing when nothing was found" time="0.000084875">
        </testcase>
        <testcase classname="adws/forge/__tests__/parkComment.content.test.ts" name="buildParkComment — what failed &gt; writes a command that holds backticks so that it still reads as one piece of code" time="0.000076584">
        </testcase>
        <testcase classname="adws/forge/__tests__/parkComment.content.test.ts" name="buildParkComment — what failed &gt; pads a command that starts or ends with a backtick, as a code span needs" time="0.000080333">
        </testcase>
        <testcase classname="adws/forge/__tests__/parkComment.content.test.ts" name="buildParkComment — what failed &gt; writes a command of several lines on one line" time="0.000057041">
        </testcase>
        <testcase classname="adws/forge/__tests__/parkComment.content.test.ts" name="buildParkComment — a stalled static-check fix loop &gt; says that the checks produced the same output as the round before, and after how many rounds" time="0.000066333">
        </testcase>
        <testcase classname="adws/forge/__tests__/parkComment.content.test.ts" name="buildParkComment — a stalled static-check fix loop &gt; writes one fix round in the singular" time="0.000060417">
        </testcase>
        <testcase classname="adws/forge/__tests__/parkComment.content.test.ts" name="buildParkComment — a stalled static-check fix loop &gt; says that the fix-round guard rejected the change and that it was reverted, which counts as no progress" time="0.000146">
        </testcase>
        <testcase classname="adws/forge/__tests__/parkComment.content.test.ts" name="buildParkComment — a stalled static-check fix loop &gt; still lists the failing checks, with their output, when the guard rejected the round" time="0.000059417">
        </testcase>
        <testcase classname="adws/forge/__tests__/parkComment.content.test.ts" name="buildParkComment — a stalled static-check fix loop &gt; points to the execution log for the full output of each check" time="0.000055209">
        </testcase>
    </testsuite>
    <testsuite name="adws/forge/__tests__/parkComment.quoting.test.ts" timestamp="2026-10-06T17:53:43.776Z" hostname="macmini.local" tests="17" failures="0" errors="0" skipped="0" time="0.007062334">
        <testcase classname="adws/forge/__tests__/parkComment.quoting.test.ts" name="buildParkComment — quoting &gt; cuts an output at MAX_PARK_OUTPUT_CHARS and says that the full output is in the execution log" time="0.001060208">
        </testcase>
        <testcase classname="adws/forge/__tests__/parkComment.quoting.test.ts" name="buildParkComment — quoting &gt; does not cut an output that fits, and does not mark it" time="0.000114167">
        </testcase>
        <testcase classname="adws/forge/__tests__/parkComment.quoting.test.ts" name="buildParkComment — quoting &gt; cuts the output of the dev server too" time="0.000096417">
        </testcase>
        <testcase classname="adws/forge/__tests__/parkComment.quoting.test.ts" name="buildParkComment — quoting &gt; never cuts through a character made of two code units" time="0.000128">
        </testcase>
        <testcase classname="adws/forge/__tests__/parkComment.quoting.test.ts" name="buildParkComment — quoting &gt; indents every line of a multi-line output, blank ones aside" time="0.000071125">
        </testcase>
        <testcase classname="adws/forge/__tests__/parkComment.quoting.test.ts" name="buildParkComment — quoting &gt; reads the line endings of a Windows output as line endings" time="0.000075291">
        </testcase>
        <testcase classname="adws/forge/__tests__/parkComment.quoting.test.ts" name="buildParkComment — text that must not turn into a directive or a stage &gt; baseline_red: no line of the comment is a directive, and the comment is no stage" time="0.002062625">
        </testcase>
        <testcase classname="adws/forge/__tests__/parkComment.quoting.test.ts" name="buildParkComment — text that must not turn into a directive or a stage &gt; pre_existing_regression: no line of the comment is a directive, and the comment is no stage" time="0.000811584">
        </testcase>
        <testcase classname="adws/forge/__tests__/parkComment.quoting.test.ts" name="buildParkComment — text that must not turn into a directive or a stage &gt; fix_loop_stalled: no line of the comment is a directive, and the comment is no stage" time="0.000574666">
        </testcase>
        <testcase classname="adws/forge/__tests__/parkComment.quoting.test.ts" name="buildParkComment — text that must not turn into a directive or a stage &gt; missing_application_type: no line of the comment is a directive, and the comment is no stage" time="0.000302958">
        </testcase>
        <testcase classname="adws/forge/__tests__/parkComment.quoting.test.ts" name="buildParkComment — text that must not turn into a directive or a stage &gt; base_server_down: no line of the comment is a directive, and the comment is no stage" time="0.000411084">
        </testcase>
        <testcase classname="adws/forge/__tests__/parkComment.quoting.test.ts" name="buildParkComment — text that must not turn into a directive or a stage &gt; baseline_red: the workflow’s own ADW ID is the one a retry reads" time="0.000092916">
        </testcase>
        <testcase classname="adws/forge/__tests__/parkComment.quoting.test.ts" name="buildParkComment — text that must not turn into a directive or a stage &gt; pre_existing_regression: the workflow’s own ADW ID is the one a retry reads" time="0.000054458">
        </testcase>
        <testcase classname="adws/forge/__tests__/parkComment.quoting.test.ts" name="buildParkComment — text that must not turn into a directive or a stage &gt; fix_loop_stalled: the workflow’s own ADW ID is the one a retry reads" time="0.000042542">
        </testcase>
        <testcase classname="adws/forge/__tests__/parkComment.quoting.test.ts" name="buildParkComment — text that must not turn into a directive or a stage &gt; missing_application_type: the workflow’s own ADW ID is the one a retry reads" time="0.000034583">
        </testcase>
        <testcase classname="adws/forge/__tests__/parkComment.quoting.test.ts" name="buildParkComment — text that must not turn into a directive or a stage &gt; base_server_down: the workflow’s own ADW ID is the one a retry reads" time="0.000026333">
        </testcase>
        <testcase classname="adws/forge/__tests__/parkComment.quoting.test.ts" name="buildParkComment — text that must not turn into a directive or a stage &gt; quotes a directive-looking line of an output as indented text, so that ADW takes no comment of its own for one" time="0.00006575">
        </testcase>
    </testsuite>
    <testsuite name="adws/forge/__tests__/parkComment.structure.test.ts" timestamp="2026-10-06T17:53:43.776Z" hostname="macmini.local" tests="52" failures="0" errors="0" skipped="0" time="0.012193292">
        <testcase classname="adws/forge/__tests__/parkComment.structure.test.ts" name="buildParkComment — baseline_red &gt; opens with the park heading" time="0.001411167">
        </testcase>
        <testcase classname="adws/forge/__tests__/parkComment.structure.test.ts" name="buildParkComment — baseline_red &gt; carries the ADW ID line right under the heading, and ends with the ADW signature" time="0.001250917">
        </testcase>
        <testcase classname="adws/forge/__tests__/parkComment.structure.test.ts" name="buildParkComment — baseline_red &gt; says that the workflow is parked as human_gated" time="0.000299208">
        </testcase>
        <testcase classname="adws/forge/__tests__/parkComment.structure.test.ts" name="buildParkComment — baseline_red &gt; carries both directives, each with its meaning for this park" time="0.000322291">
        </testcase>
        <testcase classname="adws/forge/__tests__/parkComment.structure.test.ts" name="buildParkComment — baseline_red &gt; is never taken for a lifecycle stage" time="0.000306208">
        </testcase>
        <testcase classname="adws/forge/__tests__/parkComment.structure.test.ts" name="buildParkComment — baseline_red &gt; lets a retry find the workflow: the ADW ID can be read from it" time="0.00022">
        </testcase>
        <testcase classname="adws/forge/__tests__/parkComment.structure.test.ts" name="buildParkComment — baseline_red &gt; has no line that ADW would take for a directive" time="0.001492583">
        </testcase>
        <testcase classname="adws/forge/__tests__/parkComment.structure.test.ts" name="buildParkComment — baseline_red &gt; explains both directives by name" time="0.000146">
        </testcase>
        <testcase classname="adws/forge/__tests__/parkComment.structure.test.ts" name="buildParkComment — pre_existing_regression &gt; opens with the park heading" time="0.000122875">
        </testcase>
        <testcase classname="adws/forge/__tests__/parkComment.structure.test.ts" name="buildParkComment — pre_existing_regression &gt; carries the ADW ID line right under the heading, and ends with the ADW signature" time="0.00018575">
        </testcase>
        <testcase classname="adws/forge/__tests__/parkComment.structure.test.ts" name="buildParkComment — pre_existing_regression &gt; says that the workflow is parked as human_gated" time="0.000077084">
        </testcase>
        <testcase classname="adws/forge/__tests__/parkComment.structure.test.ts" name="buildParkComment — pre_existing_regression &gt; carries both directives, each with its meaning for this park" time="0.000075792">
        </testcase>
        <testcase classname="adws/forge/__tests__/parkComment.structure.test.ts" name="buildParkComment — pre_existing_regression &gt; is never taken for a lifecycle stage" time="0.000096916">
        </testcase>
        <testcase classname="adws/forge/__tests__/parkComment.structure.test.ts" name="buildParkComment — pre_existing_regression &gt; lets a retry find the workflow: the ADW ID can be read from it" time="0.000083083">
        </testcase>
        <testcase classname="adws/forge/__tests__/parkComment.structure.test.ts" name="buildParkComment — pre_existing_regression &gt; has no line that ADW would take for a directive" time="0.000676917">
        </testcase>
        <testcase classname="adws/forge/__tests__/parkComment.structure.test.ts" name="buildParkComment — pre_existing_regression &gt; explains both directives by name" time="0.000087666">
        </testcase>
        <testcase classname="adws/forge/__tests__/parkComment.structure.test.ts" name="buildParkComment — fix_loop_stalled &gt; opens with the park heading" time="0.000054041">
        </testcase>
        <testcase classname="adws/forge/__tests__/parkComment.structure.test.ts" name="buildParkComment — fix_loop_stalled &gt; carries the ADW ID line right under the heading, and ends with the ADW signature" time="0.0001">
        </testcase>
        <testcase classname="adws/forge/__tests__/parkComment.structure.test.ts" name="buildParkComment — fix_loop_stalled &gt; says that the workflow is parked as human_gated" time="0.000070083">
        </testcase>
        <testcase classname="adws/forge/__tests__/parkComment.structure.test.ts" name="buildParkComment — fix_loop_stalled &gt; carries both directives, each with its meaning for this park" time="0.000076">
        </testcase>
        <testcase classname="adws/forge/__tests__/parkComment.structure.test.ts" name="buildParkComment — fix_loop_stalled &gt; is never taken for a lifecycle stage" time="0.000053958">
        </testcase>
        <testcase classname="adws/forge/__tests__/parkComment.structure.test.ts" name="buildParkComment — fix_loop_stalled &gt; lets a retry find the workflow: the ADW ID can be read from it" time="0.000074625">
        </testcase>
        <testcase classname="adws/forge/__tests__/parkComment.structure.test.ts" name="buildParkComment — fix_loop_stalled &gt; has no line that ADW would take for a directive" time="0.000980083">
        </testcase>
        <testcase classname="adws/forge/__tests__/parkComment.structure.test.ts" name="buildParkComment — fix_loop_stalled &gt; explains both directives by name" time="0.000077958">
        </testcase>
        <testcase classname="adws/forge/__tests__/parkComment.structure.test.ts" name="buildParkComment — missing_application_type &gt; opens with the park heading" time="0.000032709">
        </testcase>
        <testcase classname="adws/forge/__tests__/parkComment.structure.test.ts" name="buildParkComment — missing_application_type &gt; carries the ADW ID line right under the heading, and ends with the ADW signature" time="0.00005625">
        </testcase>
        <testcase classname="adws/forge/__tests__/parkComment.structure.test.ts" name="buildParkComment — missing_application_type &gt; says that the workflow is parked as human_gated" time="0.000098667">
        </testcase>
        <testcase classname="adws/forge/__tests__/parkComment.structure.test.ts" name="buildParkComment — missing_application_type &gt; carries both directives, each with its meaning for this park" time="0.000065625">
        </testcase>
        <testcase classname="adws/forge/__tests__/parkComment.structure.test.ts" name="buildParkComment — missing_application_type &gt; is never taken for a lifecycle stage" time="0.000038709">
        </testcase>
        <testcase classname="adws/forge/__tests__/parkComment.structure.test.ts" name="buildParkComment — missing_application_type &gt; lets a retry find the workflow: the ADW ID can be read from it" time="0.00002875">
        </testcase>
        <testcase classname="adws/forge/__tests__/parkComment.structure.test.ts" name="buildParkComment — missing_application_type &gt; has no line that ADW would take for a directive" time="0.000242542">
        </testcase>
        <testcase classname="adws/forge/__tests__/parkComment.structure.test.ts" name="buildParkComment — missing_application_type &gt; explains both directives by name" time="0.000027917">
        </testcase>
        <testcase classname="adws/forge/__tests__/parkComment.structure.test.ts" name="buildParkComment — base_server_down &gt; opens with the park heading" time="0.000022">
        </testcase>
        <testcase classname="adws/forge/__tests__/parkComment.structure.test.ts" name="buildParkComment — base_server_down &gt; carries the ADW ID line right under the heading, and ends with the ADW signature" time="0.000051">
        </testcase>
        <testcase classname="adws/forge/__tests__/parkComment.structure.test.ts" name="buildParkComment — base_server_down &gt; says that the workflow is parked as human_gated" time="0.000018167">
        </testcase>
        <testcase classname="adws/forge/__tests__/parkComment.structure.test.ts" name="buildParkComment — base_server_down &gt; carries both directives, each with its meaning for this park" time="0.000025041">
        </testcase>
        <testcase classname="adws/forge/__tests__/parkComment.structure.test.ts" name="buildParkComment — base_server_down &gt; is never taken for a lifecycle stage" time="0.000040375">
        </testcase>
        <testcase classname="adws/forge/__tests__/parkComment.structure.test.ts" name="buildParkComment — base_server_down &gt; lets a retry find the workflow: the ADW ID can be read from it" time="0.000018666">
        </testcase>
        <testcase classname="adws/forge/__tests__/parkComment.structure.test.ts" name="buildParkComment — base_server_down &gt; has no line that ADW would take for a directive" time="0.00085225">
        </testcase>
        <testcase classname="adws/forge/__tests__/parkComment.structure.test.ts" name="buildParkComment — base_server_down &gt; explains both directives by name" time="0.000051958">
        </testcase>
        <testcase classname="adws/forge/__tests__/parkComment.structure.test.ts" name="buildParkComment — the base-branch note &gt; says for baseline_red that it fails on the base branch, and names it" time="0.000087791">
        </testcase>
        <testcase classname="adws/forge/__tests__/parkComment.structure.test.ts" name="buildParkComment — the base-branch note &gt; says for pre_existing_regression that it fails on the base branch, and names it" time="0.000028625">
        </testcase>
        <testcase classname="adws/forge/__tests__/parkComment.structure.test.ts" name="buildParkComment — the base-branch note &gt; says for base_server_down that it fails on the base branch, and names it" time="0.000026">
        </testcase>
        <testcase classname="adws/forge/__tests__/parkComment.structure.test.ts" name="buildParkComment — the base-branch note &gt; carries no base-branch note for fix_loop_stalled" time="0.000078042">
        </testcase>
        <testcase classname="adws/forge/__tests__/parkComment.structure.test.ts" name="buildParkComment — the base-branch note &gt; carries no base-branch note for missing_application_type" time="0.000044417">
        </testcase>
        <testcase classname="adws/forge/__tests__/parkComment.structure.test.ts" name="buildParkComment — the base-branch note &gt; names the base branch the evidence names" time="0.000058125">
        </testcase>
        <testcase classname="adws/forge/__tests__/parkComment.structure.test.ts" name="parkDirectives — what each directive does for each park &gt; baseline_red: Retry re-runs the baseline and parks again if it is still red; Continue waives the baseline" time="0.00004625">
        </testcase>
        <testcase classname="adws/forge/__tests__/parkComment.structure.test.ts" name="parkDirectives — what each directive does for each park &gt; base_server_down: Retry re-runs the baseline and parks again if it is still red; Continue waives the baseline" time="0.000023917">
        </testcase>
        <testcase classname="adws/forge/__tests__/parkComment.structure.test.ts" name="parkDirectives — what each directive does for each park &gt; pre_existing_regression: Retry re-runs the scenario on the base branch; Continue lets this run fix the failure" time="0.000039208">
        </testcase>
        <testcase classname="adws/forge/__tests__/parkComment.structure.test.ts" name="parkDirectives — what each directive does for each park &gt; fix_loop_stalled: Retry re-runs the static checks and continues the fix loop; Continue waives nothing and points to Retry" time="0.000036083">
        </testcase>
        <testcase classname="adws/forge/__tests__/parkComment.structure.test.ts" name="parkDirectives — what each directive does for each park &gt; missing_application_type: Retry re-reads the type after adw_init was re-run; Continue waives nothing, because ADW never assumes a type" time="0.000039166">
        </testcase>
        <testcase classname="adws/forge/__tests__/parkComment.structure.test.ts" name="parkDirectives — what each directive does for each park &gt; gives each reason directives of its own" time="0.000045959">
        </testcase>
    </testsuite>
    <testsuite name="adws/forge/__tests__/prCommentDetector.test.ts" timestamp="2026-10-06T17:53:43.778Z" hostname="macmini.local" tests="5" failures="0" errors="0" skipped="0" time="0.007675666">
        <testcase classname="adws/forge/__tests__/prCommentDetector.test.ts" name="buildUnaddressedCommentReads &gt; delegates each read to the matching boundary provider method with the same argument" time="0.003343125">
        </testcase>
        <testcase classname="adws/forge/__tests__/prCommentDetector.test.ts" name="hasUnaddressedComments &gt; is true for one human comment newer than the last ADW commit" time="0.002460208">
            <system-out>
📋 [2026-10-06T17:53:41.054Z] Fetching unaddressed comments for PR #7
📋 [2026-10-06T17:53:41.056Z] Found 1 total comments on PR #7
📋 [2026-10-06T17:53:41.056Z] Found 1 human comments (filtered 0 bot/self/ADW comments)
📋 [2026-10-06T17:53:41.056Z] Last ADW commit timestamp for branch feature-x: Wed Sep 09 2026 11:00:00 GMT+0200 (Central European Summer Time)
📋 [2026-10-06T17:53:41.056Z] Found 1 unaddressed comments (after 2026-09-09T09:00:00.000Z)

            </system-out>
        </testcase>
        <testcase classname="adws/forge/__tests__/prCommentDetector.test.ts" name="hasUnaddressedComments &gt; is false when no human comment exists, and never asks for the git read" time="0.000244708">
            <system-out>
📋 [2026-10-06T17:53:41.056Z] Fetching unaddressed comments for PR #7
📋 [2026-10-06T17:53:41.056Z] Found 0 total comments on PR #7
📋 [2026-10-06T17:53:41.056Z] Found 0 human comments (filtered 0 bot/self/ADW comments)
📋 [2026-10-06T17:53:41.056Z] No human comments found on PR #7, returning empty

            </system-out>
        </testcase>
        <testcase classname="adws/forge/__tests__/prCommentDetector.test.ts" name="hasUnaddressedComments &gt; is false for a comment authored by the code host&apos;s own login" time="0.000209333">
            <system-out>
📋 [2026-10-06T17:53:41.056Z] Fetching unaddressed comments for PR #7
📋 [2026-10-06T17:53:41.056Z] Found 1 total comments on PR #7
📋 [2026-10-06T17:53:41.056Z] Found 0 human comments (filtered 1 bot/self/ADW comments)
📋 [2026-10-06T17:53:41.056Z] No human comments found on PR #7, returning empty

            </system-out>
        </testcase>
        <testcase classname="adws/forge/__tests__/prCommentDetector.test.ts" name="hasUnaddressedComments &gt; is true for a human comment when getAuthenticatedUser answers null" time="0.000128625">
            <system-out>
📋 [2026-10-06T17:53:41.057Z] Fetching unaddressed comments for PR #7
📋 [2026-10-06T17:53:41.057Z] Found 1 total comments on PR #7
📋 [2026-10-06T17:53:41.057Z] Found 1 human comments (filtered 0 bot/self/ADW comments)
📋 [2026-10-06T17:53:41.057Z] Last ADW commit timestamp for branch feature-x: none
📋 [2026-10-06T17:53:41.057Z] No ADW commits found, treating all 1 human comments as unaddressed

            </system-out>
        </testcase>
    </testsuite>
    <testsuite name="adws/forge/__tests__/workflowCommentsBase.test.ts" timestamp="2026-10-06T17:53:43.778Z" hostname="macmini.local" tests="6" failures="0" errors="0" skipped="0" time="0.003483625">
        <testcase classname="adws/forge/__tests__/workflowCommentsBase.test.ts" name="isAdwRunningForIssue &gt; returns false when there is no stage comment" time="0.000818041">
        </testcase>
        <testcase classname="adws/forge/__tests__/workflowCommentsBase.test.ts" name="isAdwRunningForIssue &gt; returns false when the latest stage is terminal (completed)" time="0.000135667">
        </testcase>
        <testcase classname="adws/forge/__tests__/workflowCommentsBase.test.ts" name="isAdwRunningForIssue &gt; returns false when the latest stage is terminal (error)" time="0.000097833">
        </testcase>
        <testcase classname="adws/forge/__tests__/workflowCommentsBase.test.ts" name="isAdwRunningForIssue &gt; returns the answer of AgentStateManager.isAgentProcessRunning when the latest non-terminal stage carries an ADW ID" time="0.000623209">
        </testcase>
        <testcase classname="adws/forge/__tests__/workflowCommentsBase.test.ts" name="isAdwRunningForIssue &gt; returns true when the latest non-terminal stage carries no ADW ID (cannot verify)" time="0.000143917">
        </testcase>
        <testcase classname="adws/forge/__tests__/workflowCommentsBase.test.ts" name="isAdwRunningForIssue &gt; orders comments by createdAt, not array order" time="0.000655417">
        </testcase>
    </testsuite>
    <testsuite name="adws/forge/__tests__/workflowCommentsIssue.test.ts" timestamp="2026-10-06T17:53:43.779Z" hostname="macmini.local" tests="29" failures="0" errors="0" skipped="0" time="0.004819791">
        <testcase classname="adws/forge/__tests__/workflowCommentsIssue.test.ts" name="formatWorkflowComment — unverified states the real cause &gt; names the missing JUnit report, its path variable, and the Run Tests command" time="0.00073025">
        </testcase>
        <testcase classname="adws/forge/__tests__/workflowCommentsIssue.test.ts" name="formatWorkflowComment — unverified states the real cause &gt; names the testReportParser parse-failure breadcrumb, covering both ways reportPresent goes false" time="0.000070625">
        </testcase>
        <testcase classname="adws/forge/__tests__/workflowCommentsIssue.test.ts" name="formatWorkflowComment — unverified drops the false claims &gt; makes no zero-testcase claim, in either direction" time="0.000739167">
        </testcase>
        <testcase classname="adws/forge/__tests__/workflowCommentsIssue.test.ts" name="formatWorkflowComment — unverified drops the false claims &gt; makes no dependency-detection claim" time="0.000336333">
        </testcase>
        <testcase classname="adws/forge/__tests__/workflowCommentsIssue.test.ts" name="formatWorkflowComment — unverified drops the false claims &gt; drops the stale &quot;## Test Framework&quot; hint" time="0.000102208">
        </testcase>
        <testcase classname="adws/forge/__tests__/workflowCommentsIssue.test.ts" name="formatWorkflowComment — unverified stays advisory and machine-readable &gt; names the adw:unverified label and states the run was non-blocking" time="0.000096333">
        </testcase>
        <testcase classname="adws/forge/__tests__/workflowCommentsIssue.test.ts" name="formatWorkflowComment — unverified stays advisory and machine-readable &gt; preserves the ADW ID footer and bot signature" time="0.000060542">
        </testcase>
        <testcase classname="adws/forge/__tests__/workflowCommentsIssue.test.ts" name="formatWorkflowComment — unverified is coupled to the real verdict resolver &gt; the only producer of this comment (report absent -&gt; warn) is the condition it describes; report present + zero testcases hard-fails instead and can never produce it" time="0.0001725">
        </testcase>
        <testcase classname="adws/forge/__tests__/workflowCommentsIssue.test.ts" name="formatWorkflowComment — stack_incoherent keeps its Test Framework guidance (over-reach guard) &gt; still directs the reader to confirm ## Test Framework" time="0.000103959">
        </testcase>
        <testcase classname="adws/forge/__tests__/workflowCommentsIssue.test.ts" name="formatRateLimitWaitComment &gt; carries the waiting-for-reset heading" time="0.000065708">
        </testcase>
        <testcase classname="adws/forge/__tests__/workflowCommentsIssue.test.ts" name="formatRateLimitWaitComment &gt; states the wait-until time as an ISO 8601 UTC timestamp" time="0.000068542">
        </testcase>
        <testcase classname="adws/forge/__tests__/workflowCommentsIssue.test.ts" name="formatRateLimitWaitComment &gt; states the attempt number" time="0.000042584">
        </testcase>
        <testcase classname="adws/forge/__tests__/workflowCommentsIssue.test.ts" name="formatRateLimitWaitComment &gt; names the phase and the limit type" time="0.000036125">
        </testcase>
        <testcase classname="adws/forge/__tests__/workflowCommentsIssue.test.ts" name="formatRateLimitWaitComment &gt; falls back to &quot;a rate limit&quot; when no limit type is known" time="0.000046459">
        </testcase>
        <testcase classname="adws/forge/__tests__/workflowCommentsIssue.test.ts" name="formatRateLimitWaitComment &gt; keeps the ADW ID footer and the bot signature" time="0.000041083">
        </testcase>
        <testcase classname="adws/forge/__tests__/workflowCommentsIssue.test.ts" name="formatRateLimitWaitComment &gt; maps to no lifecycle stage, so a later resume never mistakes it for one" time="0.000088417">
        </testcase>
        <testcase classname="adws/forge/__tests__/workflowCommentsIssue.test.ts" name="formatRateLimitWaitComment &gt; is recognised by ADW as its own comment" time="0.000047167">
        </testcase>
        <testcase classname="adws/forge/__tests__/workflowCommentsIssue.test.ts" name="formatWorkflowComment — compaction recovery comments &gt; formats compaction_recovery under its own heading, which reads back as that stage" time="0.000086042">
        </testcase>
        <testcase classname="adws/forge/__tests__/workflowCommentsIssue.test.ts" name="formatWorkflowComment — compaction recovery comments &gt; formats test_compaction_recovery under its own heading, which reads back as that stage" time="0.000041625">
        </testcase>
        <testcase classname="adws/forge/__tests__/workflowCommentsIssue.test.ts" name="formatWorkflowComment — review comments embed screenshot URLs &gt; when a scenario proof exists &gt; embeds every URL as an image link under a Screenshots summary in a passing review" time="0.000150375">
        </testcase>
        <testcase classname="adws/forge/__tests__/workflowCommentsIssue.test.ts" name="formatWorkflowComment — review comments embed screenshot URLs &gt; when a scenario proof exists &gt; embeds every URL in a failing review and still lists the blocker" time="0.000117083">
        </testcase>
        <testcase classname="adws/forge/__tests__/workflowCommentsIssue.test.ts" name="formatWorkflowComment — review comments embed screenshot URLs &gt; when a scenario proof exists &gt; has no Screenshots section when screenshotUrls is absent" time="0.000051292">
        </testcase>
        <testcase classname="adws/forge/__tests__/workflowCommentsIssue.test.ts" name="formatWorkflowComment — review comments embed screenshot URLs &gt; when a scenario proof exists &gt; has no Screenshots section when screenshotUrls is empty" time="0.000033792">
        </testcase>
        <testcase classname="adws/forge/__tests__/workflowCommentsIssue.test.ts" name="formatWorkflowComment — review comments embed screenshot URLs &gt; when there is no scenario proof &gt; still embeds the URLs in a passing review" time="0.000041958">
        </testcase>
        <testcase classname="adws/forge/__tests__/workflowCommentsIssue.test.ts" name="formatWorkflowComment — review comments embed screenshot URLs &gt; when there is no scenario proof &gt; still embeds the URLs in a failing review" time="0.000044541">
        </testcase>
        <testcase classname="adws/forge/__tests__/workflowCommentsIssue.test.ts" name="formatWorkflowComment — review comments embed screenshot URLs &gt; stage recovery &gt; reads review_passed with scenario proof the same with screenshots as without" time="0.000044083">
        </testcase>
        <testcase classname="adws/forge/__tests__/workflowCommentsIssue.test.ts" name="formatWorkflowComment — review comments embed screenshot URLs &gt; stage recovery &gt; reads review_failed with scenario proof the same with screenshots as without" time="0.000030167">
        </testcase>
        <testcase classname="adws/forge/__tests__/workflowCommentsIssue.test.ts" name="formatWorkflowComment — review comments embed screenshot URLs &gt; stage recovery &gt; reads review_passed with no scenario proof the same with screenshots as without" time="0.000023208">
        </testcase>
        <testcase classname="adws/forge/__tests__/workflowCommentsIssue.test.ts" name="formatWorkflowComment — review comments embed screenshot URLs &gt; stage recovery &gt; reads review_failed with no scenario proof the same with screenshots as without" time="0.000025083">
        </testcase>
    </testsuite>
    <testsuite name="adws/proof/__tests__/prProofPublisher.test.ts" timestamp="2026-10-06T17:53:43.780Z" hostname="macmini.local" tests="19" failures="0" errors="0" skipped="0" time="0.005335708">
        <testcase classname="adws/proof/__tests__/prProofPublisher.test.ts" name="formatPrProofComment &gt; header and tally &gt; includes the BDD Proof heading" time="0.00157025">
        </testcase>
        <testcase classname="adws/proof/__tests__/prProofPublisher.test.ts" name="formatPrProofComment &gt; header and tally &gt; shows N passed, M failed tally explicitly" time="0.000195584">
        </testcase>
        <testcase classname="adws/proof/__tests__/prProofPublisher.test.ts" name="formatPrProofComment &gt; header and tally &gt; marks overall status as passed when no blocker failures" time="0.000132208">
        </testcase>
        <testcase classname="adws/proof/__tests__/prProofPublisher.test.ts" name="formatPrProofComment &gt; header and tally &gt; marks overall status as failed when blocker fails" time="0.0001305">
        </testcase>
        <testcase classname="adws/proof/__tests__/prProofPublisher.test.ts" name="formatPrProofComment &gt; header and tally &gt; renders minimal body for empty tagResults" time="0.00011275">
        </testcase>
        <testcase classname="adws/proof/__tests__/prProofPublisher.test.ts" name="formatPrProofComment &gt; summary table &gt; renders passed/total ratio from counts" time="0.000126958">
        </testcase>
        <testcase classname="adws/proof/__tests__/prProofPublisher.test.ts" name="formatPrProofComment &gt; summary table &gt; renders - for scenarios when skipped" time="0.000133375">
        </testcase>
        <testcase classname="adws/proof/__tests__/prProofPublisher.test.ts" name="formatPrProofComment &gt; summary table &gt; renders ✅ for a passing suite" time="0.00013625">
        </testcase>
        <testcase classname="adws/proof/__tests__/prProofPublisher.test.ts" name="formatPrProofComment &gt; summary table &gt; renders ❌ for a failing suite" time="0.000132208">
        </testcase>
        <testcase classname="adws/proof/__tests__/prProofPublisher.test.ts" name="formatPrProofComment &gt; inline embeds &gt; inlines image as [![name](url)](url) pattern" time="0.00025575">
        </testcase>
        <testcase classname="adws/proof/__tests__/prProofPublisher.test.ts" name="formatPrProofComment &gt; inline embeds &gt; includes raw URL as a fallback line beneath the embed" time="0.000165458">
        </testcase>
        <testcase classname="adws/proof/__tests__/prProofPublisher.test.ts" name="formatPrProofComment &gt; collapsible per-scenario grouping &gt; groups screenshots under a &lt;details&gt; section per scenario" time="0.000137083">
        </testcase>
        <testcase classname="adws/proof/__tests__/prProofPublisher.test.ts" name="formatPrProofComment &gt; collapsible per-scenario grouping &gt; creates separate &lt;details&gt; for each distinct scenario" time="0.000106291">
        </testcase>
        <testcase classname="adws/proof/__tests__/prProofPublisher.test.ts" name="formatPrProofComment &gt; zero screenshots fallback &gt; omits &lt;details&gt; block when uploaded is empty and R2 is configured" time="0.000117708">
        </testcase>
        <testcase classname="adws/proof/__tests__/prProofPublisher.test.ts" name="formatPrProofComment &gt; zero screenshots fallback &gt; includes R2 not configured note when r2Configured is false and no uploads" time="0.000070583">
        </testcase>
        <testcase classname="adws/proof/__tests__/prProofPublisher.test.ts" name="formatPrProofComment &gt; zero screenshots fallback &gt; still includes pass/fail summary even with no screenshots" time="0.000068541">
        </testcase>
        <testcase classname="adws/proof/__tests__/prProofPublisher.test.ts" name="formatPrProofComment &gt; mixed pass/fail suites &gt; marks overall as failed when any blocker suite fails" time="0.000084708">
        </testcase>
        <testcase classname="adws/proof/__tests__/prProofPublisher.test.ts" name="formatPrProofComment &gt; mixed pass/fail suites &gt; marks overall as passed when only tech-debt suite fails" time="0.000071583">
        </testcase>
        <testcase classname="adws/proof/__tests__/prProofPublisher.test.ts" name="formatPrProofComment &gt; mixed pass/fail suites &gt; sums counts across non-skipped suites in the tally" time="0.000072333">
        </testcase>
    </testsuite>
    <testsuite name="adws/proof/__tests__/proofArtifactHarvester.test.ts" timestamp="2026-10-06T17:53:43.780Z" hostname="macmini.local" tests="8" failures="0" errors="0" skipped="0" time="0.018301417">
        <testcase classname="adws/proof/__tests__/proofArtifactHarvester.test.ts" name="harvestProofArtifacts &gt; returns [] for an empty directory" time="0.001911125">
        </testcase>
        <testcase classname="adws/proof/__tests__/proofArtifactHarvester.test.ts" name="harvestProofArtifacts &gt; returns [] for a missing directory" time="0.000126958">
        </testcase>
        <testcase classname="adws/proof/__tests__/proofArtifactHarvester.test.ts" name="harvestProofArtifacts &gt; finds images nested in subdirectories" time="0.009383917">
        </testcase>
        <testcase classname="adws/proof/__tests__/proofArtifactHarvester.test.ts" name="harvestProofArtifacts &gt; includes only image extensions and excludes non-images" time="0.00193225">
        </testcase>
        <testcase classname="adws/proof/__tests__/proofArtifactHarvester.test.ts" name="harvestProofArtifacts &gt; matches image extensions case-insensitively" time="0.000419458">
        </testcase>
        <testcase classname="adws/proof/__tests__/proofArtifactHarvester.test.ts" name="harvestProofArtifacts &gt; returns results sorted by relPath" time="0.003100667">
        </testcase>
        <testcase classname="adws/proof/__tests__/proofArtifactHarvester.test.ts" name="harvestProofArtifacts &gt; relPath uses forward slashes even on windows-style separators" time="0.0005275">
        </testcase>
        <testcase classname="adws/proof/__tests__/proofArtifactHarvester.test.ts" name="harvestProofArtifacts &gt; absPath is the full absolute path" time="0.000249084">
        </testcase>
    </testsuite>
    <testsuite name="adws/proof/__tests__/proofUploader.test.ts" timestamp="2026-10-06T17:53:43.781Z" hostname="macmini.local" tests="15" failures="0" errors="0" skipped="0" time="0.043106875">
        <testcase classname="adws/proof/__tests__/proofUploader.test.ts" name="uploadProofArtifacts — what is uploaded &gt; uploads each image once, never the non-image file, under proof/{adwId}/{relPath} in sorted order" time="0.012928416">
        </testcase>
        <testcase classname="adws/proof/__tests__/proofUploader.test.ts" name="uploadProofArtifacts — what is uploaded &gt; uploads the bytes of the file under the repository named by repoInfo" time="0.001082041">
        </testcase>
        <testcase classname="adws/proof/__tests__/proofUploader.test.ts" name="uploadProofArtifacts — what is uploaded &gt; returns scenario, fileName and the uploader&apos;s url for each upload, in harvest order" time="0.0009165">
        </testcase>
        <testcase classname="adws/proof/__tests__/proofUploader.test.ts" name="uploadProofArtifacts — what is uploaded &gt; uploads one at a time, because the bucket is created lazily by the first upload" time="0.004444084">
        </testcase>
        <testcase classname="adws/proof/__tests__/proofUploader.test.ts" name="uploadProofArtifacts — an upload never throws &gt; leaves out an artifact whose upload throws, uploads the rest, and resolves" time="0.002098875">
        </testcase>
        <testcase classname="adws/proof/__tests__/proofUploader.test.ts" name="uploadProofArtifacts — an upload never throws &gt; resolves to [] when the artifacts directory does not exist, without uploading" time="0.000792708">
        </testcase>
        <testcase classname="adws/proof/__tests__/proofUploader.test.ts" name="uploadProofArtifacts — an upload never throws &gt; resolves to [] and warns when harvesting the directory fails unexpectedly" time="0.000754709">
        </testcase>
        <testcase classname="adws/proof/__tests__/proofUploader.test.ts" name="uploadProofArtifacts — the uploader seam &gt; uploads to R2 when no uploader is injected or installed" time="0.000882792">
        </testcase>
        <testcase classname="adws/proof/__tests__/proofUploader.test.ts" name="uploadProofArtifacts — the uploader seam &gt; sends the uploads of a call that injects none to the installed uploader, not to R2" time="0.000926791">
        </testcase>
        <testcase classname="adws/proof/__tests__/proofUploader.test.ts" name="uploadProofArtifacts — the uploader seam &gt; prefers an injected uploader over the installed one" time="0.000927292">
        </testcase>
        <testcase classname="adws/proof/__tests__/proofUploader.test.ts" name="uploadProofArtifacts — the uploader seam &gt; returns to R2 once the installed uploader is removed with null" time="0.000760083">
        </testcase>
        <testcase classname="adws/proof/__tests__/proofUploader.test.ts" name="uploadProofArtifacts — R2 is not configured &gt; reports itself unconfigured" time="0.00445675">
        </testcase>
        <testcase classname="adws/proof/__tests__/proofUploader.test.ts" name="uploadProofArtifacts — R2 is not configured &gt; uploads nothing and resolves to [] when neither an injected nor an installed uploader is set" time="0.003055709">
        </testcase>
        <testcase classname="adws/proof/__tests__/proofUploader.test.ts" name="uploadProofArtifacts — R2 is not configured &gt; still uses an injected uploader, which counts as configured" time="0.004373458">
        </testcase>
        <testcase classname="adws/proof/__tests__/proofUploader.test.ts" name="uploadProofArtifacts — R2 is not configured &gt; still uses an installed uploader, which counts as configured" time="0.003403958">
        </testcase>
    </testsuite>
    <testsuite name="adws/jsonl/__tests__/conformanceCheck.test.ts" timestamp="2026-10-06T17:53:43.781Z" hostname="macmini.local" tests="11" failures="0" errors="0" skipped="0" time="0.018463292">
        <testcase classname="adws/jsonl/__tests__/conformanceCheck.test.ts" name="checkConformance — parser newline regression &gt; passes a single-line fixture with no trailing newline" time="0.004879083">
        </testcase>
        <testcase classname="adws/jsonl/__tests__/conformanceCheck.test.ts" name="checkConformance — multi-line fixtures &gt; passes a session excerpt covering init, a rejected rate_limit_event, assistant and result" time="0.00207625">
        </testcase>
        <testcase classname="adws/jsonl/__tests__/conformanceCheck.test.ts" name="checkConformance — multi-line fixtures &gt; passes an allowed rate_limit_event without requiring rateLimitRejected" time="0.001513584">
        </testcase>
        <testcase classname="adws/jsonl/__tests__/conformanceCheck.test.ts" name="checkConformance — multi-line fixtures &gt; fails a rejected rate_limit_event whose parser state never sees a trailing newline problem — sanity companion" time="0.00154675">
        </testcase>
        <testcase classname="adws/jsonl/__tests__/conformanceCheck.test.ts" name="checkConformance — missing and unknown fields &gt; fails with a nested dot-path when a required nested field is missing" time="0.000732667">
        </testcase>
        <testcase classname="adws/jsonl/__tests__/conformanceCheck.test.ts" name="checkConformance — missing and unknown fields &gt; falls back to the bare type entry for an unknown subtype" time="0.000656375">
        </testcase>
        <testcase classname="adws/jsonl/__tests__/conformanceCheck.test.ts" name="checkConformance — missing and unknown fields &gt; fails naming subtype when a result line has lost its subtype" time="0.000536583">
        </testcase>
        <testcase classname="adws/jsonl/__tests__/conformanceCheck.test.ts" name="checkConformance — missing and unknown fields &gt; passes an unknown type informationally, without failing" time="0.00052925">
        </testcase>
        <testcase classname="adws/jsonl/__tests__/conformanceCheck.test.ts" name="checkConformance — extractor behaviour with an empty modelUsage &gt; passes the extractor check when a result after an assistant line carries modelUsage: {}" time="0.000492208">
        </testcase>
        <testcase classname="adws/jsonl/__tests__/conformanceCheck.test.ts" name="checkConformance — multiple fixture directories &gt; checks fixtures from every directory passed in" time="0.000695875">
        </testcase>
        <testcase classname="adws/jsonl/__tests__/conformanceCheck.test.ts" name="checkConformance — repository defaults &gt; passes every real fixture and stub envelope against the committed schema" time="0.00343025">
        </testcase>
    </testsuite>
    <testsuite name="adws/jsonl/__tests__/fixtureUpdater.test.ts" timestamp="2026-10-06T17:53:43.782Z" hostname="macmini.local" tests="7" failures="0" errors="0" skipped="0" time="0.009993792">
        <testcase classname="adws/jsonl/__tests__/fixtureUpdater.test.ts" name="updateFixtureEnvelopes — add-only semantics &gt; restores a missing top-level required field and keeps the payload value" time="0.004201125">
        </testcase>
        <testcase classname="adws/jsonl/__tests__/fixtureUpdater.test.ts" name="updateFixtureEnvelopes — add-only semantics &gt; backfills a missing nested required field" time="0.001678625">
        </testcase>
        <testcase classname="adws/jsonl/__tests__/fixtureUpdater.test.ts" name="updateFixtureEnvelopes — add-only semantics &gt; leaves an absent optional field alone" time="0.000541875">
        </testcase>
        <testcase classname="adws/jsonl/__tests__/fixtureUpdater.test.ts" name="updateFixtureEnvelopes — add-only semantics &gt; never removes a field the schema does not know" time="0.000481625">
        </testcase>
        <testcase classname="adws/jsonl/__tests__/fixtureUpdater.test.ts" name="updateFixtureEnvelopes — add-only semantics &gt; never overwrites a value already present" time="0.000482166">
        </testcase>
        <testcase classname="adws/jsonl/__tests__/fixtureUpdater.test.ts" name="updateFixtureEnvelopes — add-only semantics &gt; updates each line of a multi-line fixture independently" time="0.001153459">
        </testcase>
        <testcase classname="adws/jsonl/__tests__/fixtureUpdater.test.ts" name="updateFixtureEnvelopes — add-only semantics &gt; does not rewrite a fixture that already satisfies the schema" time="0.00072525">
        </testcase>
    </testsuite>
    <testsuite name="adws/jsonl/__tests__/schemaFields.test.ts" timestamp="2026-10-06T17:53:43.782Z" hostname="macmini.local" tests="15" failures="0" errors="0" skipped="0" time="0.003273209">
        <testcase classname="adws/jsonl/__tests__/schemaFields.test.ts" name="schemaKeyFor &gt; joins type and subtype when subtype is a string" time="0.000699625">
        </testcase>
        <testcase classname="adws/jsonl/__tests__/schemaFields.test.ts" name="schemaKeyFor &gt; returns bare type when there is no subtype" time="0.000198292">
        </testcase>
        <testcase classname="adws/jsonl/__tests__/schemaFields.test.ts" name="schemaKeyFor &gt; returns null when type is missing" time="0.000085458">
        </testcase>
        <testcase classname="adws/jsonl/__tests__/schemaFields.test.ts" name="schemaKeyFor &gt; returns null when type is not a string" time="0.000062375">
        </testcase>
        <testcase classname="adws/jsonl/__tests__/schemaFields.test.ts" name="schemaKeyFor &gt; falls back to bare type when subtype is not a string" time="0.000055791">
        </testcase>
        <testcase classname="adws/jsonl/__tests__/schemaFields.test.ts" name="resolveSchemaFields &gt; resolves an exact type/subtype key" time="0.000070209">
        </testcase>
        <testcase classname="adws/jsonl/__tests__/schemaFields.test.ts" name="resolveSchemaFields &gt; falls back to the bare type entry for an unknown subtype" time="0.000047416">
        </testcase>
        <testcase classname="adws/jsonl/__tests__/schemaFields.test.ts" name="resolveSchemaFields &gt; falls back to the bare type entry when subtype is absent" time="0.000047209">
        </testcase>
        <testcase classname="adws/jsonl/__tests__/schemaFields.test.ts" name="resolveSchemaFields &gt; returns null when neither the exact key nor the bare type is known" time="0.0000675">
        </testcase>
        <testcase classname="adws/jsonl/__tests__/schemaFields.test.ts" name="extractFieldSchema &gt; recurses into nested objects" time="0.000350334">
        </testcase>
        <testcase classname="adws/jsonl/__tests__/schemaFields.test.ts" name="extractFieldSchema &gt; records opaque object fields without nested fields" time="0.000087667">
        </testcase>
        <testcase classname="adws/jsonl/__tests__/schemaFields.test.ts" name="extractFieldSchema &gt; types a null value as &quot;null&quot;" time="0.000050125">
        </testcase>
        <testcase classname="adws/jsonl/__tests__/schemaFields.test.ts" name="findMissingFields &gt; reports a nested dot-path for a missing required field" time="0.000088">
        </testcase>
        <testcase classname="adws/jsonl/__tests__/schemaFields.test.ts" name="findMissingFields &gt; does not report an absent optional field" time="0.000038459">
        </testcase>
        <testcase classname="adws/jsonl/__tests__/schemaFields.test.ts" name="findMissingFields &gt; treats a null value as present" time="0.000032666">
        </testcase>
    </testsuite>
    <testsuite name="adws/jsonl/__tests__/schemaMerge.test.ts" timestamp="2026-10-06T17:53:43.783Z" hostname="macmini.local" tests="14" failures="0" errors="0" skipped="0" time="0.006680625">
        <testcase classname="adws/jsonl/__tests__/schemaMerge.test.ts" name="PROBE_OWNED_TYPES &gt; covers exactly the three types a one-turn run deterministically produces" time="0.001760667">
        </testcase>
        <testcase classname="adws/jsonl/__tests__/schemaMerge.test.ts" name="extractObservedSchema &gt; keys by type/subtype and keeps the first occurrence of each key" time="0.000488417">
        </testcase>
        <testcase classname="adws/jsonl/__tests__/schemaMerge.test.ts" name="extractObservedSchema &gt; skips non-JSON and typeless lines" time="0.000194125">
        </testcase>
        <testcase classname="adws/jsonl/__tests__/schemaMerge.test.ts" name="mergeObservedSchema &gt; marks every field of a brand-new probe-owned type as required" time="0.000383167">
        </testcase>
        <testcase classname="adws/jsonl/__tests__/schemaMerge.test.ts" name="mergeObservedSchema &gt; preserves a hand-set required:false flag for a field still observed live" time="0.000237459">
        </testcase>
        <testcase classname="adws/jsonl/__tests__/schemaMerge.test.ts" name="mergeObservedSchema &gt; drops a committed field the live run no longer emits and appends a new one as optional" time="0.000169833">
        </testcase>
        <testcase classname="adws/jsonl/__tests__/schemaMerge.test.ts" name="mergeObservedSchema &gt; merges nested object fields (message.usage) the same way" time="0.000205542">
        </testcase>
        <testcase classname="adws/jsonl/__tests__/schemaMerge.test.ts" name="mergeObservedSchema &gt; never rewrites a capture-owned entry even when it was observed live" time="0.000139833">
        </testcase>
        <testcase classname="adws/jsonl/__tests__/schemaMerge.test.ts" name="mergeObservedSchema &gt; copies the bare result fallback through untouched" time="0.000143791">
        </testcase>
        <testcase classname="adws/jsonl/__tests__/schemaMerge.test.ts" name="mergeObservedSchema &gt; does not write an observed key that is not probe-owned" time="0.000147959">
        </testcase>
        <testcase classname="adws/jsonl/__tests__/schemaMerge.test.ts" name="findLiveDrift &gt; reports a renamed required field as missing" time="0.000835708">
        </testcase>
        <testcase classname="adws/jsonl/__tests__/schemaMerge.test.ts" name="findLiveDrift &gt; reports an unobserved probe-owned type" time="0.000188042">
        </testcase>
        <testcase classname="adws/jsonl/__tests__/schemaMerge.test.ts" name="findLiveDrift &gt; lists an added field as new only, never as missing" time="0.000190875">
        </testcase>
        <testcase classname="adws/jsonl/__tests__/schemaMerge.test.ts" name="findLiveDrift &gt; ignores an absent optional field" time="0.000120916">
        </testcase>
    </testsuite>
    <testsuite name="adws/jsonl/__tests__/schemaProbe.test.ts" timestamp="2026-10-06T17:53:43.783Z" hostname="macmini.local" tests="1" failures="0" errors="0" skipped="0" time="0.792293666">
        <testcase classname="adws/jsonl/__tests__/schemaProbe.test.ts" name="checkClaudeJsonlSchema launch environment &gt; starts the claude process with auto-memory disabled and without unlisted variables" time="0.791653166">
        </testcase>
    </testsuite>
    <testsuite name="adws/promotion/__tests__/promotionScorer.test.ts" timestamp="2026-10-06T17:53:43.783Z" hostname="macmini.local" tests="8" failures="0" errors="0" skipped="0" time="0.003934792">
        <testcase classname="adws/promotion/__tests__/promotionScorer.test.ts" name="promotionScorer.score &gt; surface match + subprocess pattern + 1 phase = 6" time="0.002291667">
        </testcase>
        <testcase classname="adws/promotion/__tests__/promotionScorer.test.ts" name="promotionScorer.score &gt; surface match + subprocess + 3 phases = 8" time="0.000240042">
        </testcase>
        <testcase classname="adws/promotion/__tests__/promotionScorer.test.ts" name="promotionScorer.score &gt; surface match absent (unknown phrase) + subprocess = total 3" time="0.000112583">
        </testcase>
        <testcase classname="adws/promotion/__tests__/promotionScorer.test.ts" name="promotionScorer.score &gt; surface match + phase-import + 2 phases = 6" time="0.000199959">
        </testcase>
        <testcase classname="adws/promotion/__tests__/promotionScorer.test.ts" name="promotionScorer.score &gt; surface match + mock-query only + 1 phase = 3" time="0.000100875">
        </testcase>
        <testcase classname="adws/promotion/__tests__/promotionScorer.test.ts" name="promotionScorer.score &gt; surface match absent + mock-query only = 0" time="0.000086583">
        </testcase>
        <testcase classname="adws/promotion/__tests__/promotionScorer.test.ts" name="promotionScorer.score &gt; mixed patterns (subprocess + phase-import) → subprocess wins" time="0.000065792">
        </testcase>
        <testcase classname="adws/promotion/__tests__/promotionScorer.test.ts" name="promotionScorer.score &gt; scenario with zero When steps → executionPattern = 0, phaseCount = 0" time="0.000077958">
        </testcase>
    </testsuite>
    <testsuite name="adws/promotion/__tests__/promotionStatsLoader.test.ts" timestamp="2026-10-06T17:53:43.784Z" hostname="macmini.local" tests="18" failures="0" errors="0" skipped="0" time="0.012011542">
        <testcase classname="adws/promotion/__tests__/promotionStatsLoader.test.ts" name="loadPromotionStats &gt; (a) numerator counts the promotions that merged inside the 90-day window" time="0.002199375">
        </testcase>
        <testcase classname="adws/promotion/__tests__/promotionStatsLoader.test.ts" name="loadPromotionStats &gt; (a2) numerator ignores promotions that merged before the window" time="0.00030025">
        </testcase>
        <testcase classname="adws/promotion/__tests__/promotionStatsLoader.test.ts" name="loadPromotionStats &gt; (b) denominator happy path: diff with three Scenario additions → totalPerIssueCount90d = 3" time="0.000369042">
        </testcase>
        <testcase classname="adws/promotion/__tests__/promotionStatsLoader.test.ts" name="loadPromotionStats &gt; (c) empty repo: no promotions and an empty log → { 0, 0 }" time="0.000653875">
        </testcase>
        <testcase classname="adws/promotion/__tests__/promotionStatsLoader.test.ts" name="loadPromotionStats &gt; (d) gitLogSince throws → denominator 0 without rethrowing, numerator untouched" time="0.002624125">
        </testcase>
        <testcase classname="adws/promotion/__tests__/promotionStatsLoader.test.ts" name="loadPromotionStats &gt; (e) runs one history query, for the per-issue directory as a plain pathspec, with no commit-subject grep" time="0.00091475">
        </testcase>
        <testcase classname="adws/promotion/__tests__/promotionStatsLoader.test.ts" name="loadPromotionStats &gt; (f) denominator counts only + lines, not - or context lines" time="0.000311875">
        </testcase>
        <testcase classname="adws/promotion/__tests__/promotionStatsLoader.test.ts" name="loadPromotionStats &gt; (g) denominator sums Scenario additions across multiple .feature file diffs" time="0.000281708">
        </testcase>
        <testcase classname="adws/promotion/__tests__/promotionStatsLoader.test.ts" name="loadPromotionStats &gt; (g2) denominator does not count Scenario Outline additions" time="0.0002475">
        </testcase>
        <testcase classname="adws/promotion/__tests__/promotionStatsLoader.test.ts" name="loadPromotionStats &gt; (g3) denominator ignores Gherkin embedded in a step-definition fixture" time="0.000275792">
        </testcase>
        <testcase classname="adws/promotion/__tests__/promotionStatsLoader.test.ts" name="loadPromotionStats &gt; (g4) denominator still counts the .feature section that follows a step-definition section" time="0.000215417">
        </testcase>
        <testcase classname="adws/promotion/__tests__/promotionStatsLoader.test.ts" name="loadPromotionStats &gt; (h) now() is read once; the resulting since date is 90 days before the fixed now" time="0.001666208">
        </testcase>
        <testcase classname="adws/promotion/__tests__/promotionStatsLoader.test.ts" name="loadPromotionStats &gt; (i) listPromotionMergeDates throwing → numerator 0 with a warning, denominator still computed" time="0.000234833">
        </testcase>
        <testcase classname="adws/promotion/__tests__/promotionStatsLoader.test.ts" name="loadPromotionStats &gt; threshold ramp &gt; with 0 promotion(s) merged 10 days ago against 8 scenario additions, the threshold is 3" time="0.000135417">
        </testcase>
        <testcase classname="adws/promotion/__tests__/promotionStatsLoader.test.ts" name="loadPromotionStats &gt; threshold ramp &gt; with 1 promotion(s) merged 10 days ago against 8 scenario additions, the threshold is 4" time="0.000111792">
        </testcase>
        <testcase classname="adws/promotion/__tests__/promotionStatsLoader.test.ts" name="loadPromotionStats &gt; threshold ramp &gt; with 2 promotion(s) merged 10 days ago against 8 scenario additions, the threshold is 5" time="0.000077042">
        </testcase>
        <testcase classname="adws/promotion/__tests__/promotionStatsLoader.test.ts" name="loadPromotionStats &gt; threshold ramp &gt; with 4 promotion(s) merged 10 days ago against 8 scenario additions, the threshold is 7" time="0.000052875">
        </testcase>
        <testcase classname="adws/promotion/__tests__/promotionStatsLoader.test.ts" name="loadPromotionStats &gt; threshold ramp &gt; promotions merged more than 90 days ago leave the threshold at the bootstrap value" time="0.000063292">
        </testcase>
    </testsuite>
    <testsuite name="adws/promotion/__tests__/promotionThreshold.test.ts" timestamp="2026-10-06T17:53:43.784Z" hostname="macmini.local" tests="12" failures="0" errors="0" skipped="0" time="0.00212075">
        <testcase classname="adws/promotion/__tests__/promotionThreshold.test.ts" name="computeThreshold &gt; (i) returns BOOTSTRAP_THRESHOLD for { 0, 0 }" time="0.000683709">
        </testcase>
        <testcase classname="adws/promotion/__tests__/promotionThreshold.test.ts" name="computeThreshold &gt; (ii) bootstrap guard fires before division: { 5, 0 } → BOOTSTRAP_THRESHOLD" time="0.000078">
        </testcase>
        <testcase classname="adws/promotion/__tests__/promotionThreshold.test.ts" name="computeThreshold &gt; (iii) zero-ratio: { 0, 100 } → BOOTSTRAP_THRESHOLD" time="0.000060083">
        </testcase>
        <testcase classname="adws/promotion/__tests__/promotionThreshold.test.ts" name="computeThreshold &gt; (iv) low-ratio: { 5, 100 } → 3 (rounds down)" time="0.000070417">
        </testcase>
        <testcase classname="adws/promotion/__tests__/promotionThreshold.test.ts" name="computeThreshold &gt; (v) mid-low-ratio: { 12, 100 } → 4" time="0.000073458">
        </testcase>
        <testcase classname="adws/promotion/__tests__/promotionThreshold.test.ts" name="computeThreshold &gt; (vi) mid-ratio: { 25, 100 } → 5" time="0.000047291">
        </testcase>
        <testcase classname="adws/promotion/__tests__/promotionThreshold.test.ts" name="computeThreshold &gt; (vii) mid-high-ratio: { 40, 100 } → 6" time="0.000045541">
        </testcase>
        <testcase classname="adws/promotion/__tests__/promotionThreshold.test.ts" name="computeThreshold &gt; (viii) saturation at RATIO_CAP: { 50, 100 } → MAX_THRESHOLD" time="0.000051625">
        </testcase>
        <testcase classname="adws/promotion/__tests__/promotionThreshold.test.ts" name="computeThreshold &gt; (ix) above-cap: { 90, 100 } → MAX_THRESHOLD (saturates)" time="0.000060167">
        </testcase>
        <testcase classname="adws/promotion/__tests__/promotionThreshold.test.ts" name="computeThreshold &gt; (x) full-ratio: { 100, 100 } → MAX_THRESHOLD" time="0.000072083">
        </testcase>
        <testcase classname="adws/promotion/__tests__/promotionThreshold.test.ts" name="computeThreshold &gt; (xi) produces a monotonically non-decreasing N as ratio rises" time="0.000127125">
        </testcase>
        <testcase classname="adws/promotion/__tests__/promotionThreshold.test.ts" name="computeThreshold &gt; constants are exported with the expected values" time="0.000073583">
        </testcase>
    </testsuite>
    <testsuite name="adws/promotion/__tests__/scenarioParser.test.ts" timestamp="2026-10-06T17:53:43.785Z" hostname="macmini.local" tests="8" failures="0" errors="0" skipped="0" time="0.00626775">
        <testcase classname="adws/promotion/__tests__/scenarioParser.test.ts" name="scenarioParser.parse &gt; parses a multi-scenario feature and returns the correct count with tags" time="0.00378575">
        </testcase>
        <testcase classname="adws/promotion/__tests__/scenarioParser.test.ts" name="scenarioParser.parse &gt; populates scenario name from the Gherkin AST" time="0.000286292">
        </testcase>
        <testcase classname="adws/promotion/__tests__/scenarioParser.test.ts" name="scenarioParser.parse &gt; returns correct steps for each scenario" time="0.0004335">
        </testcase>
        <testcase classname="adws/promotion/__tests__/scenarioParser.test.ts" name="scenarioParser.parse &gt; tagless scenarios return empty tags array" time="0.000140834">
        </testcase>
        <testcase classname="adws/promotion/__tests__/scenarioParser.test.ts" name="scenarioParser.parse &gt; Background blocks are excluded from Scenario[] results" time="0.000225625">
        </testcase>
        <testcase classname="adws/promotion/__tests__/scenarioParser.test.ts" name="scenarioParser.parse &gt; scenarios with multi-line tag blocks return all tags" time="0.000149708">
        </testcase>
        <testcase classname="adws/promotion/__tests__/scenarioParser.test.ts" name="scenarioParser.parse &gt; line positions are accurate — headerLine matches scenario keyword location" time="0.000148166">
        </testcase>
        <testcase classname="adws/promotion/__tests__/scenarioParser.test.ts" name="scenarioParser.parse &gt; propagates ParserException for malformed Gherkin" time="0.000394542">
        </testcase>
    </testsuite>
    <testsuite name="adws/promotion/__tests__/vocabularyParser.test.ts" timestamp="2026-10-06T17:53:43.785Z" hostname="macmini.local" tests="6" failures="0" errors="0" skipped="0" time="0.002333042">
        <testcase classname="adws/promotion/__tests__/vocabularyParser.test.ts" name="vocabularyParser.parse &gt; parses a valid vocabulary and returns phrase→entry map and surfaceExamples" time="0.001291625">
        </testcase>
        <testcase classname="adws/promotion/__tests__/vocabularyParser.test.ts" name="vocabularyParser.parse &gt; skips malformed rows with fewer than 5 columns without throwing" time="0.000129667">
        </testcase>
        <testcase classname="adws/promotion/__tests__/vocabularyParser.test.ts" name="vocabularyParser.parse &gt; returns empty surfaceExamples when Observability Surfaces section is missing" time="0.000089416">
        </testcase>
        <testcase classname="adws/promotion/__tests__/vocabularyParser.test.ts" name="vocabularyParser.parse &gt; returns empty registry for empty content" time="0.000063459">
        </testcase>
        <testcase classname="adws/promotion/__tests__/vocabularyParser.test.ts" name="vocabularyParser.parse &gt; falls back unknown pattern to mock-query" time="0.000063583">
        </testcase>
        <testcase classname="adws/promotion/__tests__/vocabularyParser.test.ts" name="vocabularyParser.parse &gt; strips backticks from phrase column" time="0.000068542">
        </testcase>
    </testsuite>
    <testsuite name="adws/core/__tests__/adwLabels.test.ts" timestamp="2026-10-06T17:53:43.785Z" hostname="macmini.local" tests="26" failures="0" errors="0" skipped="0" time="0.004570959">
        <testcase classname="adws/core/__tests__/adwLabels.test.ts" name="readAdwLabels &gt; zero adw:* labels and no adw:none → no classification, no opt-out, no conflict" time="0.0014785">
        </testcase>
        <testcase classname="adws/core/__tests__/adwLabels.test.ts" name="readAdwLabels &gt; zero adw:* labels with adw:none → opt-out, no classification, no conflict" time="0.000130167">
        </testcase>
        <testcase classname="adws/core/__tests__/adwLabels.test.ts" name="readAdwLabels &gt; exactly adw:chore → /chore classification, no opt-out, no conflict" time="0.000088958">
        </testcase>
        <testcase classname="adws/core/__tests__/adwLabels.test.ts" name="readAdwLabels &gt; exactly adw:bug → /bug classification, no opt-out, no conflict" time="0.000073583">
        </testcase>
        <testcase classname="adws/core/__tests__/adwLabels.test.ts" name="readAdwLabels &gt; exactly adw:feature → /feature classification, no opt-out, no conflict" time="0.000078917">
        </testcase>
        <testcase classname="adws/core/__tests__/adwLabels.test.ts" name="readAdwLabels &gt; exactly adw:pr_review → /pr_review classification, no opt-out, no conflict" time="0.000101958">
        </testcase>
        <testcase classname="adws/core/__tests__/adwLabels.test.ts" name="readAdwLabels &gt; adw:bug + adw:none → opt-out, /bug classification, no conflict" time="0.000071833">
        </testcase>
        <testcase classname="adws/core/__tests__/adwLabels.test.ts" name="readAdwLabels &gt; adw:bug + adw:feature → conflict, no classification, no opt-out" time="0.000062833">
        </testcase>
        <testcase classname="adws/core/__tests__/adwLabels.test.ts" name="readAdwLabels &gt; adw:bug + adw:feature + adw:none → opt-out, conflict, no classification" time="0.000105833">
        </testcase>
        <testcase classname="adws/core/__tests__/adwLabels.test.ts" name="readAdwLabels &gt; non-adw labels are ignored" time="0.000083667">
        </testcase>
        <testcase classname="adws/core/__tests__/adwLabels.test.ts" name="readAdwLabels &gt; adw:upgrade alone → no classification, no opt-out, no conflict" time="0.000059083">
        </testcase>
        <testcase classname="adws/core/__tests__/adwLabels.test.ts" name="readAdwLabels &gt; adw-bug (hyphen) and adwesome are ignored — exact match only" time="0.000044792">
        </testcase>
        <testcase classname="adws/core/__tests__/adwLabels.test.ts" name="readAdwLabels &gt; adw:bug + unrelated labels → /bug classification only" time="0.00003975">
        </testcase>
        <testcase classname="adws/core/__tests__/adwLabels.test.ts" name="readAdwLabelNames &gt; zero labels → no classification, no opt-out, no conflict" time="0.000054583">
        </testcase>
        <testcase classname="adws/core/__tests__/adwLabels.test.ts" name="readAdwLabelNames &gt; adw:none only → opt-out, no classification, no conflict" time="0.00003875">
        </testcase>
        <testcase classname="adws/core/__tests__/adwLabels.test.ts" name="readAdwLabelNames &gt; exactly adw:bug → /bug classification, no opt-out, no conflict" time="0.000040708">
        </testcase>
        <testcase classname="adws/core/__tests__/adwLabels.test.ts" name="readAdwLabelNames &gt; adw:bug + adw:feature → conflict, no classification, no opt-out" time="0.000035958">
        </testcase>
        <testcase classname="adws/core/__tests__/adwLabels.test.ts" name="readAdwLabelNames &gt; adw:bug + adw:none → opt-out wins, /bug classification, no conflict" time="0.000032834">
        </testcase>
        <testcase classname="adws/core/__tests__/adwLabels.test.ts" name="readAdwLabelNames &gt; non-adw labels are ignored" time="0.00003325">
        </testcase>
        <testcase classname="adws/core/__tests__/adwLabels.test.ts" name="readAdwLabelNames &gt; exact match only — adw-bug and adwesome are not matched" time="0.000034459">
        </testcase>
        <testcase classname="adws/core/__tests__/adwLabels.test.ts" name="readAdwLabelNames &gt; adw:upgrade alone is not a classification label" time="0.000033375">
        </testcase>
        <testcase classname="adws/core/__tests__/adwLabels.test.ts" name="issueTypeToAdwLabel &gt; /feature → adw:feature" time="0.000112125">
        </testcase>
        <testcase classname="adws/core/__tests__/adwLabels.test.ts" name="issueTypeToAdwLabel &gt; /bug → adw:bug" time="0.000059334">
        </testcase>
        <testcase classname="adws/core/__tests__/adwLabels.test.ts" name="issueTypeToAdwLabel &gt; /chore → adw:chore" time="0.000050292">
        </testcase>
        <testcase classname="adws/core/__tests__/adwLabels.test.ts" name="issueTypeToAdwLabel &gt; /pr_review → adw:pr_review" time="0.000042125">
        </testcase>
        <testcase classname="adws/core/__tests__/adwLabels.test.ts" name="issueTypeToAdwLabel &gt; /adw_init → null (no classification label)" time="0.00003725">
        </testcase>
    </testsuite>
    <testsuite name="adws/core/__tests__/adwVersion.test.ts" timestamp="2026-10-06T17:53:43.786Z" hostname="macmini.local" tests="14" failures="0" errors="0" skipped="0" time="0.007057208">
        <testcase classname="adws/core/__tests__/adwVersion.test.ts" name="adwVersion &gt; readAdwVersion &gt; returns trimmed SHA when file exists with hash + newline" time="0.001616875">
        </testcase>
        <testcase classname="adws/core/__tests__/adwVersion.test.ts" name="adwVersion &gt; readAdwVersion &gt; returns null when file is absent" time="0.000252125">
        </testcase>
        <testcase classname="adws/core/__tests__/adwVersion.test.ts" name="adwVersion &gt; readAdwVersion &gt; tolerates trailing whitespace and stray newlines" time="0.00040675">
        </testcase>
        <testcase classname="adws/core/__tests__/adwVersion.test.ts" name="adwVersion &gt; readAdwVersion &gt; tolerates surrounding whitespace" time="0.000387958">
        </testcase>
        <testcase classname="adws/core/__tests__/adwVersion.test.ts" name="adwVersion &gt; readAdwVersion &gt; returns null for an empty file" time="0.000282">
        </testcase>
        <testcase classname="adws/core/__tests__/adwVersion.test.ts" name="adwVersion &gt; readAdwVersion &gt; returns null for a whitespace-only file" time="0.000282333">
        </testcase>
        <testcase classname="adws/core/__tests__/adwVersion.test.ts" name="adwVersion &gt; writeAdwVersion &gt; writes hash followed by exactly one trailing newline" time="0.000283958">
        </testcase>
        <testcase classname="adws/core/__tests__/adwVersion.test.ts" name="adwVersion &gt; writeAdwVersion &gt; overwrites existing content with no leftover bytes" time="0.00037175">
        </testcase>
        <testcase classname="adws/core/__tests__/adwVersion.test.ts" name="adwVersion &gt; writeAdwVersion &gt; round-trips: write then read returns the same hash" time="0.000361416">
        </testcase>
        <testcase classname="adws/core/__tests__/adwVersion.test.ts" name="adwVersion &gt; writeAdwVersion &gt; normalizes a hash passed with surrounding whitespace" time="0.000357084">
        </testcase>
        <testcase classname="adws/core/__tests__/adwVersion.test.ts" name="adwVersion &gt; readRemoteAdwVersion &gt; returns the trimmed hash when show returns a hash with trailing newline" time="0.000842583">
        </testcase>
        <testcase classname="adws/core/__tests__/adwVersion.test.ts" name="adwVersion &gt; readRemoteAdwVersion &gt; returns null when show returns empty string" time="0.000071542">
        </testcase>
        <testcase classname="adws/core/__tests__/adwVersion.test.ts" name="adwVersion &gt; readRemoteAdwVersion &gt; returns null when show returns whitespace-only string" time="0.000051209">
        </testcase>
        <testcase classname="adws/core/__tests__/adwVersion.test.ts" name="adwVersion &gt; readRemoteAdwVersion &gt; returns null when show throws" time="0.000106375">
        </testcase>
    </testsuite>
    <testsuite name="adws/core/__tests__/adwYmlConfig.test.ts" timestamp="2026-10-06T17:53:43.787Z" hostname="macmini.local" tests="41" failures="0" errors="0" skipped="0" time="0.010376375">
        <testcase classname="adws/core/__tests__/adwYmlConfig.test.ts" name="adwYmlConfig &gt; readAdwYmlConfig &gt; returns { hitl: false, unitTests: true } when .github/adw.yml is absent" time="0.001519375">
        </testcase>
        <testcase classname="adws/core/__tests__/adwYmlConfig.test.ts" name="adwYmlConfig &gt; readAdwYmlConfig &gt; returns { hitl: false, unitTests: true } when file has hitl: false" time="0.000739958">
        </testcase>
        <testcase classname="adws/core/__tests__/adwYmlConfig.test.ts" name="adwYmlConfig &gt; readAdwYmlConfig &gt; returns { hitl: true, unitTests: true } when file has hitl: true" time="0.00047675">
        </testcase>
        <testcase classname="adws/core/__tests__/adwYmlConfig.test.ts" name="adwYmlConfig &gt; readAdwYmlConfig &gt; returns { hitl: false, unitTests: true } when file has no hitl key" time="0.000370584">
        </testcase>
        <testcase classname="adws/core/__tests__/adwYmlConfig.test.ts" name="adwYmlConfig &gt; readAdwYmlConfig &gt; returns { hitl: false, unitTests: false } when file has unitTests: false" time="0.000347542">
        </testcase>
        <testcase classname="adws/core/__tests__/adwYmlConfig.test.ts" name="adwYmlConfig &gt; readAdwYmlConfig &gt; returns { hitl: true, unitTests: true } when file has only hitl: true (no unitTests key)" time="0.000340833">
        </testcase>
        <testcase classname="adws/core/__tests__/adwYmlConfig.test.ts" name="adwYmlConfig &gt; parseAdwYml &gt; returns { hitl: false, unitTests: true } for hitl: false" time="0.000079792">
        </testcase>
        <testcase classname="adws/core/__tests__/adwYmlConfig.test.ts" name="adwYmlConfig &gt; parseAdwYml &gt; returns { hitl: true, unitTests: true } for hitl: true" time="0.000067625">
        </testcase>
        <testcase classname="adws/core/__tests__/adwYmlConfig.test.ts" name="adwYmlConfig &gt; parseAdwYml &gt; returns { hitl: false, unitTests: true } when no hitl key present" time="0.000068666">
        </testcase>
        <testcase classname="adws/core/__tests__/adwYmlConfig.test.ts" name="adwYmlConfig &gt; parseAdwYml &gt; returns { hitl: false, unitTests: true } for empty content" time="0.00008375">
        </testcase>
        <testcase classname="adws/core/__tests__/adwYmlConfig.test.ts" name="adwYmlConfig &gt; parseAdwYml &gt; returns { hitl: false, unitTests: true } for malformed value (hitl: maybe)" time="0.000112541">
        </testcase>
        <testcase classname="adws/core/__tests__/adwYmlConfig.test.ts" name="adwYmlConfig &gt; parseAdwYml &gt; returns { hitl: false, unitTests: true } for malformed value (hitl: 1)" time="0.000056083">
        </testcase>
        <testcase classname="adws/core/__tests__/adwYmlConfig.test.ts" name="adwYmlConfig &gt; parseAdwYml &gt; handles quoted &quot;true&quot; (hitl: &quot;true&quot;)" time="0.000045959">
        </testcase>
        <testcase classname="adws/core/__tests__/adwYmlConfig.test.ts" name="adwYmlConfig &gt; parseAdwYml &gt; handles quoted false (hitl: &quot;false&quot;)" time="0.000053833">
        </testcase>
        <testcase classname="adws/core/__tests__/adwYmlConfig.test.ts" name="adwYmlConfig &gt; parseAdwYml &gt; handles uppercase (hitl: TRUE)" time="0.000041792">
        </testcase>
        <testcase classname="adws/core/__tests__/adwYmlConfig.test.ts" name="adwYmlConfig &gt; parseAdwYml &gt; handles inline comment (hitl: true # require review)" time="0.000044417">
        </testcase>
        <testcase classname="adws/core/__tests__/adwYmlConfig.test.ts" name="adwYmlConfig &gt; parseAdwYml &gt; handles surrounding whitespace in value" time="0.000040083">
        </testcase>
        <testcase classname="adws/core/__tests__/adwYmlConfig.test.ts" name="adwYmlConfig &gt; parseAdwYml &gt; ignores blank lines and full-line comments" time="0.000037416">
        </testcase>
        <testcase classname="adws/core/__tests__/adwYmlConfig.test.ts" name="adwYmlConfig &gt; parseAdwYml &gt; stops at first hitl: key and ignores subsequent lines" time="0.000037541">
        </testcase>
        <testcase classname="adws/core/__tests__/adwYmlConfig.test.ts" name="adwYmlConfig &gt; parseAdwYml &gt; returns { hitl: false, unitTests: false } for unitTests: false" time="0.000037834">
        </testcase>
        <testcase classname="adws/core/__tests__/adwYmlConfig.test.ts" name="adwYmlConfig &gt; parseAdwYml &gt; returns { hitl: false, unitTests: true } for unitTests: true" time="0.0000465">
        </testcase>
        <testcase classname="adws/core/__tests__/adwYmlConfig.test.ts" name="adwYmlConfig &gt; parseAdwYml &gt; returns unitTests: true (default) when no unitTests key present" time="0.000061709">
        </testcase>
        <testcase classname="adws/core/__tests__/adwYmlConfig.test.ts" name="adwYmlConfig &gt; parseAdwYml &gt; returns unitTests: true (default) for empty content" time="0.000073208">
        </testcase>
        <testcase classname="adws/core/__tests__/adwYmlConfig.test.ts" name="adwYmlConfig &gt; parseAdwYml &gt; returns unitTests: true (default + warn) for malformed unitTests: maybe" time="0.000077459">
        </testcase>
        <testcase classname="adws/core/__tests__/adwYmlConfig.test.ts" name="adwYmlConfig &gt; parseAdwYml &gt; handles quoted &quot;false&quot; (unitTests: &quot;false&quot;)" time="0.000056458">
        </testcase>
        <testcase classname="adws/core/__tests__/adwYmlConfig.test.ts" name="adwYmlConfig &gt; parseAdwYml &gt; handles uppercase FALSE (unitTests: FALSE)" time="0.000039792">
        </testcase>
        <testcase classname="adws/core/__tests__/adwYmlConfig.test.ts" name="adwYmlConfig &gt; parseAdwYml &gt; handles inline comment (unitTests: false # opt out)" time="0.000049125">
        </testcase>
        <testcase classname="adws/core/__tests__/adwYmlConfig.test.ts" name="adwYmlConfig &gt; parseAdwYml &gt; handles combined keys — hitl: true then unitTests: false" time="0.000037208">
        </testcase>
        <testcase classname="adws/core/__tests__/adwYmlConfig.test.ts" name="adwYmlConfig &gt; parseAdwYml &gt; handles combined keys — unitTests: false then hitl: true" time="0.000035959">
        </testcase>
        <testcase classname="adws/core/__tests__/adwYmlConfig.test.ts" name="adwYmlConfig &gt; parseAdwYml &gt; first-occurrence-wins for unitTests (unitTests: false then unitTests: true → false)" time="0.000043333">
        </testcase>
        <testcase classname="adws/core/__tests__/adwYmlConfig.test.ts" name="adwYmlConfig &gt; parseAdwYml &gt; malformed hitl does not block unitTests from being parsed" time="0.000046209">
        </testcase>
        <testcase classname="adws/core/__tests__/adwYmlConfig.test.ts" name="adwYmlConfig &gt; a guardrails key left in the file by the retired opt-in &gt; is ignored without a log line, however often the file is read (guardrails: true)" time="0.000677583">
        </testcase>
        <testcase classname="adws/core/__tests__/adwYmlConfig.test.ts" name="adwYmlConfig &gt; a guardrails key left in the file by the retired opt-in &gt; is ignored without a log line, however often the file is read (guardrails: false)" time="0.000438834">
        </testcase>
        <testcase classname="adws/core/__tests__/adwYmlConfig.test.ts" name="adwYmlConfig &gt; a guardrails key left in the file by the retired opt-in &gt; is ignored without a log line, however often the file is read (guardrails: maybe)" time="0.000483166">
        </testcase>
        <testcase classname="adws/core/__tests__/adwYmlConfig.test.ts" name="adwYmlConfig &gt; a guardrails key left in the file by the retired opt-in &gt; is not part of the configuration the reader returns, with the file absent or holding the key" time="0.000654125">
        </testcase>
        <testcase classname="adws/core/__tests__/adwYmlConfig.test.ts" name="adwYmlConfig &gt; a guardrails key left in the file by the retired opt-in &gt; does not stop a malformed value of a known key from logging one warning" time="0.000767084">
        </testcase>
        <testcase classname="adws/core/__tests__/adwYmlConfig.test.ts" name="adwYmlConfig &gt; ADW_YML_TEMPLATE &gt; parses to the defaults (all keys commented out)" time="0.000057458">
        </testcase>
        <testcase classname="adws/core/__tests__/adwYmlConfig.test.ts" name="adwYmlConfig &gt; ADW_YML_TEMPLATE &gt; offers no guardrails key, set or commented out" time="0.000087084">
        </testcase>
        <testcase classname="adws/core/__tests__/adwYmlConfig.test.ts" name="adwYmlConfig &gt; writeAdwYmlTemplateIfAbsent &gt; creates .github/adw.yml and returns { created: true } when absent" time="0.000426417">
        </testcase>
        <testcase classname="adws/core/__tests__/adwYmlConfig.test.ts" name="adwYmlConfig &gt; writeAdwYmlTemplateIfAbsent &gt; readAdwYmlConfig returns defaults after creating the template" time="0.000347625">
        </testcase>
        <testcase classname="adws/core/__tests__/adwYmlConfig.test.ts" name="adwYmlConfig &gt; writeAdwYmlTemplateIfAbsent &gt; returns { created: false } and leaves the file unchanged when it already exists" time="0.000392834">
        </testcase>
    </testsuite>
    <testsuite name="adws/core/__tests__/applicationType.test.ts" timestamp="2026-10-06T17:53:43.788Z" hostname="macmini.local" tests="34" failures="0" errors="0" skipped="0" time="0.426861041">
        <testcase classname="adws/core/__tests__/applicationType.test.ts" name="resolveApplicationType — the two types ADW knows &gt; maps cli to the descriptor runner and asks for no image" time="0.002730333">
        </testcase>
        <testcase classname="adws/core/__tests__/applicationType.test.ts" name="resolveApplicationType — the two types ADW knows &gt; maps web to the ADW Playwright project and asks for per-issue images" time="0.000303208">
        </testcase>
        <testcase classname="adws/core/__tests__/applicationType.test.ts" name="resolveApplicationType — the two types ADW knows &gt; reads &quot; Web &quot; as web: the value is trimmed and case-insensitive" time="0.000520625">
        </testcase>
        <testcase classname="adws/core/__tests__/applicationType.test.ts" name="resolveApplicationType — the two types ADW knows &gt; reads &quot;CLI&quot; as cli: the value is trimmed and case-insensitive" time="0.00030375">
        </testcase>
        <testcase classname="adws/core/__tests__/applicationType.test.ts" name="resolveApplicationType — the two types ADW knows &gt; reads &quot;web\n&quot; as web: the value is trimmed and case-insensitive" time="0.000152917">
        </testcase>
        <testcase classname="adws/core/__tests__/applicationType.test.ts" name="resolveApplicationType — the two types ADW knows &gt; reads &quot;\tCli\r\n&quot; as cli: the value is trimmed and case-insensitive" time="0.000139667">
        </testcase>
        <testcase classname="adws/core/__tests__/applicationType.test.ts" name="resolveApplicationType — the two types ADW knows &gt; gives cli and web a review guidance section each, and no two the same" time="0.000358">
        </testcase>
        <testcase classname="adws/core/__tests__/applicationType.test.ts" name="resolveApplicationType — the two types ADW knows &gt; holds exactly the two types of the decision record" time="0.00018975">
        </testcase>
        <testcase classname="adws/core/__tests__/applicationType.test.ts" name="resolveApplicationType — what parks the issue &gt; parks a missing type (null) and records that none was found" time="0.000219791">
        </testcase>
        <testcase classname="adws/core/__tests__/applicationType.test.ts" name="resolveApplicationType — what parks the issue &gt; parks a missing type (&quot;&quot;) and records that none was found" time="0.000136167">
        </testcase>
        <testcase classname="adws/core/__tests__/applicationType.test.ts" name="resolveApplicationType — what parks the issue &gt; parks a missing type (&quot;   &quot;) and records that none was found" time="0.000082208">
        </testcase>
        <testcase classname="adws/core/__tests__/applicationType.test.ts" name="resolveApplicationType — what parks the issue &gt; parks a missing type (&quot;\n\t &quot;) and records that none was found" time="0.000071292">
        </testcase>
        <testcase classname="adws/core/__tests__/applicationType.test.ts" name="resolveApplicationType — what parks the issue &gt; parks the unknown type &quot;desktop&quot; and records it as it was written" time="0.000095542">
        </testcase>
        <testcase classname="adws/core/__tests__/applicationType.test.ts" name="resolveApplicationType — what parks the issue &gt; parks the unknown type &quot;cli or web&quot; and records it as it was written" time="0.000059959">
        </testcase>
        <testcase classname="adws/core/__tests__/applicationType.test.ts" name="resolveApplicationType — what parks the issue &gt; parks the unknown type &quot;api&quot; and records it as it was written" time="0.000080833">
        </testcase>
        <testcase classname="adws/core/__tests__/applicationType.test.ts" name="resolveApplicationType — what parks the issue &gt; parks the unknown type &quot;web app&quot; and records it as it was written" time="0.000082625">
        </testcase>
        <testcase classname="adws/core/__tests__/applicationType.test.ts" name="resolveApplicationType — what parks the issue &gt; parks the unknown type &quot;CLI tool&quot; and records it as it was written" time="0.000087833">
        </testcase>
        <testcase classname="adws/core/__tests__/applicationType.test.ts" name="resolveApplicationType — what parks the issue &gt; never lowercases the value it records" time="0.000673417">
        </testcase>
        <testcase classname="adws/core/__tests__/applicationType.test.ts" name="resolveApplicationType — what parks the issue &gt; parks &quot;constructor&quot;, a key the table inherits but does not hold" time="0.000091209">
        </testcase>
        <testcase classname="adws/core/__tests__/applicationType.test.ts" name="resolveApplicationType — what parks the issue &gt; parks &quot;toString&quot;, a key the table inherits but does not hold" time="0.000071375">
        </testcase>
        <testcase classname="adws/core/__tests__/applicationType.test.ts" name="resolveApplicationType — what parks the issue &gt; parks &quot;hasOwnProperty&quot;, a key the table inherits but does not hold" time="0.000055709">
        </testcase>
        <testcase classname="adws/core/__tests__/applicationType.test.ts" name="resolveApplicationType — what parks the issue &gt; parks &quot;__proto__&quot;, a key the table inherits but does not hold" time="0.000055292">
        </testcase>
        <testcase classname="adws/core/__tests__/applicationType.test.ts" name="resolveApplicationType — what parks the issue &gt; parks &quot;valueOf&quot;, a key the table inherits but does not hold" time="0.000050792">
        </testcase>
        <testcase classname="adws/core/__tests__/applicationType.test.ts" name="resolveApplicationType — what parks the issue &gt; decides the park and its reason itself, so that a caller only carries it out" time="0.000071042">
        </testcase>
        <testcase classname="adws/core/__tests__/applicationType.test.ts" name="resolveApplicationType — a third type reaches a consumer through the table alone &gt; resolves the extra type to its own profile" time="0.000069917">
        </testcase>
        <testcase classname="adws/core/__tests__/applicationType.test.ts" name="resolveApplicationType — a third type reaches a consumer through the table alone &gt; parks the same type when the table does not hold it" time="0.000084625">
        </testcase>
        <testcase classname="adws/core/__tests__/applicationType.test.ts" name="resolveApplicationType — a third type reaches a consumer through the table alone &gt; still resolves cli and web beside it" time="0.00021025">
        </testcase>
        <testcase classname="adws/core/__tests__/applicationType.test.ts" name="resolveApplicationType — a third type reaches a consumer through the table alone &gt; still parks an inherited key" time="0.000313708">
        </testcase>
        <testcase classname="adws/core/__tests__/applicationType.test.ts" name="describeApplicationProfile &gt; names the runner of .adw/scenarios.md and no images for cli" time="0.000311334">
        </testcase>
        <testcase classname="adws/core/__tests__/applicationType.test.ts" name="describeApplicationProfile &gt; names the ADW Playwright project in features/ and per-issue scenario images for web" time="0.000143792">
        </testcase>
        <testcase classname="adws/core/__tests__/applicationType.test.ts" name="describeApplicationProfile &gt; describes a profile from its fields alone, with no type name in it" time="0.000115542">
        </testcase>
        <testcase classname="adws/core/__tests__/applicationType.test.ts" name="describeApplicationProfile &gt; stays on one line" time="0.000828958">
        </testcase>
        <testcase classname="adws/core/__tests__/applicationType.test.ts" name="every consumer reads the mapping, never the type &gt; names applicationType in no module but the config parser and the gate" time="0.281255542">
        </testcase>
        <testcase classname="adws/core/__tests__/applicationType.test.ts" name="every consumer reads the mapping, never the type &gt; finds the name in both of those modules, so that the walk does not pass by finding nothing" time="0.134613875">
        </testcase>
    </testsuite>
    <testsuite name="adws/core/__tests__/authGate.test.ts" timestamp="2026-10-06T17:53:43.789Z" hostname="macmini.local" tests="15" failures="0" errors="0" skipped="0" time="0.018108583">
        <testcase classname="adws/core/__tests__/authGate.test.ts" name="readAuthGate &gt; returns null when gate file is absent" time="0.001084458">
        </testcase>
        <testcase classname="adws/core/__tests__/authGate.test.ts" name="readAuthGate &gt; returns null when gate file contains invalid JSON" time="0.00056875">
        </testcase>
        <testcase classname="adws/core/__tests__/authGate.test.ts" name="writeAuthGate &gt; creates the gate file with correct fields and lastSlackNotifiedAt === null" time="0.003120333">
        </testcase>
        <testcase classname="adws/core/__tests__/authGate.test.ts" name="writeAuthGate &gt; preserves firstDetectedAt on second write but updates lastDetectedAt and lastDetectedBy" time="0.007842833">
        </testcase>
        <testcase classname="adws/core/__tests__/authGate.test.ts" name="writeAuthGate &gt; preserves lastSlackNotifiedAt across writes" time="0.000824167">
        </testcase>
        <testcase classname="adws/core/__tests__/authGate.test.ts" name="markGateSlackNotified &gt; updates lastSlackNotifiedAt on existing gate file" time="0.000526459">
        </testcase>
        <testcase classname="adws/core/__tests__/authGate.test.ts" name="markGateSlackNotified &gt; is a no-op when gate file is absent" time="0.000575708">
        </testcase>
        <testcase classname="adws/core/__tests__/authGate.test.ts" name="shouldSendDetectionSlack &gt; returns true when lastSlackNotifiedAt is null" time="0.000246167">
        </testcase>
        <testcase classname="adws/core/__tests__/authGate.test.ts" name="shouldSendDetectionSlack &gt; returns false when within the cooldown window" time="0.000285375">
        </testcase>
        <testcase classname="adws/core/__tests__/authGate.test.ts" name="shouldSendDetectionSlack &gt; returns true when past the cooldown window" time="0.000270458">
        </testcase>
        <testcase classname="adws/core/__tests__/authGate.test.ts" name="shouldSendDetectionSlack &gt; returns true when 1 ms past the cooldown window" time="0.000251083">
        </testcase>
        <testcase classname="adws/core/__tests__/authGate.test.ts" name="clearAuthGate &gt; returns true and removes the file when it exists" time="0.000484708">
        </testcase>
        <testcase classname="adws/core/__tests__/authGate.test.ts" name="clearAuthGate &gt; returns false when the file is absent" time="0.000263">
        </testcase>
        <testcase classname="adws/core/__tests__/authGate.test.ts" name="clearAuthGate &gt; returns null from readAuthGate after clear" time="0.000365458">
        </testcase>
        <testcase classname="adws/core/__tests__/authGate.test.ts" name="concurrent writeAuthGate &gt; final gate file is parseable after two concurrent writes" time="0.000578375">
        </testcase>
    </testsuite>
    <testsuite name="adws/core/__tests__/baselineGate.record.test.ts" timestamp="2026-10-06T17:53:43.790Z" hostname="macmini.local" tests="6" failures="0" errors="0" skipped="0" time="0.001740292">
        <testcase classname="adws/core/__tests__/baselineGate.record.test.ts" name="declaredDevServerCommand &gt; returns the command of a configured section" time="0.0007425">
        </testcase>
        <testcase classname="adws/core/__tests__/baselineGate.record.test.ts" name="declaredDevServerCommand &gt; returns null for N/A" time="0.000080125">
        </testcase>
        <testcase classname="adws/core/__tests__/baselineGate.record.test.ts" name="declaredDevServerCommand &gt; returns null for an empty section" time="0.000059125">
        </testcase>
        <testcase classname="adws/core/__tests__/baselineGate.record.test.ts" name="declaredDevServerCommand &gt; returns null when there is no section, and never the default the parsed config fills in" time="0.000144417">
        </testcase>
        <testcase classname="adws/core/__tests__/baselineGate.record.test.ts" name="isBaselineWaived &gt; is true for a waiver" time="0.000061208">
        </testcase>
        <testcase classname="adws/core/__tests__/baselineGate.record.test.ts" name="isBaselineWaived &gt; is false for a passed baseline and for no record" time="0.000057417">
        </testcase>
    </testsuite>
    <testsuite name="adws/core/__tests__/baselineGate.test.ts" timestamp="2026-10-06T17:53:43.790Z" hostname="macmini.local" tests="17" failures="0" errors="0" skipped="0" time="0.007653375">
        <testcase classname="adws/core/__tests__/baselineGate.test.ts" name="runBaselineChecks — green &gt; installs first, then runs the checks in their fixed order, all in the given directory" time="0.002320709">
        </testcase>
        <testcase classname="adws/core/__tests__/baselineGate.test.ts" name="runBaselineChecks — red checks &gt; reports the failing check with its command, exit code and output" time="0.0003825">
        </testcase>
        <testcase classname="adws/core/__tests__/baselineGate.test.ts" name="runBaselineChecks — red checks &gt; reports every failing check, in check order, and still runs the later checks" time="0.000313541">
        </testcase>
        <testcase classname="adws/core/__tests__/baselineGate.test.ts" name="runBaselineChecks — red checks &gt; does not start the dev server when a check is red" time="0.000285625">
        </testcase>
        <testcase classname="adws/core/__tests__/baselineGate.test.ts" name="runBaselineChecks — red checks &gt; counts a runner that throws as a failed command with no exit code and the error text as output" time="0.000267916">
        </testcase>
        <testcase classname="adws/core/__tests__/baselineGate.test.ts" name="runBaselineChecks — install &gt; reports a failed install as the one failure and runs no static check" time="0.000218333">
        </testcase>
        <testcase classname="adws/core/__tests__/baselineGate.test.ts" name="runBaselineChecks — install &gt; counts an install runner that throws as a failed install" time="0.000241375">
        </testcase>
        <testcase classname="adws/core/__tests__/baselineGate.test.ts" name="runBaselineChecks — install &gt; installs nothing when the install command is N/A, and still runs the checks" time="0.000259">
        </testcase>
        <testcase classname="adws/core/__tests__/baselineGate.test.ts" name="runBaselineChecks — install &gt; installs nothing when no check is configured and no dev server is declared" time="0.0004805">
        </testcase>
        <testcase classname="adws/core/__tests__/baselineGate.test.ts" name="runBaselineChecks — install &gt; installs when no check is configured but a dev server is declared" time="0.000398416">
        </testcase>
        <testcase classname="adws/core/__tests__/baselineGate.test.ts" name="runBaselineChecks — dev server &gt; reports a server that is not healthy, with its output" time="0.000328625">
        </testcase>
        <testcase classname="adws/core/__tests__/baselineGate.test.ts" name="runBaselineChecks — dev server &gt; is green when the server is healthy" time="0.000128125">
        </testcase>
        <testcase classname="adws/core/__tests__/baselineGate.test.ts" name="runBaselineChecks — dev server &gt; starts no server when none is given" time="0.000104208">
        </testcase>
        <testcase classname="adws/core/__tests__/baselineGate.test.ts" name="runBaselineChecks — report &gt; reports the install, the checks and the dev server, in the order they ran" time="0.000122041">
        </testcase>
        <testcase classname="adws/core/__tests__/baselineGate.test.ts" name="runBaselineChecks — report &gt; carries what each step produced" time="0.000119625">
        </testcase>
        <testcase classname="adws/core/__tests__/baselineGate.test.ts" name="runBaselineChecks — report &gt; reports only the steps that ran" time="0.000062333">
        </testcase>
        <testcase classname="adws/core/__tests__/baselineGate.test.ts" name="runBaselineChecks — report &gt; reports the server result" time="0.000077667">
        </testcase>
    </testsuite>
    <testsuite name="adws/core/__tests__/checkRunner.combinedOutput.test.ts" timestamp="2026-10-06T17:53:43.791Z" hostname="macmini.local" tests="8" failures="0" errors="0" skipped="0" time="0.003585208">
        <testcase classname="adws/core/__tests__/checkRunner.combinedOutput.test.ts" name="combinedCheckOutput &gt; is identical for two equal verdict lists" time="0.001771167">
        </testcase>
        <testcase classname="adws/core/__tests__/checkRunner.combinedOutput.test.ts" name="combinedCheckOutput &gt; changes when the output of any verdict changes" time="0.000415958">
        </testcase>
        <testcase classname="adws/core/__tests__/checkRunner.combinedOutput.test.ts" name="combinedCheckOutput &gt; changes when the exit code of any verdict changes" time="0.000116042">
        </testcase>
        <testcase classname="adws/core/__tests__/checkRunner.combinedOutput.test.ts" name="combinedCheckOutput &gt; changes when the status of any verdict changes" time="0.000079916">
        </testcase>
        <testcase classname="adws/core/__tests__/checkRunner.combinedOutput.test.ts" name="combinedCheckOutput &gt; does not take a change of output in one check for a change in another" time="0.000081083">
        </testcase>
        <testcase classname="adws/core/__tests__/checkRunner.combinedOutput.test.ts" name="combinedCheckOutput &gt; lists the checks in the order given, skipped checks included" time="0.000173292">
        </testcase>
        <testcase classname="adws/core/__tests__/checkRunner.combinedOutput.test.ts" name="combinedCheckOutput &gt; is sensitive to trailing whitespace, since it does not normalise what a check printed" time="0.000071125">
        </testcase>
        <testcase classname="adws/core/__tests__/checkRunner.combinedOutput.test.ts" name="combinedCheckOutput &gt; is the empty string for no verdicts" time="0.000066083">
        </testcase>
    </testsuite>
    <testsuite name="adws/core/__tests__/checkRunner.integration.test.ts" timestamp="2026-10-06T17:53:43.791Z" hostname="macmini.local" tests="8" failures="0" errors="0" skipped="0" time="0.052189291">
        <testcase classname="adws/core/__tests__/checkRunner.integration.test.ts" name="runShellCommand &gt; returns the exit code of the command" time="0.006529666">
        </testcase>
        <testcase classname="adws/core/__tests__/checkRunner.integration.test.ts" name="runShellCommand &gt; returns exit code 0 for a command that succeeds" time="0.008432666">
        </testcase>
        <testcase classname="adws/core/__tests__/checkRunner.integration.test.ts" name="runShellCommand &gt; captures what the command writes to standard output and to standard error" time="0.005324334">
        </testcase>
        <testcase classname="adws/core/__tests__/checkRunner.integration.test.ts" name="runShellCommand &gt; runs the command in the given directory" time="0.006856167">
        </testcase>
        <testcase classname="adws/core/__tests__/checkRunner.integration.test.ts" name="runShellCommand &gt; reports no exit code for a command killed by a signal" time="0.006072542">
        </testcase>
        <testcase classname="adws/core/__tests__/checkRunner.integration.test.ts" name="runShellCommand &gt; reports a command that cannot be started as a failure with the reason in its output" time="0.00123675">
        </testcase>
        <testcase classname="adws/core/__tests__/checkRunner.integration.test.ts" name="runStaticChecks with the default process runner &gt; reports passed, skipped, failed and passed, with each command’s own output" time="0.01531">
        </testcase>
        <testcase classname="adws/core/__tests__/checkRunner.integration.test.ts" name="runStaticChecks with the default process runner &gt; fails every configured check when the working directory does not exist" time="0.001429625">
        </testcase>
    </testsuite>
    <testsuite name="adws/core/__tests__/checkRunner.test.ts" timestamp="2026-10-06T17:53:43.791Z" hostname="macmini.local" tests="21" failures="0" errors="0" skipped="0" time="0.027319291">
        <testcase classname="adws/core/__tests__/checkRunner.test.ts" name="runStaticChecks — order &gt; runs type check, additional type checks, lint and build in that order, each in the given directory" time="0.000971959">
        </testcase>
        <testcase classname="adws/core/__tests__/checkRunner.test.ts" name="runStaticChecks — order &gt; returns exactly one verdict per check, in the fixed order" time="0.000109666">
        </testcase>
        <testcase classname="adws/core/__tests__/checkRunner.test.ts" name="runStaticChecks — order &gt; runs the checks one at a time, each finishing before the next starts" time="0.022594958">
        </testcase>
        <testcase classname="adws/core/__tests__/checkRunner.test.ts" name="runStaticChecks — verdict per exit code &gt; passes a check that exits 0" time="0.000340792">
        </testcase>
        <testcase classname="adws/core/__tests__/checkRunner.test.ts" name="runStaticChecks — verdict per exit code &gt; fails a check that exits 1 and carries the exit code through" time="0.000104791">
        </testcase>
        <testcase classname="adws/core/__tests__/checkRunner.test.ts" name="runStaticChecks — verdict per exit code &gt; fails a check that exits 2 and carries the exit code through" time="0.000058">
        </testcase>
        <testcase classname="adws/core/__tests__/checkRunner.test.ts" name="runStaticChecks — verdict per exit code &gt; fails a check that exits 127 and carries the exit code through" time="0.000044875">
        </testcase>
        <testcase classname="adws/core/__tests__/checkRunner.test.ts" name="runStaticChecks — verdict per exit code &gt; fails a check that has no exit code, such as one killed by a signal" time="0.000061334">
        </testcase>
        <testcase classname="adws/core/__tests__/checkRunner.test.ts" name="runStaticChecks — verdict per exit code &gt; decides the verdict by the exit code alone, whatever the output says" time="0.000092959">
        </testcase>
        <testcase classname="adws/core/__tests__/checkRunner.test.ts" name="runStaticChecks — verdict per exit code &gt; does not stop at a failing check: the checks after it still run and are reported" time="0.000110834">
        </testcase>
        <testcase classname="adws/core/__tests__/checkRunner.test.ts" name="runStaticChecks — N/A &gt; reports an N/A check as skipped, without an exit code or output, and never runs it" time="0.000083875">
        </testcase>
        <testcase classname="adws/core/__tests__/checkRunner.test.ts" name="runStaticChecks — N/A &gt; treats &quot;n/a&quot; as N/A: skipped and not run" time="0.000368083">
        </testcase>
        <testcase classname="adws/core/__tests__/checkRunner.test.ts" name="runStaticChecks — N/A &gt; treats &quot;  n/a  &quot; as N/A: skipped and not run" time="0.000075708">
        </testcase>
        <testcase classname="adws/core/__tests__/checkRunner.test.ts" name="runStaticChecks — N/A &gt; treats &quot;N/a\n&quot; as N/A: skipped and not run" time="0.000241875">
        </testcase>
        <testcase classname="adws/core/__tests__/checkRunner.test.ts" name="runStaticChecks — N/A &gt; treats the blank command &quot;&quot; as skipped, so a blank command can never pass silently" time="0.000269958">
        </testcase>
        <testcase classname="adws/core/__tests__/checkRunner.test.ts" name="runStaticChecks — N/A &gt; treats the blank command &quot;   &quot; as skipped, so a blank command can never pass silently" time="0.000120125">
        </testcase>
        <testcase classname="adws/core/__tests__/checkRunner.test.ts" name="runStaticChecks — N/A &gt; treats the blank command &quot;\n&quot; as skipped, so a blank command can never pass silently" time="0.000097167">
        </testcase>
        <testcase classname="adws/core/__tests__/checkRunner.test.ts" name="runStaticChecks — N/A &gt; reports four skipped verdicts in the fixed order, and runs nothing, when every check is N/A" time="0.000149084">
        </testcase>
        <testcase classname="adws/core/__tests__/checkRunner.test.ts" name="runStaticChecks — captured output &gt; gives each verdict the output of its own command, unchanged" time="0.000130792">
        </testcase>
        <testcase classname="adws/core/__tests__/checkRunner.test.ts" name="runStaticChecks — captured output &gt; reports the command each verdict ran" time="0.000093167">
        </testcase>
        <testcase classname="adws/core/__tests__/checkRunner.test.ts" name="runStaticChecks — a process runner that throws &gt; fails that check with no exit code and the error text as its output, and still runs the rest" time="0.000283292">
        </testcase>
    </testsuite>
    <testsuite name="adws/core/__tests__/claudeStreamParser.test.ts" timestamp="2026-10-06T17:53:43.792Z" hostname="macmini.local" tests="56" failures="0" errors="0" skipped="0" time="0.013034625">
        <testcase classname="adws/core/__tests__/claudeStreamParser.test.ts" name="createJsonlParserState &gt; returns a zeroed state with all flags false, counts zero, and no facts" time="0.001662375">
        </testcase>
        <testcase classname="adws/core/__tests__/claudeStreamParser.test.ts" name="createJsonlParserState &gt; sets primaryModel only when given" time="0.000094">
        </testcase>
        <testcase classname="adws/core/__tests__/claudeStreamParser.test.ts" name="parseJsonlOutput — rate_limit_event facts &gt; sets rateLimitDetected and captures rateLimitType/resetsAt from a rejected event" time="0.000198083">
        </testcase>
        <testcase classname="adws/core/__tests__/claudeStreamParser.test.ts" name="parseJsonlOutput — rate_limit_event facts &gt; sets the flag with no facts when a rejected event carries neither field" time="0.000092208">
        </testcase>
        <testcase classname="adws/core/__tests__/claudeStreamParser.test.ts" name="parseJsonlOutput — rate_limit_event facts &gt; captures rateLimitType with no resetsAt when the event omits the reset time" time="0.000073666">
        </testcase>
        <testcase classname="adws/core/__tests__/claudeStreamParser.test.ts" name="parseJsonlOutput — rate_limit_event facts &gt; reads a seven_day limit type rather than assuming five_hour" time="0.000079291">
        </testcase>
        <testcase classname="adws/core/__tests__/claudeStreamParser.test.ts" name="parseJsonlOutput — rate_limit_event facts &gt; does NOT set rateLimitDetected when rate_limit_event has status &quot;allowed&quot;" time="0.000055333">
        </testcase>
        <testcase classname="adws/core/__tests__/claudeStreamParser.test.ts" name="parseJsonlOutput — rate_limit_event facts &gt; does NOT set rateLimitDetected when rate_limit_event has status &quot;allowed_warning&quot;, even carrying a resetsAt" time="0.000101166">
        </testcase>
        <testcase classname="adws/core/__tests__/claudeStreamParser.test.ts" name="parseJsonlOutput — rate_limit_event facts &gt; does NOT set rateLimitDetected when overageStatus is &quot;rejected&quot; but status is &quot;allowed&quot;" time="0.000066083">
        </testcase>
        <testcase classname="adws/core/__tests__/claudeStreamParser.test.ts" name="parseJsonlOutput — rate_limit_event facts &gt; lets the later rejected event win when two are seen in one stream" time="0.000111333">
        </testcase>
        <testcase classname="adws/core/__tests__/claudeStreamParser.test.ts" name="parseJsonlOutput — api_retry classification (documented enum + HTTP status) &gt; sets rateLimitDetected for error: &quot;rate_limit&quot; with error_status: 429, at attempt 1" time="0.000112958">
        </testcase>
        <testcase classname="adws/core/__tests__/claudeStreamParser.test.ts" name="parseJsonlOutput — api_retry classification (documented enum + HTTP status) &gt; sets rateLimitDetected for error: &quot;rate_limit&quot; with error_status: 429, at attempt 2" time="0.000067792">
        </testcase>
        <testcase classname="adws/core/__tests__/claudeStreamParser.test.ts" name="parseJsonlOutput — api_retry classification (documented enum + HTTP status) &gt; sets rateLimitDetected for error: &quot;rate_limit&quot; with error_status: null" time="0.000040208">
        </testcase>
        <testcase classname="adws/core/__tests__/claudeStreamParser.test.ts" name="parseJsonlOutput — api_retry classification (documented enum + HTTP status) &gt; sets rateLimitDetected for error_status: 429 with an unrecognised error enum" time="0.000051417">
        </testcase>
        <testcase classname="adws/core/__tests__/claudeStreamParser.test.ts" name="parseJsonlOutput — api_retry classification (documented enum + HTTP status) &gt; sets overloadedErrorDetected for error: &quot;overloaded&quot; with error_status: 529, at attempt 1" time="0.000099917">
        </testcase>
        <testcase classname="adws/core/__tests__/claudeStreamParser.test.ts" name="parseJsonlOutput — api_retry classification (documented enum + HTTP status) &gt; sets overloadedErrorDetected for error: &quot;overloaded&quot; with error_status: null" time="0.000088584">
        </testcase>
        <testcase classname="adws/core/__tests__/claudeStreamParser.test.ts" name="parseJsonlOutput — api_retry classification (documented enum + HTTP status) &gt; sets overloadedErrorDetected for error_status: 529 with an unrecognised error enum, at attempt 1" time="0.000051">
        </testcase>
        <testcase classname="adws/core/__tests__/claudeStreamParser.test.ts" name="parseJsonlOutput — api_retry classification (documented enum + HTTP status) &gt; the legacy &quot;overloaded_error&quot; spelling sets nothing at attempt 1 (the documented value replaced it)" time="0.000225875">
        </testcase>
        <testcase classname="adws/core/__tests__/claudeStreamParser.test.ts" name="parseJsonlOutput — api_retry classification (documented enum + HTTP status) &gt; the legacy &quot;overloaded_error&quot; spelling is treated as an unclassified retry — serverErrorDetected at attempt 2, never overloadedErrorDetected" time="0.000188834">
        </testcase>
        <testcase classname="adws/core/__tests__/claudeStreamParser.test.ts" name="parseJsonlOutput — api_retry classification (documented enum + HTTP status) &gt; sets authErrorDetected for error: &quot;authentication_failed&quot; with error_status: null, at attempt 1" time="0.000161209">
        </testcase>
        <testcase classname="adws/core/__tests__/claudeStreamParser.test.ts" name="parseJsonlOutput — api_retry classification (documented enum + HTTP status) &gt; sets authErrorDetected for error_status: 401 regardless of the error enum" time="0.000108375">
        </testcase>
        <testcase classname="adws/core/__tests__/claudeStreamParser.test.ts" name="parseJsonlOutput — api_retry classification (documented enum + HTTP status) &gt; auth wins the ranking on a contradictory pair (rate_limit enum, 401 status)" time="0.000134416">
        </testcase>
        <testcase classname="adws/core/__tests__/claudeStreamParser.test.ts" name="parseJsonlOutput — api_retry classification (documented enum + HTTP status) &gt; does NOT set serverErrorDetected for a non-auth, non-overloaded error at attempt 1" time="0.00008825">
        </testcase>
        <testcase classname="adws/core/__tests__/claudeStreamParser.test.ts" name="parseJsonlOutput — api_retry classification (documented enum + HTTP status) &gt; sets serverErrorDetected for error: &quot;server_error&quot; at attempt 2" time="0.000075625">
        </testcase>
        <testcase classname="adws/core/__tests__/claudeStreamParser.test.ts" name="parseJsonlOutput — api_retry classification (documented enum + HTTP status) &gt; sets serverErrorDetected for error_status: 503 at attempt 2" time="0.000106167">
        </testcase>
        <testcase classname="adws/core/__tests__/claudeStreamParser.test.ts" name="parseJsonlOutput — api_retry classification (documented enum + HTTP status) &gt; sets serverErrorDetected for error: &quot;unknown&quot; at attempt 2 (behaviour retained)" time="0.000076417">
        </testcase>
        <testcase classname="adws/core/__tests__/claudeStreamParser.test.ts" name="parseJsonlOutput — api_retry classification (documented enum + HTTP status) &gt; a documented but non-pause category (billing_error) sets nothing at attempt 1, serverErrorDetected at attempt 2" time="0.000138417">
        </testcase>
        <testcase classname="adws/core/__tests__/claudeStreamParser.test.ts" name="parseJsonlOutput — api_retry classification (documented enum + HTTP status) &gt; serverErrorDetected remains true once set (idempotent)" time="0.000100083">
        </testcase>
        <testcase classname="adws/core/__tests__/claudeStreamParser.test.ts" name="parseJsonlOutput — result.api_error_status &gt; 429 sets rateLimitDetected with no facts" time="0.000221917">
        </testcase>
        <testcase classname="adws/core/__tests__/claudeStreamParser.test.ts" name="parseJsonlOutput — result.api_error_status &gt; 529 sets overloadedErrorDetected, not serverErrorDetected" time="0.000103167">
        </testcase>
        <testcase classname="adws/core/__tests__/claudeStreamParser.test.ts" name="parseJsonlOutput — result.api_error_status &gt; 401 sets authErrorDetected" time="0.000109708">
        </testcase>
        <testcase classname="adws/core/__tests__/claudeStreamParser.test.ts" name="parseJsonlOutput — result.api_error_status &gt; 500 sets serverErrorDetected" time="0.000075708">
        </testcase>
        <testcase classname="adws/core/__tests__/claudeStreamParser.test.ts" name="parseJsonlOutput — result.api_error_status &gt; 503 sets serverErrorDetected" time="0.000121833">
        </testcase>
        <testcase classname="adws/core/__tests__/claudeStreamParser.test.ts" name="parseJsonlOutput — result.api_error_status &gt; null (success) sets nothing" time="0.000134833">
        </testcase>
        <testcase classname="adws/core/__tests__/claudeStreamParser.test.ts" name="parseJsonlOutput — result.api_error_status &gt; 400 sets nothing (not a recognised pause status)" time="0.000166">
        </testcase>
        <testcase classname="adws/core/__tests__/claudeStreamParser.test.ts" name="parseJsonlOutput — result.api_error_status &gt; always sets lastResult, with is_error/api_error_status readable through the extended type" time="0.0002125">
        </testcase>
        <testcase classname="adws/core/__tests__/claudeStreamParser.test.ts" name="parseJsonlOutput — the 2026-09-22 incident stream end to end &gt; sets rateLimitDetected, both facts, lastResult.api_error_status, and leaves authErrorDetected false" time="0.000282458">
        </testcase>
        <testcase classname="adws/core/__tests__/claudeStreamParser.test.ts" name="parseJsonlOutput — compaction and false positives &gt; sets compactionDetected when system compact_boundary is parsed" time="0.000103625">
        </testcase>
        <testcase classname="adws/core/__tests__/claudeStreamParser.test.ts" name="parseJsonlOutput — compaction and false positives &gt; does NOT set any flags for assistant text content containing detection strings (false-positive scenario)" time="0.000314375">
        </testcase>
        <testcase classname="adws/core/__tests__/claudeStreamParser.test.ts" name="parseJsonlOutput — compaction and false positives &gt; handles multiple detection events in a single chunk" time="0.000149667">
        </testcase>
        <testcase classname="adws/core/__tests__/claudeStreamParser.test.ts" name="parseJsonlOutput — denied tool call counting (issue #762) &gt; counts a single top-level tool_result with is_error: true" time="0.000086958">
        </testcase>
        <testcase classname="adws/core/__tests__/claudeStreamParser.test.ts" name="parseJsonlOutput — denied tool call counting (issue #762) &gt; does NOT count a top-level tool_result without is_error" time="0.00011275">
        </testcase>
        <testcase classname="adws/core/__tests__/claudeStreamParser.test.ts" name="parseJsonlOutput — denied tool call counting (issue #762) &gt; does NOT count a top-level tool_result with is_error: false" time="0.000080042">
        </testcase>
        <testcase classname="adws/core/__tests__/claudeStreamParser.test.ts" name="parseJsonlOutput — denied tool call counting (issue #762) &gt; counts a tool_result block nested in an assistant message content array" time="0.000109542">
        </testcase>
        <testcase classname="adws/core/__tests__/claudeStreamParser.test.ts" name="parseJsonlOutput — denied tool call counting (issue #762) &gt; sums 3 permission-denied tool results across a mixed stream to 3" time="0.000158834">
        </testcase>
        <testcase classname="adws/core/__tests__/claudeStreamParser.test.ts" name="parseJsonlOutput — denied tool call counting (issue #762) &gt; a clean stream with no errored tool results yields 0" time="0.000206208">
        </testcase>
        <testcase classname="adws/core/__tests__/claudeStreamParser.test.ts" name="parseJsonlOutput — cross-chunk line buffering &gt; parses a complete JSONL line in a single chunk" time="0.000186417">
        </testcase>
        <testcase classname="adws/core/__tests__/claudeStreamParser.test.ts" name="parseJsonlOutput — cross-chunk line buffering &gt; buffers a partial line and completes it with the next chunk" time="0.000206042">
        </testcase>
        <testcase classname="adws/core/__tests__/claudeStreamParser.test.ts" name="parseJsonlOutput — cross-chunk line buffering &gt; parses multiple complete lines in a single chunk" time="0.000113541">
        </testcase>
        <testcase classname="adws/core/__tests__/claudeStreamParser.test.ts" name="parseJsonlOutput — cross-chunk line buffering &gt; handles a JSONL line split across 3+ chunks" time="0.000157917">
        </testcase>
        <testcase classname="adws/core/__tests__/claudeStreamParser.test.ts" name="parseJsonlOutput — cross-chunk line buffering &gt; handles empty chunks between partial lines" time="0.000103458">
        </testcase>
        <testcase classname="adws/core/__tests__/claudeStreamParser.test.ts" name="parseJsonlOutput — cross-chunk line buffering &gt; handles a chunk containing only a newline" time="0.000122583">
        </testcase>
        <testcase classname="adws/core/__tests__/claudeStreamParser.test.ts" name="parseJsonlOutput — cross-chunk line buffering &gt; trailing partial line is buffered and completed by subsequent chunk" time="0.000181125">
        </testcase>
        <testcase classname="adws/core/__tests__/claudeStreamParser.test.ts" name="parseJsonlOutput — existing behavior preserved &gt; extracts text from assistant messages and increments turnCount" time="0.000248708">
        </testcase>
        <testcase classname="adws/core/__tests__/claudeStreamParser.test.ts" name="parseJsonlOutput — existing behavior preserved &gt; tracks tool usage and increments toolCount" time="0.002386084">
        </testcase>
        <testcase classname="adws/core/__tests__/claudeStreamParser.test.ts" name="parseJsonlOutput — existing behavior preserved &gt; appends unparseable lines to fullOutput" time="0.000265792">
        </testcase>
    </testsuite>
    <testsuite name="adws/core/__tests__/conditionalDocsRegistry.test.ts" timestamp="2026-10-06T17:53:43.794Z" hostname="macmini.local" tests="21" failures="0" errors="0" skipped="0" time="0.0051735">
        <testcase classname="adws/core/__tests__/conditionalDocsRegistry.test.ts" name="round-trip: serialize(parse(canonical)) === canonical &gt; full canonical fixture round-trips losslessly" time="0.000915">
        </testcase>
        <testcase classname="adws/core/__tests__/conditionalDocsRegistry.test.ts" name="round-trip: serialize(parse(canonical)) === canonical &gt; parse(serialize(registry)) deep-equals registry" time="0.000361583">
        </testcase>
        <testcase classname="adws/core/__tests__/conditionalDocsRegistry.test.ts" name="legacy tolerance — no Owns: block &gt; parses to ownedGlobs: []" time="0.000088416">
        </testcase>
        <testcase classname="adws/core/__tests__/conditionalDocsRegistry.test.ts" name="legacy tolerance — no Owns: block &gt; serializes back unchanged (byte-identical round-trip)" time="0.000221834">
        </testcase>
        <testcase classname="adws/core/__tests__/conditionalDocsRegistry.test.ts" name="non-app_docs docPath &gt; parses README.md and adws/README.md entries faithfully" time="0.000745792">
        </testcase>
        <testcase classname="adws/core/__tests__/conditionalDocsRegistry.test.ts" name="non-app_docs docPath &gt; round-trips non-app_docs paths losslessly" time="0.000065583">
        </testcase>
        <testcase classname="adws/core/__tests__/conditionalDocsRegistry.test.ts" name="preamble preserved through round-trip &gt; # Conditional Documentation header survives round-trip" time="0.00007475">
        </testcase>
        <testcase classname="adws/core/__tests__/conditionalDocsRegistry.test.ts" name="malformed / edge cases &gt; empty string → empty registry with empty preamble" time="0.000067416">
        </testcase>
        <testcase classname="adws/core/__tests__/conditionalDocsRegistry.test.ts" name="malformed / edge cases &gt; whitespace-only string → empty registry" time="0.000059625">
        </testcase>
        <testcase classname="adws/core/__tests__/conditionalDocsRegistry.test.ts" name="malformed / edge cases &gt; entry missing Conditions: → conditions: [] (no throw)" time="0.000091541">
        </testcase>
        <testcase classname="adws/core/__tests__/conditionalDocsRegistry.test.ts" name="malformed / edge cases &gt; blank lines between entries normalized to one" time="0.000133541">
        </testcase>
        <testcase classname="adws/core/__tests__/conditionalDocsRegistry.test.ts" name="malformed / edge cases &gt; conditions containing backticks, parentheses, slashes preserved verbatim" time="0.00007025">
        </testcase>
        <testcase classname="adws/core/__tests__/conditionalDocsRegistry.test.ts" name="Decisions: block &gt; parses the items into decisions, verbatim and in order, without leaking into the other lists" time="0.000070583">
        </testcase>
        <testcase classname="adws/core/__tests__/conditionalDocsRegistry.test.ts" name="Decisions: block &gt; does not let the next entry inherit the block" time="0.000065084">
        </testcase>
        <testcase classname="adws/core/__tests__/conditionalDocsRegistry.test.ts" name="Decisions: block &gt; an entry without the block parses to decisions: [] and serializes without a Decisions: line" time="0.000060959">
        </testcase>
        <testcase classname="adws/core/__tests__/conditionalDocsRegistry.test.ts" name="Decisions: block &gt; a malformed item &quot;44&quot; round-trips byte-identically" time="0.000064834">
        </testcase>
        <testcase classname="adws/core/__tests__/conditionalDocsRegistry.test.ts" name="Decisions: block &gt; a malformed item &quot;ADR-0044&quot; round-trips byte-identically" time="0.000035959">
        </testcase>
        <testcase classname="adws/core/__tests__/conditionalDocsRegistry.test.ts" name="Decisions: block &gt; a malformed item &quot;0044 &quot; round-trips byte-identically" time="0.000035417">
        </testcase>
        <testcase classname="adws/core/__tests__/conditionalDocsRegistry.test.ts" name="Decisions: block &gt; a block placed before Conditions: parses into decisions but serializes after Conditions:, so it is non-canonical" time="0.000122667">
        </testcase>
        <testcase classname="adws/core/__tests__/conditionalDocsRegistry.test.ts" name="Decisions: block &gt; an empty Decisions: header serializes without the header, so it is non-canonical like an empty Owns:" time="0.000066959">
        </testcase>
        <testcase classname="adws/core/__tests__/conditionalDocsRegistry.test.ts" name="Decisions: block &gt; a misspelt Decision: header is not learnt — its item lands in conditions and the round trip fails" time="0.000072208">
        </testcase>
    </testsuite>
    <testsuite name="adws/core/__tests__/conditionalDocsRegistryMutations.test.ts" timestamp="2026-10-06T17:53:43.795Z" hostname="macmini.local" tests="15" failures="0" errors="0" skipped="0" time="0.007702167">
        <testcase classname="adws/core/__tests__/conditionalDocsRegistryMutations.test.ts" name="upsertEntry &gt; novel docPath → appends (length + 1)" time="0.002321167">
        </testcase>
        <testcase classname="adws/core/__tests__/conditionalDocsRegistryMutations.test.ts" name="upsertEntry &gt; existing docPath → updates in place (same length, same index)" time="0.000307208">
        </testcase>
        <testcase classname="adws/core/__tests__/conditionalDocsRegistryMutations.test.ts" name="upsertEntry &gt; two upserts of the same docPath → exactly one entry (convergence property)" time="0.000361083">
        </testcase>
        <testcase classname="adws/core/__tests__/conditionalDocsRegistryMutations.test.ts" name="upsertEntry &gt; an updated entry&apos;s decisions replace the old ones" time="0.000169">
        </testcase>
        <testcase classname="adws/core/__tests__/conditionalDocsRegistryMutations.test.ts" name="upsertEntry &gt; upsertEntry is pure — original registry is not mutated" time="0.000263333">
        </testcase>
        <testcase classname="adws/core/__tests__/conditionalDocsRegistryMutations.test.ts" name="collapseEntries &gt; 3 siblings collapse to exactly 1 (length − 2)" time="0.000465291">
        </testcase>
        <testcase classname="adws/core/__tests__/conditionalDocsRegistryMutations.test.ts" name="collapseEntries &gt; merged ownedGlobs is the de-duplicated union" time="0.000300875">
        </testcase>
        <testcase classname="adws/core/__tests__/conditionalDocsRegistryMutations.test.ts" name="collapseEntries &gt; merged decisions is the de-duplicated union in first-seen order" time="0.00024075">
        </testcase>
        <testcase classname="adws/core/__tests__/conditionalDocsRegistryMutations.test.ts" name="collapseEntries &gt; a collapse whose siblings carry no decisions yields an entry with decisions: []" time="0.000186333">
        </testcase>
        <testcase classname="adws/core/__tests__/conditionalDocsRegistryMutations.test.ts" name="collapseEntries &gt; prunedDocPaths equals the non-survivor collapsed paths" time="0.000528541">
        </testcase>
        <testcase classname="adws/core/__tests__/conditionalDocsRegistryMutations.test.ts" name="collapseEntries &gt; a missing docPath in the list is a no-op (no throw)" time="0.000278792">
        </testcase>
        <testcase classname="adws/core/__tests__/conditionalDocsRegistryMutations.test.ts" name="collapseEntries &gt; single-entry collapse keeps length and prunedDocPaths: []" time="0.00024975">
        </testcase>
        <testcase classname="adws/core/__tests__/conditionalDocsRegistryMutations.test.ts" name="collapseEntries &gt; original registry is not mutated (purity)" time="0.000221">
        </testcase>
        <testcase classname="adws/core/__tests__/conditionalDocsRegistryMutations.test.ts" name="collapseEntries &gt; unrelated entries are preserved unchanged and in order" time="0.00013875">
        </testcase>
        <testcase classname="adws/core/__tests__/conditionalDocsRegistryMutations.test.ts" name="collapseEntries &gt; survivor entry is inserted at the position of the first collapsed entry" time="0.000235958">
        </testcase>
    </testsuite>
    <testsuite name="adws/core/__tests__/conditionalDocsRegistryQueries.test.ts" timestamp="2026-10-06T17:53:43.795Z" hostname="macmini.local" tests="21" failures="0" errors="0" skipped="0" time="0.005564917">
        <testcase classname="adws/core/__tests__/conditionalDocsRegistryQueries.test.ts" name="findOwningEntry &gt; ** spans path separators — matches nested path" time="0.001557416">
        </testcase>
        <testcase classname="adws/core/__tests__/conditionalDocsRegistryQueries.test.ts" name="findOwningEntry &gt; ** matches direct child too" time="0.000214084">
        </testcase>
        <testcase classname="adws/core/__tests__/conditionalDocsRegistryQueries.test.ts" name="findOwningEntry &gt; * does not span path separators — matches flat file" time="0.00017775">
        </testcase>
        <testcase classname="adws/core/__tests__/conditionalDocsRegistryQueries.test.ts" name="findOwningEntry &gt; * does not match subdirectory path" time="0.000173084">
        </testcase>
        <testcase classname="adws/core/__tests__/conditionalDocsRegistryQueries.test.ts" name="findOwningEntry &gt; returns undefined when no entry matches" time="0.00014075">
        </testcase>
        <testcase classname="adws/core/__tests__/conditionalDocsRegistryQueries.test.ts" name="findOwningEntry &gt; legacy entries (empty ownedGlobs) never match" time="0.000116667">
        </testcase>
        <testcase classname="adws/core/__tests__/conditionalDocsRegistryQueries.test.ts" name="findOwningEntry &gt; deterministic first-match when multiple entries could match" time="0.000187416">
        </testcase>
        <testcase classname="adws/core/__tests__/conditionalDocsRegistryQueries.test.ts" name="findOwningEntry &gt; returns undefined for empty changedFilePaths" time="0.000132291">
        </testcase>
        <testcase classname="adws/core/__tests__/conditionalDocsRegistryQueries.test.ts" name="glob matcher boundary cases &gt; ** matches across multiple path segments" time="0.000201084">
        </testcase>
        <testcase classname="adws/core/__tests__/conditionalDocsRegistryQueries.test.ts" name="glob matcher boundary cases &gt; * does not span path separators" time="0.000112791">
        </testcase>
        <testcase classname="adws/core/__tests__/conditionalDocsRegistryQueries.test.ts" name="glob matcher boundary cases &gt; ? matches exactly one non-separator char" time="0.000096">
        </testcase>
        <testcase classname="adws/core/__tests__/conditionalDocsRegistryQueries.test.ts" name="glob matcher boundary cases &gt; literal dot is matched literally (not as regex wildcard)" time="0.0000685">
        </testcase>
        <testcase classname="adws/core/__tests__/conditionalDocsRegistryQueries.test.ts" name="glob matcher boundary cases &gt; literal path without wildcards matches exact path only" time="0.000070417">
        </testcase>
        <testcase classname="adws/core/__tests__/conditionalDocsRegistryQueries.test.ts" name="glob matcher boundary cases &gt; ** after trailing slash matches deeply nested paths" time="0.000035541">
        </testcase>
        <testcase classname="adws/core/__tests__/conditionalDocsRegistryQueries.test.ts" name="glob matcher boundary cases &gt; ** without trailing slash also matches the base path" time="0.000038791">
        </testcase>
        <testcase classname="adws/core/__tests__/conditionalDocsRegistryQueries.test.ts" name="glob matcher boundary cases &gt; special regex chars in literal segments are escaped" time="0.000052084">
        </testcase>
        <testcase classname="adws/core/__tests__/conditionalDocsRegistryQueries.test.ts" name="findOwningEntries &gt; returns all matching entries in document order" time="0.000342583">
        </testcase>
        <testcase classname="adws/core/__tests__/conditionalDocsRegistryQueries.test.ts" name="findOwningEntries &gt; returns [] when no entry matches" time="0.000064709">
        </testcase>
        <testcase classname="adws/core/__tests__/conditionalDocsRegistryQueries.test.ts" name="findOwningEntries &gt; legacy entries (empty ownedGlobs) never appear" time="0.000057917">
        </testcase>
        <testcase classname="adws/core/__tests__/conditionalDocsRegistryQueries.test.ts" name="findOwningEntries &gt; multiple entries matching the same path are all returned" time="0.000340959">
        </testcase>
        <testcase classname="adws/core/__tests__/conditionalDocsRegistryQueries.test.ts" name="findOwningEntries &gt; returns [] for empty changedFilePaths" time="0.000040042">
        </testcase>
    </testsuite>
    <testsuite name="adws/core/__tests__/devServerLifecycle.healthy.test.ts" timestamp="2026-10-06T17:53:43.796Z" hostname="macmini.local" tests="21" failures="0" errors="0" skipped="0" time="0.037632208">
        <testcase classname="adws/core/__tests__/devServerLifecycle.healthy.test.ts" name="withHealthyDevServer — a server that starts &gt; runs work once on a healthy first attempt and stops the server after it" time="0.003023209">
        </testcase>
        <testcase classname="adws/core/__tests__/devServerLifecycle.healthy.test.ts" name="withHealthyDevServer — a server that starts &gt; stops each unhealthy attempt, and waits until it is gone, before spawning the next" time="0.002621208">
        </testcase>
        <testcase classname="adws/core/__tests__/devServerLifecycle.healthy.test.ts" name="withHealthyDevServer — a server that starts &gt; substitutes {PORT} into the start command and probes localhost on that port" time="0.002118708">
        </testcase>
        <testcase classname="adws/core/__tests__/devServerLifecycle.healthy.test.ts" name="withHealthyDevServer — a server that starts &gt; closes its descriptor on the output file right after spawning, before probing" time="0.000987833">
        </testcase>
        <testcase classname="adws/core/__tests__/devServerLifecycle.healthy.test.ts" name="withHealthyDevServer — a server that starts &gt; stops the server, and waits for it, when work throws" time="0.004777834">
        </testcase>
        <testcase classname="adws/core/__tests__/devServerLifecycle.healthy.test.ts" name="withHealthyDevServer — waiting for the group to stop &gt; resolves only once the group has stopped answering" time="0.003692041">
        </testcase>
        <testcase classname="adws/core/__tests__/devServerLifecycle.healthy.test.ts" name="withHealthyDevServer — waiting for the group to stop &gt; gives up on a group that never goes after KILL_GRACE_MS + PROBE_INTERVAL_MS, without an error" time="0.002895167">
        </testcase>
        <testcase classname="adws/core/__tests__/devServerLifecycle.healthy.test.ts" name="withHealthyDevServer — a server that does not start &gt; returns started:false with only the last attempt&apos;s output, without running work" time="0.002895292">
        </testcase>
        <testcase classname="adws/core/__tests__/devServerLifecycle.healthy.test.ts" name="withHealthyDevServer — a server that does not start &gt; reads the output only after the last attempt is gone, so the last words are in it" time="0.005855625">
        </testcase>
        <testcase classname="adws/core/__tests__/devServerLifecycle.healthy.test.ts" name="withHealthyDevServer — a server that does not start &gt; treats a spawn without a pid as unhealthy: it is neither probed nor killed" time="0.001542416">
        </testcase>
        <testcase classname="adws/core/__tests__/devServerLifecycle.healthy.test.ts" name="withHealthyDevServer — default dependencies &gt; spawns into the output file, probes over HTTP, and signals the group until it is gone" time="0.004089084">
        </testcase>
        <testcase classname="adws/core/__tests__/devServerLifecycle.healthy.test.ts" name="spawnServer output &gt; ignores the output by default and sends stdout and stderr to a given descriptor" time="0.00032575">
        </testcase>
        <testcase classname="adws/core/__tests__/devServerLifecycle.healthy.test.ts" name="devServerPort &gt; &quot;http://localhost:4123&quot; gives port 4123" time="0.00024">
        </testcase>
        <testcase classname="adws/core/__tests__/devServerLifecycle.healthy.test.ts" name="devServerPort &gt; &quot;http://localhost&quot; gives port 3000" time="0.000179834">
        </testcase>
        <testcase classname="adws/core/__tests__/devServerLifecycle.healthy.test.ts" name="devServerPort &gt; &quot;not a url&quot; gives port 3000" time="0.000179917">
        </testcase>
        <testcase classname="adws/core/__tests__/devServerLifecycle.healthy.test.ts" name="devServerPort &gt; &quot;&quot; gives port 3000" time="0.000170459">
        </testcase>
        <testcase classname="adws/core/__tests__/devServerLifecycle.healthy.test.ts" name="isDevServerConfigured &gt; is false for &quot;N/A&quot;" time="0.000175583">
        </testcase>
        <testcase classname="adws/core/__tests__/devServerLifecycle.healthy.test.ts" name="isDevServerConfigured &gt; is false for &quot;&quot;" time="0.000144167">
        </testcase>
        <testcase classname="adws/core/__tests__/devServerLifecycle.healthy.test.ts" name="isDevServerConfigured &gt; is false for &quot;   &quot;" time="0.000143083">
        </testcase>
        <testcase classname="adws/core/__tests__/devServerLifecycle.healthy.test.ts" name="isDevServerConfigured &gt; is false for &quot;  N/A \n&quot;" time="0.000143667">
        </testcase>
        <testcase classname="adws/core/__tests__/devServerLifecycle.healthy.test.ts" name="isDevServerConfigured &gt; is true for a command" time="0.000166416">
        </testcase>
    </testsuite>
    <testsuite name="adws/core/__tests__/devServerLifecycle.test.ts" timestamp="2026-10-06T17:53:43.797Z" hostname="macmini.local" tests="31" failures="0" errors="0" skipped="0" time="0.021912459">
        <testcase classname="adws/core/__tests__/devServerLifecycle.test.ts" name="substitutePort &gt; replaces {PORT} with the given port number" time="0.000938666">
        </testcase>
        <testcase classname="adws/core/__tests__/devServerLifecycle.test.ts" name="substitutePort &gt; replaces multiple {PORT} occurrences" time="0.000106625">
        </testcase>
        <testcase classname="adws/core/__tests__/devServerLifecycle.test.ts" name="substitutePort &gt; returns the command unchanged when there is no {PORT}" time="0.000085958">
        </testcase>
        <testcase classname="adws/core/__tests__/devServerLifecycle.test.ts" name="spawnServer &gt; calls spawn with detached: true" time="0.0010855">
        </testcase>
        <testcase classname="adws/core/__tests__/devServerLifecycle.test.ts" name="spawnServer &gt; calls spawn with shell: true" time="0.000179916">
        </testcase>
        <testcase classname="adws/core/__tests__/devServerLifecycle.test.ts" name="spawnServer &gt; passes the cwd option to spawn" time="0.000132875">
        </testcase>
        <testcase classname="adws/core/__tests__/devServerLifecycle.test.ts" name="spawnServer &gt; calls unref() on the spawned process" time="0.000089667">
        </testcase>
        <testcase classname="adws/core/__tests__/devServerLifecycle.test.ts" name="probeHealth &gt; returns true immediately when fetch responds with 200" time="0.000132667">
        </testcase>
        <testcase classname="adws/core/__tests__/devServerLifecycle.test.ts" name="probeHealth &gt; returns false when timeout elapses before a healthy response" time="0.001742291">
        </testcase>
        <testcase classname="adws/core/__tests__/devServerLifecycle.test.ts" name="probeHealth &gt; retries after each failed probe at the given interval" time="0.001426083">
        </testcase>
        <testcase classname="adws/core/__tests__/devServerLifecycle.test.ts" name="probeHealth &gt; treats non-2xx responses as probe failures" time="0.000901959">
        </testcase>
        <testcase classname="adws/core/__tests__/devServerLifecycle.test.ts" name="probeHealth &gt; sends GET request to the exact URL provided" time="0.000165583">
        </testcase>
        <testcase classname="adws/core/__tests__/devServerLifecycle.test.ts" name="killProcessGroup &gt; sends SIGTERM to the negative PID (process group)" time="0.000293709">
        </testcase>
        <testcase classname="adws/core/__tests__/devServerLifecycle.test.ts" name="killProcessGroup &gt; does not send SIGTERM to the positive PID" time="0.00012375">
        </testcase>
        <testcase classname="adws/core/__tests__/devServerLifecycle.test.ts" name="killProcessGroup &gt; escalates to SIGKILL after the grace period" time="0.000349667">
        </testcase>
        <testcase classname="adws/core/__tests__/devServerLifecycle.test.ts" name="killProcessGroup &gt; does not crash when SIGTERM target is already gone (ESRCH)" time="0.000371125">
        </testcase>
        <testcase classname="adws/core/__tests__/devServerLifecycle.test.ts" name="constants &gt; PROBE_INTERVAL_MS is 1000 (1 second)" time="0.000048541">
        </testcase>
        <testcase classname="adws/core/__tests__/devServerLifecycle.test.ts" name="constants &gt; PROBE_TIMEOUT_MS is 20000 (20 seconds)" time="0.000037958">
        </testcase>
        <testcase classname="adws/core/__tests__/devServerLifecycle.test.ts" name="constants &gt; MAX_START_ATTEMPTS is 3" time="0.000036208">
        </testcase>
        <testcase classname="adws/core/__tests__/devServerLifecycle.test.ts" name="constants &gt; KILL_GRACE_MS is 5000 (5 seconds)" time="0.000032333">
        </testcase>
        <testcase classname="adws/core/__tests__/devServerLifecycle.test.ts" name="withDevServer &gt; substitutes {PORT} in the start command before spawning" time="0.000727625">
        </testcase>
        <testcase classname="adws/core/__tests__/devServerLifecycle.test.ts" name="withDevServer &gt; spawns with detached: true" time="0.000784041">
        </testcase>
        <testcase classname="adws/core/__tests__/devServerLifecycle.test.ts" name="withDevServer &gt; probes the correct URL (localhost + port + healthPath)" time="0.00062025">
        </testcase>
        <testcase classname="adws/core/__tests__/devServerLifecycle.test.ts" name="withDevServer &gt; runs the work function exactly once on successful probe" time="0.00042175">
        </testcase>
        <testcase classname="adws/core/__tests__/devServerLifecycle.test.ts" name="withDevServer &gt; returns the value from the work function" time="0.00039475">
        </testcase>
        <testcase classname="adws/core/__tests__/devServerLifecycle.test.ts" name="withDevServer &gt; retries spawn exactly MAX_START_ATTEMPTS times when all probes fail" time="0.004925792">
            <system-err>
[devServerLifecycle] Dev server failed to become healthy after all attempts — running work anyway

            </system-err>
        </testcase>
        <testcase classname="adws/core/__tests__/devServerLifecycle.test.ts" name="withDevServer &gt; falls back to running work after all start attempts fail" time="0.003358375">
            <system-err>
[devServerLifecycle] Dev server failed to become healthy after all attempts — running work anyway

            </system-err>
        </testcase>
        <testcase classname="adws/core/__tests__/devServerLifecycle.test.ts" name="withDevServer &gt; kills the process group (negative PID) on successful cleanup" time="0.000309667">
        </testcase>
        <testcase classname="adws/core/__tests__/devServerLifecycle.test.ts" name="withDevServer &gt; kills the process group when work throws (finally-block cleanup)" time="0.000495">
        </testcase>
        <testcase classname="adws/core/__tests__/devServerLifecycle.test.ts" name="withDevServer &gt; re-throws the error from the work function" time="0.000262833">
        </testcase>
        <testcase classname="adws/core/__tests__/devServerLifecycle.test.ts" name="withDevServer &gt; escalates SIGTERM to SIGKILL after KILL_GRACE_MS on cleanup" time="0.000412291">
        </testcase>
    </testsuite>
    <testsuite name="adws/core/__tests__/docsDecisionViolations.test.ts" timestamp="2026-10-06T17:53:43.798Z" hostname="macmini.local" tests="21" failures="0" errors="0" skipped="0" time="0.005819875">
        <testcase classname="adws/core/__tests__/docsDecisionViolations.test.ts" name="findDecisionViolations &gt; reports nothing when the block and the section list the same records and the files exist" time="0.001440625">
        </testcase>
        <testcase classname="adws/core/__tests__/docsDecisionViolations.test.ts" name="findDecisionViolations &gt; reports a record the section lacks as onlyInBlock" time="0.000171375">
        </testcase>
        <testcase classname="adws/core/__tests__/docsDecisionViolations.test.ts" name="findDecisionViolations &gt; reports a section with no block as onlyInSection" time="0.000123125">
        </testcase>
        <testcase classname="adws/core/__tests__/docsDecisionViolations.test.ts" name="findDecisionViolations &gt; reports both differences when the two sides each hold a record the other lacks" time="0.000102667">
        </testcase>
        <testcase classname="adws/core/__tests__/docsDecisionViolations.test.ts" name="findDecisionViolations &gt; lists each difference ascending and distinct" time="0.000330875">
        </testcase>
        <testcase classname="adws/core/__tests__/docsDecisionViolations.test.ts" name="findDecisionViolations &gt; reports a block with no section at all" time="0.000081125">
        </testcase>
        <testcase classname="adws/core/__tests__/docsDecisionViolations.test.ts" name="findDecisionViolations &gt; reports an unknown record, and a mismatch as well when the section lacks it" time="0.00009475">
        </testcase>
        <testcase classname="adws/core/__tests__/docsDecisionViolations.test.ts" name="findDecisionViolations &gt; reports a malformed block item as an unknown record" time="0.000115875">
        </testcase>
        <testcase classname="adws/core/__tests__/docsDecisionViolations.test.ts" name="findDecisionViolations &gt; reports each unknown block item once, however often it is listed" time="0.000400542">
        </testcase>
        <testcase classname="adws/core/__tests__/docsDecisionViolations.test.ts" name="findDecisionViolations &gt; reports only a dead link when the slug is wrong but the numbers agree" time="0.000118625">
        </testcase>
        <testcase classname="adws/core/__tests__/docsDecisionViolations.test.ts" name="findDecisionViolations &gt; reports a link without its ../ as a dead link" time="0.000078083">
        </testcase>
        <testcase classname="adws/core/__tests__/docsDecisionViolations.test.ts" name="findDecisionViolations &gt; reports a URL to a record as a dead link" time="0.000067375">
        </testcase>
        <testcase classname="adws/core/__tests__/docsDecisionViolations.test.ts" name="findDecisionViolations &gt; accepts a root-relative link that reaches the record" time="0.000049084">
        </testcase>
        <testcase classname="adws/core/__tests__/docsDecisionViolations.test.ts" name="findDecisionViolations &gt; ignores order and duplicates" time="0.000063458">
        </testcase>
        <testcase classname="adws/core/__tests__/docsDecisionViolations.test.ts" name="findDecisionViolations &gt; orders an entry&apos;s findings: unknown records, then dead links, then the mismatch" time="0.000055083">
        </testcase>
        <testcase classname="adws/core/__tests__/docsDecisionViolations.test.ts" name="findDecisionViolations &gt; reports nothing for a repository without ADRs, blocks or sections" time="0.000038792">
        </testcase>
        <testcase classname="adws/core/__tests__/docsDecisionViolations.test.ts" name="findDecisionViolations &gt; reports an unknown record and a dead link, but no mismatch, for a block in a repository without ADRs" time="0.000051709">
        </testcase>
        <testcase classname="adws/core/__tests__/docsDecisionViolations.test.ts" name="findDecisionViolations &gt; ignores a ## Decisions heading of prose that links no record" time="0.000033166">
        </testcase>
        <testcase classname="adws/core/__tests__/docsDecisionViolations.test.ts" name="findDecisionViolations &gt; treats an unreadable doc as a doc with no section" time="0.000043417">
        </testcase>
        <testcase classname="adws/core/__tests__/docsDecisionViolations.test.ts" name="findDecisionViolations &gt; reads every entry&apos;s doc, in entry order" time="0.000075">
        </testcase>
        <testcase classname="adws/core/__tests__/docsDecisionViolations.test.ts" name="findDecisionViolations &gt; does not mutate the registry" time="0.001537666">
        </testcase>
    </testsuite>
    <testsuite name="adws/core/__tests__/docsDecisions.test.ts" timestamp="2026-10-06T17:53:43.799Z" hostname="macmini.local" tests="30" failures="0" errors="0" skipped="0" time="0.005318125">
        <testcase classname="adws/core/__tests__/docsDecisions.test.ts" name="findAdrNumbers &gt; picks the number of a record file directly under specs/adr/" time="0.000931334">
        </testcase>
        <testcase classname="adws/core/__tests__/docsDecisions.test.ts" name="findAdrNumbers &gt; ignores specs/adr/README.md" time="0.000123">
        </testcase>
        <testcase classname="adws/core/__tests__/docsDecisions.test.ts" name="findAdrNumbers &gt; ignores specs/adr/sub/0001-x.md" time="0.000052459">
        </testcase>
        <testcase classname="adws/core/__tests__/docsDecisions.test.ts" name="findAdrNumbers &gt; ignores specs/adr/44-x.md" time="0.000049084">
        </testcase>
        <testcase classname="adws/core/__tests__/docsDecisions.test.ts" name="findAdrNumbers &gt; ignores specs/adr/0044.md" time="0.000049">
        </testcase>
        <testcase classname="adws/core/__tests__/docsDecisions.test.ts" name="findAdrNumbers &gt; ignores specs/adr/0044-x.txt" time="0.000038625">
        </testcase>
        <testcase classname="adws/core/__tests__/docsDecisions.test.ts" name="findAdrNumbers &gt; ignores app_docs/0044-x.md" time="0.000039">
        </testcase>
        <testcase classname="adws/core/__tests__/docsDecisions.test.ts" name="findAdrNumbers &gt; is empty for a repository without specs/adr/" time="0.000050666">
        </testcase>
        <testcase classname="adws/core/__tests__/docsDecisions.test.ts" name="parseDecisionLinks &gt; extracts the links of the ## Decisions section and resolves ../specs/adr/… against the doc" time="0.000513084">
        </testcase>
        <testcase classname="adws/core/__tests__/docsDecisions.test.ts" name="parseDecisionLinks &gt; ignores ADR links in other sections" time="0.000122375">
        </testcase>
        <testcase classname="adws/core/__tests__/docsDecisions.test.ts" name="parseDecisionLinks &gt; ends the section at the next ## heading but not at a ### heading" time="0.000097916">
        </testcase>
        <testcase classname="adws/core/__tests__/docsDecisions.test.ts" name="parseDecisionLinks &gt; ends the section at a # heading" time="0.000063042">
        </testcase>
        <testcase classname="adws/core/__tests__/docsDecisions.test.ts" name="parseDecisionLinks &gt; starts a section at a heading with trailing whitespace" time="0.000072958">
        </testcase>
        <testcase classname="adws/core/__tests__/docsDecisions.test.ts" name="parseDecisionLinks &gt; is empty for a doc with no ## Decisions section" time="0.000054917">
        </testcase>
        <testcase classname="adws/core/__tests__/docsDecisions.test.ts" name="parseDecisionLinks &gt; ignores a heading and links inside a ``` fence" time="0.000057292">
        </testcase>
        <testcase classname="adws/core/__tests__/docsDecisions.test.ts" name="parseDecisionLinks &gt; ignores a heading and links inside a ~~~ fence" time="0.000038792">
        </testcase>
        <testcase classname="adws/core/__tests__/docsDecisions.test.ts" name="parseDecisionLinks &gt; ignores a heading and links inside a ```md fence" time="0.00004">
        </testcase>
        <testcase classname="adws/core/__tests__/docsDecisions.test.ts" name="parseDecisionLinks &gt; skips links inside a fence that sits within the section" time="0.000052166">
        </testcase>
        <testcase classname="adws/core/__tests__/docsDecisions.test.ts" name="parseDecisionLinks &gt; does not let a ~~~ line close a backtick fence" time="0.000044792">
        </testcase>
        <testcase classname="adws/core/__tests__/docsDecisions.test.ts" name="parseDecisionLinks &gt; strips a #fragment from the target" time="0.000052375">
        </testcase>
        <testcase classname="adws/core/__tests__/docsDecisions.test.ts" name="parseDecisionLinks &gt; reads the target of a link that carries a title" time="0.000052917">
        </testcase>
        <testcase classname="adws/core/__tests__/docsDecisions.test.ts" name="parseDecisionLinks &gt; reads several links on one line" time="0.000109375">
        </testcase>
        <testcase classname="adws/core/__tests__/docsDecisions.test.ts" name="parseDecisionLinks &gt; ignores the ADR index, other docs and URLs that do not end in a record path" time="0.000043667">
        </testcase>
        <testcase classname="adws/core/__tests__/docsDecisions.test.ts" name="parseDecisionLinks &gt; treats a URL that ends in a record path as a decision link that is not a repository file" time="0.00013375">
        </testcase>
        <testcase classname="adws/core/__tests__/docsDecisions.test.ts" name="parseDecisionLinks &gt; reports a link missing its ../ with the path it resolves to from the doc directory" time="0.000041208">
        </testcase>
        <testcase classname="adws/core/__tests__/docsDecisions.test.ts" name="parseDecisionLinks &gt; resolves a root-relative target from the repository root" time="0.001500042">
        </testcase>
        <testcase classname="adws/core/__tests__/docsDecisions.test.ts" name="parseDecisionLinks &gt; resolves a root-level doc against the root, with no ../" time="0.000067417">
        </testcase>
        <testcase classname="adws/core/__tests__/docsDecisions.test.ts" name="parseDecisionLinks &gt; resolves against a nested doc directory" time="0.000035166">
        </testcase>
        <testcase classname="adws/core/__tests__/docsDecisions.test.ts" name="parseDecisionLinks &gt; reads a doc with CRLF line endings, tilde fences included" time="0.000048208">
        </testcase>
        <testcase classname="adws/core/__tests__/docsDecisions.test.ts" name="parseDecisionLinks &gt; reads two ## Decisions sections" time="0.000044041">
        </testcase>
    </testsuite>
    <testsuite name="adws/core/__tests__/docsGuards.test.ts" timestamp="2026-10-06T17:53:43.800Z" hostname="macmini.local" tests="25" failures="0" errors="0" skipped="0" time="0.003555667">
        <testcase classname="adws/core/__tests__/docsGuards.test.ts" name="globsOverlap &gt; identical globs → overlap" time="0.000676958">
        </testcase>
        <testcase classname="adws/core/__tests__/docsGuards.test.ts" name="globsOverlap &gt; nested glob contains literal → overlap" time="0.0001155">
        </testcase>
        <testcase classname="adws/core/__tests__/docsGuards.test.ts" name="globsOverlap &gt; sibling-disjoint roots → no overlap" time="0.000065834">
        </testcase>
        <testcase classname="adws/core/__tests__/docsGuards.test.ts" name="globsOverlap &gt; segment-collision adws/core vs adws/coreutils → no overlap" time="0.000077375">
        </testcase>
        <testcase classname="adws/core/__tests__/docsGuards.test.ts" name="globsOverlap &gt; parent prefix adws/** vs adws/core/** → overlap" time="0.000057958">
        </testcase>
        <testcase classname="adws/core/__tests__/docsGuards.test.ts" name="globsOverlap &gt; unrelated trees src vs adws → no overlap" time="0.000051417">
        </testcase>
        <testcase classname="adws/core/__tests__/docsGuards.test.ts" name="checkBloat &gt; lineCount &lt; threshold → no flag" time="0.00026325">
        </testcase>
        <testcase classname="adws/core/__tests__/docsGuards.test.ts" name="checkBloat &gt; lineCount === threshold → no flag (at-threshold is not bloat)" time="0.000058042">
        </testcase>
        <testcase classname="adws/core/__tests__/docsGuards.test.ts" name="checkBloat &gt; lineCount === threshold + 1 → one flag with correct fields" time="0.000394333">
        </testcase>
        <testcase classname="adws/core/__tests__/docsGuards.test.ts" name="checkBloat &gt; multiple docs → only over-threshold flagged" time="0.000094833">
        </testcase>
        <testcase classname="adws/core/__tests__/docsGuards.test.ts" name="checkBloat &gt; empty sizes → no flags" time="0.000049125">
        </testcase>
        <testcase classname="adws/core/__tests__/docsGuards.test.ts" name="checkBloat &gt; DOC_BLOAT_THRESHOLD_LINES at-boundary: at → no flag, over → one flag" time="0.00011175">
        </testcase>
        <testcase classname="adws/core/__tests__/docsGuards.test.ts" name="checkBloat &gt; does not mutate input array" time="0.000050542">
        </testcase>
        <testcase classname="adws/core/__tests__/docsGuards.test.ts" name="checkRegrowth &gt; identical owned glob → one regrowth flag naming both docPaths" time="0.000145292">
        </testcase>
        <testcase classname="adws/core/__tests__/docsGuards.test.ts" name="checkRegrowth &gt; nested/subset globs → flagged" time="0.000074042">
        </testcase>
        <testcase classname="adws/core/__tests__/docsGuards.test.ts" name="checkRegrowth &gt; sibling-disjoint globs → no flag (no false positive)" time="0.000052917">
        </testcase>
        <testcase classname="adws/core/__tests__/docsGuards.test.ts" name="checkRegrowth &gt; segment-collision adws/core vs adws/coreutils → no flag" time="0.000047833">
        </testcase>
        <testcase classname="adws/core/__tests__/docsGuards.test.ts" name="checkRegrowth &gt; two legacy entries (ownedGlobs: []) → no flag" time="0.000049208">
        </testcase>
        <testcase classname="adws/core/__tests__/docsGuards.test.ts" name="checkRegrowth &gt; one legacy + one real entry → no flag" time="0.000042375">
        </testcase>
        <testcase classname="adws/core/__tests__/docsGuards.test.ts" name="checkRegrowth &gt; single entry → no flags" time="0.000045167">
        </testcase>
        <testcase classname="adws/core/__tests__/docsGuards.test.ts" name="checkRegrowth &gt; empty entries → no flags" time="0.000031417">
        </testcase>
        <testcase classname="adws/core/__tests__/docsGuards.test.ts" name="checkRegrowth &gt; does not mutate input array" time="0.00004475">
        </testcase>
        <testcase classname="adws/core/__tests__/docsGuards.test.ts" name="runDocsGuards &gt; returns both flag sets" time="0.000117167">
        </testcase>
        <testcase classname="adws/core/__tests__/docsGuards.test.ts" name="runDocsGuards &gt; uses DOC_BLOAT_THRESHOLD_LINES by default" time="0.000059083">
        </testcase>
        <testcase classname="adws/core/__tests__/docsGuards.test.ts" name="runDocsGuards &gt; empty inputs → no flags" time="0.00004775">
        </testcase>
    </testsuite>
    <testsuite name="adws/core/__tests__/docsIndexHealth.test.ts" timestamp="2026-10-06T17:53:43.801Z" hostname="macmini.local" tests="29" failures="0" errors="0" skipped="0" time="0.013449709">
        <testcase classname="adws/core/__tests__/docsIndexHealth.test.ts" name="isFeatureDocPath &gt; matches a direct-child app_docs/feature-*.md path" time="0.00145975">
        </testcase>
        <testcase classname="adws/core/__tests__/docsIndexHealth.test.ts" name="isFeatureDocPath &gt; rejects app_docs/assets/** paths" time="0.000213125">
        </testcase>
        <testcase classname="adws/core/__tests__/docsIndexHealth.test.ts" name="isFeatureDocPath &gt; rejects nested feature paths" time="0.000122542">
        </testcase>
        <testcase classname="adws/core/__tests__/docsIndexHealth.test.ts" name="isFeatureDocPath &gt; rejects top-level README paths" time="0.000135667">
        </testcase>
        <testcase classname="adws/core/__tests__/docsIndexHealth.test.ts" name="findRepairs &gt; README entries are not dangling when present in files" time="0.000611334">
        </testcase>
        <testcase classname="adws/core/__tests__/docsIndexHealth.test.ts" name="findRepairs &gt; an entry whose doc file is absent produces a drop-dangling-entry repair" time="0.000272834">
        </testcase>
        <testcase classname="adws/core/__tests__/docsIndexHealth.test.ts" name="findRepairs &gt; a dead glob produces a prune-dead-glob repair while a live glob in the same registry survives untouched" time="0.000152333">
        </testcase>
        <testcase classname="adws/core/__tests__/docsIndexHealth.test.ts" name="findRepairs &gt; a legacy entry (no Owns:) with a present doc file produces no repair" time="0.0000825">
        </testcase>
        <testcase classname="adws/core/__tests__/docsIndexHealth.test.ts" name="findRepairs &gt; a dangling entry short-circuits — its globs are not separately reported as dead" time="0.000181084">
        </testcase>
        <testcase classname="adws/core/__tests__/docsIndexHealth.test.ts" name="applyRepairs &gt; never mutates the input registry or its entries (deep-equal before/after)" time="0.000236125">
        </testcase>
        <testcase classname="adws/core/__tests__/docsIndexHealth.test.ts" name="applyRepairs &gt; drops entries named by a drop-dangling-entry repair and preserves entry order" time="0.000084292">
        </testcase>
        <testcase classname="adws/core/__tests__/docsIndexHealth.test.ts" name="applyRepairs &gt; filters only the dead glob, leaving the entry as a legacy entry when its last glob dies" time="0.000379958">
        </testcase>
        <testcase classname="adws/core/__tests__/docsIndexHealth.test.ts" name="findViolations &gt; detects an orphan doc file that no entry indexes, and never flags app_docs/assets/**" time="0.000353416">
        </testcase>
        <testcase classname="adws/core/__tests__/docsIndexHealth.test.ts" name="findViolations &gt; detects a duplicate docPath" time="0.000078125">
        </testcase>
        <testcase classname="adws/core/__tests__/docsIndexHealth.test.ts" name="findViolations &gt; aggregates an overlap once per pair with every overlapping file, and legacy entries never overlap" time="0.000449709">
        </testcase>
        <testcase classname="adws/core/__tests__/docsIndexHealth.test.ts" name="findViolations &gt; count 24 against the band → violation=true" time="0.000129375">
        </testcase>
        <testcase classname="adws/core/__tests__/docsIndexHealth.test.ts" name="findViolations &gt; count 25 against the band → violation=false" time="0.000070292">
        </testcase>
        <testcase classname="adws/core/__tests__/docsIndexHealth.test.ts" name="findViolations &gt; count 60 against the band → violation=false" time="0.000325708">
        </testcase>
        <testcase classname="adws/core/__tests__/docsIndexHealth.test.ts" name="findViolations &gt; count 61 against the band → violation=true" time="0.000335166">
        </testcase>
        <testcase classname="adws/core/__tests__/docsIndexHealth.test.ts" name="findViolations &gt; band = null skips the count check entirely" time="0.000168541">
        </testcase>
        <testcase classname="adws/core/__tests__/docsIndexHealth.test.ts" name="findViolations &gt; reports non-canonical content with the first diverging line" time="0.000276125">
        </testcase>
        <testcase classname="adws/core/__tests__/docsIndexHealth.test.ts" name="findViolations &gt; empty content parses to no entries and does not crash" time="0.0001065">
        </testcase>
        <testcase classname="adws/core/__tests__/docsIndexHealth.test.ts" name="assessDocsIndexHealth &gt; computes violations on the repaired registry — a dangling entry above the band max does not trip the band once dropped" time="0.001177667">
        </testcase>
        <testcase classname="adws/core/__tests__/docsIndexHealth.test.ts" name="assessDocsIndexHealth &gt; a fully healthy index yields no repairs and no violations" time="0.004152">
        </testcase>
        <testcase classname="adws/core/__tests__/docsIndexHealth.test.ts" name="formatViolation &gt; truncates an overlap violation to 5 files with a trailing count" time="0.000179125">
        </testcase>
        <testcase classname="adws/core/__tests__/docsIndexHealth.test.ts" name="formatViolation &gt; renders a decisions mismatch with each list ascending" time="0.000054375">
        </testcase>
        <testcase classname="adws/core/__tests__/docsIndexHealth.test.ts" name="formatViolation &gt; renders an empty side of a decisions mismatch as none" time="0.00003525">
        </testcase>
        <testcase classname="adws/core/__tests__/docsIndexHealth.test.ts" name="formatViolation &gt; renders an unknown decision record" time="0.000029791">
        </testcase>
        <testcase classname="adws/core/__tests__/docsIndexHealth.test.ts" name="formatViolation &gt; renders a dead decision link" time="0.000026292">
        </testcase>
    </testsuite>
    <testsuite name="adws/core/__tests__/docsIndexHealthDecisions.test.ts" timestamp="2026-10-06T17:53:43.802Z" hostname="macmini.local" tests="5" failures="0" errors="0" skipped="0" time="0.008703625">
        <testcase classname="adws/core/__tests__/docsIndexHealthDecisions.test.ts" name="applyRepairs — decisions &gt; keeps the decisions of an entry whose dead glob is pruned" time="0.002022125">
        </testcase>
        <testcase classname="adws/core/__tests__/docsIndexHealthDecisions.test.ts" name="findViolations — decisions &gt; an index whose first entry ends in a Decisions: block reports no non-canonical violation" time="0.001491375">
        </testcase>
        <testcase classname="adws/core/__tests__/docsIndexHealthDecisions.test.ts" name="assessDocsIndexHealth — decisions &gt; reports a block whose doc lacks the section and a block naming a missing record, and repairs nothing for them" time="0.001288083">
        </testcase>
        <testcase classname="adws/core/__tests__/docsIndexHealthDecisions.test.ts" name="assessDocsIndexHealth — decisions &gt; does not check a dangling entry that carries a block — only its drop repair is reported" time="0.000155916">
        </testcase>
        <testcase classname="adws/core/__tests__/docsIndexHealthDecisions.test.ts" name="assessDocsIndexHealth — decisions &gt; a fully healthy index with blocks, matching sections and record files has no violations" time="0.002457792">
        </testcase>
    </testsuite>
    <testsuite name="adws/core/__tests__/docsIndexReportBody.test.ts" timestamp="2026-10-06T17:53:43.802Z" hostname="macmini.local" tests="20" failures="0" errors="0" skipped="0" time="0.008433959">
        <testcase classname="adws/core/__tests__/docsIndexReportBody.test.ts" name="docsIndexViolationFingerprint &gt; is stable across violation ordering" time="0.001981">
        </testcase>
        <testcase classname="adws/core/__tests__/docsIndexReportBody.test.ts" name="docsIndexViolationFingerprint &gt; differs when the violation set differs" time="0.000654292">
        </testcase>
        <testcase classname="adws/core/__tests__/docsIndexReportBody.test.ts" name="docsIndexViolationFingerprint &gt; differs when a decisions violation is added" time="0.000233917">
        </testcase>
        <testcase classname="adws/core/__tests__/docsIndexReportBody.test.ts" name="docsIndexViolationFingerprint &gt; is a 12-character hex string" time="0.000190833">
        </testcase>
        <testcase classname="adws/core/__tests__/docsIndexReportBody.test.ts" name="buildDocsIndexReportIssue &gt; carries the marker and fingerprint lines, and exactly the hitl + adw:none labels" time="0.000585334">
        </testcase>
        <testcase classname="adws/core/__tests__/docsIndexReportBody.test.ts" name="buildDocsIndexReportIssue &gt; names the overlapping pair, the orphan doc, and the count against the band in the body" time="0.000267125">
        </testcase>
        <testcase classname="adws/core/__tests__/docsIndexReportBody.test.ts" name="buildDocsIndexReportIssue &gt; gives each decisions finding its own heading and names its doc" time="0.000300334">
        </testcase>
        <testcase classname="adws/core/__tests__/docsIndexReportBody.test.ts" name="buildDocsIndexReportIssue &gt; lists the decisions sections after the duplicate entries and before the non-canonical and count sections" time="0.00032325">
        </testcase>
        <testcase classname="adws/core/__tests__/docsIndexReportBody.test.ts" name="buildDocsIndexReportIssue &gt; says a decisions finding resolves toward the index, whose Decisions: block is authoritative" time="0.000218583">
        </testcase>
        <testcase classname="adws/core/__tests__/docsIndexReportBody.test.ts" name="buildDocsIndexReportIssue &gt; titles with the violation count and index path" time="0.000275875">
        </testcase>
        <testcase classname="adws/core/__tests__/docsIndexReportBody.test.ts" name="buildDocsIndexReportIssue &gt; names the default branch the code host reports" time="0.000250333">
        </testcase>
        <testcase classname="adws/core/__tests__/docsIndexReportBody.test.ts" name="buildDocsIndexReportIssue &gt; names no branch when the default branch is unknown, and still names the index path" time="0.000177542">
        </testcase>
        <testcase classname="adws/core/__tests__/docsIndexReportBody.test.ts" name="buildDocsIndexReportIssue &gt; computes the fingerprint from the violations only, so an unknown branch never refreshes an open report" time="0.000472375">
        </testcase>
        <testcase classname="adws/core/__tests__/docsIndexReportBody.test.ts" name="parseDocsIndexReportMarker &gt; round-trips through buildDocsIndexReportIssue" time="0.00016725">
        </testcase>
        <testcase classname="adws/core/__tests__/docsIndexReportBody.test.ts" name="parseDocsIndexReportMarker &gt; returns null when the marker is absent" time="0.000097291">
        </testcase>
        <testcase classname="adws/core/__tests__/docsIndexReportBody.test.ts" name="parseDocsIndexReportMarker &gt; returns null when the marker is present but the fingerprint line is missing" time="0.000071583">
        </testcase>
        <testcase classname="adws/core/__tests__/docsIndexReportBody.test.ts" name="findOpenDocsIndexReport &gt; returns null when no issue carries the marker" time="0.000238708">
        </testcase>
        <testcase classname="adws/core/__tests__/docsIndexReportBody.test.ts" name="findOpenDocsIndexReport &gt; the lowest-numbered open issue wins when more than one carries the marker" time="0.000160416">
        </testcase>
        <testcase classname="adws/core/__tests__/docsIndexReportBody.test.ts" name="findOpenDocsIndexReport &gt; ignores a closed marker issue" time="0.000084416">
        </testcase>
        <testcase classname="adws/core/__tests__/docsIndexReportBody.test.ts" name="findOpenDocsIndexReport &gt; treats an issue with no state field as open" time="0.000077041">
        </testcase>
    </testsuite>
    <testsuite name="adws/core/__tests__/environment.test.ts" timestamp="2026-10-06T17:53:43.802Z" hostname="macmini.local" tests="10" failures="0" errors="0" skipped="0" time="0.005805791">
        <testcase classname="adws/core/__tests__/environment.test.ts" name="getSafeSubprocessEnv &gt; excludes GITHUB_PERSONAL_ACCESS_TOKEN even when set in process.env" time="0.002210834">
        </testcase>
        <testcase classname="adws/core/__tests__/environment.test.ts" name="getSafeSubprocessEnv &gt; forwards GITHUB_PAT when set in process.env" time="0.000243167">
        </testcase>
        <testcase classname="adws/core/__tests__/environment.test.ts" name="buildClaudeLaunchEnv &gt; disables auto-memory when no overlay is given" time="0.000173625">
        </testcase>
        <testcase classname="adws/core/__tests__/environment.test.ts" name="buildClaudeLaunchEnv &gt; disables auto-memory even when the process environment or the overlay turns it on" time="0.000119375">
        </testcase>
        <testcase classname="adws/core/__tests__/environment.test.ts" name="buildClaudeLaunchEnv &gt; lets overlay keys win over the allowlisted environment" time="0.000111667">
        </testcase>
        <testcase classname="adws/core/__tests__/environment.test.ts" name="buildClaudeLaunchEnv &gt; leaves out a process variable that is not on the allowlist" time="0.000103875">
        </testcase>
        <testcase classname="adws/core/__tests__/environment.test.ts" name="buildClaudeLaunchEnv &gt; forwards ANTHROPIC_API_KEY when it is set, and omits it when it is not" time="0.000110584">
        </testcase>
        <testcase classname="adws/core/__tests__/environment.test.ts" name="buildClaudeLaunchEnv &gt; does not mutate process.env" time="0.000605375">
        </testcase>
        <testcase classname="adws/core/__tests__/environment.test.ts" name="resolveClaudeCodePath &gt; re-resolves when CLAUDE_CODE_PATH changes mid-process instead of returning a stale cached path" time="0.000626833">
        </testcase>
        <testcase classname="adws/core/__tests__/environment.test.ts" name="resolveClaudeCodePath &gt; returns the cached path when CLAUDE_CODE_PATH is unchanged between calls" time="0.000286667">
        </testcase>
    </testsuite>
    <testsuite name="adws/core/__tests__/execWithRetry.test.ts" timestamp="2026-10-06T17:53:43.803Z" hostname="macmini.local" tests="13" failures="0" errors="0" skipped="0" time="0.005271084">
        <testcase classname="adws/core/__tests__/execWithRetry.test.ts" name="execWithRetry — non-retryable pattern detection &gt; throws immediately on &quot;is not mergeable&quot; error without retrying" time="0.002217375">
        </testcase>
        <testcase classname="adws/core/__tests__/execWithRetry.test.ts" name="execWithRetry — non-retryable pattern detection &gt; throws immediately on &quot;No commits between&quot; error without retrying" time="0.000148417">
        </testcase>
        <testcase classname="adws/core/__tests__/execWithRetry.test.ts" name="execWithRetry — non-retryable pattern detection &gt; throws immediately on &quot;already exists&quot; error without retrying" time="0.000127291">
        </testcase>
        <testcase classname="adws/core/__tests__/execWithRetry.test.ts" name="execWithRetry — non-retryable pattern detection &gt; matches non-retryable pattern as substring of longer message" time="0.000114708">
        </testcase>
        <testcase classname="adws/core/__tests__/execWithRetry.test.ts" name="execWithRetry — non-retryable pattern detection &gt; throws immediately on &quot;gh auth login&quot; error without retrying" time="0.000120958">
        </testcase>
        <testcase classname="adws/core/__tests__/execWithRetry.test.ts" name="execWithRetry — non-retryable pattern detection &gt; throws immediately on &quot;HTTP 401&quot; error without retrying" time="0.000107375">
        </testcase>
        <testcase classname="adws/core/__tests__/execWithRetry.test.ts" name="execWithRetry — non-retryable pattern detection &gt; throws immediately on &quot;Bad credentials&quot; error without retrying" time="0.000086">
        </testcase>
        <testcase classname="adws/core/__tests__/execWithRetry.test.ts" name="execWithRetry — non-retryable pattern detection &gt; throws immediately on &quot;authentication&quot; error without retrying" time="0.000087208">
        </testcase>
        <testcase classname="adws/core/__tests__/execWithRetry.test.ts" name="execWithRetry — non-retryable pattern detection &gt; throws immediately on &quot;GH_TOKEN&quot; error without retrying" time="0.000105208">
        </testcase>
        <testcase classname="adws/core/__tests__/execWithRetry.test.ts" name="execWithRetry — transient error retries &gt; retries transient errors up to maxAttempts (default 3)" time="0.000160916">
        </testcase>
        <testcase classname="adws/core/__tests__/execWithRetry.test.ts" name="execWithRetry — transient error retries &gt; returns output when command succeeds after transient failures" time="0.000144417">
        </testcase>
        <testcase classname="adws/core/__tests__/execWithRetry.test.ts" name="execWithRetry — transient error retries &gt; respects custom maxAttempts option" time="0.000090542">
        </testcase>
        <testcase classname="adws/core/__tests__/execWithRetry.test.ts" name="execWithRetry — successful execution &gt; returns trimmed stdout on first attempt" time="0.000053792">
        </testcase>
    </testsuite>
    <testsuite name="adws/core/__tests__/fixRoundGuard.config.test.ts" timestamp="2026-10-06T17:53:43.803Z" hostname="macmini.local" tests="20" failures="0" errors="0" skipped="0" time="0.005078542">
        <testcase classname="adws/core/__tests__/fixRoundGuard.config.test.ts" name="buildFixRoundGuardConfig — the repository’s additions &gt; honours an addition, and marks it as the repository’s" time="0.00151475">
        </testcase>
        <testcase classname="adws/core/__tests__/fixRoundGuard.config.test.ts" name="buildFixRoundGuardConfig — the repository’s additions &gt; honours an addition when no language was detected" time="0.000510083">
        </testcase>
        <testcase classname="adws/core/__tests__/fixRoundGuard.config.test.ts" name="buildFixRoundGuardConfig — the repository’s additions &gt; applies no framework pattern when no language was detected" time="0.000102125">
        </testcase>
        <testcase classname="adws/core/__tests__/fixRoundGuard.config.test.ts" name="buildFixRoundGuardConfig — the repository’s additions &gt; keeps the framework patterns, first, whatever the repository adds" time="0.000381791">
        </testcase>
        <testcase classname="adws/core/__tests__/fixRoundGuard.config.test.ts" name="buildFixRoundGuardConfig — the repository’s additions &gt; reads an empty section, &quot;N/A&quot; and a section of comments as no additions" time="0.000294333">
        </testcase>
        <testcase classname="adws/core/__tests__/fixRoundGuard.config.test.ts" name="buildFixRoundGuardConfig — an entry that tries to remove a framework pattern &gt; has no effect, and is reported" time="0.000534416">
        </testcase>
        <testcase classname="adws/core/__tests__/fixRoundGuard.config.test.ts" name="buildFixRoundGuardConfig — an entry that tries to remove a framework pattern &gt; is not added as a pattern of its own" time="0.0000825">
        </testcase>
        <testcase classname="adws/core/__tests__/fixRoundGuard.config.test.ts" name="buildFixRoundGuardConfig — an entry that tries to remove a framework pattern &gt; does not double a framework pattern the repository lists again" time="0.00017275">
        </testcase>
        <testcase classname="adws/core/__tests__/fixRoundGuard.config.test.ts" name="buildFixRoundGuardConfig — an entry that tries to remove a framework pattern &gt; reads - -@ts-ignore as an addition, and leaves @ts-ignore a framework pattern" time="0.000156542">
        </testcase>
        <testcase classname="adws/core/__tests__/fixRoundGuard.config.test.ts" name="buildFixRoundGuardConfig — an entry that tries to remove a framework pattern &gt; reads - allow: @ts-ignore as an addition, and leaves @ts-ignore a framework pattern" time="0.000113917">
        </testcase>
        <testcase classname="adws/core/__tests__/fixRoundGuard.config.test.ts" name="parseSuppressionPatternAdditions &gt; reads one pattern per line, whichever list marker it has" time="0.000078708">
        </testcase>
        <testcase classname="adws/core/__tests__/fixRoundGuard.config.test.ts" name="parseSuppressionPatternAdditions &gt; strips the backticks around a pattern" time="0.000045083">
        </testcase>
        <testcase classname="adws/core/__tests__/fixRoundGuard.config.test.ts" name="parseSuppressionPatternAdditions &gt; keeps a pattern that starts with a hyphen but is not a list marker" time="0.000039">
        </testcase>
        <testcase classname="adws/core/__tests__/fixRoundGuard.config.test.ts" name="parseSuppressionPatternAdditions &gt; skips blank lines and fence markers" time="0.000039917">
        </testcase>
        <testcase classname="adws/core/__tests__/fixRoundGuard.config.test.ts" name="parseSuppressionPatternAdditions &gt; skips HTML comments, on one line or several" time="0.00003675">
        </testcase>
        <testcase classname="adws/core/__tests__/fixRoundGuard.config.test.ts" name="parseSuppressionPatternAdditions &gt; reads &quot;N/A&quot;, in any case, as no additions" time="0.000047333">
        </testcase>
        <testcase classname="adws/core/__tests__/fixRoundGuard.config.test.ts" name="parseSuppressionPatternAdditions &gt; puts an entry that starts with an exclamation mark among the ignored ones" time="0.000039292">
        </testcase>
        <testcase classname="adws/core/__tests__/fixRoundGuard.config.test.ts" name="parseSuppressionPatternAdditions &gt; trims every entry" time="0.00003125">
        </testcase>
        <testcase classname="adws/core/__tests__/fixRoundGuard.config.test.ts" name="parseSuppressionPatternAdditions &gt; never reads an entry that is empty once its markers are gone" time="0.000033125">
        </testcase>
        <testcase classname="adws/core/__tests__/fixRoundGuard.config.test.ts" name="parseSuppressionPatternAdditions &gt; reads an empty section as no additions" time="0.0000315">
        </testcase>
    </testsuite>
    <testsuite name="adws/core/__tests__/fixRoundGuard.protectedPaths.test.ts" timestamp="2026-10-06T17:53:43.804Z" hostname="macmini.local" tests="297" failures="0" errors="0" skipped="0" time="0.025685792">
        <testcase classname="adws/core/__tests__/fixRoundGuard.protectedPaths.test.ts" name="evaluateFixRound — every protected path &gt; has rules for each of the five categories" time="0.001270375">
        </testcase>
        <testcase classname="adws/core/__tests__/fixRoundGuard.protectedPaths.test.ts" name="evaluateFixRound — every protected path &gt; anchors every pattern and keeps it free of state" time="0.000700708">
        </testcase>
        <testcase classname="adws/core/__tests__/fixRoundGuard.protectedPaths.test.ts" name="evaluateFixRound — every protected path &gt; .adw/commands.md &gt; is rejected when a round makes it added, with the category of its rule" time="0.000556375">
        </testcase>
        <testcase classname="adws/core/__tests__/fixRoundGuard.protectedPaths.test.ts" name="evaluateFixRound — every protected path &gt; .adw/commands.md &gt; is rejected when a round makes it modified, with the category of its rule" time="0.000119459">
        </testcase>
        <testcase classname="adws/core/__tests__/fixRoundGuard.protectedPaths.test.ts" name="evaluateFixRound — every protected path &gt; .adw/commands.md &gt; is rejected when a round makes it deleted, with the category of its rule" time="0.000093417">
        </testcase>
        <testcase classname="adws/core/__tests__/fixRoundGuard.protectedPaths.test.ts" name="evaluateFixRound — every protected path &gt; features/playwright.config.ts &gt; is rejected when a round makes it added, with the category of its rule" time="0.00009075">
        </testcase>
        <testcase classname="adws/core/__tests__/fixRoundGuard.protectedPaths.test.ts" name="evaluateFixRound — every protected path &gt; features/playwright.config.ts &gt; is rejected when a round makes it modified, with the category of its rule" time="0.000079791">
        </testcase>
        <testcase classname="adws/core/__tests__/fixRoundGuard.protectedPaths.test.ts" name="evaluateFixRound — every protected path &gt; features/playwright.config.ts &gt; is rejected when a round makes it deleted, with the category of its rule" time="0.000062292">
        </testcase>
        <testcase classname="adws/core/__tests__/fixRoundGuard.protectedPaths.test.ts" name="evaluateFixRound — every protected path &gt; .eslintrc.json &gt; is rejected when a round makes it added, with the category of its rule" time="0.00009025">
        </testcase>
        <testcase classname="adws/core/__tests__/fixRoundGuard.protectedPaths.test.ts" name="evaluateFixRound — every protected path &gt; .eslintrc.json &gt; is rejected when a round makes it modified, with the category of its rule" time="0.000097167">
        </testcase>
        <testcase classname="adws/core/__tests__/fixRoundGuard.protectedPaths.test.ts" name="evaluateFixRound — every protected path &gt; .eslintrc.json &gt; is rejected when a round makes it deleted, with the category of its rule" time="0.000068917">
        </testcase>
        <testcase classname="adws/core/__tests__/fixRoundGuard.protectedPaths.test.ts" name="evaluateFixRound — every protected path &gt; eslint.config.js &gt; is rejected when a round makes it added, with the category of its rule" time="0.0000775">
        </testcase>
        <testcase classname="adws/core/__tests__/fixRoundGuard.protectedPaths.test.ts" name="evaluateFixRound — every protected path &gt; eslint.config.js &gt; is rejected when a round makes it modified, with the category of its rule" time="0.000068416">
        </testcase>
        <testcase classname="adws/core/__tests__/fixRoundGuard.protectedPaths.test.ts" name="evaluateFixRound — every protected path &gt; eslint.config.js &gt; is rejected when a round makes it deleted, with the category of its rule" time="0.000044667">
        </testcase>
        <testcase classname="adws/core/__tests__/fixRoundGuard.protectedPaths.test.ts" name="evaluateFixRound — every protected path &gt; .eslintignore &gt; is rejected when a round makes it added, with the category of its rule" time="0.000046084">
        </testcase>
        <testcase classname="adws/core/__tests__/fixRoundGuard.protectedPaths.test.ts" name="evaluateFixRound — every protected path &gt; .eslintignore &gt; is rejected when a round makes it modified, with the category of its rule" time="0.000050416">
        </testcase>
        <testcase classname="adws/core/__tests__/fixRoundGuard.protectedPaths.test.ts" name="evaluateFixRound — every protected path &gt; .eslintignore &gt; is rejected when a round makes it deleted, with the category of its rule" time="0.000040583">
        </testcase>
        <testcase classname="adws/core/__tests__/fixRoundGuard.protectedPaths.test.ts" name="evaluateFixRound — every protected path &gt; biome.json &gt; is rejected when a round makes it added, with the category of its rule" time="0.000048875">
        </testcase>
        <testcase classname="adws/core/__tests__/fixRoundGuard.protectedPaths.test.ts" name="evaluateFixRound — every protected path &gt; biome.json &gt; is rejected when a round makes it modified, with the category of its rule" time="0.000049584">
        </testcase>
        <testcase classname="adws/core/__tests__/fixRoundGuard.protectedPaths.test.ts" name="evaluateFixRound — every protected path &gt; biome.json &gt; is rejected when a round makes it deleted, with the category of its rule" time="0.000039625">
        </testcase>
        <testcase classname="adws/core/__tests__/fixRoundGuard.protectedPaths.test.ts" name="evaluateFixRound — every protected path &gt; .oxlintrc.json &gt; is rejected when a round makes it added, with the category of its rule" time="0.00004225">
        </testcase>
        <testcase classname="adws/core/__tests__/fixRoundGuard.protectedPaths.test.ts" name="evaluateFixRound — every protected path &gt; .oxlintrc.json &gt; is rejected when a round makes it modified, with the category of its rule" time="0.000047167">
        </testcase>
        <testcase classname="adws/core/__tests__/fixRoundGuard.protectedPaths.test.ts" name="evaluateFixRound — every protected path &gt; .oxlintrc.json &gt; is rejected when a round makes it deleted, with the category of its rule" time="0.000036541">
        </testcase>
        <testcase classname="adws/core/__tests__/fixRoundGuard.protectedPaths.test.ts" name="evaluateFixRound — every protected path &gt; .prettierrc.json &gt; is rejected when a round makes it added, with the category of its rule" time="0.00005025">
        </testcase>
        <testcase classname="adws/core/__tests__/fixRoundGuard.protectedPaths.test.ts" name="evaluateFixRound — every protected path &gt; .prettierrc.json &gt; is rejected when a round makes it modified, with the category of its rule" time="0.000049333">
        </testcase>
        <testcase classname="adws/core/__tests__/fixRoundGuard.protectedPaths.test.ts" name="evaluateFixRound — every protected path &gt; .prettierrc.json &gt; is rejected when a round makes it deleted, with the category of its rule" time="0.000044125">
        </testcase>
        <testcase classname="adws/core/__tests__/fixRoundGuard.protectedPaths.test.ts" name="evaluateFixRound — every protected path &gt; prettier.config.js &gt; is rejected when a round makes it added, with the category of its rule" time="0.000047959">
        </testcase>
        <testcase classname="adws/core/__tests__/fixRoundGuard.protectedPaths.test.ts" name="evaluateFixRound — every protected path &gt; prettier.config.js &gt; is rejected when a round makes it modified, with the category of its rule" time="0.000079375">
        </testcase>
        <testcase classname="adws/core/__tests__/fixRoundGuard.protectedPaths.test.ts" name="evaluateFixRound — every protected path &gt; prettier.config.js &gt; is rejected when a round makes it deleted, with the category of its rule" time="0.000054333">
        </testcase>
        <testcase classname="adws/core/__tests__/fixRoundGuard.protectedPaths.test.ts" name="evaluateFixRound — every protected path &gt; .prettierignore &gt; is rejected when a round makes it added, with the category of its rule" time="0.000040833">
        </testcase>
        <testcase classname="adws/core/__tests__/fixRoundGuard.protectedPaths.test.ts" name="evaluateFixRound — every protected path &gt; .prettierignore &gt; is rejected when a round makes it modified, with the category of its rule" time="0.000044292">
        </testcase>
        <testcase classname="adws/core/__tests__/fixRoundGuard.protectedPaths.test.ts" name="evaluateFixRound — every protected path &gt; .prettierignore &gt; is rejected when a round makes it deleted, with the category of its rule" time="0.000028875">
        </testcase>
        <testcase classname="adws/core/__tests__/fixRoundGuard.protectedPaths.test.ts" name="evaluateFixRound — every protected path &gt; .stylelintrc.json &gt; is rejected when a round makes it added, with the category of its rule" time="0.000037625">
        </testcase>
        <testcase classname="adws/core/__tests__/fixRoundGuard.protectedPaths.test.ts" name="evaluateFixRound — every protected path &gt; .stylelintrc.json &gt; is rejected when a round makes it modified, with the category of its rule" time="0.000044667">
        </testcase>
        <testcase classname="adws/core/__tests__/fixRoundGuard.protectedPaths.test.ts" name="evaluateFixRound — every protected path &gt; .stylelintrc.json &gt; is rejected when a round makes it deleted, with the category of its rule" time="0.000027959">
        </testcase>
        <testcase classname="adws/core/__tests__/fixRoundGuard.protectedPaths.test.ts" name="evaluateFixRound — every protected path &gt; stylelint.config.js &gt; is rejected when a round makes it added, with the category of its rule" time="0.00003625">
        </testcase>
        <testcase classname="adws/core/__tests__/fixRoundGuard.protectedPaths.test.ts" name="evaluateFixRound — every protected path &gt; stylelint.config.js &gt; is rejected when a round makes it modified, with the category of its rule" time="0.000043667">
        </testcase>
        <testcase classname="adws/core/__tests__/fixRoundGuard.protectedPaths.test.ts" name="evaluateFixRound — every protected path &gt; stylelint.config.js &gt; is rejected when a round makes it deleted, with the category of its rule" time="0.000027959">
        </testcase>
        <testcase classname="adws/core/__tests__/fixRoundGuard.protectedPaths.test.ts" name="evaluateFixRound — every protected path &gt; .flake8 &gt; is rejected when a round makes it added, with the category of its rule" time="0.000035334">
        </testcase>
        <testcase classname="adws/core/__tests__/fixRoundGuard.protectedPaths.test.ts" name="evaluateFixRound — every protected path &gt; .flake8 &gt; is rejected when a round makes it modified, with the category of its rule" time="0.000038875">
        </testcase>
        <testcase classname="adws/core/__tests__/fixRoundGuard.protectedPaths.test.ts" name="evaluateFixRound — every protected path &gt; .flake8 &gt; is rejected when a round makes it deleted, with the category of its rule" time="0.000025875">
        </testcase>
        <testcase classname="adws/core/__tests__/fixRoundGuard.protectedPaths.test.ts" name="evaluateFixRound — every protected path &gt; .pylintrc &gt; is rejected when a round makes it added, with the category of its rule" time="0.00003325">
        </testcase>
        <testcase classname="adws/core/__tests__/fixRoundGuard.protectedPaths.test.ts" name="evaluateFixRound — every protected path &gt; .pylintrc &gt; is rejected when a round makes it modified, with the category of its rule" time="0.000041583">
        </testcase>
        <testcase classname="adws/core/__tests__/fixRoundGuard.protectedPaths.test.ts" name="evaluateFixRound — every protected path &gt; .pylintrc &gt; is rejected when a round makes it deleted, with the category of its rule" time="0.000026292">
        </testcase>
        <testcase classname="adws/core/__tests__/fixRoundGuard.protectedPaths.test.ts" name="evaluateFixRound — every protected path &gt; ruff.toml &gt; is rejected when a round makes it added, with the category of its rule" time="0.000036542">
        </testcase>
        <testcase classname="adws/core/__tests__/fixRoundGuard.protectedPaths.test.ts" name="evaluateFixRound — every protected path &gt; ruff.toml &gt; is rejected when a round makes it modified, with the category of its rule" time="0.000035875">
        </testcase>
        <testcase classname="adws/core/__tests__/fixRoundGuard.protectedPaths.test.ts" name="evaluateFixRound — every protected path &gt; ruff.toml &gt; is rejected when a round makes it deleted, with the category of its rule" time="0.000034042">
        </testcase>
        <testcase classname="adws/core/__tests__/fixRoundGuard.protectedPaths.test.ts" name="evaluateFixRound — every protected path &gt; .golangci.yml &gt; is rejected when a round makes it added, with the category of its rule" time="0.000042917">
        </testcase>
        <testcase classname="adws/core/__tests__/fixRoundGuard.protectedPaths.test.ts" name="evaluateFixRound — every protected path &gt; .golangci.yml &gt; is rejected when a round makes it modified, with the category of its rule" time="0.000044">
        </testcase>
        <testcase classname="adws/core/__tests__/fixRoundGuard.protectedPaths.test.ts" name="evaluateFixRound — every protected path &gt; .golangci.yml &gt; is rejected when a round makes it deleted, with the category of its rule" time="0.000035917">
        </testcase>
        <testcase classname="adws/core/__tests__/fixRoundGuard.protectedPaths.test.ts" name="evaluateFixRound — every protected path &gt; staticcheck.conf &gt; is rejected when a round makes it added, with the category of its rule" time="0.000034625">
        </testcase>
        <testcase classname="adws/core/__tests__/fixRoundGuard.protectedPaths.test.ts" name="evaluateFixRound — every protected path &gt; staticcheck.conf &gt; is rejected when a round makes it modified, with the category of its rule" time="0.00003825">
        </testcase>
        <testcase classname="adws/core/__tests__/fixRoundGuard.protectedPaths.test.ts" name="evaluateFixRound — every protected path &gt; staticcheck.conf &gt; is rejected when a round makes it deleted, with the category of its rule" time="0.00002625">
        </testcase>
        <testcase classname="adws/core/__tests__/fixRoundGuard.protectedPaths.test.ts" name="evaluateFixRound — every protected path &gt; clippy.toml &gt; is rejected when a round makes it added, with the category of its rule" time="0.000037167">
        </testcase>
        <testcase classname="adws/core/__tests__/fixRoundGuard.protectedPaths.test.ts" name="evaluateFixRound — every protected path &gt; clippy.toml &gt; is rejected when a round makes it modified, with the category of its rule" time="0.000035625">
        </testcase>
        <testcase classname="adws/core/__tests__/fixRoundGuard.protectedPaths.test.ts" name="evaluateFixRound — every protected path &gt; clippy.toml &gt; is rejected when a round makes it deleted, with the category of its rule" time="0.000026291">
        </testcase>
        <testcase classname="adws/core/__tests__/fixRoundGuard.protectedPaths.test.ts" name="evaluateFixRound — every protected path &gt; rustfmt.toml &gt; is rejected when a round makes it added, with the category of its rule" time="0.000030125">
        </testcase>
        <testcase classname="adws/core/__tests__/fixRoundGuard.protectedPaths.test.ts" name="evaluateFixRound — every protected path &gt; rustfmt.toml &gt; is rejected when a round makes it modified, with the category of its rule" time="0.000037833">
        </testcase>
        <testcase classname="adws/core/__tests__/fixRoundGuard.protectedPaths.test.ts" name="evaluateFixRound — every protected path &gt; rustfmt.toml &gt; is rejected when a round makes it deleted, with the category of its rule" time="0.000035125">
        </testcase>
        <testcase classname="adws/core/__tests__/fixRoundGuard.protectedPaths.test.ts" name="evaluateFixRound — every protected path &gt; .rubocop.yml &gt; is rejected when a round makes it added, with the category of its rule" time="0.000034417">
        </testcase>
        <testcase classname="adws/core/__tests__/fixRoundGuard.protectedPaths.test.ts" name="evaluateFixRound — every protected path &gt; .rubocop.yml &gt; is rejected when a round makes it modified, with the category of its rule" time="0.000035416">
        </testcase>
        <testcase classname="adws/core/__tests__/fixRoundGuard.protectedPaths.test.ts" name="evaluateFixRound — every protected path &gt; .rubocop.yml &gt; is rejected when a round makes it deleted, with the category of its rule" time="0.000025666">
        </testcase>
        <testcase classname="adws/core/__tests__/fixRoundGuard.protectedPaths.test.ts" name="evaluateFixRound — every protected path &gt; .standard.yml &gt; is rejected when a round makes it added, with the category of its rule" time="0.000031458">
        </testcase>
        <testcase classname="adws/core/__tests__/fixRoundGuard.protectedPaths.test.ts" name="evaluateFixRound — every protected path &gt; .standard.yml &gt; is rejected when a round makes it modified, with the category of its rule" time="0.000033625">
        </testcase>
        <testcase classname="adws/core/__tests__/fixRoundGuard.protectedPaths.test.ts" name="evaluateFixRound — every protected path &gt; .standard.yml &gt; is rejected when a round makes it deleted, with the category of its rule" time="0.00002625">
        </testcase>
        <testcase classname="adws/core/__tests__/fixRoundGuard.protectedPaths.test.ts" name="evaluateFixRound — every protected path &gt; .shellcheckrc &gt; is rejected when a round makes it added, with the category of its rule" time="0.000028667">
        </testcase>
        <testcase classname="adws/core/__tests__/fixRoundGuard.protectedPaths.test.ts" name="evaluateFixRound — every protected path &gt; .shellcheckrc &gt; is rejected when a round makes it modified, with the category of its rule" time="0.00003325">
        </testcase>
        <testcase classname="adws/core/__tests__/fixRoundGuard.protectedPaths.test.ts" name="evaluateFixRound — every protected path &gt; .shellcheckrc &gt; is rejected when a round makes it deleted, with the category of its rule" time="0.000028417">
        </testcase>
        <testcase classname="adws/core/__tests__/fixRoundGuard.protectedPaths.test.ts" name="evaluateFixRound — every protected path &gt; tsconfig.json &gt; is rejected when a round makes it added, with the category of its rule" time="0.00003475">
        </testcase>
        <testcase classname="adws/core/__tests__/fixRoundGuard.protectedPaths.test.ts" name="evaluateFixRound — every protected path &gt; tsconfig.json &gt; is rejected when a round makes it modified, with the category of its rule" time="0.000036291">
        </testcase>
        <testcase classname="adws/core/__tests__/fixRoundGuard.protectedPaths.test.ts" name="evaluateFixRound — every protected path &gt; tsconfig.json &gt; is rejected when a round makes it deleted, with the category of its rule" time="0.000026375">
        </testcase>
        <testcase classname="adws/core/__tests__/fixRoundGuard.protectedPaths.test.ts" name="evaluateFixRound — every protected path &gt; jsconfig.json &gt; is rejected when a round makes it added, with the category of its rule" time="0.000029792">
        </testcase>
        <testcase classname="adws/core/__tests__/fixRoundGuard.protectedPaths.test.ts" name="evaluateFixRound — every protected path &gt; jsconfig.json &gt; is rejected when a round makes it modified, with the category of its rule" time="0.000034667">
        </testcase>
        <testcase classname="adws/core/__tests__/fixRoundGuard.protectedPaths.test.ts" name="evaluateFixRound — every protected path &gt; jsconfig.json &gt; is rejected when a round makes it deleted, with the category of its rule" time="0.000026542">
        </testcase>
        <testcase classname="adws/core/__tests__/fixRoundGuard.protectedPaths.test.ts" name="evaluateFixRound — every protected path &gt; babel.config.json &gt; is rejected when a round makes it added, with the category of its rule" time="0.000034958">
        </testcase>
        <testcase classname="adws/core/__tests__/fixRoundGuard.protectedPaths.test.ts" name="evaluateFixRound — every protected path &gt; babel.config.json &gt; is rejected when a round makes it modified, with the category of its rule" time="0.000037584">
        </testcase>
        <testcase classname="adws/core/__tests__/fixRoundGuard.protectedPaths.test.ts" name="evaluateFixRound — every protected path &gt; babel.config.json &gt; is rejected when a round makes it deleted, with the category of its rule" time="0.00003525">
        </testcase>
        <testcase classname="adws/core/__tests__/fixRoundGuard.protectedPaths.test.ts" name="evaluateFixRound — every protected path &gt; .babelrc &gt; is rejected when a round makes it added, with the category of its rule" time="0.000033209">
        </testcase>
        <testcase classname="adws/core/__tests__/fixRoundGuard.protectedPaths.test.ts" name="evaluateFixRound — every protected path &gt; .babelrc &gt; is rejected when a round makes it modified, with the category of its rule" time="0.000043167">
        </testcase>
        <testcase classname="adws/core/__tests__/fixRoundGuard.protectedPaths.test.ts" name="evaluateFixRound — every protected path &gt; .babelrc &gt; is rejected when a round makes it deleted, with the category of its rule" time="0.000030167">
        </testcase>
        <testcase classname="adws/core/__tests__/fixRoundGuard.protectedPaths.test.ts" name="evaluateFixRound — every protected path &gt; .swcrc &gt; is rejected when a round makes it added, with the category of its rule" time="0.00002925">
        </testcase>
        <testcase classname="adws/core/__tests__/fixRoundGuard.protectedPaths.test.ts" name="evaluateFixRound — every protected path &gt; .swcrc &gt; is rejected when a round makes it modified, with the category of its rule" time="0.0000335">
        </testcase>
        <testcase classname="adws/core/__tests__/fixRoundGuard.protectedPaths.test.ts" name="evaluateFixRound — every protected path &gt; .swcrc &gt; is rejected when a round makes it deleted, with the category of its rule" time="0.0000265">
        </testcase>
        <testcase classname="adws/core/__tests__/fixRoundGuard.protectedPaths.test.ts" name="evaluateFixRound — every protected path &gt; mypy.ini &gt; is rejected when a round makes it added, with the category of its rule" time="0.000034583">
        </testcase>
        <testcase classname="adws/core/__tests__/fixRoundGuard.protectedPaths.test.ts" name="evaluateFixRound — every protected path &gt; mypy.ini &gt; is rejected when a round makes it modified, with the category of its rule" time="0.000040333">
        </testcase>
        <testcase classname="adws/core/__tests__/fixRoundGuard.protectedPaths.test.ts" name="evaluateFixRound — every protected path &gt; mypy.ini &gt; is rejected when a round makes it deleted, with the category of its rule" time="0.000027417">
        </testcase>
        <testcase classname="adws/core/__tests__/fixRoundGuard.protectedPaths.test.ts" name="evaluateFixRound — every protected path &gt; pyrightconfig.json &gt; is rejected when a round makes it added, with the category of its rule" time="0.000046541">
        </testcase>
        <testcase classname="adws/core/__tests__/fixRoundGuard.protectedPaths.test.ts" name="evaluateFixRound — every protected path &gt; pyrightconfig.json &gt; is rejected when a round makes it modified, with the category of its rule" time="0.00004375">
        </testcase>
        <testcase classname="adws/core/__tests__/fixRoundGuard.protectedPaths.test.ts" name="evaluateFixRound — every protected path &gt; pyrightconfig.json &gt; is rejected when a round makes it deleted, with the category of its rule" time="0.000031833">
        </testcase>
        <testcase classname="adws/core/__tests__/fixRoundGuard.protectedPaths.test.ts" name="evaluateFixRound — every protected path &gt; rust-toolchain.toml &gt; is rejected when a round makes it added, with the category of its rule" time="0.000042417">
        </testcase>
        <testcase classname="adws/core/__tests__/fixRoundGuard.protectedPaths.test.ts" name="evaluateFixRound — every protected path &gt; rust-toolchain.toml &gt; is rejected when a round makes it modified, with the category of its rule" time="0.000043417">
        </testcase>
        <testcase classname="adws/core/__tests__/fixRoundGuard.protectedPaths.test.ts" name="evaluateFixRound — every protected path &gt; rust-toolchain.toml &gt; is rejected when a round makes it deleted, with the category of its rule" time="0.000031792">
        </testcase>
        <testcase classname="adws/core/__tests__/fixRoundGuard.protectedPaths.test.ts" name="evaluateFixRound — every protected path &gt; package.json &gt; is rejected when a round makes it added, with the category of its rule" time="0.000036917">
        </testcase>
        <testcase classname="adws/core/__tests__/fixRoundGuard.protectedPaths.test.ts" name="evaluateFixRound — every protected path &gt; package.json &gt; is rejected when a round makes it modified, with the category of its rule" time="0.000046917">
        </testcase>
        <testcase classname="adws/core/__tests__/fixRoundGuard.protectedPaths.test.ts" name="evaluateFixRound — every protected path &gt; package.json &gt; is rejected when a round makes it deleted, with the category of its rule" time="0.000030958">
        </testcase>
        <testcase classname="adws/core/__tests__/fixRoundGuard.protectedPaths.test.ts" name="evaluateFixRound — every protected path &gt; pyproject.toml &gt; is rejected when a round makes it added, with the category of its rule" time="0.000039167">
        </testcase>
        <testcase classname="adws/core/__tests__/fixRoundGuard.protectedPaths.test.ts" name="evaluateFixRound — every protected path &gt; pyproject.toml &gt; is rejected when a round makes it modified, with the category of its rule" time="0.000043">
        </testcase>
        <testcase classname="adws/core/__tests__/fixRoundGuard.protectedPaths.test.ts" name="evaluateFixRound — every protected path &gt; pyproject.toml &gt; is rejected when a round makes it deleted, with the category of its rule" time="0.000033">
        </testcase>
        <testcase classname="adws/core/__tests__/fixRoundGuard.protectedPaths.test.ts" name="evaluateFixRound — every protected path &gt; setup.cfg &gt; is rejected when a round makes it added, with the category of its rule" time="0.000035041">
        </testcase>
        <testcase classname="adws/core/__tests__/fixRoundGuard.protectedPaths.test.ts" name="evaluateFixRound — every protected path &gt; setup.cfg &gt; is rejected when a round makes it modified, with the category of its rule" time="0.000048833">
        </testcase>
        <testcase classname="adws/core/__tests__/fixRoundGuard.protectedPaths.test.ts" name="evaluateFixRound — every protected path &gt; setup.cfg &gt; is rejected when a round makes it deleted, with the category of its rule" time="0.000037791">
        </testcase>
        <testcase classname="adws/core/__tests__/fixRoundGuard.protectedPaths.test.ts" name="evaluateFixRound — every protected path &gt; setup.py &gt; is rejected when a round makes it added, with the category of its rule" time="0.000033666">
        </testcase>
        <testcase classname="adws/core/__tests__/fixRoundGuard.protectedPaths.test.ts" name="evaluateFixRound — every protected path &gt; setup.py &gt; is rejected when a round makes it modified, with the category of its rule" time="0.00003825">
        </testcase>
        <testcase classname="adws/core/__tests__/fixRoundGuard.protectedPaths.test.ts" name="evaluateFixRound — every protected path &gt; setup.py &gt; is rejected when a round makes it deleted, with the category of its rule" time="0.000030208">
        </testcase>
        <testcase classname="adws/core/__tests__/fixRoundGuard.protectedPaths.test.ts" name="evaluateFixRound — every protected path &gt; tox.ini &gt; is rejected when a round makes it added, with the category of its rule" time="0.000032">
        </testcase>
        <testcase classname="adws/core/__tests__/fixRoundGuard.protectedPaths.test.ts" name="evaluateFixRound — every protected path &gt; tox.ini &gt; is rejected when a round makes it modified, with the category of its rule" time="0.000051833">
        </testcase>
        <testcase classname="adws/core/__tests__/fixRoundGuard.protectedPaths.test.ts" name="evaluateFixRound — every protected path &gt; tox.ini &gt; is rejected when a round makes it deleted, with the category of its rule" time="0.000030583">
        </testcase>
        <testcase classname="adws/core/__tests__/fixRoundGuard.protectedPaths.test.ts" name="evaluateFixRound — every protected path &gt; Cargo.toml &gt; is rejected when a round makes it added, with the category of its rule" time="0.000034334">
        </testcase>
        <testcase classname="adws/core/__tests__/fixRoundGuard.protectedPaths.test.ts" name="evaluateFixRound — every protected path &gt; Cargo.toml &gt; is rejected when a round makes it modified, with the category of its rule" time="0.000037541">
        </testcase>
        <testcase classname="adws/core/__tests__/fixRoundGuard.protectedPaths.test.ts" name="evaluateFixRound — every protected path &gt; Cargo.toml &gt; is rejected when a round makes it deleted, with the category of its rule" time="0.000029916">
        </testcase>
        <testcase classname="adws/core/__tests__/fixRoundGuard.protectedPaths.test.ts" name="evaluateFixRound — every protected path &gt; go.mod &gt; is rejected when a round makes it added, with the category of its rule" time="0.000031792">
        </testcase>
        <testcase classname="adws/core/__tests__/fixRoundGuard.protectedPaths.test.ts" name="evaluateFixRound — every protected path &gt; go.mod &gt; is rejected when a round makes it modified, with the category of its rule" time="0.000042708">
        </testcase>
        <testcase classname="adws/core/__tests__/fixRoundGuard.protectedPaths.test.ts" name="evaluateFixRound — every protected path &gt; go.mod &gt; is rejected when a round makes it deleted, with the category of its rule" time="0.00002975">
        </testcase>
        <testcase classname="adws/core/__tests__/fixRoundGuard.protectedPaths.test.ts" name="evaluateFixRound — every protected path &gt; Makefile &gt; is rejected when a round makes it added, with the category of its rule" time="0.000035667">
        </testcase>
        <testcase classname="adws/core/__tests__/fixRoundGuard.protectedPaths.test.ts" name="evaluateFixRound — every protected path &gt; Makefile &gt; is rejected when a round makes it modified, with the category of its rule" time="0.000040792">
        </testcase>
        <testcase classname="adws/core/__tests__/fixRoundGuard.protectedPaths.test.ts" name="evaluateFixRound — every protected path &gt; Makefile &gt; is rejected when a round makes it deleted, with the category of its rule" time="0.000032334">
        </testcase>
        <testcase classname="adws/core/__tests__/fixRoundGuard.protectedPaths.test.ts" name="evaluateFixRound — every protected path &gt; vite.config.ts &gt; is rejected when a round makes it added, with the category of its rule" time="0.00004625">
        </testcase>
        <testcase classname="adws/core/__tests__/fixRoundGuard.protectedPaths.test.ts" name="evaluateFixRound — every protected path &gt; vite.config.ts &gt; is rejected when a round makes it modified, with the category of its rule" time="0.000053042">
        </testcase>
        <testcase classname="adws/core/__tests__/fixRoundGuard.protectedPaths.test.ts" name="evaluateFixRound — every protected path &gt; vite.config.ts &gt; is rejected when a round makes it deleted, with the category of its rule" time="0.000040542">
        </testcase>
        <testcase classname="adws/core/__tests__/fixRoundGuard.protectedPaths.test.ts" name="evaluateFixRound — every protected path &gt; webpack.config.js &gt; is rejected when a round makes it added, with the category of its rule" time="0.000040916">
        </testcase>
        <testcase classname="adws/core/__tests__/fixRoundGuard.protectedPaths.test.ts" name="evaluateFixRound — every protected path &gt; webpack.config.js &gt; is rejected when a round makes it modified, with the category of its rule" time="0.000048459">
        </testcase>
        <testcase classname="adws/core/__tests__/fixRoundGuard.protectedPaths.test.ts" name="evaluateFixRound — every protected path &gt; webpack.config.js &gt; is rejected when a round makes it deleted, with the category of its rule" time="0.000033875">
        </testcase>
        <testcase classname="adws/core/__tests__/fixRoundGuard.protectedPaths.test.ts" name="evaluateFixRound — every protected path &gt; rollup.config.js &gt; is rejected when a round makes it added, with the category of its rule" time="0.000038583">
        </testcase>
        <testcase classname="adws/core/__tests__/fixRoundGuard.protectedPaths.test.ts" name="evaluateFixRound — every protected path &gt; rollup.config.js &gt; is rejected when a round makes it modified, with the category of its rule" time="0.000043">
        </testcase>
        <testcase classname="adws/core/__tests__/fixRoundGuard.protectedPaths.test.ts" name="evaluateFixRound — every protected path &gt; rollup.config.js &gt; is rejected when a round makes it deleted, with the category of its rule" time="0.000039792">
        </testcase>
        <testcase classname="adws/core/__tests__/fixRoundGuard.protectedPaths.test.ts" name="evaluateFixRound — every protected path &gt; tsup.config.ts &gt; is rejected when a round makes it added, with the category of its rule" time="0.000037334">
        </testcase>
        <testcase classname="adws/core/__tests__/fixRoundGuard.protectedPaths.test.ts" name="evaluateFixRound — every protected path &gt; tsup.config.ts &gt; is rejected when a round makes it modified, with the category of its rule" time="0.0000435">
        </testcase>
        <testcase classname="adws/core/__tests__/fixRoundGuard.protectedPaths.test.ts" name="evaluateFixRound — every protected path &gt; tsup.config.ts &gt; is rejected when a round makes it deleted, with the category of its rule" time="0.000032">
        </testcase>
        <testcase classname="adws/core/__tests__/fixRoundGuard.protectedPaths.test.ts" name="evaluateFixRound — every protected path &gt; next.config.js &gt; is rejected when a round makes it added, with the category of its rule" time="0.000038084">
        </testcase>
        <testcase classname="adws/core/__tests__/fixRoundGuard.protectedPaths.test.ts" name="evaluateFixRound — every protected path &gt; next.config.js &gt; is rejected when a round makes it modified, with the category of its rule" time="0.000043709">
        </testcase>
        <testcase classname="adws/core/__tests__/fixRoundGuard.protectedPaths.test.ts" name="evaluateFixRound — every protected path &gt; next.config.js &gt; is rejected when a round makes it deleted, with the category of its rule" time="0.000040375">
        </testcase>
        <testcase classname="adws/core/__tests__/fixRoundGuard.protectedPaths.test.ts" name="evaluateFixRound — every protected path &gt; turbo.json &gt; is rejected when a round makes it added, with the category of its rule" time="0.000034417">
        </testcase>
        <testcase classname="adws/core/__tests__/fixRoundGuard.protectedPaths.test.ts" name="evaluateFixRound — every protected path &gt; turbo.json &gt; is rejected when a round makes it modified, with the category of its rule" time="0.000038583">
        </testcase>
        <testcase classname="adws/core/__tests__/fixRoundGuard.protectedPaths.test.ts" name="evaluateFixRound — every protected path &gt; turbo.json &gt; is rejected when a round makes it deleted, with the category of its rule" time="0.000032">
        </testcase>
        <testcase classname="adws/core/__tests__/fixRoundGuard.protectedPaths.test.ts" name="evaluateFixRound — every protected path &gt; bunfig.toml &gt; is rejected when a round makes it added, with the category of its rule" time="0.000036375">
        </testcase>
        <testcase classname="adws/core/__tests__/fixRoundGuard.protectedPaths.test.ts" name="evaluateFixRound — every protected path &gt; bunfig.toml &gt; is rejected when a round makes it modified, with the category of its rule" time="0.0000405">
        </testcase>
        <testcase classname="adws/core/__tests__/fixRoundGuard.protectedPaths.test.ts" name="evaluateFixRound — every protected path &gt; bunfig.toml &gt; is rejected when a round makes it deleted, with the category of its rule" time="0.000044458">
        </testcase>
        <testcase classname="adws/core/__tests__/fixRoundGuard.protectedPaths.test.ts" name="evaluateFixRound — every protected path &gt; .eslintrc.json, in a directory &gt; is rejected at any depth when a round makes it added" time="0.000051333">
        </testcase>
        <testcase classname="adws/core/__tests__/fixRoundGuard.protectedPaths.test.ts" name="evaluateFixRound — every protected path &gt; .eslintrc.json, in a directory &gt; is rejected at any depth when a round makes it modified" time="0.000025166">
        </testcase>
        <testcase classname="adws/core/__tests__/fixRoundGuard.protectedPaths.test.ts" name="evaluateFixRound — every protected path &gt; .eslintrc.json, in a directory &gt; is rejected at any depth when a round makes it deleted" time="0.00002475">
        </testcase>
        <testcase classname="adws/core/__tests__/fixRoundGuard.protectedPaths.test.ts" name="evaluateFixRound — every protected path &gt; eslint.config.js, in a directory &gt; is rejected at any depth when a round makes it added" time="0.000025542">
        </testcase>
        <testcase classname="adws/core/__tests__/fixRoundGuard.protectedPaths.test.ts" name="evaluateFixRound — every protected path &gt; eslint.config.js, in a directory &gt; is rejected at any depth when a round makes it modified" time="0.00002475">
        </testcase>
        <testcase classname="adws/core/__tests__/fixRoundGuard.protectedPaths.test.ts" name="evaluateFixRound — every protected path &gt; eslint.config.js, in a directory &gt; is rejected at any depth when a round makes it deleted" time="0.000031709">
        </testcase>
        <testcase classname="adws/core/__tests__/fixRoundGuard.protectedPaths.test.ts" name="evaluateFixRound — every protected path &gt; .eslintignore, in a directory &gt; is rejected at any depth when a round makes it added" time="0.00002475">
        </testcase>
        <testcase classname="adws/core/__tests__/fixRoundGuard.protectedPaths.test.ts" name="evaluateFixRound — every protected path &gt; .eslintignore, in a directory &gt; is rejected at any depth when a round makes it modified" time="0.000024125">
        </testcase>
        <testcase classname="adws/core/__tests__/fixRoundGuard.protectedPaths.test.ts" name="evaluateFixRound — every protected path &gt; .eslintignore, in a directory &gt; is rejected at any depth when a round makes it deleted" time="0.000024417">
        </testcase>
        <testcase classname="adws/core/__tests__/fixRoundGuard.protectedPaths.test.ts" name="evaluateFixRound — every protected path &gt; biome.json, in a directory &gt; is rejected at any depth when a round makes it added" time="0.000032333">
        </testcase>
        <testcase classname="adws/core/__tests__/fixRoundGuard.protectedPaths.test.ts" name="evaluateFixRound — every protected path &gt; biome.json, in a directory &gt; is rejected at any depth when a round makes it modified" time="0.000025666">
        </testcase>
        <testcase classname="adws/core/__tests__/fixRoundGuard.protectedPaths.test.ts" name="evaluateFixRound — every protected path &gt; biome.json, in a directory &gt; is rejected at any depth when a round makes it deleted" time="0.000025083">
        </testcase>
        <testcase classname="adws/core/__tests__/fixRoundGuard.protectedPaths.test.ts" name="evaluateFixRound — every protected path &gt; .oxlintrc.json, in a directory &gt; is rejected at any depth when a round makes it added" time="0.000032958">
        </testcase>
        <testcase classname="adws/core/__tests__/fixRoundGuard.protectedPaths.test.ts" name="evaluateFixRound — every protected path &gt; .oxlintrc.json, in a directory &gt; is rejected at any depth when a round makes it modified" time="0.000024625">
        </testcase>
        <testcase classname="adws/core/__tests__/fixRoundGuard.protectedPaths.test.ts" name="evaluateFixRound — every protected path &gt; .oxlintrc.json, in a directory &gt; is rejected at any depth when a round makes it deleted" time="0.000023666">
        </testcase>
        <testcase classname="adws/core/__tests__/fixRoundGuard.protectedPaths.test.ts" name="evaluateFixRound — every protected path &gt; .prettierrc.json, in a directory &gt; is rejected at any depth when a round makes it added" time="0.000024667">
        </testcase>
        <testcase classname="adws/core/__tests__/fixRoundGuard.protectedPaths.test.ts" name="evaluateFixRound — every protected path &gt; .prettierrc.json, in a directory &gt; is rejected at any depth when a round makes it modified" time="0.000024416">
        </testcase>
        <testcase classname="adws/core/__tests__/fixRoundGuard.protectedPaths.test.ts" name="evaluateFixRound — every protected path &gt; .prettierrc.json, in a directory &gt; is rejected at any depth when a round makes it deleted" time="0.000024083">
        </testcase>
        <testcase classname="adws/core/__tests__/fixRoundGuard.protectedPaths.test.ts" name="evaluateFixRound — every protected path &gt; prettier.config.js, in a directory &gt; is rejected at any depth when a round makes it added" time="0.000032792">
        </testcase>
        <testcase classname="adws/core/__tests__/fixRoundGuard.protectedPaths.test.ts" name="evaluateFixRound — every protected path &gt; prettier.config.js, in a directory &gt; is rejected at any depth when a round makes it modified" time="0.000025041">
        </testcase>
        <testcase classname="adws/core/__tests__/fixRoundGuard.protectedPaths.test.ts" name="evaluateFixRound — every protected path &gt; prettier.config.js, in a directory &gt; is rejected at any depth when a round makes it deleted" time="0.000051083">
        </testcase>
        <testcase classname="adws/core/__tests__/fixRoundGuard.protectedPaths.test.ts" name="evaluateFixRound — every protected path &gt; .prettierignore, in a directory &gt; is rejected at any depth when a round makes it added" time="0.0003635">
        </testcase>
        <testcase classname="adws/core/__tests__/fixRoundGuard.protectedPaths.test.ts" name="evaluateFixRound — every protected path &gt; .prettierignore, in a directory &gt; is rejected at any depth when a round makes it modified" time="0.000141666">
        </testcase>
        <testcase classname="adws/core/__tests__/fixRoundGuard.protectedPaths.test.ts" name="evaluateFixRound — every protected path &gt; .prettierignore, in a directory &gt; is rejected at any depth when a round makes it deleted" time="0.000376958">
        </testcase>
        <testcase classname="adws/core/__tests__/fixRoundGuard.protectedPaths.test.ts" name="evaluateFixRound — every protected path &gt; .stylelintrc.json, in a directory &gt; is rejected at any depth when a round makes it added" time="0.000239625">
        </testcase>
        <testcase classname="adws/core/__tests__/fixRoundGuard.protectedPaths.test.ts" name="evaluateFixRound — every protected path &gt; .stylelintrc.json, in a directory &gt; is rejected at any depth when a round makes it modified" time="0.000683584">
        </testcase>
        <testcase classname="adws/core/__tests__/fixRoundGuard.protectedPaths.test.ts" name="evaluateFixRound — every protected path &gt; .stylelintrc.json, in a directory &gt; is rejected at any depth when a round makes it deleted" time="0.000077834">
        </testcase>
        <testcase classname="adws/core/__tests__/fixRoundGuard.protectedPaths.test.ts" name="evaluateFixRound — every protected path &gt; stylelint.config.js, in a directory &gt; is rejected at any depth when a round makes it added" time="0.000048417">
        </testcase>
        <testcase classname="adws/core/__tests__/fixRoundGuard.protectedPaths.test.ts" name="evaluateFixRound — every protected path &gt; stylelint.config.js, in a directory &gt; is rejected at any depth when a round makes it modified" time="0.000135625">
        </testcase>
        <testcase classname="adws/core/__tests__/fixRoundGuard.protectedPaths.test.ts" name="evaluateFixRound — every protected path &gt; stylelint.config.js, in a directory &gt; is rejected at any depth when a round makes it deleted" time="0.000205667">
        </testcase>
        <testcase classname="adws/core/__tests__/fixRoundGuard.protectedPaths.test.ts" name="evaluateFixRound — every protected path &gt; .flake8, in a directory &gt; is rejected at any depth when a round makes it added" time="0.00011">
        </testcase>
        <testcase classname="adws/core/__tests__/fixRoundGuard.protectedPaths.test.ts" name="evaluateFixRound — every protected path &gt; .flake8, in a directory &gt; is rejected at any depth when a round makes it modified" time="0.000222542">
        </testcase>
        <testcase classname="adws/core/__tests__/fixRoundGuard.protectedPaths.test.ts" name="evaluateFixRound — every protected path &gt; .flake8, in a directory &gt; is rejected at any depth when a round makes it deleted" time="0.000288625">
        </testcase>
        <testcase classname="adws/core/__tests__/fixRoundGuard.protectedPaths.test.ts" name="evaluateFixRound — every protected path &gt; .pylintrc, in a directory &gt; is rejected at any depth when a round makes it added" time="0.000155458">
        </testcase>
        <testcase classname="adws/core/__tests__/fixRoundGuard.protectedPaths.test.ts" name="evaluateFixRound — every protected path &gt; .pylintrc, in a directory &gt; is rejected at any depth when a round makes it modified" time="0.000120875">
        </testcase>
        <testcase classname="adws/core/__tests__/fixRoundGuard.protectedPaths.test.ts" name="evaluateFixRound — every protected path &gt; .pylintrc, in a directory &gt; is rejected at any depth when a round makes it deleted" time="0.00013125">
        </testcase>
        <testcase classname="adws/core/__tests__/fixRoundGuard.protectedPaths.test.ts" name="evaluateFixRound — every protected path &gt; ruff.toml, in a directory &gt; is rejected at any depth when a round makes it added" time="0.000069791">
        </testcase>
        <testcase classname="adws/core/__tests__/fixRoundGuard.protectedPaths.test.ts" name="evaluateFixRound — every protected path &gt; ruff.toml, in a directory &gt; is rejected at any depth when a round makes it modified" time="0.000129583">
        </testcase>
        <testcase classname="adws/core/__tests__/fixRoundGuard.protectedPaths.test.ts" name="evaluateFixRound — every protected path &gt; ruff.toml, in a directory &gt; is rejected at any depth when a round makes it deleted" time="0.000122542">
        </testcase>
        <testcase classname="adws/core/__tests__/fixRoundGuard.protectedPaths.test.ts" name="evaluateFixRound — every protected path &gt; .golangci.yml, in a directory &gt; is rejected at any depth when a round makes it added" time="0.000092125">
        </testcase>
        <testcase classname="adws/core/__tests__/fixRoundGuard.protectedPaths.test.ts" name="evaluateFixRound — every protected path &gt; .golangci.yml, in a directory &gt; is rejected at any depth when a round makes it modified" time="0.00007275">
        </testcase>
        <testcase classname="adws/core/__tests__/fixRoundGuard.protectedPaths.test.ts" name="evaluateFixRound — every protected path &gt; .golangci.yml, in a directory &gt; is rejected at any depth when a round makes it deleted" time="0.000069833">
        </testcase>
        <testcase classname="adws/core/__tests__/fixRoundGuard.protectedPaths.test.ts" name="evaluateFixRound — every protected path &gt; staticcheck.conf, in a directory &gt; is rejected at any depth when a round makes it added" time="0.000071125">
        </testcase>
        <testcase classname="adws/core/__tests__/fixRoundGuard.protectedPaths.test.ts" name="evaluateFixRound — every protected path &gt; staticcheck.conf, in a directory &gt; is rejected at any depth when a round makes it modified" time="0.000071042">
        </testcase>
        <testcase classname="adws/core/__tests__/fixRoundGuard.protectedPaths.test.ts" name="evaluateFixRound — every protected path &gt; staticcheck.conf, in a directory &gt; is rejected at any depth when a round makes it deleted" time="0.0000885">
        </testcase>
        <testcase classname="adws/core/__tests__/fixRoundGuard.protectedPaths.test.ts" name="evaluateFixRound — every protected path &gt; clippy.toml, in a directory &gt; is rejected at any depth when a round makes it added" time="0.000066916">
        </testcase>
        <testcase classname="adws/core/__tests__/fixRoundGuard.protectedPaths.test.ts" name="evaluateFixRound — every protected path &gt; clippy.toml, in a directory &gt; is rejected at any depth when a round makes it modified" time="0.000065916">
        </testcase>
        <testcase classname="adws/core/__tests__/fixRoundGuard.protectedPaths.test.ts" name="evaluateFixRound — every protected path &gt; clippy.toml, in a directory &gt; is rejected at any depth when a round makes it deleted" time="0.000070458">
        </testcase>
        <testcase classname="adws/core/__tests__/fixRoundGuard.protectedPaths.test.ts" name="evaluateFixRound — every protected path &gt; rustfmt.toml, in a directory &gt; is rejected at any depth when a round makes it added" time="0.000071">
        </testcase>
        <testcase classname="adws/core/__tests__/fixRoundGuard.protectedPaths.test.ts" name="evaluateFixRound — every protected path &gt; rustfmt.toml, in a directory &gt; is rejected at any depth when a round makes it modified" time="0.000067834">
        </testcase>
        <testcase classname="adws/core/__tests__/fixRoundGuard.protectedPaths.test.ts" name="evaluateFixRound — every protected path &gt; rustfmt.toml, in a directory &gt; is rejected at any depth when a round makes it deleted" time="0.000889417">
        </testcase>
        <testcase classname="adws/core/__tests__/fixRoundGuard.protectedPaths.test.ts" name="evaluateFixRound — every protected path &gt; .rubocop.yml, in a directory &gt; is rejected at any depth when a round makes it added" time="0.00016025">
        </testcase>
        <testcase classname="adws/core/__tests__/fixRoundGuard.protectedPaths.test.ts" name="evaluateFixRound — every protected path &gt; .rubocop.yml, in a directory &gt; is rejected at any depth when a round makes it modified" time="0.000092625">
        </testcase>
        <testcase classname="adws/core/__tests__/fixRoundGuard.protectedPaths.test.ts" name="evaluateFixRound — every protected path &gt; .rubocop.yml, in a directory &gt; is rejected at any depth when a round makes it deleted" time="0.000061625">
        </testcase>
        <testcase classname="adws/core/__tests__/fixRoundGuard.protectedPaths.test.ts" name="evaluateFixRound — every protected path &gt; .standard.yml, in a directory &gt; is rejected at any depth when a round makes it added" time="0.00015875">
        </testcase>
        <testcase classname="adws/core/__tests__/fixRoundGuard.protectedPaths.test.ts" name="evaluateFixRound — every protected path &gt; .standard.yml, in a directory &gt; is rejected at any depth when a round makes it modified" time="0.000106125">
        </testcase>
        <testcase classname="adws/core/__tests__/fixRoundGuard.protectedPaths.test.ts" name="evaluateFixRound — every protected path &gt; .standard.yml, in a directory &gt; is rejected at any depth when a round makes it deleted" time="0.000068375">
        </testcase>
        <testcase classname="adws/core/__tests__/fixRoundGuard.protectedPaths.test.ts" name="evaluateFixRound — every protected path &gt; .shellcheckrc, in a directory &gt; is rejected at any depth when a round makes it added" time="0.000090833">
        </testcase>
        <testcase classname="adws/core/__tests__/fixRoundGuard.protectedPaths.test.ts" name="evaluateFixRound — every protected path &gt; .shellcheckrc, in a directory &gt; is rejected at any depth when a round makes it modified" time="0.000063416">
        </testcase>
        <testcase classname="adws/core/__tests__/fixRoundGuard.protectedPaths.test.ts" name="evaluateFixRound — every protected path &gt; .shellcheckrc, in a directory &gt; is rejected at any depth when a round makes it deleted" time="0.000089125">
        </testcase>
        <testcase classname="adws/core/__tests__/fixRoundGuard.protectedPaths.test.ts" name="evaluateFixRound — every protected path &gt; tsconfig.json, in a directory &gt; is rejected at any depth when a round makes it added" time="0.000063625">
        </testcase>
        <testcase classname="adws/core/__tests__/fixRoundGuard.protectedPaths.test.ts" name="evaluateFixRound — every protected path &gt; tsconfig.json, in a directory &gt; is rejected at any depth when a round makes it modified" time="0.000132625">
        </testcase>
        <testcase classname="adws/core/__tests__/fixRoundGuard.protectedPaths.test.ts" name="evaluateFixRound — every protected path &gt; tsconfig.json, in a directory &gt; is rejected at any depth when a round makes it deleted" time="0.000130708">
        </testcase>
        <testcase classname="adws/core/__tests__/fixRoundGuard.protectedPaths.test.ts" name="evaluateFixRound — every protected path &gt; jsconfig.json, in a directory &gt; is rejected at any depth when a round makes it added" time="0.000039041">
        </testcase>
        <testcase classname="adws/core/__tests__/fixRoundGuard.protectedPaths.test.ts" name="evaluateFixRound — every protected path &gt; jsconfig.json, in a directory &gt; is rejected at any depth when a round makes it modified" time="0.000031042">
        </testcase>
        <testcase classname="adws/core/__tests__/fixRoundGuard.protectedPaths.test.ts" name="evaluateFixRound — every protected path &gt; jsconfig.json, in a directory &gt; is rejected at any depth when a round makes it deleted" time="0.000028041">
        </testcase>
        <testcase classname="adws/core/__tests__/fixRoundGuard.protectedPaths.test.ts" name="evaluateFixRound — every protected path &gt; babel.config.json, in a directory &gt; is rejected at any depth when a round makes it added" time="0.000029125">
        </testcase>
        <testcase classname="adws/core/__tests__/fixRoundGuard.protectedPaths.test.ts" name="evaluateFixRound — every protected path &gt; babel.config.json, in a directory &gt; is rejected at any depth when a round makes it modified" time="0.000028875">
        </testcase>
        <testcase classname="adws/core/__tests__/fixRoundGuard.protectedPaths.test.ts" name="evaluateFixRound — every protected path &gt; babel.config.json, in a directory &gt; is rejected at any depth when a round makes it deleted" time="0.000033417">
        </testcase>
        <testcase classname="adws/core/__tests__/fixRoundGuard.protectedPaths.test.ts" name="evaluateFixRound — every protected path &gt; .babelrc, in a directory &gt; is rejected at any depth when a round makes it added" time="0.000089583">
        </testcase>
        <testcase classname="adws/core/__tests__/fixRoundGuard.protectedPaths.test.ts" name="evaluateFixRound — every protected path &gt; .babelrc, in a directory &gt; is rejected at any depth when a round makes it modified" time="0.000138584">
        </testcase>
        <testcase classname="adws/core/__tests__/fixRoundGuard.protectedPaths.test.ts" name="evaluateFixRound — every protected path &gt; .babelrc, in a directory &gt; is rejected at any depth when a round makes it deleted" time="0.00008675">
        </testcase>
        <testcase classname="adws/core/__tests__/fixRoundGuard.protectedPaths.test.ts" name="evaluateFixRound — every protected path &gt; .swcrc, in a directory &gt; is rejected at any depth when a round makes it added" time="0.000761042">
        </testcase>
        <testcase classname="adws/core/__tests__/fixRoundGuard.protectedPaths.test.ts" name="evaluateFixRound — every protected path &gt; .swcrc, in a directory &gt; is rejected at any depth when a round makes it modified" time="0.000104667">
        </testcase>
        <testcase classname="adws/core/__tests__/fixRoundGuard.protectedPaths.test.ts" name="evaluateFixRound — every protected path &gt; .swcrc, in a directory &gt; is rejected at any depth when a round makes it deleted" time="0.000044333">
        </testcase>
        <testcase classname="adws/core/__tests__/fixRoundGuard.protectedPaths.test.ts" name="evaluateFixRound — every protected path &gt; mypy.ini, in a directory &gt; is rejected at any depth when a round makes it added" time="0.0000335">
        </testcase>
        <testcase classname="adws/core/__tests__/fixRoundGuard.protectedPaths.test.ts" name="evaluateFixRound — every protected path &gt; mypy.ini, in a directory &gt; is rejected at any depth when a round makes it modified" time="0.000035042">
        </testcase>
        <testcase classname="adws/core/__tests__/fixRoundGuard.protectedPaths.test.ts" name="evaluateFixRound — every protected path &gt; mypy.ini, in a directory &gt; is rejected at any depth when a round makes it deleted" time="0.0000265">
        </testcase>
        <testcase classname="adws/core/__tests__/fixRoundGuard.protectedPaths.test.ts" name="evaluateFixRound — every protected path &gt; pyrightconfig.json, in a directory &gt; is rejected at any depth when a round makes it added" time="0.000028709">
        </testcase>
        <testcase classname="adws/core/__tests__/fixRoundGuard.protectedPaths.test.ts" name="evaluateFixRound — every protected path &gt; pyrightconfig.json, in a directory &gt; is rejected at any depth when a round makes it modified" time="0.000028459">
        </testcase>
        <testcase classname="adws/core/__tests__/fixRoundGuard.protectedPaths.test.ts" name="evaluateFixRound — every protected path &gt; pyrightconfig.json, in a directory &gt; is rejected at any depth when a round makes it deleted" time="0.00004875">
        </testcase>
        <testcase classname="adws/core/__tests__/fixRoundGuard.protectedPaths.test.ts" name="evaluateFixRound — every protected path &gt; rust-toolchain.toml, in a directory &gt; is rejected at any depth when a round makes it added" time="0.000044625">
        </testcase>
        <testcase classname="adws/core/__tests__/fixRoundGuard.protectedPaths.test.ts" name="evaluateFixRound — every protected path &gt; rust-toolchain.toml, in a directory &gt; is rejected at any depth when a round makes it modified" time="0.0000325">
        </testcase>
        <testcase classname="adws/core/__tests__/fixRoundGuard.protectedPaths.test.ts" name="evaluateFixRound — every protected path &gt; rust-toolchain.toml, in a directory &gt; is rejected at any depth when a round makes it deleted" time="0.000029709">
        </testcase>
        <testcase classname="adws/core/__tests__/fixRoundGuard.protectedPaths.test.ts" name="evaluateFixRound — every protected path &gt; package.json, in a directory &gt; is rejected at any depth when a round makes it added" time="0.000028625">
        </testcase>
        <testcase classname="adws/core/__tests__/fixRoundGuard.protectedPaths.test.ts" name="evaluateFixRound — every protected path &gt; package.json, in a directory &gt; is rejected at any depth when a round makes it modified" time="0.000028167">
        </testcase>
        <testcase classname="adws/core/__tests__/fixRoundGuard.protectedPaths.test.ts" name="evaluateFixRound — every protected path &gt; package.json, in a directory &gt; is rejected at any depth when a round makes it deleted" time="0.000027375">
        </testcase>
        <testcase classname="adws/core/__tests__/fixRoundGuard.protectedPaths.test.ts" name="evaluateFixRound — every protected path &gt; pyproject.toml, in a directory &gt; is rejected at any depth when a round makes it added" time="0.000162125">
        </testcase>
        <testcase classname="adws/core/__tests__/fixRoundGuard.protectedPaths.test.ts" name="evaluateFixRound — every protected path &gt; pyproject.toml, in a directory &gt; is rejected at any depth when a round makes it modified" time="0.00002925">
        </testcase>
        <testcase classname="adws/core/__tests__/fixRoundGuard.protectedPaths.test.ts" name="evaluateFixRound — every protected path &gt; pyproject.toml, in a directory &gt; is rejected at any depth when a round makes it deleted" time="0.000028625">
        </testcase>
        <testcase classname="adws/core/__tests__/fixRoundGuard.protectedPaths.test.ts" name="evaluateFixRound — every protected path &gt; setup.cfg, in a directory &gt; is rejected at any depth when a round makes it added" time="0.000028583">
        </testcase>
        <testcase classname="adws/core/__tests__/fixRoundGuard.protectedPaths.test.ts" name="evaluateFixRound — every protected path &gt; setup.cfg, in a directory &gt; is rejected at any depth when a round makes it modified" time="0.0000265">
        </testcase>
        <testcase classname="adws/core/__tests__/fixRoundGuard.protectedPaths.test.ts" name="evaluateFixRound — every protected path &gt; setup.cfg, in a directory &gt; is rejected at any depth when a round makes it deleted" time="0.000026875">
        </testcase>
        <testcase classname="adws/core/__tests__/fixRoundGuard.protectedPaths.test.ts" name="evaluateFixRound — every protected path &gt; setup.py, in a directory &gt; is rejected at any depth when a round makes it added" time="0.000027166">
        </testcase>
        <testcase classname="adws/core/__tests__/fixRoundGuard.protectedPaths.test.ts" name="evaluateFixRound — every protected path &gt; setup.py, in a directory &gt; is rejected at any depth when a round makes it modified" time="0.000026584">
        </testcase>
        <testcase classname="adws/core/__tests__/fixRoundGuard.protectedPaths.test.ts" name="evaluateFixRound — every protected path &gt; setup.py, in a directory &gt; is rejected at any depth when a round makes it deleted" time="0.0000255">
        </testcase>
        <testcase classname="adws/core/__tests__/fixRoundGuard.protectedPaths.test.ts" name="evaluateFixRound — every protected path &gt; tox.ini, in a directory &gt; is rejected at any depth when a round makes it added" time="0.00002675">
        </testcase>
        <testcase classname="adws/core/__tests__/fixRoundGuard.protectedPaths.test.ts" name="evaluateFixRound — every protected path &gt; tox.ini, in a directory &gt; is rejected at any depth when a round makes it modified" time="0.000026083">
        </testcase>
        <testcase classname="adws/core/__tests__/fixRoundGuard.protectedPaths.test.ts" name="evaluateFixRound — every protected path &gt; tox.ini, in a directory &gt; is rejected at any depth when a round makes it deleted" time="0.000112875">
        </testcase>
        <testcase classname="adws/core/__tests__/fixRoundGuard.protectedPaths.test.ts" name="evaluateFixRound — every protected path &gt; Cargo.toml, in a directory &gt; is rejected at any depth when a round makes it added" time="0.000141625">
        </testcase>
        <testcase classname="adws/core/__tests__/fixRoundGuard.protectedPaths.test.ts" name="evaluateFixRound — every protected path &gt; Cargo.toml, in a directory &gt; is rejected at any depth when a round makes it modified" time="0.000082583">
        </testcase>
        <testcase classname="adws/core/__tests__/fixRoundGuard.protectedPaths.test.ts" name="evaluateFixRound — every protected path &gt; Cargo.toml, in a directory &gt; is rejected at any depth when a round makes it deleted" time="0.000081916">
        </testcase>
        <testcase classname="adws/core/__tests__/fixRoundGuard.protectedPaths.test.ts" name="evaluateFixRound — every protected path &gt; go.mod, in a directory &gt; is rejected at any depth when a round makes it added" time="0.000042167">
        </testcase>
        <testcase classname="adws/core/__tests__/fixRoundGuard.protectedPaths.test.ts" name="evaluateFixRound — every protected path &gt; go.mod, in a directory &gt; is rejected at any depth when a round makes it modified" time="0.000030292">
        </testcase>
        <testcase classname="adws/core/__tests__/fixRoundGuard.protectedPaths.test.ts" name="evaluateFixRound — every protected path &gt; go.mod, in a directory &gt; is rejected at any depth when a round makes it deleted" time="0.000098125">
        </testcase>
        <testcase classname="adws/core/__tests__/fixRoundGuard.protectedPaths.test.ts" name="evaluateFixRound — every protected path &gt; Makefile, in a directory &gt; is rejected at any depth when a round makes it added" time="0.000109791">
        </testcase>
        <testcase classname="adws/core/__tests__/fixRoundGuard.protectedPaths.test.ts" name="evaluateFixRound — every protected path &gt; Makefile, in a directory &gt; is rejected at any depth when a round makes it modified" time="0.000085959">
        </testcase>
        <testcase classname="adws/core/__tests__/fixRoundGuard.protectedPaths.test.ts" name="evaluateFixRound — every protected path &gt; Makefile, in a directory &gt; is rejected at any depth when a round makes it deleted" time="0.000060209">
        </testcase>
        <testcase classname="adws/core/__tests__/fixRoundGuard.protectedPaths.test.ts" name="evaluateFixRound — every protected path &gt; vite.config.ts, in a directory &gt; is rejected at any depth when a round makes it added" time="0.000123375">
        </testcase>
        <testcase classname="adws/core/__tests__/fixRoundGuard.protectedPaths.test.ts" name="evaluateFixRound — every protected path &gt; vite.config.ts, in a directory &gt; is rejected at any depth when a round makes it modified" time="0.000082667">
        </testcase>
        <testcase classname="adws/core/__tests__/fixRoundGuard.protectedPaths.test.ts" name="evaluateFixRound — every protected path &gt; vite.config.ts, in a directory &gt; is rejected at any depth when a round makes it deleted" time="0.000081916">
        </testcase>
        <testcase classname="adws/core/__tests__/fixRoundGuard.protectedPaths.test.ts" name="evaluateFixRound — every protected path &gt; webpack.config.js, in a directory &gt; is rejected at any depth when a round makes it added" time="0.000078084">
        </testcase>
        <testcase classname="adws/core/__tests__/fixRoundGuard.protectedPaths.test.ts" name="evaluateFixRound — every protected path &gt; webpack.config.js, in a directory &gt; is rejected at any depth when a round makes it modified" time="0.000073291">
        </testcase>
        <testcase classname="adws/core/__tests__/fixRoundGuard.protectedPaths.test.ts" name="evaluateFixRound — every protected path &gt; webpack.config.js, in a directory &gt; is rejected at any depth when a round makes it deleted" time="0.0000775">
        </testcase>
        <testcase classname="adws/core/__tests__/fixRoundGuard.protectedPaths.test.ts" name="evaluateFixRound — every protected path &gt; rollup.config.js, in a directory &gt; is rejected at any depth when a round makes it added" time="0.000073875">
        </testcase>
        <testcase classname="adws/core/__tests__/fixRoundGuard.protectedPaths.test.ts" name="evaluateFixRound — every protected path &gt; rollup.config.js, in a directory &gt; is rejected at any depth when a round makes it modified" time="0.000134791">
        </testcase>
        <testcase classname="adws/core/__tests__/fixRoundGuard.protectedPaths.test.ts" name="evaluateFixRound — every protected path &gt; rollup.config.js, in a directory &gt; is rejected at any depth when a round makes it deleted" time="0.00011475">
        </testcase>
        <testcase classname="adws/core/__tests__/fixRoundGuard.protectedPaths.test.ts" name="evaluateFixRound — every protected path &gt; tsup.config.ts, in a directory &gt; is rejected at any depth when a round makes it added" time="0.000137375">
        </testcase>
        <testcase classname="adws/core/__tests__/fixRoundGuard.protectedPaths.test.ts" name="evaluateFixRound — every protected path &gt; tsup.config.ts, in a directory &gt; is rejected at any depth when a round makes it modified" time="0.000090416">
        </testcase>
        <testcase classname="adws/core/__tests__/fixRoundGuard.protectedPaths.test.ts" name="evaluateFixRound — every protected path &gt; tsup.config.ts, in a directory &gt; is rejected at any depth when a round makes it deleted" time="0.000065417">
        </testcase>
        <testcase classname="adws/core/__tests__/fixRoundGuard.protectedPaths.test.ts" name="evaluateFixRound — every protected path &gt; next.config.js, in a directory &gt; is rejected at any depth when a round makes it added" time="0.000051">
        </testcase>
        <testcase classname="adws/core/__tests__/fixRoundGuard.protectedPaths.test.ts" name="evaluateFixRound — every protected path &gt; next.config.js, in a directory &gt; is rejected at any depth when a round makes it modified" time="0.000139792">
        </testcase>
        <testcase classname="adws/core/__tests__/fixRoundGuard.protectedPaths.test.ts" name="evaluateFixRound — every protected path &gt; next.config.js, in a directory &gt; is rejected at any depth when a round makes it deleted" time="0.000134875">
        </testcase>
        <testcase classname="adws/core/__tests__/fixRoundGuard.protectedPaths.test.ts" name="evaluateFixRound — every protected path &gt; turbo.json, in a directory &gt; is rejected at any depth when a round makes it added" time="0.00009925">
        </testcase>
        <testcase classname="adws/core/__tests__/fixRoundGuard.protectedPaths.test.ts" name="evaluateFixRound — every protected path &gt; turbo.json, in a directory &gt; is rejected at any depth when a round makes it modified" time="0.000100625">
        </testcase>
        <testcase classname="adws/core/__tests__/fixRoundGuard.protectedPaths.test.ts" name="evaluateFixRound — every protected path &gt; turbo.json, in a directory &gt; is rejected at any depth when a round makes it deleted" time="0.000104791">
        </testcase>
        <testcase classname="adws/core/__tests__/fixRoundGuard.protectedPaths.test.ts" name="evaluateFixRound — every protected path &gt; bunfig.toml, in a directory &gt; is rejected at any depth when a round makes it added" time="0.000099083">
        </testcase>
        <testcase classname="adws/core/__tests__/fixRoundGuard.protectedPaths.test.ts" name="evaluateFixRound — every protected path &gt; bunfig.toml, in a directory &gt; is rejected at any depth when a round makes it modified" time="0.000083084">
        </testcase>
        <testcase classname="adws/core/__tests__/fixRoundGuard.protectedPaths.test.ts" name="evaluateFixRound — every protected path &gt; bunfig.toml, in a directory &gt; is rejected at any depth when a round makes it deleted" time="0.000122417">
        </testcase>
        <testcase classname="adws/core/__tests__/fixRoundGuard.protectedPaths.test.ts" name="evaluateFixRound — every protected path &gt; protects a path only at the repository root when its rule is scoped to the repository path" time="0.000253084">
        </testcase>
        <testcase classname="adws/core/__tests__/fixRoundGuard.protectedPaths.test.ts" name="evaluateFixRound — every protected path &gt; protects the Playwright configuration in every script extension" time="0.000322125">
        </testcase>
        <testcase classname="adws/core/__tests__/fixRoundGuard.protectedPaths.test.ts" name="evaluateFixRound — every protected path &gt; protects the variant .eslintrc" time="0.000091125">
        </testcase>
        <testcase classname="adws/core/__tests__/fixRoundGuard.protectedPaths.test.ts" name="evaluateFixRound — every protected path &gt; protects the variant .eslintrc.cjs" time="0.000054458">
        </testcase>
        <testcase classname="adws/core/__tests__/fixRoundGuard.protectedPaths.test.ts" name="evaluateFixRound — every protected path &gt; protects the variant eslint.config.mjs" time="0.000071334">
        </testcase>
        <testcase classname="adws/core/__tests__/fixRoundGuard.protectedPaths.test.ts" name="evaluateFixRound — every protected path &gt; protects the variant biome.jsonc" time="0.000054708">
        </testcase>
        <testcase classname="adws/core/__tests__/fixRoundGuard.protectedPaths.test.ts" name="evaluateFixRound — every protected path &gt; protects the variant .prettierrc.json" time="0.000053208">
        </testcase>
        <testcase classname="adws/core/__tests__/fixRoundGuard.protectedPaths.test.ts" name="evaluateFixRound — every protected path &gt; protects the variant prettier.config.cjs" time="0.000053042">
        </testcase>
        <testcase classname="adws/core/__tests__/fixRoundGuard.protectedPaths.test.ts" name="evaluateFixRound — every protected path &gt; protects the variant .pylintrc" time="0.000055708">
        </testcase>
        <testcase classname="adws/core/__tests__/fixRoundGuard.protectedPaths.test.ts" name="evaluateFixRound — every protected path &gt; protects the variant pylintrc" time="0.000063833">
        </testcase>
        <testcase classname="adws/core/__tests__/fixRoundGuard.protectedPaths.test.ts" name="evaluateFixRound — every protected path &gt; protects the variant .ruff.toml" time="0.000061292">
        </testcase>
        <testcase classname="adws/core/__tests__/fixRoundGuard.protectedPaths.test.ts" name="evaluateFixRound — every protected path &gt; protects the variant .rubocop_todo.yml" time="0.0000685">
        </testcase>
        <testcase classname="adws/core/__tests__/fixRoundGuard.protectedPaths.test.ts" name="evaluateFixRound — every protected path &gt; protects the variant .golangci.toml" time="0.0001385">
        </testcase>
        <testcase classname="adws/core/__tests__/fixRoundGuard.protectedPaths.test.ts" name="evaluateFixRound — every protected path &gt; protects the variant tsconfig.build.json" time="0.000067709">
        </testcase>
        <testcase classname="adws/core/__tests__/fixRoundGuard.protectedPaths.test.ts" name="evaluateFixRound — every protected path &gt; protects the variant babel.config.json" time="0.000064416">
        </testcase>
        <testcase classname="adws/core/__tests__/fixRoundGuard.protectedPaths.test.ts" name="evaluateFixRound — every protected path &gt; protects the variant .babelrc.json" time="0.000063125">
        </testcase>
        <testcase classname="adws/core/__tests__/fixRoundGuard.protectedPaths.test.ts" name="evaluateFixRound — every protected path &gt; protects the variant rust-toolchain" time="0.0000645">
        </testcase>
        <testcase classname="adws/core/__tests__/fixRoundGuard.protectedPaths.test.ts" name="evaluateFixRound — every protected path &gt; protects the variant rust-toolchain.toml" time="0.000066083">
        </testcase>
        <testcase classname="adws/core/__tests__/fixRoundGuard.protectedPaths.test.ts" name="evaluateFixRound — every protected path &gt; protects the variant vite.config.mts" time="0.000073292">
        </testcase>
        <testcase classname="adws/core/__tests__/fixRoundGuard.protectedPaths.test.ts" name="evaluateFixRound — every protected path &gt; protects the variant Makefile" time="0.000066125">
        </testcase>
        <testcase classname="adws/core/__tests__/fixRoundGuard.protectedPaths.test.ts" name="evaluateFixRound — every protected path &gt; protects the variant makefile" time="0.00009825">
        </testcase>
        <testcase classname="adws/core/__tests__/fixRoundGuard.protectedPaths.test.ts" name="evaluateFixRound — every protected path &gt; does not protect src/app.ts" time="0.000101625">
        </testcase>
        <testcase classname="adws/core/__tests__/fixRoundGuard.protectedPaths.test.ts" name="evaluateFixRound — every protected path &gt; does not protect README.md" time="0.000072167">
        </testcase>
        <testcase classname="adws/core/__tests__/fixRoundGuard.protectedPaths.test.ts" name="evaluateFixRound — every protected path &gt; does not protect features/per-issue/feature-1.feature" time="0.000075334">
        </testcase>
        <testcase classname="adws/core/__tests__/fixRoundGuard.protectedPaths.test.ts" name="evaluateFixRound — every protected path &gt; does not protect features/step_definitions/steps.ts" time="0.000069458">
        </testcase>
        <testcase classname="adws/core/__tests__/fixRoundGuard.protectedPaths.test.ts" name="evaluateFixRound — every protected path &gt; does not protect src/eslint-notes.md" time="0.000098">
        </testcase>
        <testcase classname="adws/core/__tests__/fixRoundGuard.protectedPaths.test.ts" name="evaluateFixRound — every protected path &gt; does not protect docs/tsconfig-guide.md" time="0.00007575">
        </testcase>
        <testcase classname="adws/core/__tests__/fixRoundGuard.protectedPaths.test.ts" name="evaluateFixRound — every protected path &gt; does not protect .adw/scenarios.md" time="0.000072834">
        </testcase>
        <testcase classname="adws/core/__tests__/fixRoundGuard.protectedPaths.test.ts" name="evaluateFixRound — every protected path &gt; judges both paths of a protected file that is renamed" time="0.000215125">
        </testcase>
        <testcase classname="adws/core/__tests__/fixRoundGuard.protectedPaths.test.ts" name="evaluateFixRound — every protected path &gt; judges a protected file whose only change is its mode" time="0.000097917">
        </testcase>
        <testcase classname="adws/core/__tests__/fixRoundGuard.protectedPaths.test.ts" name="evaluateFixRound — every protected path &gt; judges a protected binary file" time="0.00011425">
        </testcase>
    </testsuite>
    <testsuite name="adws/core/__tests__/fixRoundGuard.suppression.test.ts" timestamp="2026-10-06T17:53:43.814Z" hostname="macmini.local" tests="15" failures="0" errors="0" skipped="0" time="0.008067458">
        <testcase classname="adws/core/__tests__/fixRoundGuard.suppression.test.ts" name="evaluateFixRound — which language a pattern belongs to &gt; accepts a javascript suppression under a python-only configuration" time="0.003032083">
        </testcase>
        <testcase classname="adws/core/__tests__/fixRoundGuard.suppression.test.ts" name="evaluateFixRound — which language a pattern belongs to &gt; accepts a python suppression under a javascript-only configuration" time="0.001288083">
        </testcase>
        <testcase classname="adws/core/__tests__/fixRoundGuard.suppression.test.ts" name="evaluateFixRound — which language a pattern belongs to &gt; applies the patterns of every language of a mixed stack" time="0.0004565">
        </testcase>
        <testcase classname="adws/core/__tests__/fixRoundGuard.suppression.test.ts" name="evaluateFixRound — only what the round adds is judged &gt; accepts a round that removes a suppression" time="0.000543667">
        </testcase>
        <testcase classname="adws/core/__tests__/fixRoundGuard.suppression.test.ts" name="evaluateFixRound — only what the round adds is judged &gt; accepts a line edited in place that keeps its existing suppression" time="0.000152208">
        </testcase>
        <testcase classname="adws/core/__tests__/fixRoundGuard.suppression.test.ts" name="evaluateFixRound — only what the round adds is judged &gt; rejects a second suppression added to a file that keeps its first one in an edited line" time="0.000112041">
        </testcase>
        <testcase classname="adws/core/__tests__/fixRoundGuard.suppression.test.ts" name="evaluateFixRound — only what the round adds is judged &gt; rejects a suppression added to a file that already holds one the diff shows only as context" time="0.000099583">
        </testcase>
        <testcase classname="adws/core/__tests__/fixRoundGuard.suppression.test.ts" name="evaluateFixRound — only what the round adds is judged &gt; does not count a suppression the diff shows only as a context line" time="0.000087958">
        </testcase>
        <testcase classname="adws/core/__tests__/fixRoundGuard.suppression.test.ts" name="evaluateFixRound — only what the round adds is judged &gt; counts per file: a suppression moved to another file is rejected there" time="0.000395875">
        </testcase>
        <testcase classname="adws/core/__tests__/fixRoundGuard.suppression.test.ts" name="evaluateFixRound — only what the round adds is judged &gt; accepts a suppression moved within one file" time="0.000123167">
        </testcase>
        <testcase classname="adws/core/__tests__/fixRoundGuard.suppression.test.ts" name="evaluateFixRound — only what the round adds is judged &gt; counts two occurrences on one added line as two" time="0.000084959">
        </testcase>
        <testcase classname="adws/core/__tests__/fixRoundGuard.suppression.test.ts" name="evaluateFixRound — only what the round adds is judged &gt; accepts an ordinary comment" time="0.000074958">
        </testcase>
        <testcase classname="adws/core/__tests__/fixRoundGuard.suppression.test.ts" name="evaluateFixRound — case and whitespace &gt; catches a python suppression written with extra spaces and capitals" time="0.000072041">
        </testcase>
        <testcase classname="adws/core/__tests__/fixRoundGuard.suppression.test.ts" name="evaluateFixRound — case and whitespace &gt; catches a javascript suppression written in capitals" time="0.000075459">
        </testcase>
        <testcase classname="adws/core/__tests__/fixRoundGuard.suppression.test.ts" name="evaluateFixRound — case and whitespace &gt; catches a suppression with no space after the comment marker" time="0.00009675">
        </testcase>
    </testsuite>
    <testsuite name="adws/core/__tests__/fixRoundGuard.table.test.ts" timestamp="2026-10-06T17:53:43.815Z" hostname="macmini.local" tests="40" failures="0" errors="0" skipped="0" time="0.005122417">
        <testcase classname="adws/core/__tests__/fixRoundGuard.table.test.ts" name="the framework table &gt; has an entry for exactly the languages the stack inference knows" time="0.000830583">
        </testcase>
        <testcase classname="adws/core/__tests__/fixRoundGuard.table.test.ts" name="the framework table &gt; names every javascript pattern the decision names" time="0.000169125">
        </testcase>
        <testcase classname="adws/core/__tests__/fixRoundGuard.table.test.ts" name="the framework table &gt; names every python pattern the decision names" time="0.000068">
        </testcase>
        <testcase classname="adws/core/__tests__/fixRoundGuard.table.test.ts" name="the framework table &gt; names every go pattern the decision names" time="0.000055291">
        </testcase>
        <testcase classname="adws/core/__tests__/fixRoundGuard.table.test.ts" name="the framework table &gt; names every rust pattern the decision names" time="0.000050125">
        </testcase>
        <testcase classname="adws/core/__tests__/fixRoundGuard.table.test.ts" name="the framework table &gt; names every ruby pattern the decision names" time="0.00004525">
        </testcase>
        <testcase classname="adws/core/__tests__/fixRoundGuard.table.test.ts" name="evaluateFixRound — every framework pattern of javascript &gt; rejects a round that adds &apos;eslint-disable&apos;, as in &apos;// eslint-disable-next-line no-console&apos;" time="0.000780792">
        </testcase>
        <testcase classname="adws/core/__tests__/fixRoundGuard.table.test.ts" name="evaluateFixRound — every framework pattern of javascript &gt; rejects a round that adds &apos;@ts-ignore&apos;, as in &apos;// @ts-ignore&apos;" time="0.0004685">
        </testcase>
        <testcase classname="adws/core/__tests__/fixRoundGuard.table.test.ts" name="evaluateFixRound — every framework pattern of javascript &gt; rejects a round that adds &apos;@ts-expect-error&apos;, as in &apos;// @ts-expect-error&apos;" time="0.000103041">
        </testcase>
        <testcase classname="adws/core/__tests__/fixRoundGuard.table.test.ts" name="evaluateFixRound — every framework pattern of javascript &gt; rejects a round that adds &apos;@ts-nocheck&apos;, as in &apos;// @ts-nocheck&apos;" time="0.000105292">
        </testcase>
        <testcase classname="adws/core/__tests__/fixRoundGuard.table.test.ts" name="evaluateFixRound — every framework pattern of javascript &gt; rejects a round that adds &apos;biome-ignore&apos;, as in &apos;// biome-ignore lint/suspicious/noExp…&apos;" time="0.00008525">
        </testcase>
        <testcase classname="adws/core/__tests__/fixRoundGuard.table.test.ts" name="evaluateFixRound — every framework pattern of javascript &gt; rejects a round that adds &apos;oxlint-disable&apos;, as in &apos;// oxlint-disable-next-line no-console&apos;" time="0.000067625">
        </testcase>
        <testcase classname="adws/core/__tests__/fixRoundGuard.table.test.ts" name="evaluateFixRound — every framework pattern of javascript &gt; rejects a round that adds &apos;tslint:disable&apos;, as in &apos;// tslint:disable-next-line:no-any&apos;" time="0.000065">
        </testcase>
        <testcase classname="adws/core/__tests__/fixRoundGuard.table.test.ts" name="evaluateFixRound — every framework pattern of javascript &gt; rejects a round that adds &apos;jshint ignore&apos;, as in &apos;// jshint ignore:line&apos;" time="0.000063417">
        </testcase>
        <testcase classname="adws/core/__tests__/fixRoundGuard.table.test.ts" name="evaluateFixRound — every framework pattern of javascript &gt; rejects a round that adds &apos;deno-lint-ignore&apos;, as in &apos;// deno-lint-ignore no-explicit-any&apos;" time="0.00006825">
        </testcase>
        <testcase classname="adws/core/__tests__/fixRoundGuard.table.test.ts" name="evaluateFixRound — every framework pattern of javascript &gt; rejects a round that adds &apos;prettier-ignore&apos;, as in &apos;// prettier-ignore&apos;" time="0.000084166">
        </testcase>
        <testcase classname="adws/core/__tests__/fixRoundGuard.table.test.ts" name="evaluateFixRound — every framework pattern of python &gt; rejects a round that adds &apos;noqa&apos;, as in &apos;x = 1  # noqa: E501&apos;" time="0.000070709">
        </testcase>
        <testcase classname="adws/core/__tests__/fixRoundGuard.table.test.ts" name="evaluateFixRound — every framework pattern of python &gt; rejects a round that adds &apos;# type: ignore&apos;, as in &apos;value: int = compute()  # type: ignore&apos;" time="0.000070167">
        </testcase>
        <testcase classname="adws/core/__tests__/fixRoundGuard.table.test.ts" name="evaluateFixRound — every framework pattern of python &gt; rejects a round that adds &apos;# pyright: ignore&apos;, as in &apos;value = compute()  # pyright: ignore[…&apos;" time="0.000065083">
        </testcase>
        <testcase classname="adws/core/__tests__/fixRoundGuard.table.test.ts" name="evaluateFixRound — every framework pattern of python &gt; rejects a round that adds &apos;# pylint: disable&apos;, as in &apos;# pylint: disable=unused-import&apos;" time="0.000057542">
        </testcase>
        <testcase classname="adws/core/__tests__/fixRoundGuard.table.test.ts" name="evaluateFixRound — every framework pattern of python &gt; rejects a round that adds &apos;# mypy: ignore-errors&apos;, as in &apos;# mypy: ignore-errors&apos;" time="0.000056333">
        </testcase>
        <testcase classname="adws/core/__tests__/fixRoundGuard.table.test.ts" name="evaluateFixRound — every framework pattern of python &gt; rejects a round that adds &apos;# nosec&apos;, as in &apos;password = read_secret()  # nosec&apos;" time="0.000045375">
        </testcase>
        <testcase classname="adws/core/__tests__/fixRoundGuard.table.test.ts" name="evaluateFixRound — every framework pattern of python &gt; rejects a round that adds &apos;# pyre-ignore&apos;, as in &apos;# pyre-ignore[16]&apos;" time="0.000048666">
        </testcase>
        <testcase classname="adws/core/__tests__/fixRoundGuard.table.test.ts" name="evaluateFixRound — every framework pattern of python &gt; rejects a round that adds &apos;# pyre-fixme&apos;, as in &apos;# pyre-fixme[2]: Parameter must be an…&apos;" time="0.000050166">
        </testcase>
        <testcase classname="adws/core/__tests__/fixRoundGuard.table.test.ts" name="evaluateFixRound — every framework pattern of python &gt; rejects a round that adds &apos;# pytype: disable&apos;, as in &apos;# pytype: disable=attribute-error&apos;" time="0.000061917">
        </testcase>
        <testcase classname="adws/core/__tests__/fixRoundGuard.table.test.ts" name="evaluateFixRound — every framework pattern of go &gt; rejects a round that adds &apos;//nolint&apos;, as in &apos;defer file.Close() //nolint:errcheck&apos;" time="0.00005875">
        </testcase>
        <testcase classname="adws/core/__tests__/fixRoundGuard.table.test.ts" name="evaluateFixRound — every framework pattern of go &gt; rejects a round that adds &apos;//lint:ignore&apos;, as in &apos;//lint:ignore SA1019 the legacy API i…&apos;" time="0.000044167">
        </testcase>
        <testcase classname="adws/core/__tests__/fixRoundGuard.table.test.ts" name="evaluateFixRound — every framework pattern of go &gt; rejects a round that adds &apos;//lint:file-ignore&apos;, as in &apos;//lint:file-ignore SA1019 generated c…&apos;" time="0.000048083">
        </testcase>
        <testcase classname="adws/core/__tests__/fixRoundGuard.table.test.ts" name="evaluateFixRound — every framework pattern of go &gt; rejects a round that adds &apos;#nosec&apos;, as in &apos;// #nosec G104&apos;" time="0.000041">
        </testcase>
        <testcase classname="adws/core/__tests__/fixRoundGuard.table.test.ts" name="evaluateFixRound — every framework pattern of go &gt; rejects a round that adds &apos;//go:build ignore&apos;, as in &apos;//go:build ignore&apos;" time="0.000037208">
        </testcase>
        <testcase classname="adws/core/__tests__/fixRoundGuard.table.test.ts" name="evaluateFixRound — every framework pattern of go &gt; rejects a round that adds &apos;// +build ignore&apos;, as in &apos;// +build ignore&apos;" time="0.000041708">
        </testcase>
        <testcase classname="adws/core/__tests__/fixRoundGuard.table.test.ts" name="evaluateFixRound — every framework pattern of rust &gt; rejects a round that adds &apos;#[allow(&apos;, as in &apos;#[allow(dead_code)]&apos;" time="0.000036">
        </testcase>
        <testcase classname="adws/core/__tests__/fixRoundGuard.table.test.ts" name="evaluateFixRound — every framework pattern of rust &gt; rejects a round that adds &apos;#![allow(&apos;, as in &apos;#![allow(clippy::all)]&apos;" time="0.000033833">
        </testcase>
        <testcase classname="adws/core/__tests__/fixRoundGuard.table.test.ts" name="evaluateFixRound — every framework pattern of rust &gt; rejects a round that adds &apos;#[expect(&apos;, as in &apos;#[expect(unused_variables)]&apos;" time="0.000043">
        </testcase>
        <testcase classname="adws/core/__tests__/fixRoundGuard.table.test.ts" name="evaluateFixRound — every framework pattern of rust &gt; rejects a round that adds &apos;#![expect(&apos;, as in &apos;#![expect(clippy::pedantic)]&apos;" time="0.000034375">
        </testcase>
        <testcase classname="adws/core/__tests__/fixRoundGuard.table.test.ts" name="evaluateFixRound — every framework pattern of ruby &gt; rejects a round that adds &apos;rubocop:disable&apos;, as in &apos;# rubocop:disable Metrics/MethodLength&apos;" time="0.000038417">
        </testcase>
        <testcase classname="adws/core/__tests__/fixRoundGuard.table.test.ts" name="evaluateFixRound — every framework pattern of ruby &gt; rejects a round that adds &apos;rubocop:todo&apos;, as in &apos;# rubocop:todo Style/Documentation&apos;" time="0.000036625">
        </testcase>
        <testcase classname="adws/core/__tests__/fixRoundGuard.table.test.ts" name="evaluateFixRound — every framework pattern of ruby &gt; rejects a round that adds &apos;standard:disable&apos;, as in &apos;# standard:disable Style/Semicolon&apos;" time="0.000036541">
        </testcase>
        <testcase classname="adws/core/__tests__/fixRoundGuard.table.test.ts" name="evaluateFixRound — every framework pattern of ruby &gt; rejects a round that adds &apos;steep:ignore&apos;, as in &apos;# steep:ignore&apos;" time="0.00003575">
        </testcase>
        <testcase classname="adws/core/__tests__/fixRoundGuard.table.test.ts" name="evaluateFixRound — every framework pattern of ruby &gt; rejects a round that adds &apos;# typed: ignore&apos;, as in &apos;# typed: ignore&apos;" time="0.000037">
        </testcase>
    </testsuite>
    <testsuite name="adws/core/__tests__/fixRoundGuard.verdict.test.ts" timestamp="2026-10-06T17:53:43.817Z" hostname="macmini.local" tests="10" failures="0" errors="0" skipped="0" time="0.006956417">
        <testcase classname="adws/core/__tests__/fixRoundGuard.verdict.test.ts" name="evaluateFixRound — a clean round &gt; accepts ordinary code in an ordinary file" time="0.004072333">
        </testcase>
        <testcase classname="adws/core/__tests__/fixRoundGuard.verdict.test.ts" name="evaluateFixRound — a clean round &gt; accepts a round that changes nothing" time="0.000136125">
        </testcase>
        <testcase classname="adws/core/__tests__/fixRoundGuard.verdict.test.ts" name="evaluateFixRound — a clean round &gt; accepts a round that creates ordinary files" time="0.000514334">
        </testcase>
        <testcase classname="adws/core/__tests__/fixRoundGuard.verdict.test.ts" name="evaluateFixRound — several reasons &gt; returns every reason: a suppression and a protected file, one after the other" time="0.000239125">
        </testcase>
        <testcase classname="adws/core/__tests__/fixRoundGuard.verdict.test.ts" name="evaluateFixRound — several reasons &gt; reports a protected file that also adds a suppression once for each reason" time="0.000120125">
        </testcase>
        <testcase classname="adws/core/__tests__/fixRoundGuard.verdict.test.ts" name="evaluateFixRound — several reasons &gt; reports every pattern a file adds" time="0.000186709">
        </testcase>
        <testcase classname="adws/core/__tests__/fixRoundGuard.verdict.test.ts" name="describeGuardRejection &gt; names the file and the pattern, and the language, of a framework suppression" time="0.000129083">
        </testcase>
        <testcase classname="adws/core/__tests__/fixRoundGuard.verdict.test.ts" name="describeGuardRejection &gt; says that a repository’s own pattern comes from .adw/commands.md" time="0.000060125">
        </testcase>
        <testcase classname="adws/core/__tests__/fixRoundGuard.verdict.test.ts" name="describeGuardRejection &gt; names the file and the category of a protected path" time="0.000113041">
        </testcase>
        <testcase classname="adws/core/__tests__/fixRoundGuard.verdict.test.ts" name="describeGuardRejection &gt; gives one line per reason, each naming its file" time="0.00051175">
        </testcase>
    </testsuite>
    <testsuite name="adws/core/__tests__/forgeWiring.test.ts" timestamp="2026-10-06T17:53:43.817Z" hostname="macmini.local" tests="16" failures="0" errors="0" skipped="0" time="0.014019">
        <testcase classname="adws/core/__tests__/forgeWiring.test.ts" name="gitLabConfigFromEnv — pure helper over a literal ForgeEnv (#818) &gt; passes through token and instanceUrl" time="0.002147916">
        </testcase>
        <testcase classname="adws/core/__tests__/forgeWiring.test.ts" name="gitLabConfigFromEnv — pure helper over a literal ForgeEnv (#818) &gt; throws the operator-facing message when the token is empty" time="0.000832459">
        </testcase>
        <testcase classname="adws/core/__tests__/forgeWiring.test.ts" name="jiraAuthFromEnv — pure helper over a literal ForgeEnv (#818) &gt; Cloud wins when the email/apiToken pair is present, even with a PAT also set" time="0.000275958">
        </testcase>
        <testcase classname="adws/core/__tests__/forgeWiring.test.ts" name="jiraAuthFromEnv — pure helper over a literal ForgeEnv (#818) &gt; falls back to a Data Center PAT when no Cloud pair is present" time="0.000170084">
        </testcase>
        <testcase classname="adws/core/__tests__/forgeWiring.test.ts" name="jiraAuthFromEnv — pure helper over a literal ForgeEnv (#818) &gt; throws naming no credentials when nothing is present" time="0.000203125">
        </testcase>
        <testcase classname="adws/core/__tests__/forgeWiring.test.ts" name="jiraConfigFrom &gt; assembles instanceUrl/projectKey from the config plus jiraAuthFromEnv" time="0.000278834">
        </testcase>
        <testcase classname="adws/core/__tests__/forgeWiring.test.ts" name="jiraConfigFrom &gt; throws naming the missing Issue Tracker URL section" time="0.000246084">
        </testcase>
        <testcase classname="adws/core/__tests__/forgeWiring.test.ts" name="jiraConfigFrom &gt; throws naming the missing Issue Tracker Project Key section" time="0.000223417">
        </testcase>
        <testcase classname="adws/core/__tests__/forgeWiring.test.ts" name="buildAdwForgeDeps &gt; github/github reads no GitLab env — no throw with an empty GITLAB_TOKEN" time="0.000708125">
        </testcase>
        <testcase classname="adws/core/__tests__/forgeWiring.test.ts" name="buildAdwForgeDeps &gt; a gitlab code host throws the operator message when GITLAB_TOKEN is empty" time="0.000350125">
        </testcase>
        <testcase classname="adws/core/__tests__/forgeWiring.test.ts" name="buildAdwForgeDeps &gt; threads a logger and adwGitHubForgeDeps for github/github" time="0.000358">
        </testcase>
        <testcase classname="adws/core/__tests__/forgeWiring.test.ts" name="buildAdwForgeDeps &gt; the third argument, once invoked after minting, returns the boundary&apos;s own memoised providers" time="0.000245208">
        </testcase>
        <testcase classname="adws/core/__tests__/forgeWiring.test.ts" name="adwGitHubForgeDeps — Review-transition notification wiring, via forgeProviders &gt; a successful move to Review calls notifyReviewTransition once, awaited" time="0.002822833">
        </testcase>
        <testcase classname="adws/core/__tests__/forgeWiring.test.ts" name="adwGitHubForgeDeps — Review-transition notification wiring, via forgeProviders &gt; a move to a non-Review status does not call notifyReviewTransition" time="0.000588958">
        </testcase>
        <testcase classname="adws/core/__tests__/forgeWiring.test.ts" name="adwGitHubForgeDeps — Review-transition notification wiring, via forgeProviders &gt; resolveLabelDefinition reaches the lazy-create path (adw:blocked -&gt; b60205)" time="0.002544208">
            <system-out>
⚠️ [2026-10-06T17:53:41.128Z] applyLabel: label &quot;adw:blocked&quot; not found on repo, lazy-creating

            </system-out>
        </testcase>
        <testcase classname="adws/core/__tests__/forgeWiring.test.ts" name="adwGitHubForgeDeps — Review-transition notification wiring, via forgeProviders &gt; canApprovePullRequests follows isGitHubAppConfigured() (GITHUB_PAT mocked truthy)" time="0.000351042">
        </testcase>
    </testsuite>
    <testsuite name="adws/core/__tests__/githubAppAuth.test.ts" timestamp="2026-10-06T17:53:43.818Z" hostname="macmini.local" tests="4" failures="0" errors="0" skipped="0" time="0.001378666">
        <testcase classname="adws/core/__tests__/githubAppAuth.test.ts" name="githubAppAuth — env wrapper (#701) &gt; does not export activateGitHubAppAuth" time="0.000594292">
        </testcase>
        <testcase classname="adws/core/__tests__/githubAppAuth.test.ts" name="githubAppAuth — env wrapper (#701) &gt; does not export refreshTokenIfNeeded" time="0.000067042">
        </testcase>
        <testcase classname="adws/core/__tests__/githubAppAuth.test.ts" name="githubAppAuth — env wrapper (#701) &gt; still exports isGitHubAppConfigured as a function" time="0.0000975">
        </testcase>
        <testcase classname="adws/core/__tests__/githubAppAuth.test.ts" name="githubAppAuth — env wrapper (#701) &gt; still exports getInstallationToken as a function" time="0.000059708">
        </testcase>
    </testsuite>
    <testsuite name="adws/core/__tests__/guardrailsGate.test.ts" timestamp="2026-10-06T17:53:43.818Z" hostname="macmini.local" tests="6" failures="0" errors="0" skipped="0" time="0.013469833">
        <testcase classname="adws/core/__tests__/guardrailsGate.test.ts" name="resolveGuardrailsDecision &gt; withholds injection and never runs the probe when the kill switch is set to off" time="0.002775625">
        </testcase>
        <testcase classname="adws/core/__tests__/guardrailsGate.test.ts" name="resolveGuardrailsDecision &gt; withholds injection and never runs the probe for a self-host run" time="0.000460083">
        </testcase>
        <testcase classname="adws/core/__tests__/guardrailsGate.test.ts" name="resolveGuardrailsDecision &gt; withholds injection and alerts once when the probe fails" time="0.001042292">
        </testcase>
        <testcase classname="adws/core/__tests__/guardrailsGate.test.ts" name="resolveGuardrailsDecision &gt; AWAITS the Slack alert before resolving (async ordering)" time="0.005928959">
        </testcase>
        <testcase classname="adws/core/__tests__/guardrailsGate.test.ts" name="resolveGuardrailsDecision &gt; injects with a built payload and raises no alert when the probe passes" time="0.001551667">
        </testcase>
        <testcase classname="adws/core/__tests__/guardrailsGate.test.ts" name="resolveGuardrailsDecision &gt; injects for a target-repo agent with no repository configuration consulted" time="0.000359917">
        </testcase>
    </testsuite>
    <testsuite name="adws/core/__tests__/guardrailsPayload.test.ts" timestamp="2026-10-06T17:53:43.818Z" hostname="macmini.local" tests="12" failures="0" errors="0" skipped="0" time="0.00321525">
        <testcase classname="adws/core/__tests__/guardrailsPayload.test.ts" name="guardrailsPayload &gt; buildGuardrailsSettings &gt; parses all 13 deny patterns from the template" time="0.000911667">
        </testcase>
        <testcase classname="adws/core/__tests__/guardrailsPayload.test.ts" name="guardrailsPayload &gt; buildGuardrailsSettings &gt; carries a deny rule for recursive-force removal" time="0.000171875">
        </testcase>
        <testcase classname="adws/core/__tests__/guardrailsPayload.test.ts" name="guardrailsPayload &gt; buildGuardrailsSettings &gt; carries a deny rule for force pushing" time="0.000093125">
        </testcase>
        <testcase classname="adws/core/__tests__/guardrailsPayload.test.ts" name="guardrailsPayload &gt; buildGuardrailsSettings &gt; carries a deny rule for reading environment secrets, carving out the sample files" time="0.000113417">
        </testcase>
        <testcase classname="adws/core/__tests__/guardrailsPayload.test.ts" name="guardrailsPayload &gt; buildGuardrailsSettings &gt; declares no allow list" time="0.000055041">
        </testcase>
        <testcase classname="adws/core/__tests__/guardrailsPayload.test.ts" name="guardrailsPayload &gt; buildGuardrailsSettings &gt; registers all five hook events" time="0.000260292">
        </testcase>
        <testcase classname="adws/core/__tests__/guardrailsPayload.test.ts" name="guardrailsPayload &gt; buildGuardrailsSettings &gt; registers every hook command at an absolute path under the given frameworkRepoRoot" time="0.000194708">
        </testcase>
        <testcase classname="adws/core/__tests__/guardrailsPayload.test.ts" name="guardrailsPayload &gt; buildGuardrailsSettings &gt; uses bun directly, not bunx tsx" time="0.000146333">
        </testcase>
        <testcase classname="adws/core/__tests__/guardrailsPayload.test.ts" name="guardrailsPayload &gt; buildGuardrailsSettings &gt; keeps every hook command non-blocking (|| true)" time="0.000142583">
        </testcase>
        <testcase classname="adws/core/__tests__/guardrailsPayload.test.ts" name="guardrailsPayload &gt; buildGuardrailsSettings &gt; passes --notify to the Notification hook and --chat to the Stop hook only" time="0.000121375">
        </testcase>
        <testcase classname="adws/core/__tests__/guardrailsPayload.test.ts" name="guardrailsPayload &gt; serializeGuardrailsSettings &gt; round-trips through JSON" time="0.00025575">
        </testcase>
        <testcase classname="adws/core/__tests__/guardrailsPayload.test.ts" name="guardrailsPayload &gt; resolveHookLogDir &gt; returns an absolute path under agents/{adwId}/hook-logs" time="0.000077083">
        </testcase>
    </testsuite>
    <testsuite name="adws/core/__tests__/guardrailsProbe.integration.test.ts" timestamp="2026-10-06T17:53:43.819Z" hostname="macmini.local" tests="1" failures="0" errors="0" skipped="0" time="1.347294667">
        <testcase classname="adws/core/__tests__/guardrailsProbe.integration.test.ts" name="runGuardrailsProbe launch environment &gt; starts every claude process of the deny matrix with auto-memory disabled and a hook log directory" time="1.346128875">
        </testcase>
    </testsuite>
    <testsuite name="adws/core/__tests__/hashComputer.test.ts" timestamp="2026-10-06T17:53:43.819Z" hostname="macmini.local" tests="10" failures="0" errors="0" skipped="0" time="0.005596708">
        <testcase classname="adws/core/__tests__/hashComputer.test.ts" name="normal path &gt; returns a 64-char lowercase hex SHA256 digest matching independently computed value" time="0.0021405">
        </testcase>
        <testcase classname="adws/core/__tests__/hashComputer.test.ts" name="reorder stability &gt; produces the same digest regardless of hashInputs list order" time="0.000192042">
        </testcase>
        <testcase classname="adws/core/__tests__/hashComputer.test.ts" name="byte-change sensitivity &gt; changing one byte in the first declared file changes the digest" time="0.000374">
        </testcase>
        <testcase classname="adws/core/__tests__/hashComputer.test.ts" name="byte-change sensitivity &gt; changing one byte in the second declared file changes the digest" time="0.000129292">
        </testcase>
        <testcase classname="adws/core/__tests__/hashComputer.test.ts" name="missing hashInputs frontmatter &gt; throws when frontmatter has no hashInputs key" time="0.000362">
        </testcase>
        <testcase classname="adws/core/__tests__/hashComputer.test.ts" name="missing hashInputs frontmatter &gt; throws when file has no frontmatter at all" time="0.000097834">
        </testcase>
        <testcase classname="adws/core/__tests__/hashComputer.test.ts" name="missing hashInputs frontmatter &gt; throws when hashInputs list is empty" time="0.000088416">
        </testcase>
        <testcase classname="adws/core/__tests__/hashComputer.test.ts" name="missing referenced file &gt; throws naming the missing relative path when a declared file does not resolve" time="0.000114541">
        </testcase>
        <testcase classname="adws/core/__tests__/hashComputer.test.ts" name="missing adw_init.md &gt; throws a clear error mentioning adw_init.md when the spec file is absent" time="0.000094584">
        </testcase>
        <testcase classname="adws/core/__tests__/hashComputer.test.ts" name="real-repo smoke test &gt; returns a stable 64-char hex digest for the live ADW checkout" time="0.00080075">
        </testcase>
    </testsuite>
    <testsuite name="adws/core/__tests__/heartbeat.test.ts" timestamp="2026-10-06T17:53:43.819Z" hostname="macmini.local" tests="4" failures="0" errors="0" skipped="0" time="0.023445">
        <testcase classname="adws/core/__tests__/heartbeat.test.ts" name="heartbeat module contract &gt; writes lastSeenAt within intervalMs * 1.5" time="0.009762625">
            <system-out>
📋 [2026-10-06T17:53:40.237Z] Heartbeat starting for adwId=hb-tick-a (intervalMs=100)

📋 [2026-10-06T17:53:40.387Z] Heartbeat stopped for adwId=hb-tick-a

            </system-out>
        </testcase>
        <testcase classname="adws/core/__tests__/heartbeat.test.ts" name="heartbeat module contract &gt; stopHeartbeat prevents subsequent writes" time="0.007985334">
            <system-out>
📋 [2026-10-06T17:53:40.246Z] Heartbeat starting for adwId=hb-stop-a (intervalMs=100)

📋 [2026-10-06T17:53:40.396Z] Heartbeat stopped for adwId=hb-stop-a

            </system-out>
        </testcase>
        <testcase classname="adws/core/__tests__/heartbeat.test.ts" name="heartbeat module contract &gt; stopHeartbeat is idempotent (safe to call twice)" time="0.002625708">
            <system-out>
📋 [2026-10-06T17:53:40.254Z] Heartbeat starting for adwId=hb-stop-b (intervalMs=100)
📋 [2026-10-06T17:53:40.254Z] Heartbeat stopped for adwId=hb-stop-b
📋 [2026-10-06T17:53:40.254Z] Heartbeat stopped for adwId=hb-stop-b

            </system-out>
        </testcase>
        <testcase classname="adws/core/__tests__/heartbeat.test.ts" name="heartbeat module contract &gt; tick survives a write error" time="0.001912542">
            <system-out>
📋 [2026-10-06T17:53:40.257Z] Heartbeat starting for adwId=hb-err-a (intervalMs=100)

⚠️ [2026-10-06T17:53:40.357Z] Heartbeat write failed for adwId=hb-err-a: Error: disk full

📋 [2026-10-06T17:53:40.507Z] Heartbeat stopped for adwId=hb-err-a

            </system-out>
        </testcase>
    </testsuite>
    <testsuite name="adws/core/__tests__/hungOrchestratorDetector.test.ts" timestamp="2026-10-06T17:53:43.819Z" hostname="macmini.local" tests="27" failures="0" errors="0" skipped="0" time="0.031768208">
        <testcase classname="adws/core/__tests__/hungOrchestratorDetector.test.ts" name="findHungOrchestrators — positive cases &gt; returns build_running entry with live PID and stale lastSeenAt" time="0.001935334">
        </testcase>
        <testcase classname="adws/core/__tests__/hungOrchestratorDetector.test.ts" name="findHungOrchestrators — positive cases &gt; returns test_running entry with live PID and stale lastSeenAt" time="0.000672375">
        </testcase>
        <testcase classname="adws/core/__tests__/hungOrchestratorDetector.test.ts" name="findHungOrchestrators — positive cases &gt; returns review_running entry with live PID and stale lastSeenAt" time="0.000448083">
        </testcase>
        <testcase classname="adws/core/__tests__/hungOrchestratorDetector.test.ts" name="findHungOrchestrators — positive cases &gt; returns document_running entry with live PID and stale lastSeenAt" time="0.000427167">
        </testcase>
        <testcase classname="adws/core/__tests__/hungOrchestratorDetector.test.ts" name="findHungOrchestrators — positive cases &gt; returns install_running entry with live PID and stale lastSeenAt" time="0.000385542">
        </testcase>
        <testcase classname="adws/core/__tests__/hungOrchestratorDetector.test.ts" name="findHungOrchestrators — positive cases &gt; returns entry when lastSeenAt is exactly staleThresholdMs + 1 ms old (boundary)" time="0.002136167">
        </testcase>
        <testcase classname="adws/core/__tests__/hungOrchestratorDetector.test.ts" name="findHungOrchestrators — positive cases &gt; returns multiple hung entries across multiple adwIds" time="0.001953833">
        </testcase>
        <testcase classname="adws/core/__tests__/hungOrchestratorDetector.test.ts" name="findHungOrchestrators — negative cases (skipped entries) &gt; skips entry with fresh lastSeenAt (age &lt;= threshold)" time="0.00121225">
        </testcase>
        <testcase classname="adws/core/__tests__/hungOrchestratorDetector.test.ts" name="findHungOrchestrators — negative cases (skipped entries) &gt; skips entry when lastSeenAt is exactly at threshold boundary (not strictly stale)" time="0.001389833">
        </testcase>
        <testcase classname="adws/core/__tests__/hungOrchestratorDetector.test.ts" name="findHungOrchestrators — negative cases (skipped entries) &gt; skips entry with non-_running workflowStage (completed)" time="0.001381833">
        </testcase>
        <testcase classname="adws/core/__tests__/hungOrchestratorDetector.test.ts" name="findHungOrchestrators — negative cases (skipped entries) &gt; skips entry with workflowStage &quot;abandoned&quot;" time="0.001469083">
        </testcase>
        <testcase classname="adws/core/__tests__/hungOrchestratorDetector.test.ts" name="findHungOrchestrators — negative cases (skipped entries) &gt; skips entry with workflowStage &quot;discarded&quot;" time="0.000494">
        </testcase>
        <testcase classname="adws/core/__tests__/hungOrchestratorDetector.test.ts" name="findHungOrchestrators — negative cases (skipped entries) &gt; skips entry with workflowStage &quot;paused&quot;" time="0.000389208">
        </testcase>
        <testcase classname="adws/core/__tests__/hungOrchestratorDetector.test.ts" name="findHungOrchestrators — negative cases (skipped entries) &gt; skips entry with workflowStage &quot;starting&quot;" time="0.009858083">
        </testcase>
        <testcase classname="adws/core/__tests__/hungOrchestratorDetector.test.ts" name="findHungOrchestrators — negative cases (skipped entries) &gt; skips entry with workflowStage &quot;plan_building&quot;" time="0.000448167">
        </testcase>
        <testcase classname="adws/core/__tests__/hungOrchestratorDetector.test.ts" name="findHungOrchestrators — negative cases (skipped entries) &gt; skips entry with workflowStage &quot;plan_validating&quot;" time="0.000348708">
        </testcase>
        <testcase classname="adws/core/__tests__/hungOrchestratorDetector.test.ts" name="findHungOrchestrators — negative cases (skipped entries) &gt; skips entry with workflowStage &quot;plan_aligning&quot;" time="0.00031025">
        </testcase>
        <testcase classname="adws/core/__tests__/hungOrchestratorDetector.test.ts" name="findHungOrchestrators — negative cases (skipped entries) &gt; skips entry with dead PID (not hung — already terminated)" time="0.000385">
        </testcase>
        <testcase classname="adws/core/__tests__/hungOrchestratorDetector.test.ts" name="findHungOrchestrators — negative cases (skipped entries) &gt; skips entry with undefined pid" time="0.000707791">
        </testcase>
        <testcase classname="adws/core/__tests__/hungOrchestratorDetector.test.ts" name="findHungOrchestrators — negative cases (skipped entries) &gt; skips entry with undefined pidStartedAt" time="0.000536292">
        </testcase>
        <testcase classname="adws/core/__tests__/hungOrchestratorDetector.test.ts" name="findHungOrchestrators — negative cases (skipped entries) &gt; skips entry with undefined lastSeenAt" time="0.000441458">
        </testcase>
        <testcase classname="adws/core/__tests__/hungOrchestratorDetector.test.ts" name="findHungOrchestrators — negative cases (skipped entries) &gt; skips entry with unparseable lastSeenAt string" time="0.000468458">
        </testcase>
        <testcase classname="adws/core/__tests__/hungOrchestratorDetector.test.ts" name="findHungOrchestrators — negative cases (skipped entries) &gt; skips malformed JSON entry and still returns valid siblings" time="0.00082725">
        </testcase>
        <testcase classname="adws/core/__tests__/hungOrchestratorDetector.test.ts" name="findHungOrchestrators — negative cases (skipped entries) &gt; returns empty array for empty agents directory" time="0.000266958">
        </testcase>
        <testcase classname="adws/core/__tests__/hungOrchestratorDetector.test.ts" name="findHungOrchestrators — injected clock &gt; uses the passed now value, not the system clock" time="0.000495875">
        </testcase>
        <testcase classname="adws/core/__tests__/hungOrchestratorDetector.test.ts" name="findHungOrchestrators — purity &gt; does not mutate any fixture state file after returning" time="0.000437208">
        </testcase>
        <testcase classname="adws/core/__tests__/hungOrchestratorDetector.test.ts" name="findHungOrchestrators — purity &gt; never calls process.kill" time="0.000769417">
        </testcase>
    </testsuite>
    <testsuite name="adws/core/__tests__/issueClassifier.test.ts" timestamp="2026-10-06T17:53:43.820Z" hostname="macmini.local" tests="7" failures="0" errors="0" skipped="0" time="0.009693709">
        <testcase classname="adws/core/__tests__/issueClassifier.test.ts" name="VALID_ISSUE_TYPES domain invariant &gt; equals exactly the four real workflow types" time="0.002033584">
        </testcase>
        <testcase classname="adws/core/__tests__/issueClassifier.test.ts" name="VALID_ISSUE_TYPES domain invariant &gt; does not contain /adw_init" time="0.000772666">
        </testcase>
        <testcase classname="adws/core/__tests__/issueClassifier.test.ts" name="classifyIssueForTrigger — adw:* label override &gt; single adw:bug label deterministically resolves to /bug without calling the LLM" time="0.002903458">
            <system-out>
📋 [2026-10-06T17:53:42.469Z] Classifying issue #618 for trigger...

📋 [2026-10-06T17:53:42.470Z] classifyIssueForTrigger: issue #618 title=&quot;fix: some bug&quot;, body length=73
✅ [2026-10-06T17:53:42.471Z] Issue #618: adw:* label override -&gt; /bug, skipping AI classification

            </system-out>
        </testcase>
        <testcase classname="adws/core/__tests__/issueClassifier.test.ts" name="classifyIssueForTrigger — adw:* label override &gt; conflicting adw:bug + adw:feature labels fall through to the LLM" time="0.000741917">
            <system-out>
📋 [2026-10-06T17:53:42.471Z] Classifying issue #619 for trigger...

📋 [2026-10-06T17:53:42.472Z] classifyIssueForTrigger: issue #619 title=&quot;ambiguous issue&quot;, body length=73

✅ [2026-10-06T17:53:42.472Z] Classification complete for issue #619: issueType=/feature, success=true

            </system-out>
        </testcase>
        <testcase classname="adws/core/__tests__/issueClassifier.test.ts" name="classifyIssueForTrigger — adw:* label override &gt; no adw:* labels fall through to the LLM" time="0.000464833">
            <system-out>
📋 [2026-10-06T17:53:42.472Z] Classifying issue #620 for trigger...

📋 [2026-10-06T17:53:42.472Z] classifyIssueForTrigger: issue #620 title=&quot;unlabelled issue&quot;, body length=73

✅ [2026-10-06T17:53:42.472Z] Classification complete for issue #620: issueType=/chore, success=true

            </system-out>
        </testcase>
        <testcase classname="adws/core/__tests__/issueClassifier.test.ts" name="classifyGitHubIssue — /adw_init safety &gt; degrades to /feature when agent output contains only /adw_init" time="0.000968">
            <system-out>
📋 [2026-10-06T17:53:42.473Z] Classifying issue #576 (durable unit-test gate for adw.yml)...
📋 [2026-10-06T17:53:42.473Z] classifyGitHubIssue: issue #576 labels=[none], body length=73
📋 [2026-10-06T17:53:42.473Z] classifyWithIssueCommand: starting heuristic classification for issue #576

📋 [2026-10-06T17:53:42.473Z] classifyWithIssueCommand: raw AI output for issue #576: &quot;/adw_init&quot;
⚠️ [2026-10-06T17:53:42.473Z] classifyWithIssueCommand: could not parse command from AI output: &quot;/adw_init&quot;
[31m❌ [2026-10-06T17:53:42.473Z] Could not parse classification for issue #576, defaulting to /feature[0m

⚠️ [2026-10-06T17:53:42.473Z] Classification complete for issue #576: issueType=/feature, success=false

            </system-out>
        </testcase>
        <testcase classname="adws/core/__tests__/issueClassifier.test.ts" name="classifyGitHubIssue — /adw_init safety &gt; resolves to /bug when output has /bug before a trailing /adw_init" time="0.000394917">
            <system-out>
📋 [2026-10-06T17:53:42.473Z] Classifying issue #576 (durable unit-test gate for adw.yml)...
📋 [2026-10-06T17:53:42.473Z] classifyGitHubIssue: issue #576 labels=[none], body length=73
📋 [2026-10-06T17:53:42.474Z] classifyWithIssueCommand: starting heuristic classification for issue #576

📋 [2026-10-06T17:53:42.474Z] classifyWithIssueCommand: raw AI output for issue #576: &quot;this looks like /bug, not /adw_init&quot;
📋 [2026-10-06T17:53:42.474Z] classifyWithIssueCommand: parsed command /bug from AI output for issue #576
✅ [2026-10-06T17:53:42.474Z] Issue #576 classified as /bug via heuristic

✅ [2026-10-06T17:53:42.474Z] Classification complete for issue #576: issueType=/bug, success=true

            </system-out>
        </testcase>
    </testsuite>
    <testsuite name="adws/core/__tests__/issueRecord.test.ts" timestamp="2026-10-06T17:53:43.821Z" hostname="macmini.local" tests="3" failures="0" errors="0" skipped="0" time="0.004481417">
        <testcase classname="adws/core/__tests__/issueRecord.test.ts" name="fetchIssueRecord &gt; delegates to the tracker with the given issue number" time="0.001997417">
        </testcase>
        <testcase classname="adws/core/__tests__/issueRecord.test.ts" name="fetchIssueRecord &gt; returns the tracker&apos;s Issue untouched" time="0.000290959">
        </testcase>
        <testcase classname="adws/core/__tests__/issueRecord.test.ts" name="fetchIssueRecord &gt; propagates the tracker&apos;s rejection message unchanged — no double-wrapped prefix" time="0.001067708">
        </testcase>
    </testsuite>
    <testsuite name="adws/core/__tests__/launchGitContext.test.ts" timestamp="2026-10-06T17:53:43.821Z" hostname="macmini.local" tests="44" failures="0" errors="0" skipped="0" time="0.006065833">
        <testcase classname="adws/core/__tests__/launchGitContext.test.ts" name="target context from --target-repo &gt; basePath is join(targetReposDir, owner, repo)" time="0.00091475">
        </testcase>
        <testcase classname="adws/core/__tests__/launchGitContext.test.ts" name="target context from --target-repo &gt; selfHost is false for a target context" time="0.000097084">
        </testcase>
        <testcase classname="adws/core/__tests__/launchGitContext.test.ts" name="target context from --target-repo &gt; owner and repo come from the target arg" time="0.0000955">
        </testcase>
        <testcase classname="adws/core/__tests__/launchGitContext.test.ts" name="target context from --target-repo &gt; a distinct owner/repo pair resolves a distinct basePath" time="0.000334458">
        </testcase>
        <testcase classname="adws/core/__tests__/launchGitContext.test.ts" name="target context from --target-repo &gt; getRepoInfo is NOT consulted for a target context" time="0.000073958">
        </testcase>
        <testcase classname="adws/core/__tests__/launchGitContext.test.ts" name="self-host context (no --target-repo) &gt; basePath equals the injected framework repo root" time="0.000069084">
        </testcase>
        <testcase classname="adws/core/__tests__/launchGitContext.test.ts" name="self-host context (no --target-repo) &gt; selfHost is true for a self-host context" time="0.000061333">
        </testcase>
        <testcase classname="adws/core/__tests__/launchGitContext.test.ts" name="self-host context (no --target-repo) &gt; owner and repo come from getRepoInfo (local git remote fallback)" time="0.000077042">
        </testcase>
        <testcase classname="adws/core/__tests__/launchGitContext.test.ts" name="self-host context (no --target-repo) &gt; getRepoInfo IS consulted for a self-host context" time="0.00008375">
        </testcase>
        <testcase classname="adws/core/__tests__/launchGitContext.test.ts" name="worktreePathFor resolution &gt; target: worktreePathFor resolves under the target workspace .worktrees" time="0.000138291">
        </testcase>
        <testcase classname="adws/core/__tests__/launchGitContext.test.ts" name="worktreePathFor resolution &gt; self-host: worktreePathFor resolves under the framework root .worktrees" time="0.000057166">
        </testcase>
        <testcase classname="adws/core/__tests__/launchGitContext.test.ts" name="cwd-independence &gt; worktreePathFor returns the same path from two different working directories" time="0.000210625">
        </testcase>
        <testcase classname="adws/core/__tests__/launchGitContext.test.ts" name="identity and token plumbing &gt; commandEnv carries the resolved token as GH_TOKEN" time="0.000075292">
        </testcase>
        <testcase classname="adws/core/__tests__/launchGitContext.test.ts" name="identity and token plumbing &gt; commandEnv carries all four GIT_* identity vars" time="0.000078417">
        </testcase>
        <testcase classname="adws/core/__tests__/launchGitContext.test.ts" name="incomplete identity &gt; throws when resolved token is empty" time="0.000355208">
        </testcase>
        <testcase classname="adws/core/__tests__/launchGitContext.test.ts" name="incomplete identity &gt; throws when resolveGitIdentity returns empty authorName" time="0.000075">
        </testcase>
        <testcase classname="adws/core/__tests__/launchGitContext.test.ts" name="TokenProvider port at the launch boundary &gt; deps.tokenProvider takes precedence over deps.resolveToken" time="0.000063208">
        </testcase>
        <testcase classname="adws/core/__tests__/launchGitContext.test.ts" name="TokenProvider port at the launch boundary &gt; a launch context built with a provider resolves per command: two operations, two credentials" time="0.000049292">
        </testcase>
        <testcase classname="adws/core/__tests__/launchGitContext.test.ts" name="TokenProvider port at the launch boundary &gt; a provider that throws surfaces at construction" time="0.000064833">
        </testcase>
        <testcase classname="adws/core/__tests__/launchGitContext.test.ts" name="TokenProvider port at the launch boundary &gt; the launch provider serves the same credential for default and alternateIdentity (no alternate identity at this boundary)" time="0.000044458">
        </testcase>
        <testcase classname="adws/core/__tests__/launchGitContext.test.ts" name="TokenProvider port at the launch boundary &gt; deps.resolveToken is adapted into per-command resolution, not resolved once" time="0.000052291">
        </testcase>
        <testcase classname="adws/core/__tests__/launchGitContext.test.ts" name="resolveLaunchCredentials: options threading into deps.forgeCredentials &gt; mints via the seam with the GitHub-keyed forge, the boundary identity, and deps.github built from readGitHubAppConfig/GITHUB_PAT" time="0.000449167">
        </testcase>
        <testcase classname="adws/core/__tests__/launchGitContext.test.ts" name="resolveLaunchCredentials: alternate-identity PAT parity through the real factory (#819) &gt; serves GITHUB_PAT to alternateIdentity requests and, with the App unconfigured, to default requests too" time="0.000204042">
        </testcase>
        <testcase classname="adws/core/__tests__/launchGitContext.test.ts" name="resolveLaunchCredentials: injected seams win over minting &gt; never calls a throwing forgeCredentials when both tokenProvider/resolveToken and resolveGitIdentity are already injected" time="0.000057042">
        </testcase>
        <testcase classname="adws/core/__tests__/launchGitContext.test.ts" name="buildLaunchBoundary: identity binding &gt; target boundary: repoId and gitContext report the same owner/repo, and providers.codeHost carries repoId" time="0.00014525">
        </testcase>
        <testcase classname="adws/core/__tests__/launchGitContext.test.ts" name="buildLaunchBoundary: identity binding &gt; self-host boundary: repoId and gitContext report the same owner/repo, and providers.codeHost carries repoId" time="0.00006">
        </testcase>
        <testcase classname="adws/core/__tests__/launchGitContext.test.ts" name="buildLaunchBoundary: one identity read, not several &gt; a getRepoInfo seam answering differently on a second call cannot split a self-host boundary&apos;s identity" time="0.00006875">
        </testcase>
        <testcase classname="adws/core/__tests__/launchGitContext.test.ts" name="buildLaunchBoundary: one identity read, not several &gt; getRepoInfo is never consulted for a target boundary, not even once for providers" time="0.000039833">
        </testcase>
        <testcase classname="adws/core/__tests__/launchGitContext.test.ts" name="buildLaunchBoundary: all providers minted in one recorded call &gt; forgeProviders is invoked exactly once, with the boundary&apos;s repoId as identity" time="0.000069833">
        </testcase>
        <testcase classname="adws/core/__tests__/launchGitContext.test.ts" name="buildLaunchBoundary: all providers minted in one recorded call &gt; forgeProviders receives the boundary&apos;s own GitContext — one construction per process, none inside the adapter" time="0.000035958">
        </testcase>
        <testcase classname="adws/core/__tests__/launchGitContext.test.ts" name="buildLaunchBoundary: provider selection stays config-driven &gt; an injected loadProviderConfig reaches forgeProviders as exactly the selected forge names" time="0.000054084">
        </testcase>
        <testcase classname="adws/core/__tests__/launchGitContext.test.ts" name="buildLaunchBoundary: provider selection stays config-driven &gt; a loader returning GitHub defaults yields GitHub for both forges" time="0.000042625">
        </testcase>
        <testcase classname="adws/core/__tests__/launchGitContext.test.ts" name="buildLaunchBoundary: provider selection stays config-driven &gt; target boundary: the loader is called with the target workspace path (join(targetReposDir, owner, repo))" time="0.000327542">
        </testcase>
        <testcase classname="adws/core/__tests__/launchGitContext.test.ts" name="buildLaunchBoundary: provider selection stays config-driven &gt; self-host boundary: the loader is called with the framework repo root" time="0.000067834">
        </testcase>
        <testcase classname="adws/core/__tests__/launchGitContext.test.ts" name="buildLaunchBoundary: the default assembly path (no seam injected) &gt; yields a frozen set whose codeHost.getRepoIdentifier() equals boundary.repoId, with no I/O at construction" time="0.000075791">
        </testcase>
        <testcase classname="adws/core/__tests__/launchGitContext.test.ts" name="buildLaunchBoundary: forgeProviders receives the boundary&apos;s own context, tokenProvider and deps &gt; a config naming gitlab reaches the seam as forge.codeHost === &quot;gitlab&quot;, carrying the boundary&apos;s own gitContext and tokenProvider" time="0.000066708">
        </testcase>
        <testcase classname="adws/core/__tests__/launchGitContext.test.ts" name="buildLaunchBoundary: forgeProviders receives the boundary&apos;s own context, tokenProvider and deps &gt; the assembly seam receives the deps the forgeDeps seam built" time="0.000045542">
        </testcase>
        <testcase classname="adws/core/__tests__/launchGitContext.test.ts" name="buildLaunchBoundary: deferred, memoised minting &gt; building the boundary calls neither the config loader nor the assembly seam" time="0.000040583">
        </testcase>
        <testcase classname="adws/core/__tests__/launchGitContext.test.ts" name="buildLaunchBoundary: deferred, memoised minting &gt; the first .providers access calls the loader and the assembly seam exactly once each" time="0.000057416">
        </testcase>
        <testcase classname="adws/core/__tests__/launchGitContext.test.ts" name="buildLaunchBoundary: deferred, memoised minting &gt; a second .providers access calls neither seam again and returns the identical object" time="0.000060625">
        </testcase>
        <testcase classname="adws/core/__tests__/launchGitContext.test.ts" name="buildLaunchGitContext: the context-only view gains no new failure mode &gt; succeeds even when the injected config loader throws — providers are never touched" time="0.00003675">
        </testcase>
        <testcase classname="adws/core/__tests__/launchGitContext.test.ts" name="buildLaunchGitContext: the context-only view gains no new failure mode &gt; returns a context whose identity matches a buildLaunchBoundary call with the same arguments" time="0.00005325">
        </testcase>
        <testcase classname="adws/core/__tests__/launchGitContext.test.ts" name="buildLaunchBoundary: RepoIdentifier platform &gt; defaults to Platform.GitHub when deps.platform is not supplied" time="0.000032333">
        </testcase>
        <testcase classname="adws/core/__tests__/launchGitContext.test.ts" name="buildLaunchBoundary: RepoIdentifier platform &gt; honours an injected deps.platform override" time="0.000031083">
        </testcase>
    </testsuite>
    <testsuite name="adws/core/__tests__/localRepoIdentity.test.ts" timestamp="2026-10-06T17:53:43.822Z" hostname="macmini.local" tests="17" failures="0" errors="0" skipped="0" time="0.103576875">
        <testcase classname="adws/core/__tests__/localRepoIdentity.test.ts" name="readLocalRepoIdentity — injected reader &gt; resolves https://github.com/acme/webapp to owner=acme repo=webapp" time="0.00138025">
        </testcase>
        <testcase classname="adws/core/__tests__/localRepoIdentity.test.ts" name="readLocalRepoIdentity — injected reader &gt; resolves https://github.com/acme/webapp.git to owner=acme repo=webapp" time="0.000147333">
        </testcase>
        <testcase classname="adws/core/__tests__/localRepoIdentity.test.ts" name="readLocalRepoIdentity — injected reader &gt; resolves https://github.com/acme/webapp/ to owner=acme repo=webapp" time="0.000069334">
        </testcase>
        <testcase classname="adws/core/__tests__/localRepoIdentity.test.ts" name="readLocalRepoIdentity — injected reader &gt; resolves git@github.com:acme/webapp.git to owner=acme repo=webapp" time="0.000058208">
        </testcase>
        <testcase classname="adws/core/__tests__/localRepoIdentity.test.ts" name="readLocalRepoIdentity — injected reader &gt; resolves git@github.com:acme/webapp to owner=acme repo=webapp" time="0.000064917">
        </testcase>
        <testcase classname="adws/core/__tests__/localRepoIdentity.test.ts" name="readLocalRepoIdentity — injected reader &gt; resolves https://x-access-token:TOKEN@github.com/acme/webapp.git to owner=acme repo=webapp" time="0.000049542">
        </testcase>
        <testcase classname="adws/core/__tests__/localRepoIdentity.test.ts" name="readLocalRepoIdentity — injected reader &gt; resolves ssh://git@github.com/acme/webapp to owner=acme repo=webapp" time="0.000046375">
        </testcase>
        <testcase classname="adws/core/__tests__/localRepoIdentity.test.ts" name="readLocalRepoIdentity — injected reader &gt; resolves ssh://git@github.com/acme/webapp.git to owner=acme repo=webapp" time="0.000048667">
        </testcase>
        <testcase classname="adws/core/__tests__/localRepoIdentity.test.ts" name="readLocalRepoIdentity — injected reader &gt; resolves https://github.com/paysdoc/paysdoc.nl to owner=paysdoc repo=paysdoc.nl" time="0.000059625">
        </testcase>
        <testcase classname="adws/core/__tests__/localRepoIdentity.test.ts" name="readLocalRepoIdentity — injected reader &gt; resolves https://github.com/paysdoc/paysdoc.nl.git to owner=paysdoc repo=paysdoc.nl" time="0.000074291">
        </testcase>
        <testcase classname="adws/core/__tests__/localRepoIdentity.test.ts" name="readLocalRepoIdentity — injected reader &gt; resolves a non-GitHub HTTPS remote instead of throwing (a deliberate change from readLocalRepoInfo)" time="0.000064666">
        </testcase>
        <testcase classname="adws/core/__tests__/localRepoIdentity.test.ts" name="readLocalRepoIdentity — injected reader &gt; resolves a non-GitHub SCP-style SSH remote" time="0.000054625">
        </testcase>
        <testcase classname="adws/core/__tests__/localRepoIdentity.test.ts" name="readLocalRepoIdentity — injected reader &gt; throws &quot;Failed to get repo info&quot; with the inner parse failure for a garbage remote" time="0.000356792">
        </testcase>
        <testcase classname="adws/core/__tests__/localRepoIdentity.test.ts" name="readLocalRepoIdentity — injected reader &gt; wraps a throwing reader in &quot;Failed to get repo info&quot;" time="0.000077708">
        </testcase>
        <testcase classname="adws/core/__tests__/localRepoIdentity.test.ts" name="readLocalRepoIdentity — injected reader &gt; passes the cwd argument through to the injected reader" time="0.000083042">
        </testcase>
        <testcase classname="adws/core/__tests__/localRepoIdentity.test.ts" name="readLocalRepoIdentity — real git remote (mirrors the #779 dotted-name proof) &gt; resolves a dotted-name SSH remote to the full repository name" time="0.057463667">
        </testcase>
        <testcase classname="adws/core/__tests__/localRepoIdentity.test.ts" name="readLocalRepoIdentity — real git remote (mirrors the #779 dotted-name proof) &gt; throws &quot;Failed to get repo info&quot; when there is no origin remote" time="0.04241825">
        </testcase>
    </testsuite>
    <testsuite name="adws/core/__tests__/modelRouting.test.ts" timestamp="2026-10-06T17:53:43.823Z" hostname="macmini.local" tests="6" failures="0" errors="0" skipped="0" time="0.002750292">
        <testcase classname="adws/core/__tests__/modelRouting.test.ts" name="routing tables &gt; give no Haiku entry an effort, in the default pair or the fast pair" time="0.001233833">
        </testcase>
        <testcase classname="adws/core/__tests__/modelRouting.test.ts" name="routing tables &gt; route /promote_regression_vocabulary to Haiku with no effort when the issue asks for /fast" time="0.00021375">
        </testcase>
        <testcase classname="adws/core/__tests__/modelRouting.test.ts" name="routing tables &gt; route /resolve_conflict and /correct_output to a model in default mode" time="0.000091458">
        </testcase>
        <testcase classname="adws/core/__tests__/modelRouting.test.ts" name="routing tables &gt; route /resolve_conflict and /correct_output to a model in fast mode" time="0.0000555">
        </testcase>
        <testcase classname="adws/core/__tests__/modelRouting.test.ts" name="routing tables &gt; give /correct_output no effort in default mode" time="0.000048625">
        </testcase>
        <testcase classname="adws/core/__tests__/modelRouting.test.ts" name="routing tables &gt; give /correct_output no effort in fast mode" time="0.000043041">
        </testcase>
    </testsuite>
    <testsuite name="adws/core/__tests__/phaseRunner.test.ts" timestamp="2026-10-06T17:53:43.823Z" hostname="macmini.local" tests="26" failures="0" errors="0" skipped="0" time="0.116132583">
        <testcase classname="adws/core/__tests__/phaseRunner.test.ts" name="CostTracker &gt; starts at zero" time="0.000905125">
        </testcase>
        <testcase classname="adws/core/__tests__/phaseRunner.test.ts" name="CostTracker &gt; accumulates cost across multiple phases" time="0.000136666">
        </testcase>
        <testcase classname="adws/core/__tests__/phaseRunner.test.ts" name="CostTracker &gt; merges model usage maps across phases" time="0.000127167">
        </testcase>
        <testcase classname="adws/core/__tests__/phaseRunner.test.ts" name="runPhase() &gt; returns the phase result and accumulates cost into the tracker" time="0.002281459">
        </testcase>
        <testcase classname="adws/core/__tests__/phaseRunner.test.ts" name="runPhase() &gt; re-throws non-RateLimitError errors to the caller" time="0.001690333">
        </testcase>
        <testcase classname="adws/core/__tests__/phaseRunner.test.ts" name="runPhase() &gt; calls handleRateLimitPause with the caught RateLimitError as the sixth argument" time="0.000755875">
        </testcase>
        <testcase classname="adws/core/__tests__/phaseRunner.test.ts" name="runPhase() &gt; passes a RateLimitError carrying reset facts through to handleRateLimitPause unchanged (seven_day enqueues; five_hour+resetsAt now waits in-process instead — see the wait describe block below)" time="0.0008365">
        </testcase>
        <testcase classname="adws/core/__tests__/phaseRunner.test.ts" name="runPhase() &gt; skips a phase that is already in config.completedPhases" time="0.000294792">
        </testcase>
        <testcase classname="adws/core/__tests__/phaseRunner.test.ts" name="runPhase() &gt; does not skip a phase that is not in config.completedPhases" time="0.00042275">
        </testcase>
        <testcase classname="adws/core/__tests__/phaseRunner.test.ts" name="runPhase() &gt; writes running status to top-level state before executing phase" time="0.000253083">
        </testcase>
        <testcase classname="adws/core/__tests__/phaseRunner.test.ts" name="runPhase() &gt; writes completed status to top-level state after successful phase" time="0.000124041">
        </testcase>
        <testcase classname="adws/core/__tests__/phaseRunner.test.ts" name="runPhase() &gt; writes failed status to top-level state when phase throws" time="0.000181209">
        </testcase>
        <testcase classname="adws/core/__tests__/phaseRunner.test.ts" name="runPhase() &gt; skips phase when top-level phases map shows completed status" time="0.0000905">
        </testcase>
        <testcase classname="adws/core/__tests__/phaseRunner.test.ts" name="runPhase() &gt; does not skip phase when top-level phases map shows failed status" time="0.000082042">
        </testcase>
        <testcase classname="adws/core/__tests__/phaseRunner.test.ts" name="runPhase() &gt; falls back to config.completedPhases when top-level state has no phases map" time="0.000073375">
        </testcase>
        <testcase classname="adws/core/__tests__/phaseRunner.test.ts" name="runPhase() &gt; does not write top-level state when phaseName is undefined" time="0.000077084">
        </testcase>
        <testcase classname="adws/core/__tests__/phaseRunner.test.ts" name="runPhase() &gt; in-process rate-limit wait &gt; waits out three consecutive five-hour rejections, then returns the phase result on the fourth attempt" time="0.083421291">
            <system-out>
📋 [2026-09-22T11:57:00.000Z] Heartbeat starting for adwId=wait912-840 (intervalMs=30000)

⚠️ [2026-09-22T11:57:00.000Z] Rate limit (five_hour) waiting in-process until 2026-09-22T12:50:00.000Z (attempt 1) for phase &apos;build&apos;

📋 [2026-09-22T12:50:00.000Z] Phase &apos;build&apos; resuming after rate-limit wait; reset time reached, re-running

⚠️ [2026-09-22T12:50:00.000Z] Rate limit (five_hour) waiting in-process until 2026-09-22T13:50:00.000Z (attempt 2) for phase &apos;build&apos;

📋 [2026-09-22T13:50:00.000Z] Phase &apos;build&apos; resuming after rate-limit wait; reset time reached, re-running

⚠️ [2026-09-22T13:50:00.000Z] Rate limit (five_hour) waiting in-process until 2026-09-22T14:50:00.000Z (attempt 3) for phase &apos;build&apos;

📋 [2026-09-22T14:50:00.000Z] Phase &apos;build&apos; resuming after rate-limit wait; reset time reached, re-running

📋 [2026-09-22T14:50:00.000Z] Heartbeat stopped for adwId=wait912-840

            </system-out>
        </testcase>
        <testcase classname="adws/core/__tests__/phaseRunner.test.ts" name="runPhase() &gt; in-process rate-limit wait &gt; keeps the workflow stage unchanged and the heartbeat alive (lastSeenAt strictly increasing) across every wait" time="0.018574708">
            <system-out>
📋 [2026-09-22T11:57:00.000Z] Heartbeat starting for adwId=wait912-871 (intervalMs=30000)

⚠️ [2026-09-22T11:57:00.000Z] Rate limit (five_hour) waiting in-process until 2026-09-22T12:50:00.000Z (attempt 1) for phase &apos;build&apos;

📋 [2026-09-22T12:50:00.000Z] Phase &apos;build&apos; resuming after rate-limit wait; reset time reached, re-running

⚠️ [2026-09-22T12:50:00.000Z] Rate limit (five_hour) waiting in-process until 2026-09-22T13:50:00.000Z (attempt 2) for phase &apos;build&apos;

📋 [2026-09-22T13:50:00.000Z] Phase &apos;build&apos; resuming after rate-limit wait; reset time reached, re-running

⚠️ [2026-09-22T13:50:00.000Z] Rate limit (five_hour) waiting in-process until 2026-09-22T14:50:00.000Z (attempt 3) for phase &apos;build&apos;

📋 [2026-09-22T14:50:00.000Z] Phase &apos;build&apos; resuming after rate-limit wait; reset time reached, re-running

📋 [2026-09-22T14:50:00.000Z] Heartbeat stopped for adwId=wait912-871

            </system-out>
        </testcase>
        <testcase classname="adws/core/__tests__/phaseRunner.test.ts" name="runPhase() &gt; in-process rate-limit wait &gt; takes the enqueue path when a second rejection carries no reset time, after a prior wait" time="0.000699875">
            <system-out>
⚠️ [2026-09-22T11:57:00.000Z] Rate limit (five_hour) waiting in-process until 2026-09-22T12:50:00.000Z (attempt 1) for phase &apos;build&apos;

📋 [2026-09-22T12:50:00.000Z] Phase &apos;build&apos; resuming after rate-limit wait; reset time reached, re-running

            </system-out>
        </testcase>
        <testcase classname="adws/core/__tests__/phaseRunner.test.ts" name="runPhase() &gt; in-process rate-limit wait &gt; enqueues immediately for a seven_day limit with a reset time — no sleep, no wait comment" time="0.000298083">
        </testcase>
        <testcase classname="adws/core/__tests__/phaseRunner.test.ts" name="runPhase() &gt; in-process rate-limit wait &gt; waits the floor for a reset time already behind the clock, then re-runs and succeeds" time="0.000370875">
            <system-out>
⚠️ [2026-09-22T11:57:00.000Z] Rate limit (five_hour) waiting in-process until 2026-09-22T11:58:00.000Z (attempt 1) for phase &apos;build&apos;

📋 [2026-09-22T11:58:00.000Z] Phase &apos;build&apos; resuming after rate-limit wait; reset time reached, re-running

            </system-out>
        </testcase>
        <testcase classname="adws/core/__tests__/phaseRunner.test.ts" name="runPhase() &gt; in-process rate-limit wait &gt; defaults the comment poster to config.repoContext.issueTracker.commentOnIssue" time="0.000462417">
            <system-out>
⚠️ [2026-09-22T11:57:00.000Z] Rate limit (five_hour) waiting in-process until 2026-09-22T12:50:00.000Z (attempt 1) for phase &apos;build&apos;

📋 [2026-09-22T12:50:00.000Z] Phase &apos;build&apos; resuming after rate-limit wait; reset time reached, re-running

            </system-out>
        </testcase>
        <testcase classname="adws/core/__tests__/phaseRunner.test.ts" name="runPhase() &gt; in-process rate-limit wait &gt; swallows a commentOnIssue that throws and still completes the wait" time="0.000333584">
            <system-out>
[31m❌ [2026-09-22T11:57:00.000Z] Failed to post rate-limit wait comment on issue #334: Error: boom[0m
⚠️ [2026-09-22T11:57:00.000Z] Rate limit (five_hour) waiting in-process until 2026-09-22T12:50:00.000Z (attempt 1) for phase &apos;build&apos;

📋 [2026-09-22T12:50:00.000Z] Phase &apos;build&apos; resuming after rate-limit wait; reset time reached, re-running

            </system-out>
        </testcase>
        <testcase classname="adws/core/__tests__/phaseRunner.test.ts" name="runPhase() &gt; in-process rate-limit wait &gt; does not throw when there is no repoContext at all" time="0.00034325">
            <system-out>
⚠️ [2026-09-22T11:57:00.000Z] Rate limit (five_hour) waiting in-process until 2026-09-22T12:50:00.000Z (attempt 1) for phase &apos;build&apos;

📋 [2026-09-22T12:50:00.000Z] Phase &apos;build&apos; resuming after rate-limit wait; reset time reached, re-running

            </system-out>
        </testcase>
        <testcase classname="adws/core/__tests__/phaseRunner.test.ts" name="runPhase() &gt; in-process rate-limit wait &gt; runPhasesParallel waits and re-runs the whole group, letting the sibling settle before it sleeps" time="0.001014708">
            <system-out>
⚠️ [2026-09-22T11:57:00.000Z] Rate limit (five_hour) waiting in-process until 2026-09-22T12:50:00.000Z (attempt 1) for phase &apos;planScenario&apos;

📋 [2026-09-22T12:50:00.000Z] Phase &apos;planScenario&apos; resuming after rate-limit wait; reset time reached, re-running

⚠️ [2026-09-22T12:50:00.000Z] Rate limit (five_hour) waiting in-process until 2026-09-22T13:50:00.000Z (attempt 2) for phase &apos;planScenario&apos;

📋 [2026-09-22T13:50:00.000Z] Phase &apos;planScenario&apos; resuming after rate-limit wait; reset time reached, re-running

            </system-out>
        </testcase>
        <testcase classname="adws/core/__tests__/phaseRunner.test.ts" name="runPhase() &gt; in-process rate-limit wait &gt; runPhasesSequential threads deps through and restarts the attempt counter for each phase" time="0.001315">
            <system-out>
⚠️ [2026-09-22T11:57:00.000Z] Rate limit (five_hour) waiting in-process until 2026-09-22T12:50:00.000Z (attempt 1) for phase &apos;phaseA&apos;

📋 [2026-09-22T12:50:00.000Z] Phase &apos;phaseA&apos; resuming after rate-limit wait; reset time reached, re-running

⚠️ [2026-09-22T12:50:00.000Z] Rate limit (five_hour) waiting in-process until 2026-09-22T12:51:00.000Z (attempt 1) for phase &apos;phaseA&apos;

📋 [2026-09-22T12:51:00.000Z] Phase &apos;phaseA&apos; resuming after rate-limit wait; reset time reached, re-running

            </system-out>
        </testcase>
    </testsuite>
    <testsuite name="adws/core/__tests__/prReviewInvocation.test.ts" timestamp="2026-10-06T17:53:43.825Z" hostname="macmini.local" tests="5" failures="0" errors="0" skipped="0" time="0.003864917">
        <testcase classname="adws/core/__tests__/prReviewInvocation.test.ts" name="resolvePrReviewInvocation &gt; resolves the canonical form to the PR found for the persisted branch" time="0.002001708">
        </testcase>
        <testcase classname="adws/core/__tests__/prReviewInvocation.test.ts" name="resolvePrReviewInvocation &gt; errors when the resume adwId has no persisted branch name" time="0.000235">
        </testcase>
        <testcase classname="adws/core/__tests__/prReviewInvocation.test.ts" name="resolvePrReviewInvocation &gt; errors when the canonical form&apos;s branch has no resolvable PR" time="0.000179625">
        </testcase>
        <testcase classname="adws/core/__tests__/prReviewInvocation.test.ts" name="resolvePrReviewInvocation &gt; skips the manual fallback when the PR is not issue-linked" time="0.000148209">
        </testcase>
        <testcase classname="adws/core/__tests__/prReviewInvocation.test.ts" name="resolvePrReviewInvocation &gt; errors on a non-numeric manual PR number" time="0.00013225">
        </testcase>
    </testsuite>
    <testsuite name="adws/core/__tests__/processLiveness.test.ts" timestamp="2026-10-06T17:53:43.825Z" hostname="macmini.local" tests="23" failures="0" errors="0" skipped="0" time="0.00485925">
        <testcase classname="adws/core/__tests__/processLiveness.test.ts" name="Linux branch &gt; isProcessLive returns true when kill-0 succeeds and start-times match" time="0.00122725">
        </testcase>
        <testcase classname="adws/core/__tests__/processLiveness.test.ts" name="Linux branch &gt; isProcessLive returns false when kill-0 succeeds but start-time differs (PID reuse)" time="0.000161875">
        </testcase>
        <testcase classname="adws/core/__tests__/processLiveness.test.ts" name="Linux branch &gt; isProcessLive returns false when readFile throws ENOENT (dead process)" time="0.000129541">
        </testcase>
        <testcase classname="adws/core/__tests__/processLiveness.test.ts" name="Linux branch &gt; isProcessLive returns false when kill-0 throws (non-existent PID)" time="0.000259458">
        </testcase>
        <testcase classname="adws/core/__tests__/processLiveness.test.ts" name="Linux branch &gt; getProcessStartTime returns null when readFile throws" time="0.000111916">
        </testcase>
        <testcase classname="adws/core/__tests__/processLiveness.test.ts" name="Linux branch &gt; parses field 22 correctly when comm contains spaces and parentheses" time="0.000098417">
        </testcase>
        <testcase classname="adws/core/__tests__/processLiveness.test.ts" name="macOS branch &gt; isProcessLive returns true when execPs returns the recorded lstart" time="0.000103334">
        </testcase>
        <testcase classname="adws/core/__tests__/processLiveness.test.ts" name="macOS branch &gt; isProcessLive returns false when execPs returns a different lstart (PID reuse)" time="0.000065375">
        </testcase>
        <testcase classname="adws/core/__tests__/processLiveness.test.ts" name="macOS branch &gt; isProcessLive returns false when execPs throws (process not found)" time="0.000082375">
        </testcase>
        <testcase classname="adws/core/__tests__/processLiveness.test.ts" name="macOS branch &gt; getProcessStartTime returns null when execPs throws" time="0.000076791">
        </testcase>
        <testcase classname="adws/core/__tests__/processLiveness.test.ts" name="macOS branch &gt; getProcessStartTime returns null when execPs returns empty string" time="0.000048416">
        </testcase>
        <testcase classname="adws/core/__tests__/processLiveness.test.ts" name="macOS branch &gt; getProcessStartTime returns trimmed stdout" time="0.000245042">
        </testcase>
        <testcase classname="adws/core/__tests__/processLiveness.test.ts" name="Windows (win32) branch &gt; getProcessStartTime returns null without throwing" time="0.000335417">
        </testcase>
        <testcase classname="adws/core/__tests__/processLiveness.test.ts" name="Windows (win32) branch &gt; isProcessLive returns false for any input without throwing" time="0.000120541">
        </testcase>
        <testcase classname="adws/core/__tests__/processLiveness.test.ts" name="non-existent PID &gt; isProcessLive returns false cleanly (does not throw)" time="0.000128">
        </testcase>
        <testcase classname="adws/core/__tests__/processLiveness.test.ts" name="non-existent PID &gt; getProcessStartTime returns null when readFile throws (linux, dead PID)" time="0.0000425">
        </testcase>
        <testcase classname="adws/core/__tests__/processLiveness.test.ts" name="isRecordedOwnerLive &gt; is false and never asks for liveness when no pid is recorded" time="0.000076875">
        </testcase>
        <testcase classname="adws/core/__tests__/processLiveness.test.ts" name="isRecordedOwnerLive &gt; is false for a null pid, as a JSON state file can hold" time="0.000075458">
        </testcase>
        <testcase classname="adws/core/__tests__/processLiveness.test.ts" name="isRecordedOwnerLive &gt; is false and never asks for liveness when the start time is missing" time="0.000072125">
        </testcase>
        <testcase classname="adws/core/__tests__/processLiveness.test.ts" name="isRecordedOwnerLive &gt; is false and never asks for liveness when the start time is empty" time="0.000051333">
        </testcase>
        <testcase classname="adws/core/__tests__/processLiveness.test.ts" name="isRecordedOwnerLive &gt; delegates to the injected liveness check with the exact recorded pair" time="0.000480291">
        </testcase>
        <testcase classname="adws/core/__tests__/processLiveness.test.ts" name="isRecordedOwnerLive &gt; is false when the injected liveness check says the pair is dead" time="0.000035084">
        </testcase>
        <testcase classname="adws/core/__tests__/processLiveness.test.ts" name="isRecordedOwnerLive &gt; reads liveness from the process table by default" time="0.000060958">
        </testcase>
    </testsuite>
    <testsuite name="adws/core/__tests__/projectConfig.test.ts" timestamp="2026-10-06T17:53:43.826Z" hostname="macmini.local" tests="36" failures="0" errors="0" skipped="0" time="0.004810417">
        <testcase classname="adws/core/__tests__/projectConfig.test.ts" name="parseCommandsMd — healthCheckPath field &gt; defaults healthCheckPath to &quot;/&quot; when content is empty" time="0.000743541">
        </testcase>
        <testcase classname="adws/core/__tests__/projectConfig.test.ts" name="parseCommandsMd — healthCheckPath field &gt; defaults healthCheckPath to &quot;/&quot; when &quot;## Health Check Path&quot; section is absent" time="0.000209584">
        </testcase>
        <testcase classname="adws/core/__tests__/projectConfig.test.ts" name="parseCommandsMd — healthCheckPath field &gt; reads healthCheckPath from &quot;## Health Check Path&quot; section" time="0.000086417">
        </testcase>
        <testcase classname="adws/core/__tests__/projectConfig.test.ts" name="parseCommandsMd — healthCheckPath field &gt; reads a custom healthCheckPath while preserving other defaults" time="0.000081334">
        </testcase>
        <testcase classname="adws/core/__tests__/projectConfig.test.ts" name="parseCommandsMd — healthCheckPath field &gt; trims whitespace from the healthCheckPath value" time="0.000061042">
        </testcase>
        <testcase classname="adws/core/__tests__/projectConfig.test.ts" name="getDefaultCommandsConfig — healthCheckPath &gt; includes healthCheckPath defaulting to &quot;/&quot;" time="0.000058">
        </testcase>
        <testcase classname="adws/core/__tests__/projectConfig.test.ts" name="parseScenariosMd — per-issue / regression / vocabulary fields &gt; all three new sections absent → fields are undefined; existing defaults preserved" time="0.000180834">
        </testcase>
        <testcase classname="adws/core/__tests__/projectConfig.test.ts" name="parseScenariosMd — per-issue / regression / vocabulary fields &gt; all three new sections present → all three fields populated" time="0.000103">
        </testcase>
        <testcase classname="adws/core/__tests__/projectConfig.test.ts" name="parseScenariosMd — per-issue / regression / vocabulary fields &gt; partial presence (only Vocabulary Registry) → that field set, others undefined" time="0.000083458">
        </testcase>
        <testcase classname="adws/core/__tests__/projectConfig.test.ts" name="parseScenariosMd — per-issue / regression / vocabulary fields &gt; trims whitespace from new section values" time="0.000074375">
        </testcase>
        <testcase classname="adws/core/__tests__/projectConfig.test.ts" name="parseScenariosMd — per-issue / regression / vocabulary fields &gt; HTML comments &gt; strips a comment on the line above the value from every section value" time="0.000111125">
        </testcase>
        <testcase classname="adws/core/__tests__/projectConfig.test.ts" name="parseScenariosMd — per-issue / regression / vocabulary fields &gt; HTML comments &gt; strips a comment after the value on its line from every section value" time="0.000063041">
        </testcase>
        <testcase classname="adws/core/__tests__/projectConfig.test.ts" name="parseScenariosMd — per-issue / regression / vocabulary fields &gt; HTML comments &gt; strips a comment on the line below the value from every section value" time="0.000055833">
        </testcase>
        <testcase classname="adws/core/__tests__/projectConfig.test.ts" name="parseScenariosMd — per-issue / regression / vocabulary fields &gt; HTML comments &gt; strips a comment across several lines above the value from every section value" time="0.000052917">
        </testcase>
        <testcase classname="adws/core/__tests__/projectConfig.test.ts" name="parseScenariosMd — per-issue / regression / vocabulary fields &gt; HTML comments &gt; leaves a section that holds only a comment absent" time="0.000063084">
        </testcase>
        <testcase classname="adws/core/__tests__/projectConfig.test.ts" name="parseScenariosMd — per-issue / regression / vocabulary fields &gt; HTML comments &gt; keeps the default for a scalar section that holds only a comment" time="0.000056042">
        </testcase>
        <testcase classname="adws/core/__tests__/projectConfig.test.ts" name="parseScenariosMd — per-issue / regression / vocabulary fields &gt; HTML comments &gt; reads a run command followed by a trailing multi-line comment block as just the command" time="0.000052833">
        </testcase>
        <testcase classname="adws/core/__tests__/projectConfig.test.ts" name="parseScenariosMd — per-issue / regression / vocabulary fields &gt; HTML comments &gt; reads this repository&apos;s own .adw/scenarios.md without any comment left in a value" time="0.001204042">
        </testcase>
        <testcase classname="adws/core/__tests__/projectConfig.test.ts" name="parseScenariosMd — stepDefDirectory and bddFramework fields &gt; defaults to features/step_definitions and empty bddFramework when sections absent" time="0.00006225">
        </testcase>
        <testcase classname="adws/core/__tests__/projectConfig.test.ts" name="parseScenariosMd — stepDefDirectory and bddFramework fields &gt; reads stepDefDirectory from ## Step Def Directory section" time="0.00003775">
        </testcase>
        <testcase classname="adws/core/__tests__/projectConfig.test.ts" name="parseScenariosMd — stepDefDirectory and bddFramework fields &gt; reads bddFramework from ## BDD Framework section" time="0.000033167">
        </testcase>
        <testcase classname="adws/core/__tests__/projectConfig.test.ts" name="parseScenariosMd — stepDefDirectory and bddFramework fields &gt; round-trips both new fields when present" time="0.000036625">
        </testcase>
        <testcase classname="adws/core/__tests__/projectConfig.test.ts" name="getDefaultScenariosConfig — stepDefDirectory and bddFramework &gt; defaults stepDefDirectory to features/step_definitions" time="0.000023542">
        </testcase>
        <testcase classname="adws/core/__tests__/projectConfig.test.ts" name="getDefaultScenariosConfig — stepDefDirectory and bddFramework &gt; defaults bddFramework to empty string" time="0.000021875">
        </testcase>
        <testcase classname="adws/core/__tests__/projectConfig.test.ts" name="parseApplicationType — the section says what it says, and nothing is assumed &gt; reads an absent section as no type" time="0.000034708">
        </testcase>
        <testcase classname="adws/core/__tests__/projectConfig.test.ts" name="parseApplicationType — the section says what it says, and nothing is assumed &gt; reads an empty project.md as no type" time="0.000022334">
        </testcase>
        <testcase classname="adws/core/__tests__/projectConfig.test.ts" name="parseApplicationType — the section says what it says, and nothing is assumed &gt; reads a heading with an empty body as no type" time="0.000024041">
        </testcase>
        <testcase classname="adws/core/__tests__/projectConfig.test.ts" name="parseApplicationType — the section says what it says, and nothing is assumed &gt; reads a body that holds only an HTML comment as no type" time="0.000021583">
        </testcase>
        <testcase classname="adws/core/__tests__/projectConfig.test.ts" name="parseApplicationType — the section says what it says, and nothing is assumed &gt; reads cli as written" time="0.000028167">
        </testcase>
        <testcase classname="adws/core/__tests__/projectConfig.test.ts" name="parseApplicationType — the section says what it says, and nothing is assumed &gt; reads web as written" time="0.000017917">
        </testcase>
        <testcase classname="adws/core/__tests__/projectConfig.test.ts" name="parseApplicationType — the section says what it says, and nothing is assumed &gt; keeps the case of the value, since the mapping decides what is known" time="0.000021791">
        </testcase>
        <testcase classname="adws/core/__tests__/projectConfig.test.ts" name="parseApplicationType — the section says what it says, and nothing is assumed &gt; passes a value ADW does not know through unchanged" time="0.000023">
        </testcase>
        <testcase classname="adws/core/__tests__/projectConfig.test.ts" name="parseApplicationType — the section says what it says, and nothing is assumed &gt; trims the blank lines and spaces around the value" time="0.000023792">
        </testcase>
        <testcase classname="adws/core/__tests__/projectConfig.test.ts" name="parseApplicationType — the section says what it says, and nothing is assumed &gt; strips an HTML comment that follows the value" time="0.000022875">
        </testcase>
        <testcase classname="adws/core/__tests__/projectConfig.test.ts" name="parseApplicationType — the section says what it says, and nothing is assumed &gt; finds the heading whatever its case" time="0.000022875">
        </testcase>
        <testcase classname="adws/core/__tests__/projectConfig.test.ts" name="getDefaultProjectConfig — no application type &gt; has none, so that a repository without ADW configuration is never taken for a cli" time="0.000041916">
        </testcase>
    </testsuite>
    <testsuite name="adws/core/__tests__/projectConfigCommands.test.ts" timestamp="2026-10-06T17:53:43.827Z" hostname="macmini.local" tests="16" failures="0" errors="0" skipped="0" time="0.003635584">
        <testcase classname="adws/core/__tests__/projectConfigCommands.test.ts" name="parseCommandsMd — testDirectory field &gt; defaults testDirectory to &quot;src&quot; when content is empty" time="0.00125875">
        </testcase>
        <testcase classname="adws/core/__tests__/projectConfigCommands.test.ts" name="parseCommandsMd — testDirectory field &gt; defaults testDirectory to &quot;src&quot; when &quot;## Test Directory&quot; section is absent" time="0.000174583">
        </testcase>
        <testcase classname="adws/core/__tests__/projectConfigCommands.test.ts" name="parseCommandsMd — testDirectory field &gt; reads testDirectory from &quot;## Test Directory&quot; section" time="0.000072958">
        </testcase>
        <testcase classname="adws/core/__tests__/projectConfigCommands.test.ts" name="parseCommandsMd — testDirectory field &gt; trims whitespace from testDirectory value" time="0.000062375">
        </testcase>
        <testcase classname="adws/core/__tests__/projectConfigCommands.test.ts" name="parseCommandsMd — testDirectory field &gt; reads custom testDirectory while preserving other defaults" time="0.00008225">
        </testcase>
        <testcase classname="adws/core/__tests__/projectConfigCommands.test.ts" name="parseCommandsMd — testFramework field &gt; defaults testFramework to &quot;&quot; when content is empty" time="0.000050875">
        </testcase>
        <testcase classname="adws/core/__tests__/projectConfigCommands.test.ts" name="parseCommandsMd — testFramework field &gt; defaults testFramework to &quot;&quot; when &quot;## Test Framework&quot; section is absent" time="0.000058667">
        </testcase>
        <testcase classname="adws/core/__tests__/projectConfigCommands.test.ts" name="parseCommandsMd — testFramework field &gt; reads testFramework from &quot;## Test Framework&quot; section" time="0.000058584">
        </testcase>
        <testcase classname="adws/core/__tests__/projectConfigCommands.test.ts" name="parseCommandsMd — testFramework field &gt; reads custom testFramework while preserving other defaults" time="0.000071125">
        </testcase>
        <testcase classname="adws/core/__tests__/projectConfigCommands.test.ts" name="getDefaultCommandsConfig — testDirectory and testFramework &gt; includes testDirectory defaulting to &quot;src&quot;" time="0.000067041">
        </testcase>
        <testcase classname="adws/core/__tests__/projectConfigCommands.test.ts" name="getDefaultCommandsConfig — testDirectory and testFramework &gt; includes testFramework defaulting to &quot;&quot;" time="0.000041791">
        </testcase>
        <testcase classname="adws/core/__tests__/projectConfigCommands.test.ts" name="parseCommandsMd — suppressionPatterns field &gt; reads the trimmed body of &quot;## Suppression Patterns&quot;" time="0.000044167">
        </testcase>
        <testcase classname="adws/core/__tests__/projectConfigCommands.test.ts" name="parseCommandsMd — suppressionPatterns field &gt; keeps the other sections apart from the suppression patterns" time="0.000045542">
        </testcase>
        <testcase classname="adws/core/__tests__/projectConfigCommands.test.ts" name="parseCommandsMd — suppressionPatterns field &gt; defaults suppressionPatterns to &quot;&quot; when the section is absent" time="0.00003">
        </testcase>
        <testcase classname="adws/core/__tests__/projectConfigCommands.test.ts" name="parseCommandsMd — suppressionPatterns field &gt; defaults suppressionPatterns to &quot;&quot; when content is empty" time="0.000026083">
        </testcase>
        <testcase classname="adws/core/__tests__/projectConfigCommands.test.ts" name="parseCommandsMd — suppressionPatterns field &gt; is &quot;&quot; in getDefaultCommandsConfig" time="0.000024875">
        </testcase>
    </testsuite>
    <testsuite name="adws/core/__tests__/projectConfigLoad.test.ts" timestamp="2026-10-06T17:53:43.828Z" hostname="macmini.local" tests="11" failures="0" errors="0" skipped="0" time="0.009731875">
        <testcase classname="adws/core/__tests__/projectConfigLoad.test.ts" name="loadProjectConfig — healthCheckPath integration &gt; returns healthCheckPath from .adw/commands.md when present" time="0.001401583">
        </testcase>
        <testcase classname="adws/core/__tests__/projectConfigLoad.test.ts" name="loadProjectConfig — healthCheckPath integration &gt; defaults healthCheckPath to &quot;/&quot; when commands.md has no Health Check Path section" time="0.000378667">
        </testcase>
        <testcase classname="adws/core/__tests__/projectConfigLoad.test.ts" name="loadProjectConfig — healthCheckPath integration &gt; exposes per-issue/regression/vocabulary fields from .adw/scenarios.md when all three present" time="0.000366917">
        </testcase>
        <testcase classname="adws/core/__tests__/projectConfigLoad.test.ts" name="loadProjectConfig — python-flat fixture &gt; resolves testDirectory, testFramework, and runTests from the python-flat fixture" time="0.001372708">
        </testcase>
        <testcase classname="adws/core/__tests__/projectConfigLoad.test.ts" name="loadProjectConfig — applicationType field &gt; reads no type from a project.md without the section" time="0.000655583">
        </testcase>
        <testcase classname="adws/core/__tests__/projectConfigLoad.test.ts" name="loadProjectConfig — applicationType field &gt; reads the type the section names" time="0.000467167">
        </testcase>
        <testcase classname="adws/core/__tests__/projectConfigLoad.test.ts" name="loadProjectConfig — applicationType field &gt; reads no type from an .adw/ directory that holds no project.md" time="0.000309292">
        </testcase>
        <testcase classname="adws/core/__tests__/projectConfigLoad.test.ts" name="loadProjectConfig — applicationType field &gt; reads no type from a repository without an .adw/ directory" time="0.000195125">
        </testcase>
        <testcase classname="adws/core/__tests__/projectConfigLoad.test.ts" name="loadProjectConfig — applicationType field &gt; reads this repository&apos;s own type, cli, from its .adw/project.md" time="0.002102334">
        </testcase>
        <testcase classname="adws/core/__tests__/projectConfigLoad.test.ts" name="loadProjectConfig — conditionalDocs field &gt; returns empty registry when conditional_docs.md is absent" time="0.000660667">
        </testcase>
        <testcase classname="adws/core/__tests__/projectConfigLoad.test.ts" name="loadProjectConfig — conditionalDocs field &gt; populates conditionalDocs from conditional_docs.md when present" time="0.000849917">
        </testcase>
    </testsuite>
    <testsuite name="adws/core/__tests__/promotionReconcileLink.test.ts" timestamp="2026-10-06T17:53:43.828Z" hostname="macmini.local" tests="15" failures="0" errors="0" skipped="0" time="0.002244458">
        <testcase classname="adws/core/__tests__/promotionReconcileLink.test.ts" name="parsePromotesMarker &gt; matches a well-formed &quot;Promotes: feature-N&quot; line" time="0.000706375">
        </testcase>
        <testcase classname="adws/core/__tests__/promotionReconcileLink.test.ts" name="parsePromotesMarker &gt; ignores prose that merely mentions &quot;Promotes&quot; without the marker shape" time="0.000126625">
        </testcase>
        <testcase classname="adws/core/__tests__/promotionReconcileLink.test.ts" name="parsePromotesMarker &gt; returns null when no marker is present" time="0.000066458">
        </testcase>
        <testcase classname="adws/core/__tests__/promotionReconcileLink.test.ts" name="parsePromotesMarker &gt; tolerates leading/trailing whitespace around the marker line" time="0.00005925">
        </testcase>
        <testcase classname="adws/core/__tests__/promotionReconcileLink.test.ts" name="reconcilePromotionLink &gt; single match → that issue number" time="0.000084042">
        </testcase>
        <testcase classname="adws/core/__tests__/promotionReconcileLink.test.ts" name="reconcilePromotionLink &gt; no match → null" time="0.000061875">
        </testcase>
        <testcase classname="adws/core/__tests__/promotionReconcileLink.test.ts" name="reconcilePromotionLink &gt; empty open-issue list → null" time="0.000048125">
        </testcase>
        <testcase classname="adws/core/__tests__/promotionReconcileLink.test.ts" name="reconcilePromotionLink &gt; multiple open issues promoting the same feature-N → lowest issue number wins (documented tie-break)" time="0.000054875">
        </testcase>
        <testcase classname="adws/core/__tests__/promotionReconcileLink.test.ts" name="reconcilePromotionLink &gt; distinct feature-N ids do not cross-match (no substring collision)" time="0.000060167">
        </testcase>
        <testcase classname="adws/core/__tests__/promotionReconcileLink.test.ts" name="reconcileFactFor &gt; returns &quot;open&quot; when the feature is linked to an open promotion issue" time="0.000098625">
        </testcase>
        <testcase classname="adws/core/__tests__/promotionReconcileLink.test.ts" name="reconcileFactFor &gt; returns &quot;open&quot; when the linked tracker explicitly carries state: &quot;OPEN&quot;" time="0.000048042">
        </testcase>
        <testcase classname="adws/core/__tests__/promotionReconcileLink.test.ts" name="reconcileFactFor &gt; returns &quot;no-issue&quot; when the feature has no linked open promotion issue" time="0.000038166">
        </testcase>
        <testcase classname="adws/core/__tests__/promotionReconcileLink.test.ts" name="reconcileFactFor &gt; returns &quot;closed-unmerged&quot; when the linked tracker is closed" time="0.000034625">
        </testcase>
        <testcase classname="adws/core/__tests__/promotionReconcileLink.test.ts" name="reconcileFactFor &gt; classifies &quot;closed&quot; case-insensitively (lowercase state)" time="0.000038">
        </testcase>
        <testcase classname="adws/core/__tests__/promotionReconcileLink.test.ts" name="reconcileFactFor &gt; lowest-number tie-break across mixed states: an older closed tracker wins over a newer open one" time="0.000037125">
        </testcase>
    </testsuite>
    <testsuite name="adws/core/__tests__/promotionSweepDecider.test.ts" timestamp="2026-10-06T17:53:43.829Z" hostname="macmini.local" tests="40" failures="0" errors="0" skipped="0" time="0.003473583">
        <testcase classname="adws/core/__tests__/promotionSweepDecider.test.ts" name="decidePromotionAction — exhaustive cross product {tagState} × {meetsThreshold} × {reconcile} &gt; tagState: none &gt; meetsThreshold: true, reconcile: no-issue → originate" time="0.000682">
        </testcase>
        <testcase classname="adws/core/__tests__/promotionSweepDecider.test.ts" name="decidePromotionAction — exhaustive cross product {tagState} × {meetsThreshold} × {reconcile} &gt; tagState: none &gt; meetsThreshold: true, reconcile: open → leave" time="0.000079375">
        </testcase>
        <testcase classname="adws/core/__tests__/promotionSweepDecider.test.ts" name="decidePromotionAction — exhaustive cross product {tagState} × {meetsThreshold} × {reconcile} &gt; tagState: none &gt; meetsThreshold: true, reconcile: merged → done" time="0.000055833">
        </testcase>
        <testcase classname="adws/core/__tests__/promotionSweepDecider.test.ts" name="decidePromotionAction — exhaustive cross product {tagState} × {meetsThreshold} × {reconcile} &gt; tagState: none &gt; meetsThreshold: true, reconcile: closed-unmerged → leave" time="0.00005725">
        </testcase>
        <testcase classname="adws/core/__tests__/promotionSweepDecider.test.ts" name="decidePromotionAction — exhaustive cross product {tagState} × {meetsThreshold} × {reconcile} &gt; tagState: none &gt; meetsThreshold: true, reconcile: blocked → leave" time="0.000052917">
        </testcase>
        <testcase classname="adws/core/__tests__/promotionSweepDecider.test.ts" name="decidePromotionAction — exhaustive cross product {tagState} × {meetsThreshold} × {reconcile} &gt; tagState: none &gt; meetsThreshold: false, reconcile: no-issue → leave" time="0.000042292">
        </testcase>
        <testcase classname="adws/core/__tests__/promotionSweepDecider.test.ts" name="decidePromotionAction — exhaustive cross product {tagState} × {meetsThreshold} × {reconcile} &gt; tagState: none &gt; meetsThreshold: false, reconcile: open → leave" time="0.000039542">
        </testcase>
        <testcase classname="adws/core/__tests__/promotionSweepDecider.test.ts" name="decidePromotionAction — exhaustive cross product {tagState} × {meetsThreshold} × {reconcile} &gt; tagState: none &gt; meetsThreshold: false, reconcile: merged → done" time="0.00004575">
        </testcase>
        <testcase classname="adws/core/__tests__/promotionSweepDecider.test.ts" name="decidePromotionAction — exhaustive cross product {tagState} × {meetsThreshold} × {reconcile} &gt; tagState: none &gt; meetsThreshold: false, reconcile: closed-unmerged → leave" time="0.000139916">
        </testcase>
        <testcase classname="adws/core/__tests__/promotionSweepDecider.test.ts" name="decidePromotionAction — exhaustive cross product {tagState} × {meetsThreshold} × {reconcile} &gt; tagState: none &gt; meetsThreshold: false, reconcile: blocked → leave" time="0.000114291">
        </testcase>
        <testcase classname="adws/core/__tests__/promotionSweepDecider.test.ts" name="decidePromotionAction — exhaustive cross product {tagState} × {meetsThreshold} × {reconcile} &gt; tagState: suggested &gt; meetsThreshold: true, reconcile: no-issue → redrive" time="0.0000655">
        </testcase>
        <testcase classname="adws/core/__tests__/promotionSweepDecider.test.ts" name="decidePromotionAction — exhaustive cross product {tagState} × {meetsThreshold} × {reconcile} &gt; tagState: suggested &gt; meetsThreshold: true, reconcile: open → leave" time="0.000047209">
        </testcase>
        <testcase classname="adws/core/__tests__/promotionSweepDecider.test.ts" name="decidePromotionAction — exhaustive cross product {tagState} × {meetsThreshold} × {reconcile} &gt; tagState: suggested &gt; meetsThreshold: true, reconcile: merged → done" time="0.000040375">
        </testcase>
        <testcase classname="adws/core/__tests__/promotionSweepDecider.test.ts" name="decidePromotionAction — exhaustive cross product {tagState} × {meetsThreshold} × {reconcile} &gt; tagState: suggested &gt; meetsThreshold: true, reconcile: closed-unmerged → decline" time="0.0000375">
        </testcase>
        <testcase classname="adws/core/__tests__/promotionSweepDecider.test.ts" name="decidePromotionAction — exhaustive cross product {tagState} × {meetsThreshold} × {reconcile} &gt; tagState: suggested &gt; meetsThreshold: true, reconcile: blocked → decline" time="0.0000375">
        </testcase>
        <testcase classname="adws/core/__tests__/promotionSweepDecider.test.ts" name="decidePromotionAction — exhaustive cross product {tagState} × {meetsThreshold} × {reconcile} &gt; tagState: suggested &gt; meetsThreshold: false, reconcile: no-issue → withdraw" time="0.000032208">
        </testcase>
        <testcase classname="adws/core/__tests__/promotionSweepDecider.test.ts" name="decidePromotionAction — exhaustive cross product {tagState} × {meetsThreshold} × {reconcile} &gt; tagState: suggested &gt; meetsThreshold: false, reconcile: open → leave" time="0.000030083">
        </testcase>
        <testcase classname="adws/core/__tests__/promotionSweepDecider.test.ts" name="decidePromotionAction — exhaustive cross product {tagState} × {meetsThreshold} × {reconcile} &gt; tagState: suggested &gt; meetsThreshold: false, reconcile: merged → done" time="0.000027917">
        </testcase>
        <testcase classname="adws/core/__tests__/promotionSweepDecider.test.ts" name="decidePromotionAction — exhaustive cross product {tagState} × {meetsThreshold} × {reconcile} &gt; tagState: suggested &gt; meetsThreshold: false, reconcile: closed-unmerged → decline" time="0.00002825">
        </testcase>
        <testcase classname="adws/core/__tests__/promotionSweepDecider.test.ts" name="decidePromotionAction — exhaustive cross product {tagState} × {meetsThreshold} × {reconcile} &gt; tagState: suggested &gt; meetsThreshold: false, reconcile: blocked → decline" time="0.000028917">
        </testcase>
        <testcase classname="adws/core/__tests__/promotionSweepDecider.test.ts" name="decidePromotionAction — exhaustive cross product {tagState} × {meetsThreshold} × {reconcile} &gt; tagState: declined &gt; meetsThreshold: true, reconcile: no-issue → leave" time="0.00003375">
        </testcase>
        <testcase classname="adws/core/__tests__/promotionSweepDecider.test.ts" name="decidePromotionAction — exhaustive cross product {tagState} × {meetsThreshold} × {reconcile} &gt; tagState: declined &gt; meetsThreshold: true, reconcile: open → leave" time="0.000038333">
        </testcase>
        <testcase classname="adws/core/__tests__/promotionSweepDecider.test.ts" name="decidePromotionAction — exhaustive cross product {tagState} × {meetsThreshold} × {reconcile} &gt; tagState: declined &gt; meetsThreshold: true, reconcile: merged → done" time="0.000030375">
        </testcase>
        <testcase classname="adws/core/__tests__/promotionSweepDecider.test.ts" name="decidePromotionAction — exhaustive cross product {tagState} × {meetsThreshold} × {reconcile} &gt; tagState: declined &gt; meetsThreshold: true, reconcile: closed-unmerged → leave" time="0.000034334">
        </testcase>
        <testcase classname="adws/core/__tests__/promotionSweepDecider.test.ts" name="decidePromotionAction — exhaustive cross product {tagState} × {meetsThreshold} × {reconcile} &gt; tagState: declined &gt; meetsThreshold: true, reconcile: blocked → leave" time="0.00003125">
        </testcase>
        <testcase classname="adws/core/__tests__/promotionSweepDecider.test.ts" name="decidePromotionAction — exhaustive cross product {tagState} × {meetsThreshold} × {reconcile} &gt; tagState: declined &gt; meetsThreshold: false, reconcile: no-issue → leave" time="0.000027">
        </testcase>
        <testcase classname="adws/core/__tests__/promotionSweepDecider.test.ts" name="decidePromotionAction — exhaustive cross product {tagState} × {meetsThreshold} × {reconcile} &gt; tagState: declined &gt; meetsThreshold: false, reconcile: open → leave" time="0.000054417">
        </testcase>
        <testcase classname="adws/core/__tests__/promotionSweepDecider.test.ts" name="decidePromotionAction — exhaustive cross product {tagState} × {meetsThreshold} × {reconcile} &gt; tagState: declined &gt; meetsThreshold: false, reconcile: merged → done" time="0.000047958">
        </testcase>
        <testcase classname="adws/core/__tests__/promotionSweepDecider.test.ts" name="decidePromotionAction — exhaustive cross product {tagState} × {meetsThreshold} × {reconcile} &gt; tagState: declined &gt; meetsThreshold: false, reconcile: closed-unmerged → leave" time="0.000031833">
        </testcase>
        <testcase classname="adws/core/__tests__/promotionSweepDecider.test.ts" name="decidePromotionAction — exhaustive cross product {tagState} × {meetsThreshold} × {reconcile} &gt; tagState: declined &gt; meetsThreshold: false, reconcile: blocked → leave" time="0.000024958">
        </testcase>
        <testcase classname="adws/core/__tests__/promotionSweepDecider.test.ts" name="decidePromotionAction — named lifecycle edges &gt; fresh high scorer, nothing in flight → originate" time="0.000024042">
        </testcase>
        <testcase classname="adws/core/__tests__/promotionSweepDecider.test.ts" name="decidePromotionAction — named lifecycle edges &gt; below-threshold fresh candidate → leave" time="0.000021875">
        </testcase>
        <testcase classname="adws/core/__tests__/promotionSweepDecider.test.ts" name="decidePromotionAction — named lifecycle edges &gt; already in-flight (suggested + open promotion issue) → leave" time="0.000021166">
        </testcase>
        <testcase classname="adws/core/__tests__/promotionSweepDecider.test.ts" name="decidePromotionAction — named lifecycle edges &gt; merged reconciliation fact → done regardless of tag state or threshold" time="0.000038167">
        </testcase>
        <testcase classname="adws/core/__tests__/promotionSweepDecider.test.ts" name="decidePromotionAction — named lifecycle edges &gt; declined (terminal) → leave regardless of threshold or non-merged reconcile facts" time="0.000028875">
        </testcase>
        <testcase classname="adws/core/__tests__/promotionSweepDecider.test.ts" name="decidePromotionAction — named lifecycle edges &gt; untagged file ignores closed-unmerged and blocked facts → leave (only an in-flight suggested file reconciles)" time="0.000029459">
        </testcase>
        <testcase classname="adws/core/__tests__/promotionSweepDecider.test.ts" name="decidePromotionAction — named lifecycle edges &gt; decline-closed: an in-flight candidate whose tracker closed unmerged is declined regardless of current score" time="0.0000285">
        </testcase>
        <testcase classname="adws/core/__tests__/promotionSweepDecider.test.ts" name="decidePromotionAction — named lifecycle edges &gt; decline-blocked: an in-flight candidate whose tracker escalated to adw:blocked is declined regardless of current score" time="0.000027625">
        </testcase>
        <testcase classname="adws/core/__tests__/promotionSweepDecider.test.ts" name="decidePromotionAction — named lifecycle edges &gt; redrive: a stranded candidate (in flight, no tracker) that still meets threshold is re-driven" time="0.000022833">
        </testcase>
        <testcase classname="adws/core/__tests__/promotionSweepDecider.test.ts" name="decidePromotionAction — named lifecycle edges &gt; withdraw: a stranded candidate (in flight, no tracker) that has dropped below threshold is withdrawn instead of re-filed" time="0.000023708">
        </testcase>
    </testsuite>
    <testsuite name="adws/core/__tests__/promotionTagState.test.ts" timestamp="2026-10-06T17:53:43.830Z" hostname="macmini.local" tests="21" failures="0" errors="0" skipped="0" time="0.002994333">
        <testcase classname="adws/core/__tests__/promotionTagState.test.ts" name="parsePromotionTagState &gt; untagged feature content → none" time="0.000722625">
        </testcase>
        <testcase classname="adws/core/__tests__/promotionTagState.test.ts" name="parsePromotionTagState &gt; feature-level @promotion-suggested-&lt;date&gt; tag → suggested" time="0.000099042">
        </testcase>
        <testcase classname="adws/core/__tests__/promotionTagState.test.ts" name="parsePromotionTagState &gt; @promotion-declined tag → declined" time="0.000072875">
        </testcase>
        <testcase classname="adws/core/__tests__/promotionTagState.test.ts" name="parsePromotionTagState &gt; both markers present → declined wins (terminal precedence)" time="0.000061917">
        </testcase>
        <testcase classname="adws/core/__tests__/promotionTagState.test.ts" name="parsePromotionTagState &gt; untagged stale file is not treated as declined or suggested" time="0.0000585">
        </testcase>
        <testcase classname="adws/core/__tests__/promotionTagState.test.ts" name="parsePromotionTagState &gt; prose mentioning a marker as literal text (not a tag line) is not matched" time="0.000053125">
        </testcase>
        <testcase classname="adws/core/__tests__/promotionTagState.test.ts" name="parsePromotionTagState &gt; marker on a scenario-level tag line is still detected" time="0.000068583">
        </testcase>
        <testcase classname="adws/core/__tests__/promotionTagState.test.ts" name="parsePromotionTagState &gt; malformed/undated @promotion-suggested (no YYYY-MM-DD) is treated as none" time="0.000049958">
        </testcase>
        <testcase classname="adws/core/__tests__/promotionTagState.test.ts" name="serializePromotionTagState &gt; none→suggested adds the dated marker beside an existing @adw-N tag" time="0.000194542">
        </testcase>
        <testcase classname="adws/core/__tests__/promotionTagState.test.ts" name="serializePromotionTagState &gt; suggested→declined strips the dated marker and adds @promotion-declined" time="0.000163209">
        </testcase>
        <testcase classname="adws/core/__tests__/promotionTagState.test.ts" name="serializePromotionTagState &gt; →none strips both markers (withdraw)" time="0.000078792">
        </testcase>
        <testcase classname="adws/core/__tests__/promotionTagState.test.ts" name="serializePromotionTagState &gt; creates a tag line above Feature: with matching indentation when none exists" time="0.000051334">
        </testcase>
        <testcase classname="adws/core/__tests__/promotionTagState.test.ts" name="serializePromotionTagState &gt; preserves non-marker tokens and all other content byte-for-byte" time="0.00008325">
        </testcase>
        <testcase classname="adws/core/__tests__/promotionTagState.test.ts" name="serializePromotionTagState &gt; throws when target is &quot;suggested&quot; without opts.date" time="0.00030375">
        </testcase>
        <testcase classname="adws/core/__tests__/promotionTagState.test.ts" name="serializePromotionTagState &gt; round-trips and is idempotent for target=suggested" time="0.000068">
        </testcase>
        <testcase classname="adws/core/__tests__/promotionTagState.test.ts" name="serializePromotionTagState &gt; round-trips and is idempotent for target=declined" time="0.000051875">
        </testcase>
        <testcase classname="adws/core/__tests__/promotionTagState.test.ts" name="serializePromotionTagState &gt; round-trips and is idempotent for target=none" time="0.000057584">
        </testcase>
        <testcase classname="adws/core/__tests__/promotionTagState.test.ts" name="serializePromotionTagState &gt; is a no-op on a file with only a feature-level tag line and no scenarios" time="0.000032">
        </testcase>
        <testcase classname="adws/core/__tests__/promotionTagState.test.ts" name="isPromotionExempt &gt; suggested → true" time="0.000032375">
        </testcase>
        <testcase classname="adws/core/__tests__/promotionTagState.test.ts" name="isPromotionExempt &gt; none → false" time="0.000023917">
        </testcase>
        <testcase classname="adws/core/__tests__/promotionTagState.test.ts" name="isPromotionExempt &gt; declined → false" time="0.000021667">
        </testcase>
    </testsuite>
    <testsuite name="adws/core/__tests__/providerConfig.test.ts" timestamp="2026-10-06T17:53:43.831Z" hostname="macmini.local" tests="8" failures="0" errors="0" skipped="0" time="0.004812167">
        <testcase classname="adws/core/__tests__/providerConfig.test.ts" name="loadProviderConfig &gt; defaults to github for both forges when .adw/providers.md is absent" time="0.001169209">
        </testcase>
        <testcase classname="adws/core/__tests__/providerConfig.test.ts" name="loadProviderConfig &gt; parses a Code Host section and an Issue Tracker URL section" time="0.0007635">
        </testcase>
        <testcase classname="adws/core/__tests__/providerConfig.test.ts" name="loadProviderConfig &gt; accepts jira under Issue Tracker" time="0.000555">
        </testcase>
        <testcase classname="adws/core/__tests__/providerConfig.test.ts" name="loadProviderConfig &gt; refuses gitlab under Issue Tracker, naming the section and the value" time="0.000705708">
        </testcase>
        <testcase classname="adws/core/__tests__/providerConfig.test.ts" name="loadProviderConfig &gt; refuses bitbucket under Code Host, naming the section and the value" time="0.000398583">
        </testcase>
        <testcase classname="adws/core/__tests__/providerConfig.test.ts" name="loadProviderConfig &gt; refuses an unrecognised value under Code Host" time="0.000372292">
        </testcase>
        <testcase classname="adws/core/__tests__/providerConfig.test.ts" name="parseCodeHostForge &gt; is case-insensitive" time="0.000086041">
        </testcase>
        <testcase classname="adws/core/__tests__/providerConfig.test.ts" name="parseIssueTrackerForge &gt; is case-insensitive" time="0.000081792">
        </testcase>
    </testsuite>
    <testsuite name="adws/core/__tests__/rateLimitWaitPolicy.test.ts" timestamp="2026-10-06T17:53:43.831Z" hostname="macmini.local" tests="26" failures="0" errors="0" skipped="0" time="0.007788625">
        <testcase classname="adws/core/__tests__/rateLimitWaitPolicy.test.ts" name="decideRateLimitWait &gt; waits in-process until the exact reset instant for a five_hour limit at the incident time" time="0.001431541">
        </testcase>
        <testcase classname="adws/core/__tests__/rateLimitWaitPolicy.test.ts" name="decideRateLimitWait &gt; waits until exactly one second ahead of the clock, adding no margin" time="0.000266375">
        </testcase>
        <testcase classname="adws/core/__tests__/rateLimitWaitPolicy.test.ts" name="decideRateLimitWait &gt; waits until exactly ten seconds ahead of the clock, adding no margin" time="0.000498292">
        </testcase>
        <testcase classname="adws/core/__tests__/rateLimitWaitPolicy.test.ts" name="decideRateLimitWait &gt; applies the floor when the reset time is exactly at the clock" time="0.0003235">
        </testcase>
        <testcase classname="adws/core/__tests__/rateLimitWaitPolicy.test.ts" name="decideRateLimitWait &gt; applies the floor when the reset time is a second behind the clock" time="0.000182375">
        </testcase>
        <testcase classname="adws/core/__tests__/rateLimitWaitPolicy.test.ts" name="decideRateLimitWait &gt; waits until exactly a full five-hour window ahead, with no ceiling" time="0.000231667">
        </testcase>
        <testcase classname="adws/core/__tests__/rateLimitWaitPolicy.test.ts" name="decideRateLimitWait &gt; waits until a reset time far beyond a five-hour window (7 hours ahead), with no ceiling" time="0.000244958">
        </testcase>
        <testcase classname="adws/core/__tests__/rateLimitWaitPolicy.test.ts" name="decideRateLimitWait &gt; waits until a reset time far beyond a five-hour window (3 days ahead), with no ceiling" time="0.000304084">
        </testcase>
        <testcase classname="adws/core/__tests__/rateLimitWaitPolicy.test.ts" name="decideRateLimitWait &gt; enqueues a five_hour limit with no resetsAt key at all" time="0.000917416">
        </testcase>
        <testcase classname="adws/core/__tests__/rateLimitWaitPolicy.test.ts" name="decideRateLimitWait &gt; enqueues a five_hour limit whose resetsAt is NaN" time="0.000445375">
        </testcase>
        <testcase classname="adws/core/__tests__/rateLimitWaitPolicy.test.ts" name="decideRateLimitWait &gt; enqueues a five_hour limit whose resetsAt is Infinity" time="0.000070083">
        </testcase>
        <testcase classname="adws/core/__tests__/rateLimitWaitPolicy.test.ts" name="decideRateLimitWait &gt; enqueues a seven_day limit, carrying its reset time" time="0.000066458">
        </testcase>
        <testcase classname="adws/core/__tests__/rateLimitWaitPolicy.test.ts" name="decideRateLimitWait &gt; enqueues an unknown limit type, carrying its reset time" time="0.000039458">
        </testcase>
        <testcase classname="adws/core/__tests__/rateLimitWaitPolicy.test.ts" name="decideRateLimitWait &gt; enqueues an unknown limit type with no reset time, bare" time="0.000032917">
        </testcase>
        <testcase classname="adws/core/__tests__/rateLimitWaitPolicy.test.ts" name="decideRateLimitWait &gt; enqueues no facts at all (an overload or server error), bare" time="0.0000335">
        </testcase>
        <testcase classname="adws/core/__tests__/rateLimitWaitPolicy.test.ts" name="decideRateLimitWait &gt; waits in-process for a RateLimitError passed directly as the facts (structural typing)" time="0.000113584">
        </testcase>
        <testcase classname="adws/core/__tests__/rateLimitWaitPolicy.test.ts" name="decideRateLimitWait &gt; honours a custom minWaitMs for a stale reset time" time="0.0000475">
        </testcase>
        <testcase classname="adws/core/__tests__/rateLimitWaitPolicy.test.ts" name="decideRateLimitWait &gt; is pure: identical inputs give equal decisions and never mutate the input facts" time="0.000047042">
        </testcase>
        <testcase classname="adws/core/__tests__/rateLimitWaitPolicy.test.ts" name="hasResetTime &gt; is true for a finite resetsAt" time="0.00007925">
        </testcase>
        <testcase classname="adws/core/__tests__/rateLimitWaitPolicy.test.ts" name="hasResetTime &gt; is false for an absent, NaN or Infinite resetsAt" time="0.000085125">
        </testcase>
        <testcase classname="adws/core/__tests__/rateLimitWaitPolicy.test.ts" name="RateLimitType &gt; names the CLI values the policy compares against" time="0.000056208">
        </testcase>
        <testcase classname="adws/core/__tests__/rateLimitWaitPolicy.test.ts" name="sleepUntil &gt; slices a long wait into 60s chunks and ends exactly at the target instant" time="0.000468291">
        </testcase>
        <testcase classname="adws/core/__tests__/rateLimitWaitPolicy.test.ts" name="sleepUntil &gt; sleeps exactly once for the remainder when it is smaller than the slice" time="0.00006325">
        </testcase>
        <testcase classname="adws/core/__tests__/rateLimitWaitPolicy.test.ts" name="sleepUntil &gt; sleeps zero times when the target instant is already past" time="0.000039542">
        </testcase>
        <testcase classname="adws/core/__tests__/rateLimitWaitPolicy.test.ts" name="sleepUntil &gt; stops after exactly one sleep when the clock jumps past the target mid-sleep" time="0.00068275">
        </testcase>
        <testcase classname="adws/core/__tests__/rateLimitWaitPolicy.test.ts" name="sleepUntil &gt; clamps a zero or negative maxSliceMs to 1ms rather than looping forever" time="0.000047583">
        </testcase>
    </testsuite>
    <testsuite name="adws/core/__tests__/regressionTriage.test.ts" timestamp="2026-10-06T17:53:43.832Z" hostname="macmini.local" tests="21" failures="0" errors="0" skipped="0" time="0.026238458">
        <testcase classname="adws/core/__tests__/regressionTriage.test.ts" name="triageRegressionFailures &gt; re-runs nothing when the baseline was waived" time="0.002037292">
        </testcase>
        <testcase classname="adws/core/__tests__/regressionTriage.test.ts" name="triageRegressionFailures &gt; classifies the first scenario that also fails on the base branch as pre-existing, and re-runs no other" time="0.00321925">
        </testcase>
        <testcase classname="adws/core/__tests__/regressionTriage.test.ts" name="triageRegressionFailures &gt; keeps going past a scenario that passed on the base branch to one that fails there" time="0.007950375">
        </testcase>
        <testcase classname="adws/core/__tests__/regressionTriage.test.ts" name="triageRegressionFailures &gt; treats a scenario that passed, and one that could not be run, as introduced by the change" time="0.003420334">
        </testcase>
        <testcase classname="adws/core/__tests__/regressionTriage.test.ts" name="triageRegressionFailures &gt; has nothing pre-existing when no scenario failed" time="0.000239375">
        </testcase>
        <testcase classname="adws/core/__tests__/regressionTriage.test.ts" name="triageRegressionFailures &gt; re-runs in the order given, each re-run finishing before the next starts" time="0.003868916">
        </testcase>
        <testcase classname="adws/core/__tests__/regressionTriage.test.ts" name="triageRegressionFailures &gt; lets an error from the re-run propagate" time="0.001299833">
        </testcase>
        <testcase classname="adws/core/__tests__/regressionTriage.test.ts" name="scenarioMatchesCase &gt; matches the exact name" time="0.000228084">
        </testcase>
        <testcase classname="adws/core/__tests__/regressionTriage.test.ts" name="scenarioMatchesCase &gt; matches a case named after its rule" time="0.0002425">
        </testcase>
        <testcase classname="adws/core/__tests__/regressionTriage.test.ts" name="scenarioMatchesCase &gt; matches a case that is an example of a scenario outline" time="0.000203">
        </testcase>
        <testcase classname="adws/core/__tests__/regressionTriage.test.ts" name="scenarioMatchesCase &gt; matches a case named after both its rule and its outline example" time="0.00010225">
        </testcase>
        <testcase classname="adws/core/__tests__/regressionTriage.test.ts" name="scenarioMatchesCase &gt; does not match a name that is only part of the case name" time="0.000097125">
        </testcase>
        <testcase classname="adws/core/__tests__/regressionTriage.test.ts" name="scenarioMatchesCase &gt; does not match a different scenario" time="0.000079166">
        </testcase>
        <testcase classname="adws/core/__tests__/regressionTriage.test.ts" name="withRerunTag &gt; inserts the tag directly above the scenario line, at its indentation" time="0.000235792">
        </testcase>
        <testcase classname="adws/core/__tests__/regressionTriage.test.ts" name="withRerunTag &gt; keeps the scenario’s own tag lines and puts the new line between them and the scenario line" time="0.000275042">
        </testcase>
        <testcase classname="adws/core/__tests__/regressionTriage.test.ts" name="withRerunTag &gt; changes nothing else in the content" time="0.000127916">
        </testcase>
        <testcase classname="adws/core/__tests__/regressionTriage.test.ts" name="withRerunTag &gt; keeps CRLF line endings" time="0.000331167">
        </testcase>
        <testcase classname="adws/core/__tests__/regressionTriage.test.ts" name="withRerunTag &gt; keeps the tabs of an indented scenario line" time="0.000143459">
        </testcase>
        <testcase classname="adws/core/__tests__/regressionTriage.test.ts" name="withRerunTag &gt; returns the content as it is when the line does not exist" time="0.000201">
        </testcase>
        <testcase classname="adws/core/__tests__/regressionTriage.test.ts" name="describeFailingScenario &gt; prefixes the feature when there is one" time="0.000169667">
        </testcase>
        <testcase classname="adws/core/__tests__/regressionTriage.test.ts" name="describeFailingScenario &gt; is the bare name when there is no feature" time="0.000078791">
        </testcase>
    </testsuite>
    <testsuite name="adws/core/__tests__/remoteReconcile.test.ts" timestamp="2026-10-06T17:53:43.833Z" hostname="macmini.local" tests="25" failures="0" errors="0" skipped="0" time="0.007704958">
        <testcase classname="adws/core/__tests__/remoteReconcile.test.ts" name="mapArtifactsToStage &gt; returns null when branch does not exist" time="0.000676291">
        </testcase>
        <testcase classname="adws/core/__tests__/remoteReconcile.test.ts" name="mapArtifactsToStage &gt; returns null when branch does not exist even if PR present" time="0.000081125">
        </testcase>
        <testcase classname="adws/core/__tests__/remoteReconcile.test.ts" name="mapArtifactsToStage &gt; returns branch_created when branch exists and no PR" time="0.000058292">
        </testcase>
        <testcase classname="adws/core/__tests__/remoteReconcile.test.ts" name="mapArtifactsToStage &gt; returns awaiting_merge when branch exists and PR is OPEN" time="0.000054334">
        </testcase>
        <testcase classname="adws/core/__tests__/remoteReconcile.test.ts" name="mapArtifactsToStage &gt; returns completed when branch exists and PR is MERGED" time="0.00005925">
        </testcase>
        <testcase classname="adws/core/__tests__/remoteReconcile.test.ts" name="mapArtifactsToStage &gt; returns discarded when branch exists and PR is CLOSED" time="0.000046542">
        </testcase>
        <testcase classname="adws/core/__tests__/remoteReconcile.test.ts" name="mapArtifactsToStage &gt; returns null for unknown PR state" time="0.000045709">
        </testcase>
        <testcase classname="adws/core/__tests__/remoteReconcile.test.ts" name="deriveStageFromRemote — happy path mappings &gt; returns branch_created when branch exists and no PR" time="0.00026425">
        </testcase>
        <testcase classname="adws/core/__tests__/remoteReconcile.test.ts" name="deriveStageFromRemote — happy path mappings &gt; returns awaiting_merge when branch exists and PR is OPEN" time="0.000126709">
        </testcase>
        <testcase classname="adws/core/__tests__/remoteReconcile.test.ts" name="deriveStageFromRemote — happy path mappings &gt; returns completed when branch exists and PR is MERGED" time="0.000158167">
        </testcase>
        <testcase classname="adws/core/__tests__/remoteReconcile.test.ts" name="deriveStageFromRemote — happy path mappings &gt; returns discarded when branch exists and PR is CLOSED" time="0.000105625">
        </testcase>
        <testcase classname="adws/core/__tests__/remoteReconcile.test.ts" name="deriveStageFromRemote — re-verification &gt; returns converged value when reads flap then stabilize on third pair" time="0.000130458">
        </testcase>
        <testcase classname="adws/core/__tests__/remoteReconcile.test.ts" name="deriveStageFromRemote — re-verification &gt; falls back to state-file workflowStage when reads never stabilize" time="0.000116708">
        </testcase>
        <testcase classname="adws/core/__tests__/remoteReconcile.test.ts" name="deriveStageFromRemote — re-verification &gt; falls back to starting when reads never stabilize and state has no workflowStage" time="0.000096">
        </testcase>
        <testcase classname="adws/core/__tests__/remoteReconcile.test.ts" name="deriveStageFromRemote — state-file edges &gt; returns starting and issues zero GitHub reads when state file is missing" time="0.000101584">
        </testcase>
        <testcase classname="adws/core/__tests__/remoteReconcile.test.ts" name="deriveStageFromRemote — state-file edges &gt; returns state workflowStage and issues zero GitHub reads when branchName is missing" time="0.000096625">
        </testcase>
        <testcase classname="adws/core/__tests__/remoteReconcile.test.ts" name="deriveStageFromRemote — state-file edges &gt; returns starting when branchName is empty string" time="0.000080167">
        </testcase>
        <testcase classname="adws/core/__tests__/remoteReconcile.test.ts" name="deriveStageFromRemote — state-file edges &gt; falls back to state-file workflowStage when remote branch does not exist" time="0.000074041">
        </testcase>
        <testcase classname="adws/core/__tests__/remoteReconcile.test.ts" name="deriveStageFromRemote — state-file edges &gt; returns starting when remote branch absent and state has no workflowStage" time="0.000073125">
        </testcase>
        <testcase classname="adws/core/__tests__/remoteReconcile.test.ts" name="buildDefaultReconcileDeps — boundary-bound wiring &gt; maps PR state OPEN to workflow stage awaiting_merge through the boundary&apos;s codeHost" time="0.000302042">
        </testcase>
        <testcase classname="adws/core/__tests__/remoteReconcile.test.ts" name="buildDefaultReconcileDeps — boundary-bound wiring &gt; maps PR state MERGED to workflow stage completed through the boundary&apos;s codeHost" time="0.00008125">
        </testcase>
        <testcase classname="adws/core/__tests__/remoteReconcile.test.ts" name="buildDefaultReconcileDeps — boundary-bound wiring &gt; maps PR state CLOSED to workflow stage discarded through the boundary&apos;s codeHost" time="0.00006875">
        </testcase>
        <testcase classname="adws/core/__tests__/remoteReconcile.test.ts" name="buildDefaultReconcileDeps — boundary-bound wiring &gt; findPullRequestByBranch is called at least twice for one deriveStageFromRemote call — the read-your-write cross-check is never memoised" time="0.000091042">
        </testcase>
        <testcase classname="adws/core/__tests__/remoteReconcile.test.ts" name="buildDefaultReconcileDeps — boundary-bound wiring &gt; falls back to the state-file stage when boundary.gitContext.lsRemote reports the branch absent" time="0.000079417">
        </testcase>
        <testcase classname="adws/core/__tests__/remoteReconcile.test.ts" name="buildDefaultReconcileDeps — boundary-bound wiring &gt; branchExistsOnRemote returns false (and does not throw) when gitContext.lsRemote throws" time="0.003780541">
            <system-out>
⚠️ [2026-10-06T17:53:42.057Z] remoteReconcile: git ls-remote failed for branch &apos;feature-issue-42-abc&apos;: Error: git ls-remote failed

            </system-out>
        </testcase>
    </testsuite>
    <testsuite name="adws/core/__tests__/repoIdentityCrossCheck.test.ts" timestamp="2026-10-06T17:53:43.834Z" hostname="macmini.local" tests="11" failures="0" errors="0" skipped="0" time="0.007341">
        <testcase classname="adws/core/__tests__/repoIdentityCrossCheck.test.ts" name="sameRepoIdentity() &gt; returns true for equal identities" time="0.001757959">
        </testcase>
        <testcase classname="adws/core/__tests__/repoIdentityCrossCheck.test.ts" name="sameRepoIdentity() &gt; returns true for case-only differences" time="0.000363708">
        </testcase>
        <testcase classname="adws/core/__tests__/repoIdentityCrossCheck.test.ts" name="sameRepoIdentity() &gt; returns false when owner differs" time="0.000664083">
        </testcase>
        <testcase classname="adws/core/__tests__/repoIdentityCrossCheck.test.ts" name="sameRepoIdentity() &gt; returns false when repo differs" time="0.002336125">
        </testcase>
        <testcase classname="adws/core/__tests__/repoIdentityCrossCheck.test.ts" name="crossCheckRepoIdentity() &gt; does not throw when identities are equal" time="0.00039275">
        </testcase>
        <testcase classname="adws/core/__tests__/repoIdentityCrossCheck.test.ts" name="crossCheckRepoIdentity() &gt; does not throw when persisted is undefined (story 15 — no backfill)" time="0.0000875">
        </testcase>
        <testcase classname="adws/core/__tests__/repoIdentityCrossCheck.test.ts" name="crossCheckRepoIdentity() &gt; does not throw on case-only difference (case-insensitive equality)" time="0.0000765">
        </testcase>
        <testcase classname="adws/core/__tests__/repoIdentityCrossCheck.test.ts" name="crossCheckRepoIdentity() &gt; throws RepoIdentityMismatchError when owner differs" time="0.000085">
        </testcase>
        <testcase classname="adws/core/__tests__/repoIdentityCrossCheck.test.ts" name="crossCheckRepoIdentity() &gt; throws RepoIdentityMismatchError when repo differs" time="0.00007475">
        </testcase>
        <testcase classname="adws/core/__tests__/repoIdentityCrossCheck.test.ts" name="crossCheckRepoIdentity() &gt; thrown error has correct name and carries both identities" time="0.0003735">
        </testcase>
        <testcase classname="adws/core/__tests__/repoIdentityCrossCheck.test.ts" name="crossCheckRepoIdentity() &gt; error message names both identities (repo diff)" time="0.000068667">
        </testcase>
    </testsuite>
    <testsuite name="adws/core/__tests__/resolveFreezeGuard.test.ts" timestamp="2026-10-06T17:53:43.834Z" hostname="macmini.local" tests="6" failures="0" errors="0" skipped="0" time="0.002566333">
        <testcase classname="adws/core/__tests__/resolveFreezeGuard.test.ts" name="evaluateResolveEdit — all branches &gt; empty path list → permitted" time="0.001507084">
        </testcase>
        <testcase classname="adws/core/__tests__/resolveFreezeGuard.test.ts" name="evaluateResolveEdit — all branches &gt; app-code and step-def paths → permitted" time="0.000168667">
        </testcase>
        <testcase classname="adws/core/__tests__/resolveFreezeGuard.test.ts" name="evaluateResolveEdit — all branches &gt; single .feature path → rejected with flaggedFeature" time="0.000093042">
        </testcase>
        <testcase classname="adws/core/__tests__/resolveFreezeGuard.test.ts" name="evaluateResolveEdit — all branches &gt; .feature path mixed with permitted edits → rejected, flagged file named" time="0.000064958">
        </testcase>
        <testcase classname="adws/core/__tests__/resolveFreezeGuard.test.ts" name="evaluateResolveEdit — all branches &gt; first .feature is flagged when multiple .feature paths present" time="0.000071958">
        </testcase>
        <testcase classname="adws/core/__tests__/resolveFreezeGuard.test.ts" name="evaluateResolveEdit — all branches &gt; only implementation file paths → permitted" time="0.000063792">
        </testcase>
    </testsuite>
    <testsuite name="adws/core/__tests__/resolvePrReviewTarget.test.ts" timestamp="2026-10-06T17:53:43.834Z" hostname="macmini.local" tests="5" failures="0" errors="0" skipped="0" time="0.00598675">
        <testcase classname="adws/core/__tests__/resolvePrReviewTarget.test.ts" name="resolvePrReviewTarget &gt; reuse path &gt; returns reuse when issue comments carry an existing adwId" time="0.002228458">
        </testcase>
        <testcase classname="adws/core/__tests__/resolvePrReviewTarget.test.ts" name="resolvePrReviewTarget &gt; reuse path &gt; reuses the latest (newest) adwId when multiple ADW comments exist" time="0.000441083">
        </testcase>
        <testcase classname="adws/core/__tests__/resolvePrReviewTarget.test.ts" name="resolvePrReviewTarget &gt; fresh path &gt; generates a fresh adwId when the issue has no ADW comments" time="0.001249292">
        </testcase>
        <testcase classname="adws/core/__tests__/resolvePrReviewTarget.test.ts" name="resolvePrReviewTarget &gt; fresh path &gt; generates a fresh adwId when comments exist but contain no ADW id" time="0.000320541">
        </testcase>
        <testcase classname="adws/core/__tests__/resolvePrReviewTarget.test.ts" name="resolvePrReviewTarget &gt; skip path &gt; returns skip when issueNumber is null" time="0.000272916">
        </testcase>
    </testsuite>
    <testsuite name="adws/core/__tests__/resolveResumeSpawn.test.ts" timestamp="2026-10-06T17:53:43.834Z" hostname="macmini.local" tests="8" failures="0" errors="0" skipped="0" time="0.002038667">
        <testcase classname="adws/core/__tests__/resolveResumeSpawn.test.ts" name="resolveResumeSpawn &gt; script routing &gt; routes a PR-review-owned state to adwPrReview" time="0.000646667">
        </testcase>
        <testcase classname="adws/core/__tests__/resolveResumeSpawn.test.ts" name="resolveResumeSpawn &gt; script routing &gt; routes an SDLC-owned state to adwSdlc" time="0.000076">
        </testcase>
        <testcase classname="adws/core/__tests__/resolveResumeSpawn.test.ts" name="resolveResumeSpawn &gt; script routing &gt; routes a third orchestrator (adwChore) correctly" time="0.000071209">
        </testcase>
        <testcase classname="adws/core/__tests__/resolveResumeSpawn.test.ts" name="resolveResumeSpawn &gt; script routing &gt; defaults to SDLC when orchestratorScript is absent" time="0.000081375">
        </testcase>
        <testcase classname="adws/core/__tests__/resolveResumeSpawn.test.ts" name="resolveResumeSpawn &gt; args normalization &gt; stringifies numeric issueNumber" time="0.000066958">
        </testcase>
        <testcase classname="adws/core/__tests__/resolveResumeSpawn.test.ts" name="resolveResumeSpawn &gt; args normalization &gt; passes adwId through verbatim" time="0.000045542">
        </testcase>
        <testcase classname="adws/core/__tests__/resolveResumeSpawn.test.ts" name="resolveResumeSpawn &gt; args normalization &gt; produces exactly two args [issueNumber, adwId]" time="0.000366375">
        </testcase>
        <testcase classname="adws/core/__tests__/resolveResumeSpawn.test.ts" name="resolveResumeSpawn &gt; args normalization &gt; handles null issueNumber by stringifying to &quot;null&quot;" time="0.00006275">
        </testcase>
    </testsuite>
    <testsuite name="adws/core/__tests__/resolveVerdict.test.ts" timestamp="2026-10-06T17:53:43.835Z" hostname="macmini.local" tests="11" failures="0" errors="0" skipped="0" time="0.004273084">
        <testcase classname="adws/core/__tests__/resolveVerdict.test.ts" name="computeResolveVerdict — all branches &gt; target fails + regression passes + budget remaining → retry" time="0.001581209">
        </testcase>
        <testcase classname="adws/core/__tests__/resolveVerdict.test.ts" name="computeResolveVerdict — all branches &gt; target fails + regression fails + budget remaining → retry" time="0.000217416">
        </testcase>
        <testcase classname="adws/core/__tests__/resolveVerdict.test.ts" name="computeResolveVerdict — all branches &gt; target fails + regression passes + budget exhausted → hard-fail" time="0.000131834">
        </testcase>
        <testcase classname="adws/core/__tests__/resolveVerdict.test.ts" name="computeResolveVerdict — all branches &gt; target fails + regression fails + budget exhausted → hard-fail" time="0.000139792">
        </testcase>
        <testcase classname="adws/core/__tests__/resolveVerdict.test.ts" name="computeResolveVerdict — all branches &gt; target passes + regression fails + budget remaining → retry" time="0.000171375">
        </testcase>
        <testcase classname="adws/core/__tests__/resolveVerdict.test.ts" name="computeResolveVerdict — all branches &gt; target passes + regression fails + budget exhausted → hard-fail" time="0.000113625">
        </testcase>
        <testcase classname="adws/core/__tests__/resolveVerdict.test.ts" name="computeResolveVerdict — all branches &gt; target passes + regression passes + no re-validation → pass" time="0.000099">
        </testcase>
        <testcase classname="adws/core/__tests__/resolveVerdict.test.ts" name="computeResolveVerdict — all branches &gt; target passes + regression passes + aligned → pass" time="0.00011425">
        </testcase>
        <testcase classname="adws/core/__tests__/resolveVerdict.test.ts" name="computeResolveVerdict — all branches &gt; target passes + regression passes + aligned + budget exhausted → pass" time="0.000118375">
        </testcase>
        <testcase classname="adws/core/__tests__/resolveVerdict.test.ts" name="computeResolveVerdict — all branches &gt; target passes + regression passes + misaligned + budget remaining → hard-fail" time="0.00014475">
        </testcase>
        <testcase classname="adws/core/__tests__/resolveVerdict.test.ts" name="computeResolveVerdict — all branches &gt; target passes + regression passes + misaligned + budget exhausted → hard-fail" time="0.000094208">
        </testcase>
    </testsuite>
    <testsuite name="adws/core/__tests__/resumePolicy.test.ts" timestamp="2026-10-06T17:53:43.835Z" hostname="macmini.local" tests="11" failures="0" errors="0" skipped="0" time="0.002003667">
        <testcase classname="adws/core/__tests__/resumePolicy.test.ts" name="nextResumeAction — boundary cases &gt; below the bound → resume &gt; returns resume for attempts=0, max=3" time="0.000686459">
        </testcase>
        <testcase classname="adws/core/__tests__/resumePolicy.test.ts" name="nextResumeAction — boundary cases &gt; below the bound → resume &gt; returns resume for attempts=1, max=3" time="0.000082125">
        </testcase>
        <testcase classname="adws/core/__tests__/resumePolicy.test.ts" name="nextResumeAction — boundary cases &gt; below the bound → resume &gt; returns resume for attempts=2, max=3" time="0.000053583">
        </testcase>
        <testcase classname="adws/core/__tests__/resumePolicy.test.ts" name="nextResumeAction — boundary cases &gt; below the bound → resume &gt; returns resume for attempts=0, max=1" time="0.000071042">
        </testcase>
        <testcase classname="adws/core/__tests__/resumePolicy.test.ts" name="nextResumeAction — boundary cases &gt; at the bound → escalate &gt; returns escalate for attempts=3, max=3" time="0.000059041">
        </testcase>
        <testcase classname="adws/core/__tests__/resumePolicy.test.ts" name="nextResumeAction — boundary cases &gt; at the bound → escalate &gt; returns escalate for attempts=1, max=1" time="0.000046375">
        </testcase>
        <testcase classname="adws/core/__tests__/resumePolicy.test.ts" name="nextResumeAction — boundary cases &gt; above the bound → escalate (defensive) &gt; returns escalate for attempts=4, max=3" time="0.000055292">
        </testcase>
        <testcase classname="adws/core/__tests__/resumePolicy.test.ts" name="nextResumeAction — boundary cases &gt; above the bound → escalate (defensive) &gt; returns escalate for attempts=5, max=0" time="0.000046959">
        </testcase>
        <testcase classname="adws/core/__tests__/resumePolicy.test.ts" name="nextResumeAction — boundary cases &gt; degenerate caps &gt; returns escalate for max=0 (no resume ever permitted)" time="0.000054958">
        </testcase>
        <testcase classname="adws/core/__tests__/resumePolicy.test.ts" name="nextResumeAction — boundary cases &gt; default-param wiring &gt; returns resume for MAX_RESUME_ATTEMPTS - 1 (one below cap)" time="0.000074916">
        </testcase>
        <testcase classname="adws/core/__tests__/resumePolicy.test.ts" name="nextResumeAction — boundary cases &gt; default-param wiring &gt; returns escalate for MAX_RESUME_ATTEMPTS (exactly at cap)" time="0.000043333">
        </testcase>
    </testsuite>
    <testsuite name="adws/core/__tests__/selfHostLaunch.test.ts" timestamp="2026-10-06T17:53:43.836Z" hostname="macmini.local" tests="7" failures="0" errors="0" skipped="0" time="0.006993625">
        <testcase classname="adws/core/__tests__/selfHostLaunch.test.ts" name="isSelfHostLaunch &gt; counts a launch without a GitContext as self-host and never reads the framework identity" time="0.002414208">
        </testcase>
        <testcase classname="adws/core/__tests__/selfHostLaunch.test.ts" name="isSelfHostLaunch &gt; counts a GitContext that does not say selfHost: false as self-host, even without an owner or repo" time="0.000242667">
        </testcase>
        <testcase classname="adws/core/__tests__/selfHostLaunch.test.ts" name="isSelfHostLaunch &gt; counts a self-host GitContext as self-host without reading the framework identity" time="0.000239459">
        </testcase>
        <testcase classname="adws/core/__tests__/selfHostLaunch.test.ts" name="isSelfHostLaunch &gt; counts a --target-repo GitContext for the framework&apos;s own repository as self-host, compared case-insensitively" time="0.001225292">
        </testcase>
        <testcase classname="adws/core/__tests__/selfHostLaunch.test.ts" name="isSelfHostLaunch &gt; keeps a --target-repo GitContext for any other repository a target" time="0.000213">
        </testcase>
        <testcase classname="adws/core/__tests__/selfHostLaunch.test.ts" name="isSelfHostLaunch &gt; keeps every selfHost: false launch a target when the framework checkout has no readable origin" time="0.00017925">
        </testcase>
        <testcase classname="adws/core/__tests__/selfHostLaunch.test.ts" name="isSelfHostLaunch &gt; reads the framework identity once per process" time="0.000218">
        </testcase>
    </testsuite>
    <testsuite name="adws/core/__tests__/slackNotifier.test.ts" timestamp="2026-10-06T17:53:43.836Z" hostname="macmini.local" tests="10" failures="0" errors="0" skipped="0" time="0.00403525">
        <testcase classname="adws/core/__tests__/slackNotifier.test.ts" name="postSlack &gt; logs delivered at info level on a 2xx response" time="0.001505333">
        </testcase>
        <testcase classname="adws/core/__tests__/slackNotifier.test.ts" name="postSlack &gt; logs warn with HTTP status on a non-2xx response and does not log delivered" time="0.000241333">
        </testcase>
        <testcase classname="adws/core/__tests__/slackNotifier.test.ts" name="postSlack &gt; logs warn on a thrown fetch error and does not throw" time="0.000446125">
        </testcase>
        <testcase classname="adws/core/__tests__/slackNotifier.test.ts" name="postSlack &gt; logs a skip warn and does not call fetch when SLACK_WEBHOOK_URL is unset" time="0.000203125">
        </testcase>
        <testcase classname="adws/core/__tests__/slackNotifier.test.ts" name="sendSlackDetectionNotification &gt; calls fetch once with POST, correct content-type, and body containing host/adwId" time="0.00029525">
        </testcase>
        <testcase classname="adws/core/__tests__/slackNotifier.test.ts" name="sendSlackDetectionNotification &gt; does not call fetch when SLACK_WEBHOOK_URL is unset" time="0.000095208">
        </testcase>
        <testcase classname="adws/core/__tests__/slackNotifier.test.ts" name="sendSlackDetectionNotification &gt; swallows fetch errors without throwing" time="0.000125458">
        </testcase>
        <testcase classname="adws/core/__tests__/slackNotifier.test.ts" name="sendSlackRecoveryNotification &gt; calls fetch once with body containing clearedAt" time="0.000130458">
        </testcase>
        <testcase classname="adws/core/__tests__/slackNotifier.test.ts" name="sendSlackRecoveryNotification &gt; does not call fetch when SLACK_WEBHOOK_URL is unset" time="0.000104667">
        </testcase>
        <testcase classname="adws/core/__tests__/slackNotifier.test.ts" name="sendSlackRecoveryNotification &gt; swallows fetch errors without throwing" time="0.0001365">
        </testcase>
    </testsuite>
    <testsuite name="adws/core/__tests__/sshCloneUrl.test.ts" timestamp="2026-10-06T17:53:43.836Z" hostname="macmini.local" tests="15" failures="0" errors="0" skipped="0" time="0.002091875">
        <testcase classname="adws/core/__tests__/sshCloneUrl.test.ts" name="convertToSshUrl — host-neutral HTTPS-to-SSH rewrite &gt; https://github.com/acme/webapp -&gt; git@github.com:acme/webapp.git" time="0.000686291">
        </testcase>
        <testcase classname="adws/core/__tests__/sshCloneUrl.test.ts" name="convertToSshUrl — host-neutral HTTPS-to-SSH rewrite &gt; https://github.com/acme/webapp.git -&gt; git@github.com:acme/webapp.git" time="0.000069166">
        </testcase>
        <testcase classname="adws/core/__tests__/sshCloneUrl.test.ts" name="convertToSshUrl — host-neutral HTTPS-to-SSH rewrite &gt; git@github.com:acme/webapp.git -&gt; git@github.com:acme/webapp.git" time="0.000081333">
        </testcase>
        <testcase classname="adws/core/__tests__/sshCloneUrl.test.ts" name="convertToSshUrl — host-neutral HTTPS-to-SSH rewrite &gt; ssh://git@github.com/acme/webapp.git -&gt; ssh://git@github.com/acme/webapp.git" time="0.000054542">
        </testcase>
        <testcase classname="adws/core/__tests__/sshCloneUrl.test.ts" name="convertToSshUrl — host-neutral HTTPS-to-SSH rewrite &gt; https://github.com/paysdoc/paysdoc.nl.git -&gt; git@github.com:paysdoc/paysdoc.nl.git" time="0.000053916">
        </testcase>
        <testcase classname="adws/core/__tests__/sshCloneUrl.test.ts" name="convertToSshUrl — host-neutral HTTPS-to-SSH rewrite &gt; https://github.com/paysdoc/paysdoc.nl -&gt; git@github.com:paysdoc/paysdoc.nl.git" time="0.000044958">
        </testcase>
        <testcase classname="adws/core/__tests__/sshCloneUrl.test.ts" name="convertToSshUrl — host-neutral HTTPS-to-SSH rewrite &gt; https://github.com/acme-corp/web-app.config -&gt; git@github.com:acme-corp/web-app.config.git" time="0.000042625">
        </testcase>
        <testcase classname="adws/core/__tests__/sshCloneUrl.test.ts" name="convertToSshUrl — host-neutral HTTPS-to-SSH rewrite &gt;  -&gt; " time="0.000047375">
        </testcase>
        <testcase classname="adws/core/__tests__/sshCloneUrl.test.ts" name="convertToSshUrl — host-neutral HTTPS-to-SSH rewrite &gt; converts a non-GitHub HTTPS URL — host-neutral means it converts, unlike the GitHub-only helper it replaces" time="0.000067166">
        </testcase>
        <testcase classname="adws/core/__tests__/sshCloneUrl.test.ts" name="convertToSshUrl — host-neutral HTTPS-to-SSH rewrite &gt; converts a self-hosted forge HTTPS URL with no .git suffix" time="0.000076583">
        </testcase>
        <testcase classname="adws/core/__tests__/sshCloneUrl.test.ts" name="convertToSshUrl — host-neutral HTTPS-to-SSH rewrite &gt; passes through a URL with an explicit port" time="0.000050208">
        </testcase>
        <testcase classname="adws/core/__tests__/sshCloneUrl.test.ts" name="convertToSshUrl — host-neutral HTTPS-to-SSH rewrite &gt; passes through a three-segment path (e.g. a GitLab subgroup)" time="0.000053208">
        </testcase>
        <testcase classname="adws/core/__tests__/sshCloneUrl.test.ts" name="convertToSshUrl — host-neutral HTTPS-to-SSH rewrite &gt; passes through http:// (not https://)" time="0.000038708">
        </testcase>
        <testcase classname="adws/core/__tests__/sshCloneUrl.test.ts" name="convertToSshUrl — host-neutral HTTPS-to-SSH rewrite &gt; converts a credential-bearing HTTPS URL without the credential" time="0.000040833">
        </testcase>
        <testcase classname="adws/core/__tests__/sshCloneUrl.test.ts" name="convertToSshUrl — host-neutral HTTPS-to-SSH rewrite &gt; passes through a non-URL string rather than throwing" time="0.000037417">
        </testcase>
    </testsuite>
    <testsuite name="adws/core/__tests__/stackCoherenceCheck.test.ts" timestamp="2026-10-06T17:53:43.837Z" hostname="macmini.local" tests="19" failures="0" errors="0" skipped="0" time="0.003154958">
        <testcase classname="adws/core/__tests__/stackCoherenceCheck.test.ts" name="stackCoherenceCheck &gt; coherent JS/TS — ADW-self regression guard" time="0.001038625">
        </testcase>
        <testcase classname="adws/core/__tests__/stackCoherenceCheck.test.ts" name="stackCoherenceCheck &gt; coherent Python" time="0.000114708">
        </testcase>
        <testcase classname="adws/core/__tests__/stackCoherenceCheck.test.ts" name="stackCoherenceCheck &gt; incoherent (US22): Python test framework + cucumber-js run command → language-mismatch" time="0.000126083">
        </testcase>
        <testcase classname="adws/core/__tests__/stackCoherenceCheck.test.ts" name="stackCoherenceCheck &gt; non-Gherkin bddFramework → non-gherkin-bdd warning" time="0.000078708">
        </testcase>
        <testcase classname="adws/core/__tests__/stackCoherenceCheck.test.ts" name="stackCoherenceCheck &gt; both warnings at once: mocha is non-Gherkin and JS vs Python mismatch" time="0.000089666">
        </testcase>
        <testcase classname="adws/core/__tests__/stackCoherenceCheck.test.ts" name="stackCoherenceCheck &gt; empty bddFramework is the Gherkin default — no non-gherkin warning" time="0.000092708">
        </testcase>
        <testcase classname="adws/core/__tests__/stackCoherenceCheck.test.ts" name="stackCoherenceCheck &gt; no false positive from unknown signals" time="0.000095458">
        </testcase>
        <testcase classname="adws/core/__tests__/stackCoherenceCheck.test.ts" name="stackCoherenceCheck &gt; all-default/empty → ok" time="0.000083375">
        </testcase>
        <testcase classname="adws/core/__tests__/stackCoherenceCheck.test.ts" name="inferStackLanguages &gt; finds only javascript in ADW&apos;s own descriptors" time="0.000294541">
        </testcase>
        <testcase classname="adws/core/__tests__/stackCoherenceCheck.test.ts" name="inferStackLanguages &gt; finds one language for pytest and behave" time="0.000083833">
        </testcase>
        <testcase classname="adws/core/__tests__/stackCoherenceCheck.test.ts" name="inferStackLanguages &gt; finds one language for go test and godog" time="0.000042083">
        </testcase>
        <testcase classname="adws/core/__tests__/stackCoherenceCheck.test.ts" name="inferStackLanguages &gt; finds one language for cargo test and cucumber-rs" time="0.000035292">
        </testcase>
        <testcase classname="adws/core/__tests__/stackCoherenceCheck.test.ts" name="inferStackLanguages &gt; finds one language for rspec and cucumber-ruby" time="0.000028834">
        </testcase>
        <testcase classname="adws/core/__tests__/stackCoherenceCheck.test.ts" name="inferStackLanguages &gt; does not take cargo test for go" time="0.000035375">
        </testcase>
        <testcase classname="adws/core/__tests__/stackCoherenceCheck.test.ts" name="inferStackLanguages &gt; finds every language of a mixed stack" time="0.000052417">
        </testcase>
        <testcase classname="adws/core/__tests__/stackCoherenceCheck.test.ts" name="inferStackLanguages &gt; finds a language from the run commands as well as from the framework names" time="0.000034625">
        </testcase>
        <testcase classname="adws/core/__tests__/stackCoherenceCheck.test.ts" name="inferStackLanguages &gt; finds none for a stack it does not know" time="0.000030625">
        </testcase>
        <testcase classname="adws/core/__tests__/stackCoherenceCheck.test.ts" name="inferStackLanguages &gt; finds none when every descriptor is empty" time="0.000023958">
        </testcase>
        <testcase classname="adws/core/__tests__/stackCoherenceCheck.test.ts" name="inferStackLanguages &gt; agrees with stackCoherenceCheck about when a stack spans several languages" time="0.000071458">
        </testcase>
    </testsuite>
    <testsuite name="adws/core/__tests__/stageClassifier.test.ts" timestamp="2026-10-06T17:53:43.837Z" hostname="macmini.local" tests="65" failures="0" errors="0" skipped="0" time="0.003708">
        <testcase classname="adws/core/__tests__/stageClassifier.test.ts" name="classifyStage — one class per WorkflowStage literal &gt; classifies &apos;starting&apos; as &apos;active&apos;" time="0.000793">
        </testcase>
        <testcase classname="adws/core/__tests__/stageClassifier.test.ts" name="classifyStage — one class per WorkflowStage literal &gt; classifies &apos;resuming&apos; as &apos;active&apos;" time="0.000067291">
        </testcase>
        <testcase classname="adws/core/__tests__/stageClassifier.test.ts" name="classifyStage — one class per WorkflowStage literal &gt; classifies &apos;build_running&apos; as &apos;active&apos;" time="0.000050959">
        </testcase>
        <testcase classname="adws/core/__tests__/stageClassifier.test.ts" name="classifyStage — one class per WorkflowStage literal &gt; classifies &apos;test_running&apos; as &apos;active&apos;" time="0.000046084">
        </testcase>
        <testcase classname="adws/core/__tests__/stageClassifier.test.ts" name="classifyStage — one class per WorkflowStage literal &gt; classifies &apos;review_running&apos; as &apos;active&apos;" time="0.000044375">
        </testcase>
        <testcase classname="adws/core/__tests__/stageClassifier.test.ts" name="classifyStage — one class per WorkflowStage literal &gt; classifies &apos;document_running&apos; as &apos;active&apos;" time="0.000036625">
        </testcase>
        <testcase classname="adws/core/__tests__/stageClassifier.test.ts" name="classifyStage — one class per WorkflowStage literal &gt; classifies &apos;install_running&apos; as &apos;active&apos;" time="0.000036292">
        </testcase>
        <testcase classname="adws/core/__tests__/stageClassifier.test.ts" name="classifyStage — one class per WorkflowStage literal &gt; classifies &apos;awaiting_merge&apos; as &apos;awaiting_merge&apos;" time="0.000041291">
        </testcase>
        <testcase classname="adws/core/__tests__/stageClassifier.test.ts" name="classifyStage — one class per WorkflowStage literal &gt; classifies &apos;abandoned&apos; as &apos;retriable&apos;" time="0.0000515">
        </testcase>
        <testcase classname="adws/core/__tests__/stageClassifier.test.ts" name="classifyStage — one class per WorkflowStage literal &gt; classifies &apos;completed&apos; as &apos;terminal&apos;" time="0.000061833">
        </testcase>
        <testcase classname="adws/core/__tests__/stageClassifier.test.ts" name="classifyStage — one class per WorkflowStage literal &gt; classifies &apos;discarded&apos; as &apos;terminal&apos;" time="0.000037417">
        </testcase>
        <testcase classname="adws/core/__tests__/stageClassifier.test.ts" name="classifyStage — one class per WorkflowStage literal &gt; classifies &apos;paused&apos; as &apos;terminal&apos;" time="0.00003125">
        </testcase>
        <testcase classname="adws/core/__tests__/stageClassifier.test.ts" name="classifyStage — one class per WorkflowStage literal &gt; classifies &apos;paused_auth&apos; as &apos;terminal&apos;" time="0.000026">
        </testcase>
        <testcase classname="adws/core/__tests__/stageClassifier.test.ts" name="classifyStage — one class per WorkflowStage literal &gt; classifies &apos;merge_blocked&apos; as &apos;human_gated&apos;" time="0.000023959">
        </testcase>
        <testcase classname="adws/core/__tests__/stageClassifier.test.ts" name="classifyStage — one class per WorkflowStage literal &gt; classifies &apos;human_gated&apos; as &apos;human_gated&apos;" time="0.000026125">
        </testcase>
        <testcase classname="adws/core/__tests__/stageClassifier.test.ts" name="classifyStage — one class per WorkflowStage literal &gt; classifies &apos;review_failed&apos; as &apos;human_gated&apos;" time="0.000025667">
        </testcase>
        <testcase classname="adws/core/__tests__/stageClassifier.test.ts" name="classifyStage — one class per WorkflowStage literal &gt; classifies &apos;classified&apos; as &apos;resumable&apos;" time="0.000023209">
        </testcase>
        <testcase classname="adws/core/__tests__/stageClassifier.test.ts" name="classifyStage — one class per WorkflowStage literal &gt; classifies &apos;branch_created&apos; as &apos;resumable&apos;" time="0.000022292">
        </testcase>
        <testcase classname="adws/core/__tests__/stageClassifier.test.ts" name="classifyStage — one class per WorkflowStage literal &gt; classifies &apos;plan_building&apos; as &apos;resumable&apos;" time="0.000021167">
        </testcase>
        <testcase classname="adws/core/__tests__/stageClassifier.test.ts" name="classifyStage — one class per WorkflowStage literal &gt; classifies &apos;plan_created&apos; as &apos;resumable&apos;" time="0.000022417">
        </testcase>
        <testcase classname="adws/core/__tests__/stageClassifier.test.ts" name="classifyStage — one class per WorkflowStage literal &gt; classifies &apos;planFile_created&apos; as &apos;resumable&apos;" time="0.000020834">
        </testcase>
        <testcase classname="adws/core/__tests__/stageClassifier.test.ts" name="classifyStage — one class per WorkflowStage literal &gt; classifies &apos;plan_committing&apos; as &apos;resumable&apos;" time="0.000032667">
        </testcase>
        <testcase classname="adws/core/__tests__/stageClassifier.test.ts" name="classifyStage — one class per WorkflowStage literal &gt; classifies &apos;build_progress&apos; as &apos;resumable&apos;" time="0.000024916">
        </testcase>
        <testcase classname="adws/core/__tests__/stageClassifier.test.ts" name="classifyStage — one class per WorkflowStage literal &gt; classifies &apos;build_completed&apos; as &apos;resumable&apos;" time="0.000027583">
        </testcase>
        <testcase classname="adws/core/__tests__/stageClassifier.test.ts" name="classifyStage — one class per WorkflowStage literal &gt; classifies &apos;build_committing&apos; as &apos;resumable&apos;" time="0.00002125">
        </testcase>
        <testcase classname="adws/core/__tests__/stageClassifier.test.ts" name="classifyStage — one class per WorkflowStage literal &gt; classifies &apos;pr_creating&apos; as &apos;resumable&apos;" time="0.000021459">
        </testcase>
        <testcase classname="adws/core/__tests__/stageClassifier.test.ts" name="classifyStage — one class per WorkflowStage literal &gt; classifies &apos;pr_created&apos; as &apos;resumable&apos;" time="0.000020833">
        </testcase>
        <testcase classname="adws/core/__tests__/stageClassifier.test.ts" name="classifyStage — one class per WorkflowStage literal &gt; classifies &apos;error&apos; as &apos;resumable&apos;" time="0.00002125">
        </testcase>
        <testcase classname="adws/core/__tests__/stageClassifier.test.ts" name="classifyStage — one class per WorkflowStage literal &gt; classifies &apos;test_failed&apos; as &apos;resumable&apos;" time="0.000020334">
        </testcase>
        <testcase classname="adws/core/__tests__/stageClassifier.test.ts" name="classifyStage — one class per WorkflowStage literal &gt; classifies &apos;test_resolving&apos; as &apos;resumable&apos;" time="0.000030541">
        </testcase>
        <testcase classname="adws/core/__tests__/stageClassifier.test.ts" name="classifyStage — one class per WorkflowStage literal &gt; classifies &apos;test_passed&apos; as &apos;resumable&apos;" time="0.0000225">
        </testcase>
        <testcase classname="adws/core/__tests__/stageClassifier.test.ts" name="classifyStage — one class per WorkflowStage literal &gt; classifies &apos;unverified&apos; as &apos;resumable&apos;" time="0.000021125">
        </testcase>
        <testcase classname="adws/core/__tests__/stageClassifier.test.ts" name="classifyStage — one class per WorkflowStage literal &gt; classifies &apos;stack_incoherent&apos; as &apos;resumable&apos;" time="0.000020458">
        </testcase>
        <testcase classname="adws/core/__tests__/stageClassifier.test.ts" name="classifyStage — one class per WorkflowStage literal &gt; classifies &apos;review_passed&apos; as &apos;resumable&apos;" time="0.0000285">
        </testcase>
        <testcase classname="adws/core/__tests__/stageClassifier.test.ts" name="classifyStage — one class per WorkflowStage literal &gt; classifies &apos;review_patching&apos; as &apos;resumable&apos;" time="0.000024375">
        </testcase>
        <testcase classname="adws/core/__tests__/stageClassifier.test.ts" name="classifyStage — one class per WorkflowStage literal &gt; classifies &apos;document_completed&apos; as &apos;resumable&apos;" time="0.0000205">
        </testcase>
        <testcase classname="adws/core/__tests__/stageClassifier.test.ts" name="classifyStage — one class per WorkflowStage literal &gt; classifies &apos;document_failed&apos; as &apos;resumable&apos;" time="0.000020291">
        </testcase>
        <testcase classname="adws/core/__tests__/stageClassifier.test.ts" name="classifyStage — one class per WorkflowStage literal &gt; classifies &apos;token_limit_recovery&apos; as &apos;resumable&apos;" time="0.000019333">
        </testcase>
        <testcase classname="adws/core/__tests__/stageClassifier.test.ts" name="classifyStage — one class per WorkflowStage literal &gt; classifies &apos;compaction_recovery&apos; as &apos;resumable&apos;" time="0.000019458">
        </testcase>
        <testcase classname="adws/core/__tests__/stageClassifier.test.ts" name="classifyStage — one class per WorkflowStage literal &gt; classifies &apos;test_compaction_recovery&apos; as &apos;resumable&apos;" time="0.000018334">
        </testcase>
        <testcase classname="adws/core/__tests__/stageClassifier.test.ts" name="classifyStage — one class per WorkflowStage literal &gt; classifies &apos;plan_validating&apos; as &apos;resumable&apos;" time="0.000018292">
        </testcase>
        <testcase classname="adws/core/__tests__/stageClassifier.test.ts" name="classifyStage — one class per WorkflowStage literal &gt; classifies &apos;plan_validated&apos; as &apos;resumable&apos;" time="0.000018791">
        </testcase>
        <testcase classname="adws/core/__tests__/stageClassifier.test.ts" name="classifyStage — one class per WorkflowStage literal &gt; classifies &apos;plan_resolving&apos; as &apos;resumable&apos;" time="0.000018958">
        </testcase>
        <testcase classname="adws/core/__tests__/stageClassifier.test.ts" name="classifyStage — one class per WorkflowStage literal &gt; classifies &apos;plan_resolved&apos; as &apos;resumable&apos;" time="0.000045166">
        </testcase>
        <testcase classname="adws/core/__tests__/stageClassifier.test.ts" name="classifyStage — one class per WorkflowStage literal &gt; classifies &apos;plan_validation_failed&apos; as &apos;resumable&apos;" time="0.000030292">
        </testcase>
        <testcase classname="adws/core/__tests__/stageClassifier.test.ts" name="classifyStage — one class per WorkflowStage literal &gt; classifies &apos;plan_aligning&apos; as &apos;resumable&apos;" time="0.000020209">
        </testcase>
        <testcase classname="adws/core/__tests__/stageClassifier.test.ts" name="classifyStage — one class per WorkflowStage literal &gt; classifies &apos;plan_aligned&apos; as &apos;resumable&apos;" time="0.00002125">
        </testcase>
        <testcase classname="adws/core/__tests__/stageClassifier.test.ts" name="classifyStage — one class per WorkflowStage literal &gt; classifies &apos;install_completed&apos; as &apos;resumable&apos;" time="0.000018333">
        </testcase>
        <testcase classname="adws/core/__tests__/stageClassifier.test.ts" name="classifyStage — one class per WorkflowStage literal &gt; classifies &apos;install_failed&apos; as &apos;resumable&apos;" time="0.000016458">
        </testcase>
        <testcase classname="adws/core/__tests__/stageClassifier.test.ts" name="classifyStage — one class per WorkflowStage literal &gt; classifies &apos;resumed&apos; as &apos;resumable&apos;" time="0.000015542">
        </testcase>
        <testcase classname="adws/core/__tests__/stageClassifier.test.ts" name="classifyStage — one class per WorkflowStage literal &gt; classifies &apos;phase_timeout&apos; as &apos;resumable&apos;" time="0.000015375">
        </testcase>
        <testcase classname="adws/core/__tests__/stageClassifier.test.ts" name="classifyStageString — dynamic phaseRunner strings &gt; routes &apos;*_running&apos; dynamic string to &apos;active&apos;" time="0.000037666">
        </testcase>
        <testcase classname="adws/core/__tests__/stageClassifier.test.ts" name="classifyStageString — dynamic phaseRunner strings &gt; routes &apos;step-def_running&apos; dynamic string to &apos;active&apos;" time="0.000022083">
        </testcase>
        <testcase classname="adws/core/__tests__/stageClassifier.test.ts" name="classifyStageString — dynamic phaseRunner strings &gt; routes &apos;*_completed&apos; dynamic string to &apos;resumable&apos;" time="0.000021208">
        </testcase>
        <testcase classname="adws/core/__tests__/stageClassifier.test.ts" name="classifyStageString — dynamic phaseRunner strings &gt; routes &apos;test_completed&apos; dynamic string to &apos;resumable&apos;" time="0.000020458">
        </testcase>
        <testcase classname="adws/core/__tests__/stageClassifier.test.ts" name="classifyStageString — dynamic phaseRunner strings &gt; routes &apos;review_completed&apos; dynamic string to &apos;resumable&apos;" time="0.000020209">
        </testcase>
        <testcase classname="adws/core/__tests__/stageClassifier.test.ts" name="classifyStageString — literal delegates to classifyStage &gt; routes &apos;starting&apos; (active literal) to &apos;active&apos;" time="0.000020709">
        </testcase>
        <testcase classname="adws/core/__tests__/stageClassifier.test.ts" name="classifyStageString — literal delegates to classifyStage &gt; routes &apos;abandoned&apos; (retriable literal) to &apos;retriable&apos;" time="0.000020417">
        </testcase>
        <testcase classname="adws/core/__tests__/stageClassifier.test.ts" name="classifyStageString — literal delegates to classifyStage &gt; routes &apos;completed&apos; (terminal literal) to &apos;terminal&apos;" time="0.000020542">
        </testcase>
        <testcase classname="adws/core/__tests__/stageClassifier.test.ts" name="classifyStageString — literal delegates to classifyStage &gt; routes &apos;merge_blocked&apos; (human_gated literal) to &apos;human_gated&apos;" time="0.000019708">
        </testcase>
        <testcase classname="adws/core/__tests__/stageClassifier.test.ts" name="classifyStageString — literal delegates to classifyStage &gt; routes &apos;review_failed&apos; (human_gated literal) to &apos;human_gated&apos;" time="0.000020333">
        </testcase>
        <testcase classname="adws/core/__tests__/stageClassifier.test.ts" name="classifyStageString — literal delegates to classifyStage &gt; routes &apos;awaiting_merge&apos; to &apos;awaiting_merge&apos;" time="0.000021291">
        </testcase>
        <testcase classname="adws/core/__tests__/stageClassifier.test.ts" name="classifyStageString — literal delegates to classifyStage &gt; routes &apos;phase_timeout&apos; (resumable literal) to &apos;resumable&apos;" time="0.000019833">
        </testcase>
        <testcase classname="adws/core/__tests__/stageClassifier.test.ts" name="classifyStageString — edge cases &gt; routes empty string &apos;&apos; to &apos;resumable&apos; (defensive fallback)" time="0.000021167">
        </testcase>
        <testcase classname="adws/core/__tests__/stageClassifier.test.ts" name="classifyStageString — edge cases &gt; routes unknown future stage to &apos;resumable&apos; (defensive fallback)" time="0.000020666">
        </testcase>
    </testsuite>
    <testsuite name="adws/core/__tests__/stateHelpers.test.ts" timestamp="2026-10-06T17:53:43.839Z" hostname="macmini.local" tests="5" failures="0" errors="0" skipped="0" time="0.009928875">
        <testcase classname="adws/core/__tests__/stateHelpers.test.ts" name="findOrchestratorStatePath &gt; regression #529: prefers sdlc-orchestrator over a shadowing failed init-orchestrator" time="0.004506333">
        </testcase>
        <testcase classname="adws/core/__tests__/stateHelpers.test.ts" name="findOrchestratorStatePath &gt; fallback: returns sole orchestrator dir when top-level state has no orchestratorScript" time="0.001538542">
        </testcase>
        <testcase classname="adws/core/__tests__/stateHelpers.test.ts" name="findOrchestratorStatePath &gt; fallback: returns first candidate when orchestratorScript matches nothing in the map" time="0.001505042">
        </testcase>
        <testcase classname="adws/core/__tests__/stateHelpers.test.ts" name="findOrchestratorStatePath &gt; single orchestrator dir (happy path unchanged)" time="0.000708291">
        </testcase>
        <testcase classname="adws/core/__tests__/stateHelpers.test.ts" name="findOrchestratorStatePath &gt; returns null when no orchestrator dirs exist" time="0.000495959">
        </testcase>
    </testsuite>
    <testsuite name="adws/core/__tests__/staticCheckFixLoop.guard.test.ts" timestamp="2026-10-06T17:53:43.840Z" hostname="macmini.local" tests="10" failures="0" errors="0" skipped="0" time="0.011827292">
        <testcase classname="adws/core/__tests__/staticCheckFixLoop.guard.test.ts" name="runStaticCheckFixLoop — a rejected round is no progress &gt; discards a round that adds a suppression, keeps nothing, and does not run the checks again" time="0.004006875">
        </testcase>
        <testcase classname="adws/core/__tests__/staticCheckFixLoop.guard.test.ts" name="runStaticCheckFixLoop — a rejected round is no progress &gt; discards a round that touches a protected file" time="0.000980416">
        </testcase>
        <testcase classname="adws/core/__tests__/staticCheckFixLoop.guard.test.ts" name="runStaticCheckFixLoop — a rejected round is no progress &gt; discards a rejected round after earlier rounds were kept, and counts every round it started" time="0.000858542">
        </testcase>
        <testcase classname="adws/core/__tests__/staticCheckFixLoop.guard.test.ts" name="runStaticCheckFixLoop — a rejected round is no progress &gt; judges a round by the guard configuration it is given" time="0.000376125">
        </testcase>
        <testcase classname="adws/core/__tests__/staticCheckFixLoop.guard.test.ts" name="runStaticCheckFixLoop — cost &gt; sums the cost and the model usage of every round when the loop ends green" time="0.000684541">
        </testcase>
        <testcase classname="adws/core/__tests__/staticCheckFixLoop.guard.test.ts" name="runStaticCheckFixLoop — cost &gt; sums the cost of every round when the loop stalls, a rejected round included" time="0.000508917">
        </testcase>
        <testcase classname="adws/core/__tests__/staticCheckFixLoop.guard.test.ts" name="runStaticCheckFixLoop — errors &gt; lets the error of a round propagate unchanged" time="0.000926125">
        </testcase>
        <testcase classname="adws/core/__tests__/staticCheckFixLoop.guard.test.ts" name="runStaticCheckFixLoop — errors &gt; lets the error of a discard that fails propagate, so that a round which could not be reverted is never taken for rejected and done with" time="0.000750958">
        </testcase>
        <testcase classname="adws/core/__tests__/staticCheckFixLoop.guard.test.ts" name="runStaticCheckFixLoop — report &gt; reports each check run, round start, kept round and rejected round, in order" time="0.000813083">
        </testcase>
        <testcase classname="adws/core/__tests__/staticCheckFixLoop.guard.test.ts" name="runStaticCheckFixLoop — report &gt; runs without a report callback" time="0.000463042">
        </testcase>
    </testsuite>
    <testsuite name="adws/core/__tests__/staticCheckFixLoop.progress.test.ts" timestamp="2026-10-06T17:53:43.840Z" hostname="macmini.local" tests="10" failures="0" errors="0" skipped="0" time="0.013356042">
        <testcase classname="adws/core/__tests__/staticCheckFixLoop.progress.test.ts" name="runStaticCheckFixLoop — green at once &gt; starts no round when the first run is green" time="0.002608208">
        </testcase>
        <testcase classname="adws/core/__tests__/staticCheckFixLoop.progress.test.ts" name="runStaticCheckFixLoop — a changed output is progress &gt; carries on while the output changes, and ends green once every check passes" time="0.002411125">
        </testcase>
        <testcase classname="adws/core/__tests__/staticCheckFixLoop.progress.test.ts" name="runStaticCheckFixLoop — a changed output is progress &gt; hands each round the checks that failed in the latest run" time="0.00052675">
        </testcase>
        <testcase classname="adws/core/__tests__/staticCheckFixLoop.progress.test.ts" name="runStaticCheckFixLoop — a changed output is progress &gt; hands the fix agent the failing checks only: passed and skipped ones stay out" time="0.000331041">
        </testcase>
        <testcase classname="adws/core/__tests__/staticCheckFixLoop.progress.test.ts" name="runStaticCheckFixLoop — a changed output is progress &gt; judges progress on the combined output: one check unchanged and another changed is progress" time="0.000376041">
        </testcase>
        <testcase classname="adws/core/__tests__/staticCheckFixLoop.progress.test.ts" name="runStaticCheckFixLoop — a changed output is progress &gt; has no cap: twelve rounds, each changing the output, are twelve rounds" time="0.002792875">
        </testcase>
        <testcase classname="adws/core/__tests__/staticCheckFixLoop.progress.test.ts" name="runStaticCheckFixLoop — identical output is no progress &gt; stops when a round leaves the output as it was" time="0.001386542">
        </testcase>
        <testcase classname="adws/core/__tests__/staticCheckFixLoop.progress.test.ts" name="runStaticCheckFixLoop — identical output is no progress &gt; stops at the first round that makes no progress, however many made some" time="0.000347542">
        </testcase>
        <testcase classname="adws/core/__tests__/staticCheckFixLoop.progress.test.ts" name="runStaticCheckFixLoop — identical output is no progress &gt; reports the failing checks of the latest run as the ones that stalled" time="0.000319541">
        </testcase>
        <testcase classname="adws/core/__tests__/staticCheckFixLoop.progress.test.ts" name="runStaticCheckFixLoop — identical output is no progress &gt; keeps no state between runs: a resumed run starts a round although the output is the one the loop stopped on" time="0.000776041">
        </testcase>
    </testsuite>
    <testsuite name="adws/core/__tests__/stepDefDetection.test.ts" timestamp="2026-10-06T17:53:43.840Z" hostname="macmini.local" tests="28" failures="0" errors="0" skipped="0" time="0.005966084">
        <testcase classname="adws/core/__tests__/stepDefDetection.test.ts" name="stepDefExtensionsFor &gt; cucumber-js → [.ts, .js]" time="0.001363291">
        </testcase>
        <testcase classname="adws/core/__tests__/stepDefDetection.test.ts" name="stepDefExtensionsFor &gt; cucumber → [.ts, .js]" time="0.000104416">
        </testcase>
        <testcase classname="adws/core/__tests__/stepDefDetection.test.ts" name="stepDefExtensionsFor &gt; behave → [.py]" time="0.000071334">
        </testcase>
        <testcase classname="adws/core/__tests__/stepDefDetection.test.ts" name="stepDefExtensionsFor &gt; pytest-bdd → [.py]" time="0.000071625">
        </testcase>
        <testcase classname="adws/core/__tests__/stepDefDetection.test.ts" name="stepDefExtensionsFor &gt; godog → [.go]" time="0.000078875">
        </testcase>
        <testcase classname="adws/core/__tests__/stepDefDetection.test.ts" name="stepDefExtensionsFor &gt; cucumber-rs → [.rs]" time="0.000065583">
        </testcase>
        <testcase classname="adws/core/__tests__/stepDefDetection.test.ts" name="stepDefExtensionsFor &gt; cucumber-ruby → [.rb]" time="0.000063375">
        </testcase>
        <testcase classname="adws/core/__tests__/stepDefDetection.test.ts" name="stepDefExtensionsFor &gt; empty string → default [.ts]" time="0.00005975">
        </testcase>
        <testcase classname="adws/core/__tests__/stepDefDetection.test.ts" name="stepDefExtensionsFor &gt; unknown framework → default [.ts]" time="0.000069625">
        </testcase>
        <testcase classname="adws/core/__tests__/stepDefDetection.test.ts" name="stepDefExtensionsFor &gt; case-insensitive: &quot;Behave&quot; → [.py]" time="0.000077958">
        </testcase>
        <testcase classname="adws/core/__tests__/stepDefDetection.test.ts" name="stepDefExtensionsFor &gt; whitespace-insensitive: &quot;  Behave  &quot; → [.py]" time="0.000052042">
        </testcase>
        <testcase classname="adws/core/__tests__/stepDefDetection.test.ts" name="isGherkinFramework &gt; cucumber-js → true" time="0.000099167">
        </testcase>
        <testcase classname="adws/core/__tests__/stepDefDetection.test.ts" name="isGherkinFramework &gt; cucumber → true" time="0.000040958">
        </testcase>
        <testcase classname="adws/core/__tests__/stepDefDetection.test.ts" name="isGherkinFramework &gt; behave → true" time="0.000038375">
        </testcase>
        <testcase classname="adws/core/__tests__/stepDefDetection.test.ts" name="isGherkinFramework &gt; pytest-bdd → true" time="0.000034459">
        </testcase>
        <testcase classname="adws/core/__tests__/stepDefDetection.test.ts" name="isGherkinFramework &gt; godog → true" time="0.000031083">
        </testcase>
        <testcase classname="adws/core/__tests__/stepDefDetection.test.ts" name="isGherkinFramework &gt; cucumber-rs → true" time="0.000028666">
        </testcase>
        <testcase classname="adws/core/__tests__/stepDefDetection.test.ts" name="isGherkinFramework &gt; cucumber-ruby → true" time="0.000029666">
        </testcase>
        <testcase classname="adws/core/__tests__/stepDefDetection.test.ts" name="isGherkinFramework &gt; empty string → true (default cucumber-js)" time="0.000040417">
        </testcase>
        <testcase classname="adws/core/__tests__/stepDefDetection.test.ts" name="isGherkinFramework &gt; whitespace-only → true" time="0.000033833">
        </testcase>
        <testcase classname="adws/core/__tests__/stepDefDetection.test.ts" name="isGherkinFramework &gt; case-insensitive: &quot; Cucumber-JS &quot; → true" time="0.000039292">
        </testcase>
        <testcase classname="adws/core/__tests__/stepDefDetection.test.ts" name="isGherkinFramework &gt; jest → false" time="0.000037167">
        </testcase>
        <testcase classname="adws/core/__tests__/stepDefDetection.test.ts" name="isGherkinFramework &gt; playwright → false" time="0.000028875">
        </testcase>
        <testcase classname="adws/core/__tests__/stepDefDetection.test.ts" name="hasStepDefinitions &gt; returns true when directory contains a matching .py file" time="0.000751208">
        </testcase>
        <testcase classname="adws/core/__tests__/stepDefDetection.test.ts" name="hasStepDefinitions &gt; returns false when .py dir is searched with .ts extension" time="0.000448334">
        </testcase>
        <testcase classname="adws/core/__tests__/stepDefDetection.test.ts" name="hasStepDefinitions &gt; returns true for nested step defs (recursion)" time="0.000506417">
        </testcase>
        <testcase classname="adws/core/__tests__/stepDefDetection.test.ts" name="hasStepDefinitions &gt; returns false when directory does not exist" time="0.000154167">
        </testcase>
        <testcase classname="adws/core/__tests__/stepDefDetection.test.ts" name="hasStepDefinitions &gt; returns true for .ts files in default directory" time="0.000366208">
        </testcase>
    </testsuite>
    <testsuite name="adws/core/__tests__/targetRepoManager.test.ts" timestamp="2026-10-06T17:53:43.841Z" hostname="macmini.local" tests="4" failures="0" errors="0" skipped="0" time="0.003022958">
        <testcase classname="adws/core/__tests__/targetRepoManager.test.ts" name="ensureTargetRepoWorkspace — workspace trust wiring (#846) &gt; calls ensureWorkspaceTrusted with the exact workspace path on the fresh-clone branch" time="0.001978625">
        </testcase>
        <testcase classname="adws/core/__tests__/targetRepoManager.test.ts" name="ensureTargetRepoWorkspace — workspace trust wiring (#846) &gt; calls ensureWorkspaceTrusted with the exact workspace path on the already-cloned (fetch) branch" time="0.000243291">
        </testcase>
        <testcase classname="adws/core/__tests__/targetRepoManager.test.ts" name="ensureTargetRepoWorkspace — workspace trust wiring (#846) &gt; passes the SSH-converted clone URL to ensureRepoWorkspace, existing behaviour unchanged" time="0.000136958">
        </testcase>
        <testcase classname="adws/core/__tests__/targetRepoManager.test.ts" name="ensureTargetRepoWorkspace — workspace trust wiring (#846) &gt; still returns the workspace path when workspace trust is skipped — trust never gates the ensure" time="0.000089708">
        </testcase>
    </testsuite>
    <testsuite name="adws/core/__tests__/testReportParser.test.ts" timestamp="2026-10-06T17:53:43.842Z" hostname="macmini.local" tests="22" failures="0" errors="0" skipped="0" time="0.036699292">
        <testcase classname="adws/core/__tests__/testReportParser.test.ts" name="parseJUnitXml — valid mixed report &gt; resolves total/passed/failed/skipped from a bare &lt;testsuite&gt;" time="0.003260209">
        </testcase>
        <testcase classname="adws/core/__tests__/testReportParser.test.ts" name="parseJUnitXml — all passed (cucumber shape) &gt; returns failed === 0 and total &gt; 0" time="0.000304458">
        </testcase>
        <testcase classname="adws/core/__tests__/testReportParser.test.ts" name="parseJUnitXml — &lt;error&gt; counts as failed &gt; a testcase with &lt;error&gt; child → failed === 1" time="0.000178125">
        </testcase>
        <testcase classname="adws/core/__tests__/testReportParser.test.ts" name="parseJUnitXml — zero testcases &gt; returns total 0 for a &lt;testsuite tests=&quot;0&quot;/&gt;" time="0.000251708">
        </testcase>
        <testcase classname="adws/core/__tests__/testReportParser.test.ts" name="parseJUnitXml — malformed input &gt; returns null for non-XML" time="0.0001435">
        </testcase>
        <testcase classname="adws/core/__tests__/testReportParser.test.ts" name="parseJUnitXml — malformed input &gt; returns null for empty string" time="0.00006675">
        </testcase>
        <testcase classname="adws/core/__tests__/testReportParser.test.ts" name="parseJUnitXml — malformed input &gt; returns null for truncated XML" time="0.000115334">
        </testcase>
        <testcase classname="adws/core/__tests__/testReportParser.test.ts" name="parseJUnitXml — &lt;testsuites&gt; wrapper (pytest/behave shape) &gt; sums counts across nested &lt;testsuite&gt; elements" time="0.000209042">
        </testcase>
        <testcase classname="adws/core/__tests__/testReportParser.test.ts" name="parseJUnitXml — bare &lt;failure/&gt; treated as skipped (cucumber pending/undefined) &gt; classifies bare &lt;failure/&gt; and &lt;failure&gt;&lt;/failure&gt; as skipped, attributed &lt;failure&gt; as failed" time="0.000736166">
        </testcase>
        <testcase classname="adws/core/__tests__/testReportParser.test.ts" name="parseJUnitXml — bare &lt;failure/&gt; treated as skipped (cucumber pending/undefined) &gt; all-pending suite yields failed === 0, total &gt; 0 (the @regression-stays-green case)" time="0.000159292">
        </testcase>
        <testcase classname="adws/core/__tests__/testReportParser.test.ts" name="parseJUnitXml — single testcase coercion &gt; handles a suite with exactly one &lt;testcase&gt; (object instead of array)" time="0.000397917">
        </testcase>
        <testcase classname="adws/core/__tests__/testReportParser.test.ts" name="parseJUnitXml — large report with &gt; 1000 XML entity expansions &gt; parses without throwing when entity-expansion count exceeds 1000" time="0.007119917">
        </testcase>
        <testcase classname="adws/core/__tests__/testReportParser.test.ts" name="parseJUnitXml — large report with &gt; 1000 XML entity expansions &gt; limit override is load-bearing — local finite-ceiling parser throws, module parser does not" time="0.009597833">
        </testcase>
        <testcase classname="adws/core/__tests__/testReportParser.test.ts" name="parseJUnitXml — large report with &gt; 1000 XML entity expansions &gt; parses a vitest-shaped large report (testsuites wrapper, system-out, apos/quot entities)" time="0.010241375">
        </testcase>
        <testcase classname="adws/core/__tests__/testReportParser.test.ts" name="readJUnitReport &gt; returns null for a missing file path" time="0.000194917">
        </testcase>
        <testcase classname="adws/core/__tests__/testReportParser.test.ts" name="readJUnitReport &gt; parses a valid JUnit XML file from disk" time="0.001200458">
        </testcase>
        <testcase classname="adws/core/__tests__/testReportParser.test.ts" name="parseJUnitXml — failureMessage extraction &gt; extracts failureMessage from the @_message attribute" time="0.000274416">
        </testcase>
        <testcase classname="adws/core/__tests__/testReportParser.test.ts" name="parseJUnitXml — failureMessage extraction &gt; falls back to the text body when no @_message attribute" time="0.000208458">
        </testcase>
        <testcase classname="adws/core/__tests__/testReportParser.test.ts" name="parseJUnitXml — failureMessage extraction &gt; extracts failureMessage from &lt;error message=&quot;…&quot;&gt;" time="0.000233166">
        </testcase>
        <testcase classname="adws/core/__tests__/testReportParser.test.ts" name="parseJUnitXml — failureMessage extraction &gt; bare &lt;failure/&gt; → skipped with no failureMessage" time="0.000186584">
        </testcase>
        <testcase classname="adws/core/__tests__/testReportParser.test.ts" name="parseJUnitXml — failureMessage extraction &gt; passed case has no failureMessage" time="0.000155708">
        </testcase>
        <testcase classname="adws/core/__tests__/testReportParser.test.ts" name="parseJUnitXml — failureMessage extraction &gt; multiple failed cases each carry their own message" time="0.00023775">
        </testcase>
    </testsuite>
    <testsuite name="adws/core/__tests__/testVerdict.test.ts" timestamp="2026-10-06T17:53:43.842Z" hostname="macmini.local" tests="8" failures="0" errors="0" skipped="0" time="0.00549975">
        <testcase classname="adws/core/__tests__/testVerdict.test.ts" name="computeTestVerdict — disabled gate &gt; disabled → pass" time="0.003648791">
        </testcase>
        <testcase classname="adws/core/__tests__/testVerdict.test.ts" name="computeTestVerdict — disabled gate &gt; disabled overrides failures → pass" time="0.000106958">
        </testcase>
        <testcase classname="adws/core/__tests__/testVerdict.test.ts" name="computeTestVerdict — report absent → unverified &gt; no JUnit report → warn" time="0.000116041">
        </testcase>
        <testcase classname="adws/core/__tests__/testVerdict.test.ts" name="computeTestVerdict — report present, failures → hard-fail &gt; enabled + failures → hard-fail" time="0.000063083">
        </testcase>
        <testcase classname="adws/core/__tests__/testVerdict.test.ts" name="computeTestVerdict — report present, failures → hard-fail &gt; failures take precedence over zero-testcase → hard-fail" time="0.000053125">
        </testcase>
        <testcase classname="adws/core/__tests__/testVerdict.test.ts" name="computeTestVerdict — report present, zero testcases → hard-fail (discovery break restored) &gt; report present + zero testcases → hard-fail" time="0.00006525">
        </testcase>
        <testcase classname="adws/core/__tests__/testVerdict.test.ts" name="computeTestVerdict — report present, count &gt; 0, no failures → pass &gt; enabled + passing + count &gt; 0 → pass" time="0.000056625">
        </testcase>
        <testcase classname="adws/core/__tests__/testVerdict.test.ts" name="computeTestVerdict — report present, count &gt; 0, no failures → pass &gt; single passing testcase → pass" time="0.0000595">
        </testcase>
    </testsuite>
    <testsuite name="adws/core/__tests__/topLevelState.test.ts" timestamp="2026-10-06T17:53:43.843Z" hostname="macmini.local" tests="23" failures="0" errors="0" skipped="0" time="0.014627958">
        <testcase classname="adws/core/__tests__/topLevelState.test.ts" name="AgentStateManager.getTopLevelStatePath() &gt; returns agents/{adwId}/state.json" time="0.001691291">
        </testcase>
        <testcase classname="adws/core/__tests__/topLevelState.test.ts" name="AgentStateManager.getTopLevelStatePath() &gt; returns a file path (not a directory)" time="0.000281834">
        </testcase>
        <testcase classname="adws/core/__tests__/topLevelState.test.ts" name="AgentStateManager.writeTopLevelState() and readTopLevelState() &gt; creates state.json when it does not exist" time="0.001509042">
        </testcase>
        <testcase classname="adws/core/__tests__/topLevelState.test.ts" name="AgentStateManager.writeTopLevelState() and readTopLevelState() &gt; writes correct content to state.json" time="0.00168775">
        </testcase>
        <testcase classname="adws/core/__tests__/topLevelState.test.ts" name="AgentStateManager.writeTopLevelState() and readTopLevelState() &gt; creates the directory if it does not exist" time="0.000414667">
        </testcase>
        <testcase classname="adws/core/__tests__/topLevelState.test.ts" name="AgentStateManager.writeTopLevelState() and readTopLevelState() &gt; merges with existing state — shallow fields overwrite" time="0.000526834">
        </testcase>
        <testcase classname="adws/core/__tests__/topLevelState.test.ts" name="AgentStateManager.writeTopLevelState() and readTopLevelState() &gt; deep-merges phases — adding phase B does not clobber phase A" time="0.000526">
        </testcase>
        <testcase classname="adws/core/__tests__/topLevelState.test.ts" name="AgentStateManager.writeTopLevelState() and readTopLevelState() &gt; deep-merges individual phase entries — updates status without losing startedAt" time="0.000474667">
        </testcase>
        <testcase classname="adws/core/__tests__/topLevelState.test.ts" name="AgentStateManager.writeTopLevelState() and readTopLevelState() &gt; does not clobber completed phase A when updating phase B status" time="0.00084975">
        </testcase>
        <testcase classname="adws/core/__tests__/topLevelState.test.ts" name="AgentStateManager.writeTopLevelState() and readTopLevelState() &gt; writes and reads the full new-schema top-level state (pid, pidStartedAt, lastSeenAt, branchName)" time="0.000443166">
        </testcase>
        <testcase classname="adws/core/__tests__/topLevelState.test.ts" name="AgentStateManager.writeTopLevelState() and readTopLevelState() &gt; reads a pre-461 state file missing pid/pidStartedAt/lastSeenAt/branchName without error" time="0.000320167">
        </testcase>
        <testcase classname="adws/core/__tests__/topLevelState.test.ts" name="AgentStateManager.writeTopLevelState() and readTopLevelState() &gt; partial-patch write preserves unmodified new-schema fields" time="0.000473375">
        </testcase>
        <testcase classname="adws/core/__tests__/topLevelState.test.ts" name="AgentStateManager.writeTopLevelState() and readTopLevelState() &gt; writeTopLevelState leaves no temp file behind on success" time="0.000244916">
        </testcase>
        <testcase classname="adws/core/__tests__/topLevelState.test.ts" name="AgentStateManager.writeTopLevelState() and readTopLevelState() &gt; handles corrupted state.json gracefully — starts fresh" time="0.000360458">
        </testcase>
        <testcase classname="adws/core/__tests__/topLevelState.test.ts" name="AgentStateManager.readTopLevelState() &gt; returns null for non-existent file" time="0.00005475">
        </testcase>
        <testcase classname="adws/core/__tests__/topLevelState.test.ts" name="AgentStateManager.readTopLevelState() &gt; returns parsed state for existing file" time="0.000310917">
        </testcase>
        <testcase classname="adws/core/__tests__/topLevelState.test.ts" name="AgentStateManager.readTopLevelState() &gt; returns null for corrupted JSON" time="0.000213791">
        </testcase>
        <testcase classname="adws/core/__tests__/topLevelState.test.ts" name="AgentStateManager repoIdentity round-trip and absence (issue #665) &gt; round-trips repoIdentity intact (story 13)" time="0.000494458">
        </testcase>
        <testcase classname="adws/core/__tests__/topLevelState.test.ts" name="AgentStateManager repoIdentity round-trip and absence (issue #665) &gt; partial-patch write preserves repoIdentity" time="0.000457625">
        </testcase>
        <testcase classname="adws/core/__tests__/topLevelState.test.ts" name="AgentStateManager repoIdentity round-trip and absence (issue #665) &gt; reads pre-#665 state lacking repoIdentity without error (story 15)" time="0.000206042">
        </testcase>
        <testcase classname="adws/core/__tests__/topLevelState.test.ts" name="Phase status transitions via writeTopLevelState &gt; running → completed transition preserves startedAt via merge" time="0.000639458">
        </testcase>
        <testcase classname="adws/core/__tests__/topLevelState.test.ts" name="Phase status transitions via writeTopLevelState &gt; running → failed transition records completedAt" time="0.000428167">
        </testcase>
        <testcase classname="adws/core/__tests__/topLevelState.test.ts" name="Phase status transitions via writeTopLevelState &gt; workflowStage updated independently of phases map" time="0.000456709">
        </testcase>
    </testsuite>
    <testsuite name="adws/core/__tests__/unaddressedComments.test.ts" timestamp="2026-10-06T17:53:43.844Z" hostname="macmini.local" tests="8" failures="0" errors="0" skipped="0" time="0.005677417">
        <testcase classname="adws/core/__tests__/unaddressedComments.test.ts" name="readUnaddressedComments &gt; drops bot comments" time="0.001442208">
        </testcase>
        <testcase classname="adws/core/__tests__/unaddressedComments.test.ts" name="readUnaddressedComments &gt; drops self-authored comments" time="0.000138792">
        </testcase>
        <testcase classname="adws/core/__tests__/unaddressedComments.test.ts" name="readUnaddressedComments &gt; drops ADW-signed comments" time="0.000131875">
        </testcase>
        <testcase classname="adws/core/__tests__/unaddressedComments.test.ts" name="readUnaddressedComments &gt; never asks for the last-ADW-commit timestamp when no human comments remain" time="0.000710334">
        </testcase>
        <testcase classname="adws/core/__tests__/unaddressedComments.test.ts" name="readUnaddressedComments &gt; returns every human comment when no ADW commit is found" time="0.00036425">
        </testcase>
        <testcase classname="adws/core/__tests__/unaddressedComments.test.ts" name="readUnaddressedComments &gt; returns only comments created after the last ADW commit" time="0.001026458">
        </testcase>
        <testcase classname="adws/core/__tests__/unaddressedComments.test.ts" name="getLastAdwCommitTimestamp &gt; parses the timestamp off the first ADW-formatted commit line" time="0.000189042">
        </testcase>
        <testcase classname="adws/core/__tests__/unaddressedComments.test.ts" name="getLastAdwCommitTimestamp &gt; returns null when the git context throws" time="0.000458708">
            <system-out>
[31m❌ [2026-10-06T17:53:42.936Z] Failed to get last ADW commit timestamp: Error: boom[0m

            </system-out>
        </testcase>
    </testsuite>
    <testsuite name="adws/core/__tests__/unifiedDiff.parse.test.ts" timestamp="2026-10-06T17:53:43.844Z" hostname="macmini.local" tests="24" failures="0" errors="0" skipped="0" time="0.008222">
        <testcase classname="adws/core/__tests__/unifiedDiff.parse.test.ts" name="parseUnifiedDiff &gt; reads a modified file: both paths, the added and the removed lines, no context" time="0.002263333">
        </testcase>
        <testcase classname="adws/core/__tests__/unifiedDiff.parse.test.ts" name="parseUnifiedDiff &gt; reads a created file: it has no old path" time="0.000292542">
        </testcase>
        <testcase classname="adws/core/__tests__/unifiedDiff.parse.test.ts" name="parseUnifiedDiff &gt; reads a deleted file: it has no new path" time="0.000222083">
        </testcase>
        <testcase classname="adws/core/__tests__/unifiedDiff.parse.test.ts" name="parseUnifiedDiff &gt; reads an empty file that is created: no hunk, and still no old path" time="0.000184666">
        </testcase>
        <testcase classname="adws/core/__tests__/unifiedDiff.parse.test.ts" name="parseUnifiedDiff &gt; reads an empty file that is deleted: no hunk, and still no new path" time="0.000190083">
        </testcase>
        <testcase classname="adws/core/__tests__/unifiedDiff.parse.test.ts" name="parseUnifiedDiff &gt; reads several files in one diff, one entry each, in order" time="0.000307917">
        </testcase>
        <testcase classname="adws/core/__tests__/unifiedDiff.parse.test.ts" name="parseUnifiedDiff &gt; reads every hunk of a file" time="0.000837542">
        </testcase>
        <testcase classname="adws/core/__tests__/unifiedDiff.parse.test.ts" name="parseUnifiedDiff &gt; counts an added line that starts with &quot;++&quot; as an added line, not as a header" time="0.00020425">
        </testcase>
        <testcase classname="adws/core/__tests__/unifiedDiff.parse.test.ts" name="parseUnifiedDiff &gt; counts a removed line that starts with &quot;--&quot; as a removed line, not as a header" time="0.000176542">
        </testcase>
        <testcase classname="adws/core/__tests__/unifiedDiff.parse.test.ts" name="parseUnifiedDiff &gt; does not let a line of a hunk that looks like a header change the file’s paths" time="0.000394042">
        </testcase>
        <testcase classname="adws/core/__tests__/unifiedDiff.parse.test.ts" name="parseUnifiedDiff &gt; ignores the &quot;No newline at end of file&quot; marker" time="0.000177209">
        </testcase>
        <testcase classname="adws/core/__tests__/unifiedDiff.parse.test.ts" name="parseUnifiedDiff &gt; takes the paths of a binary entry from its header and reads no lines" time="0.000170042">
        </testcase>
        <testcase classname="adws/core/__tests__/unifiedDiff.parse.test.ts" name="parseUnifiedDiff &gt; knows a binary file that is created, and one that is deleted" time="0.000147958">
        </testcase>
        <testcase classname="adws/core/__tests__/unifiedDiff.parse.test.ts" name="parseUnifiedDiff &gt; takes the paths of a mode-only entry from its header and reads no lines" time="0.000102709">
        </testcase>
        <testcase classname="adws/core/__tests__/unifiedDiff.parse.test.ts" name="parseUnifiedDiff &gt; unquotes a quoted path" time="0.000170958">
        </testcase>
        <testcase classname="adws/core/__tests__/unifiedDiff.parse.test.ts" name="parseUnifiedDiff &gt; unquotes the backslash and the tab of a quoted path" time="0.000120333">
        </testcase>
        <testcase classname="adws/core/__tests__/unifiedDiff.parse.test.ts" name="parseUnifiedDiff &gt; reads an unquoted path with a space in it" time="0.000137917">
        </testcase>
        <testcase classname="adws/core/__tests__/unifiedDiff.parse.test.ts" name="parseUnifiedDiff &gt; takes the paths of a space-containing binary entry from the git header" time="0.000112958">
        </testcase>
        <testcase classname="adws/core/__tests__/unifiedDiff.parse.test.ts" name="parseUnifiedDiff &gt; reads both paths of a rename" time="0.000157667">
        </testcase>
        <testcase classname="adws/core/__tests__/unifiedDiff.parse.test.ts" name="parseUnifiedDiff &gt; reads a diff that ends with a newline" time="0.000097375">
        </testcase>
        <testcase classname="adws/core/__tests__/unifiedDiff.parse.test.ts" name="parseUnifiedDiff &gt; reads blank lines of a hunk as context" time="0.000088">
        </testcase>
        <testcase classname="adws/core/__tests__/unifiedDiff.parse.test.ts" name="parseUnifiedDiff &gt; keeps an added blank line" time="0.000079166">
        </testcase>
        <testcase classname="adws/core/__tests__/unifiedDiff.parse.test.ts" name="parseUnifiedDiff &gt; reads an empty string as no files" time="0.000068083">
        </testcase>
        <testcase classname="adws/core/__tests__/unifiedDiff.parse.test.ts" name="parseUnifiedDiff &gt; reads text that holds no file header as no files" time="0.000064208">
        </testcase>
    </testsuite>
    <testsuite name="adws/core/__tests__/unifiedDiff.touchedPaths.test.ts" timestamp="2026-10-06T17:53:43.845Z" hostname="macmini.local" tests="5" failures="0" errors="0" skipped="0" time="0.001826667">
        <testcase classname="adws/core/__tests__/unifiedDiff.touchedPaths.test.ts" name="touchedPaths &gt; is the one path of a modified file" time="0.000902458">
        </testcase>
        <testcase classname="adws/core/__tests__/unifiedDiff.touchedPaths.test.ts" name="touchedPaths &gt; is the new path of a created file" time="0.000088833">
        </testcase>
        <testcase classname="adws/core/__tests__/unifiedDiff.touchedPaths.test.ts" name="touchedPaths &gt; is the old path of a deleted file" time="0.000070833">
        </testcase>
        <testcase classname="adws/core/__tests__/unifiedDiff.touchedPaths.test.ts" name="touchedPaths &gt; is both paths of a renamed file" time="0.000066458">
        </testcase>
        <testcase classname="adws/core/__tests__/unifiedDiff.touchedPaths.test.ts" name="touchedPaths &gt; is empty for a file with no path" time="0.0000635">
        </testcase>
    </testsuite>
    <testsuite name="adws/core/__tests__/upgradeClaim.integration.test.ts" timestamp="2026-10-06T17:53:43.845Z" hostname="macmini.local" tests="9" failures="0" errors="0" skipped="0" time="5.740852959">
        <testcase classname="adws/core/__tests__/upgradeClaim.integration.test.ts" name="first claim wins against absent branch &gt; returns { won: true, branch } and bare repo contains the claim branch" time="0.405868792">
        </testcase>
        <testcase classname="adws/core/__tests__/upgradeClaim.integration.test.ts" name="first claim wins against absent branch &gt; the claim branch has exactly one empty commit ahead of main" time="0.462580875">
        </testcase>
        <testcase classname="adws/core/__tests__/upgradeClaim.integration.test.ts" name="second claim loses when branch already exists &gt; returns { won: false, existingBranch } from a second clone after first claim wins" time="0.65450425">
        </testcase>
        <testcase classname="adws/core/__tests__/upgradeClaim.integration.test.ts" name="race: exactly one winner out of two concurrent claims &gt; produces exactly one winner and one loser" time="0.702064209">
        </testcase>
        <testcase classname="adws/core/__tests__/upgradeClaim.integration.test.ts" name="race: exactly one winner out of two concurrent claims &gt; loser reports existingBranch matching the claim branch" time="0.740679334">
        </testcase>
        <testcase classname="adws/core/__tests__/upgradeClaim.integration.test.ts" name="race: exactly one winner out of two concurrent claims &gt; bare repo has exactly one accepted push (one branch tip ahead of main)" time="0.7301715">
        </testcase>
        <testcase classname="adws/core/__tests__/upgradeClaim.integration.test.ts" name="temp worktree cleanup &gt; leaves no dangling git worktrees in the clone after a winning claim" time="0.530532291">
        </testcase>
        <testcase classname="adws/core/__tests__/upgradeClaim.integration.test.ts" name="temp worktree cleanup &gt; leaves no dangling git worktrees after a losing claim" time="0.859474291">
        </testcase>
        <testcase classname="adws/core/__tests__/upgradeClaim.integration.test.ts" name="regression: pre-existing local claim branch does not crash the push (Bug B) &gt; still wins when a stale local branch of the same name already exists in the clone" time="0.65384875">
        </testcase>
    </testsuite>
    <testsuite name="adws/core/__tests__/upgradeClaim.test.ts" timestamp="2026-10-06T17:53:43.845Z" hostname="macmini.local" tests="22" failures="0" errors="0" skipped="0" time="0.007829416">
        <testcase classname="adws/core/__tests__/upgradeClaim.test.ts" name="buildClaimBranchName &gt; produces adw-upgrade-&lt;hash&gt; for a valid hash" time="0.000735833">
        </testcase>
        <testcase classname="adws/core/__tests__/upgradeClaim.test.ts" name="buildClaimBranchName &gt; throws for an empty string" time="0.000358625">
        </testcase>
        <testcase classname="adws/core/__tests__/upgradeClaim.test.ts" name="buildClaimBranchName &gt; throws for a whitespace-only string" time="0.000110458">
        </testcase>
        <testcase classname="adws/core/__tests__/upgradeClaim.test.ts" name="buildClaimBranchName &gt; includes the full hash in the branch name" time="0.00007325">
        </testcase>
        <testcase classname="adws/core/__tests__/upgradeClaim.test.ts" name="buildClaimResult &gt; returns won:true with branch when pushed is true" time="0.000579417">
        </testcase>
        <testcase classname="adws/core/__tests__/upgradeClaim.test.ts" name="buildClaimResult &gt; returns won:false with existingBranch and null issueNumber when pushed is false and no PR" time="0.000247084">
        </testcase>
        <testcase classname="adws/core/__tests__/upgradeClaim.test.ts" name="buildClaimResult &gt; returns won:false with resolved existingIssueNumber when pushed is false and PR found" time="0.000111042">
        </testcase>
        <testcase classname="adws/core/__tests__/upgradeClaim.test.ts" name="buildClaimResult &gt; winner result has no existingBranch field" time="0.000068959">
        </testcase>
        <testcase classname="adws/core/__tests__/upgradeClaim.test.ts" name="buildClaimResult &gt; loser result has no branch field" time="0.000071292">
        </testcase>
        <testcase classname="adws/core/__tests__/upgradeClaim.test.ts" name="claimUpgradeOrFindExisting — winner path &gt; returns { won: true, branch } when pushClaimBranch returns true" time="0.000225583">
        </testcase>
        <testcase classname="adws/core/__tests__/upgradeClaim.test.ts" name="claimUpgradeOrFindExisting — winner path &gt; does not call findPRByBranch or resolveIssueNumberFromPR on the winner path" time="0.000229">
        </testcase>
        <testcase classname="adws/core/__tests__/upgradeClaim.test.ts" name="claimUpgradeOrFindExisting — winner path &gt; calls pushClaimBranch with the computed branch name and hash" time="0.000393958">
        </testcase>
        <testcase classname="adws/core/__tests__/upgradeClaim.test.ts" name="claimUpgradeOrFindExisting — loser path &gt; returns { won: false, existingIssueNumber: N, existingBranch } when PR and issue resolvable" time="0.000164084">
        </testcase>
        <testcase classname="adws/core/__tests__/upgradeClaim.test.ts" name="claimUpgradeOrFindExisting — loser path &gt; returns existingIssueNumber: null when no PR found yet (race window)" time="0.000724333">
        </testcase>
        <testcase classname="adws/core/__tests__/upgradeClaim.test.ts" name="claimUpgradeOrFindExisting — loser path &gt; returns existingIssueNumber: null when PR present but no Implements #N" time="0.000290792">
        </testcase>
        <testcase classname="adws/core/__tests__/upgradeClaim.test.ts" name="claimUpgradeOrFindExisting — loser path &gt; calls findPRByBranch with the claim branch" time="0.00077475">
        </testcase>
        <testcase classname="adws/core/__tests__/upgradeClaim.test.ts" name="claimUpgradeOrFindExisting — loser path &gt; calls resolveIssueNumberFromPR with the PR number" time="0.000425875">
        </testcase>
        <testcase classname="adws/core/__tests__/upgradeClaim.test.ts" name="claimUpgradeOrFindExisting — exactly one winner logic &gt; first call wins and second call loses when push alternates true/false" time="0.000154875">
        </testcase>
        <testcase classname="adws/core/__tests__/upgradeClaim.test.ts" name="claimUpgradeOrFindExisting — error propagation &gt; propagates errors thrown by pushClaimBranch (not misclassified as loser)" time="0.000453166">
        </testcase>
        <testcase classname="adws/core/__tests__/upgradeClaim.test.ts" name="buildDefaultUpgradeClaimDeps &gt; returns an object with the expected dep keys" time="0.000302208">
        </testcase>
        <testcase classname="adws/core/__tests__/upgradeClaim.test.ts" name="buildDefaultUpgradeClaimDeps &gt; resolveIssueNumberFromPR returns the code host&apos;s linkedIssueNumber" time="0.000153459">
        </testcase>
        <testcase classname="adws/core/__tests__/upgradeClaim.test.ts" name="buildDefaultUpgradeClaimDeps &gt; resolveIssueNumberFromPR returns null when the code host throws" time="0.000090416">
        </testcase>
    </testsuite>
    <testsuite name="adws/core/__tests__/upgradeFailureCap.test.ts" timestamp="2026-10-06T17:53:43.846Z" hostname="macmini.local" tests="9" failures="0" errors="0" skipped="0" time="0.001712458">
        <testcase classname="adws/core/__tests__/upgradeFailureCap.test.ts" name="UPGRADE_FAILURE_SIGNATURE &gt; matches the first line of buildUpgradeFailureComment output" time="0.000630334">
        </testcase>
        <testcase classname="adws/core/__tests__/upgradeFailureCap.test.ts" name="isUpgradeFailureComment &gt; recognises a bot-authored upgrade-failure comment" time="0.0000885">
        </testcase>
        <testcase classname="adws/core/__tests__/upgradeFailureCap.test.ts" name="isUpgradeFailureComment &gt; rejects a human-authored upgrade-failure comment" time="0.000057083">
        </testcase>
        <testcase classname="adws/core/__tests__/upgradeFailureCap.test.ts" name="isUpgradeFailureComment &gt; rejects a bot-authored HITL-deferred comment" time="0.000065875">
        </testcase>
        <testcase classname="adws/core/__tests__/upgradeFailureCap.test.ts" name="isUpgradeFailureComment &gt; rejects a bot-authored merge-failed comment" time="0.000065834">
        </testcase>
        <testcase classname="adws/core/__tests__/upgradeFailureCap.test.ts" name="isUpgradeFailureComment &gt; rejects a bot-authored unrelated comment" time="0.000047459">
        </testcase>
        <testcase classname="adws/core/__tests__/upgradeFailureCap.test.ts" name="countUpgradeFailureComments &gt; counts zero when the thread is empty" time="0.0000505">
        </testcase>
        <testcase classname="adws/core/__tests__/upgradeFailureCap.test.ts" name="countUpgradeFailureComments &gt; counts only bot-authored upgrade-failure comments in a mixed thread" time="0.000068959">
        </testcase>
        <testcase classname="adws/core/__tests__/upgradeFailureCap.test.ts" name="countUpgradeFailureComments &gt; counts all bot-authored failure comments when the thread has only failures" time="0.000062041">
        </testcase>
    </testsuite>
    <testsuite name="adws/core/__tests__/workflowCommentParsing.test.ts" timestamp="2026-10-06T17:53:43.846Z" hostname="macmini.local" tests="12" failures="0" errors="0" skipped="0" time="0.002216416">
        <testcase classname="adws/core/__tests__/workflowCommentParsing.test.ts" name="isRetryComment &gt; matches exact &quot;## Retry&quot; heading" time="0.000705458">
        </testcase>
        <testcase classname="adws/core/__tests__/workflowCommentParsing.test.ts" name="isRetryComment &gt; matches &quot;## retry&quot; (case-insensitive)" time="0.000092458">
        </testcase>
        <testcase classname="adws/core/__tests__/workflowCommentParsing.test.ts" name="isRetryComment &gt; matches &quot;## Retry&quot; embedded on its own line in a multiline body" time="0.000062">
        </testcase>
        <testcase classname="adws/core/__tests__/workflowCommentParsing.test.ts" name="isRetryComment &gt; rejects &quot;## Retrying&quot;" time="0.0000775">
        </testcase>
        <testcase classname="adws/core/__tests__/workflowCommentParsing.test.ts" name="isRetryComment &gt; rejects prose containing the word &quot;retry&quot;" time="0.000067708">
        </testcase>
        <testcase classname="adws/core/__tests__/workflowCommentParsing.test.ts" name="isRetryComment &gt; rejects &quot;## Cancel&quot;" time="0.000054333">
        </testcase>
        <testcase classname="adws/core/__tests__/workflowCommentParsing.test.ts" name="isRetryComment &gt; rejects empty string" time="0.000051375">
        </testcase>
        <testcase classname="adws/core/__tests__/workflowCommentParsing.test.ts" name="isCancelComment / isRetryComment parity &gt; isCancelComment(&quot;## Retry&quot;) === false" time="0.000086167">
        </testcase>
        <testcase classname="adws/core/__tests__/workflowCommentParsing.test.ts" name="isCancelComment / isRetryComment parity &gt; isRetryComment(&quot;## Cancel&quot;) === false" time="0.000064291">
        </testcase>
        <testcase classname="adws/core/__tests__/workflowCommentParsing.test.ts" name="RETRY_COMMENT_PATTERN &gt; does not match &quot;## Retry with extra text&quot;" time="0.000072083">
        </testcase>
        <testcase classname="adws/core/__tests__/workflowCommentParsing.test.ts" name="parseWorkflowStageFromComment — compaction recovery headings &gt; reads the build compaction recovery heading as its stage" time="0.000095084">
        </testcase>
        <testcase classname="adws/core/__tests__/workflowCommentParsing.test.ts" name="parseWorkflowStageFromComment — compaction recovery headings &gt; reads the unit-test compaction recovery heading as its stage" time="0.000061833">
        </testcase>
    </testsuite>
    <testsuite name="adws/core/__tests__/workflowMapping.test.ts" timestamp="2026-10-06T17:53:43.847Z" hostname="macmini.local" tests="6" failures="0" errors="0" skipped="0" time="0.003132084">
        <testcase classname="adws/core/__tests__/workflowMapping.test.ts" name="getWorkflowScript &gt; maps /bug to its orchestrator from issueTypeToOrchestratorMap" time="0.001649833">
            <system-out>
📋 [2026-10-06T17:53:43.457Z] getWorkflowScript: routed via issueTypeToOrchestratorMap[/bug] -&gt; adws/adwSdlc.tsx

            </system-out>
        </testcase>
        <testcase classname="adws/core/__tests__/workflowMapping.test.ts" name="getWorkflowScript &gt; maps /chore to its orchestrator from issueTypeToOrchestratorMap" time="0.00011575">
            <system-out>
📋 [2026-10-06T17:53:43.458Z] getWorkflowScript: routed via issueTypeToOrchestratorMap[/chore] -&gt; adws/adwChore.tsx

            </system-out>
        </testcase>
        <testcase classname="adws/core/__tests__/workflowMapping.test.ts" name="getWorkflowScript &gt; maps /feature to its orchestrator from issueTypeToOrchestratorMap" time="0.000085">
            <system-out>
📋 [2026-10-06T17:53:43.458Z] getWorkflowScript: routed via issueTypeToOrchestratorMap[/feature] -&gt; adws/adwSdlc.tsx

            </system-out>
        </testcase>
        <testcase classname="adws/core/__tests__/workflowMapping.test.ts" name="getWorkflowScript &gt; maps /pr_review to its orchestrator from issueTypeToOrchestratorMap" time="0.000078375">
            <system-out>
📋 [2026-10-06T17:53:43.458Z] getWorkflowScript: routed via issueTypeToOrchestratorMap[/pr_review] -&gt; adws/adwPlanBuild.tsx

            </system-out>
        </testcase>
        <testcase classname="adws/core/__tests__/workflowMapping.test.ts" name="getWorkflowScript &gt; falls back to adwPlanBuildTest.tsx for an unmapped value" time="0.000082542">
            <system-out>
📋 [2026-10-06T17:53:43.458Z] getWorkflowScript: routed via issueTypeToOrchestratorMap[/unknown] -&gt; adws/adwPlanBuildTest.tsx

            </system-out>
        </testcase>
        <testcase classname="adws/core/__tests__/workflowMapping.test.ts" name="getWorkflowScript &gt; falls back to adwPlanBuildTest.tsx for /adw_init (orchestrator removed in #547)" time="0.0000845">
            <system-out>
📋 [2026-10-06T17:53:43.458Z] getWorkflowScript: routed via issueTypeToOrchestratorMap[/adw_init] -&gt; adws/adwPlanBuildTest.tsx

            </system-out>
        </testcase>
    </testsuite>
    <testsuite name="adws/core/__tests__/workspaceBinding.test.ts" timestamp="2026-10-06T17:53:43.847Z" hostname="macmini.local" tests="13" failures="0" errors="0" skipped="0" time="0.005151375">
        <testcase classname="adws/core/__tests__/workspaceBinding.test.ts" name="validateGitRemote &gt; accepts an HTTPS remote matching the declared identity" time="0.001008542">
        </testcase>
        <testcase classname="adws/core/__tests__/workspaceBinding.test.ts" name="validateGitRemote &gt; accepts an SSH remote matching the declared identity" time="0.000153459">
        </testcase>
        <testcase classname="adws/core/__tests__/workspaceBinding.test.ts" name="validateGitRemote &gt; accepts a case-variant match" time="0.000086042">
        </testcase>
        <testcase classname="adws/core/__tests__/workspaceBinding.test.ts" name="validateGitRemote &gt; refuses a wrong owner, naming both owners" time="0.000749792">
        </testcase>
        <testcase classname="adws/core/__tests__/workspaceBinding.test.ts" name="validateGitRemote &gt; refuses a wrong repo, naming both repos" time="0.000171875">
        </testcase>
        <testcase classname="adws/core/__tests__/workspaceBinding.test.ts" name="validateGitRemote &gt; refuses an unparsable remote URL" time="0.000108542">
        </testcase>
        <testcase classname="adws/core/__tests__/workspaceBinding.test.ts" name="validateGitRemote &gt; wraps a throwing reader into the &quot;Failed to get git remote URL&quot; message" time="0.000094167">
        </testcase>
        <testcase classname="adws/core/__tests__/workspaceBinding.test.ts" name="validateGitRemote &gt; reads the remote in the given cwd" time="0.000119542">
        </testcase>
        <testcase classname="adws/core/__tests__/workspaceBinding.test.ts" name="bindWorkspaceContext &gt; refuses a mismatched repoId before boundary.providers is read (no mint, no config read)" time="0.000589708">
        </testcase>
        <testcase classname="adws/core/__tests__/workspaceBinding.test.ts" name="bindWorkspaceContext &gt; defaults repoId to the boundary&apos;s own, validates the workspace and reuses the boundary&apos;s instances" time="0.000596375">
        </testcase>
        <testcase classname="adws/core/__tests__/workspaceBinding.test.ts" name="bindWorkspaceContext &gt; honours an explicit, matching repoId (case-variant)" time="0.0002755">
        </testcase>
        <testcase classname="adws/core/__tests__/workspaceBinding.test.ts" name="bindWorkspaceContext &gt; refuses a workspace whose origin contradicts the boundary, naming the remote&apos;s actual owner" time="0.000264708">
        </testcase>
        <testcase classname="adws/core/__tests__/workspaceBinding.test.ts" name="bindWorkspaceContext &gt; still requires an existing directory containing .git" time="0.000076625">
        </testcase>
    </testsuite>
    <testsuite name="adws/core/__tests__/workspaceTrust.test.ts" timestamp="2026-10-06T17:53:43.848Z" hostname="macmini.local" tests="14" failures="0" errors="0" skipped="0" time="0.014622916">
        <testcase classname="adws/core/__tests__/workspaceTrust.test.ts" name="ensureWorkspaceTrusted &gt; creates a projects entry in a fresh file with no projects key" time="0.002475417">
        </testcase>
        <testcase classname="adws/core/__tests__/workspaceTrust.test.ts" name="ensureWorkspaceTrusted &gt; flips an existing false entry to true, preserving sibling keys and other projects" time="0.000548583">
        </testcase>
        <testcase classname="adws/core/__tests__/workspaceTrust.test.ts" name="ensureWorkspaceTrusted &gt; performs no write when already trusted" time="0.000614792">
        </testcase>
        <testcase classname="adws/core/__tests__/workspaceTrust.test.ts" name="ensureWorkspaceTrusted &gt; skips without throwing when the file is missing" time="0.002103125">
        </testcase>
        <testcase classname="adws/core/__tests__/workspaceTrust.test.ts" name="ensureWorkspaceTrusted &gt; skips without throwing on corrupt JSON" time="0.000519542">
        </testcase>
        <testcase classname="adws/core/__tests__/workspaceTrust.test.ts" name="ensureWorkspaceTrusted &gt; skips without throwing when the top-level JSON is an array" time="0.000203459">
        </testcase>
        <testcase classname="adws/core/__tests__/workspaceTrust.test.ts" name="ensureWorkspaceTrusted &gt; skips without throwing when the top-level JSON is null" time="0.000118417">
        </testcase>
        <testcase classname="adws/core/__tests__/workspaceTrust.test.ts" name="ensureWorkspaceTrusted &gt; skips without throwing when projects is present but not an object" time="0.00010675">
        </testcase>
        <testcase classname="adws/core/__tests__/workspaceTrust.test.ts" name="ensureWorkspaceTrusted &gt; skips without throwing when writeFileSync throws (unwritable file)" time="0.000162">
        </testcase>
        <testcase classname="adws/core/__tests__/workspaceTrust.test.ts" name="ensureWorkspaceTrusted &gt; skips without throwing when renameSync throws" time="0.00016675">
        </testcase>
        <testcase classname="adws/core/__tests__/workspaceTrust.test.ts" name="ensureWorkspaceTrusted &gt; writes atomically: tmp then rename, never a direct write of the target" time="0.005954458">
            <system-out>
📋 [2026-10-06T17:53:40.311Z] Trusted workspace /repos/acme/webapp in /home/tester/.claude.json

            </system-out>
        </testcase>
        <testcase classname="adws/core/__tests__/workspaceTrust.test.ts" name="ensureWorkspaceTrusted &gt; stores the workspace path verbatim as the key, without mutating the parsed input" time="0.000213792">
            <system-out>
📋 [2026-10-06T17:53:40.317Z] Trusted workspace /private/var/folders/x/workspace/ in /home/tester/.claude.json

            </system-out>
        </testcase>
        <testcase classname="adws/core/__tests__/workspaceTrust.test.ts" name="ensureWorkspaceTrusted &gt; claudeConfigPath defaults to os.homedir()" time="0.000069166">
        </testcase>
        <testcase classname="adws/core/__tests__/workspaceTrust.test.ts" name="ensureWorkspaceTrusted &gt; writes 2-space-indented JSON" time="0.000130833">
            <system-out>
📋 [2026-10-06T17:53:40.318Z] Trusted workspace /repos/acme/webapp in /home/tester/.claude.json

            </system-out>
        </testcase>
    </testsuite>
    <testsuite name="adws/vcs/__tests__/branchIdentity.test.ts" timestamp="2026-10-06T17:53:43.848Z" hostname="macmini.local" tests="19" failures="0" errors="0" skipped="0" time="0.002713291">
        <testcase classname="adws/vcs/__tests__/branchIdentity.test.ts" name="deterministicBranchName &gt; classifier=/feature issue=641 → feature-issue-641" time="0.00120475">
        </testcase>
        <testcase classname="adws/vcs/__tests__/branchIdentity.test.ts" name="deterministicBranchName &gt; classifier=/bug issue=641 → bugfix-issue-641" time="0.000073166">
        </testcase>
        <testcase classname="adws/vcs/__tests__/branchIdentity.test.ts" name="deterministicBranchName &gt; classifier=/chore issue=641 → chore-issue-641" time="0.000052958">
        </testcase>
        <testcase classname="adws/vcs/__tests__/branchIdentity.test.ts" name="deterministicBranchName &gt; classifier=/pr_review issue=641 → review-issue-641" time="0.000046292">
        </testcase>
        <testcase classname="adws/vcs/__tests__/branchIdentity.test.ts" name="deterministicBranchName &gt; classifier=/adw_init issue=641 → adwinit-issue-641" time="0.000049666">
        </testcase>
        <testcase classname="adws/vcs/__tests__/branchIdentity.test.ts" name="deterministicBranchName &gt; classifier=/bug issue=12 → bugfix-issue-12" time="0.000039917">
        </testcase>
        <testcase classname="adws/vcs/__tests__/branchIdentity.test.ts" name="deterministicBranchName &gt; classifier=/chore issue=7 → chore-issue-7" time="0.000037667">
        </testcase>
        <testcase classname="adws/vcs/__tests__/branchIdentity.test.ts" name="deterministicBranchName &gt; classifier=/pr_review issue=3 → review-issue-3" time="0.00004075">
        </testcase>
        <testcase classname="adws/vcs/__tests__/branchIdentity.test.ts" name="deterministicBranchName &gt; classifier=/adw_init issue=641 → adwinit-issue-641" time="0.000054541">
        </testcase>
        <testcase classname="adws/vcs/__tests__/branchIdentity.test.ts" name="branchMatchesIssue &gt; returns true &gt; exact match (no slug)" time="0.000110417">
        </testcase>
        <testcase classname="adws/vcs/__tests__/branchIdentity.test.ts" name="branchMatchesIssue &gt; returns true &gt; slug-suffixed match" time="0.000054">
        </testcase>
        <testcase classname="adws/vcs/__tests__/branchIdentity.test.ts" name="branchMatchesIssue &gt; returns true &gt; any slug tail matches" time="0.000042125">
        </testcase>
        <testcase classname="adws/vcs/__tests__/branchIdentity.test.ts" name="branchMatchesIssue &gt; returns true &gt; alias prefix match (feat- for /feature)" time="0.00003625">
        </testcase>
        <testcase classname="adws/vcs/__tests__/branchIdentity.test.ts" name="branchMatchesIssue &gt; returns false &gt; different issue number (one off)" time="0.000039208">
        </testcase>
        <testcase classname="adws/vcs/__tests__/branchIdentity.test.ts" name="branchMatchesIssue &gt; returns false &gt; number boundary — 641 must not match 6410" time="0.000033958">
        </testcase>
        <testcase classname="adws/vcs/__tests__/branchIdentity.test.ts" name="branchMatchesIssue &gt; returns false &gt; number boundary — 641 must not match 64" time="0.000036375">
        </testcase>
        <testcase classname="adws/vcs/__tests__/branchIdentity.test.ts" name="branchMatchesIssue &gt; returns false &gt; number boundary — 6411 must not match 641" time="0.000032125">
        </testcase>
        <testcase classname="adws/vcs/__tests__/branchIdentity.test.ts" name="branchMatchesIssue &gt; returns false &gt; different classifier prefix (re-classified to /bug)" time="0.000035292">
        </testcase>
        <testcase classname="adws/vcs/__tests__/branchIdentity.test.ts" name="branchMatchesIssue &gt; returns false &gt; classifier mismatch (feature branch vs /bug)" time="0.000031625">
        </testcase>
    </testsuite>
    <testsuite name="adws/vcs/__tests__/branchOperations.test.ts" timestamp="2026-10-06T17:53:43.849Z" hostname="macmini.local" tests="42" failures="0" errors="0" skipped="0" time="0.013760916">
        <testcase classname="adws/vcs/__tests__/branchOperations.test.ts" name="generateBranchName — assembly correctness &gt; assembles feature branch with hyphen separator" time="0.001784292">
        </testcase>
        <testcase classname="adws/vcs/__tests__/branchOperations.test.ts" name="generateBranchName — assembly correctness &gt; assembles bugfix branch" time="0.000294708">
        </testcase>
        <testcase classname="adws/vcs/__tests__/branchOperations.test.ts" name="generateBranchName — assembly correctness &gt; assembles chore branch" time="0.000152125">
        </testcase>
        <testcase classname="adws/vcs/__tests__/branchOperations.test.ts" name="generateBranchName — assembly correctness &gt; assembles review branch" time="0.0001425">
        </testcase>
        <testcase classname="adws/vcs/__tests__/branchOperations.test.ts" name="generateBranchName — assembly correctness &gt; assembles adwinit branch" time="0.000138833">
        </testcase>
        <testcase classname="adws/vcs/__tests__/branchOperations.test.ts" name="generateBranchName — assembly correctness &gt; defaults to feature when issueType is omitted" time="0.00012325">
        </testcase>
        <testcase classname="adws/vcs/__tests__/branchOperations.test.ts" name="generateBranchName — assembly correctness &gt; produces names parseable by the issue-number regex used in webhookHandlers" time="0.00016875">
        </testcase>
        <testcase classname="adws/vcs/__tests__/branchOperations.test.ts" name="generateBranchName — assembly correctness &gt; rejects an invalid slug (throws) and does not assemble" time="0.000698208">
        </testcase>
        <testcase classname="adws/vcs/__tests__/branchOperations.test.ts" name="validateSlug — acceptance &gt; accepts a valid simple slug" time="0.0001745">
        </testcase>
        <testcase classname="adws/vcs/__tests__/branchOperations.test.ts" name="validateSlug — acceptance &gt; accepts a valid slug with numbers" time="0.000149833">
        </testcase>
        <testcase classname="adws/vcs/__tests__/branchOperations.test.ts" name="validateSlug — acceptance &gt; returns the slug unchanged when valid" time="0.000128666">
        </testcase>
        <testcase classname="adws/vcs/__tests__/branchOperations.test.ts" name="validateSlug — rejection: empty / blank &gt; rejects empty string" time="0.000233167">
        </testcase>
        <testcase classname="adws/vcs/__tests__/branchOperations.test.ts" name="validateSlug — rejection: empty / blank &gt; rejects whitespace-only string" time="0.000195875">
        </testcase>
        <testcase classname="adws/vcs/__tests__/branchOperations.test.ts" name="validateSlug — rejection: character constraints &gt; rejects slug with uppercase letters" time="0.000180375">
        </testcase>
        <testcase classname="adws/vcs/__tests__/branchOperations.test.ts" name="validateSlug — rejection: character constraints &gt; rejects slug with spaces" time="0.000180917">
        </testcase>
        <testcase classname="adws/vcs/__tests__/branchOperations.test.ts" name="validateSlug — rejection: character constraints &gt; rejects slug with forward slash" time="0.000173125">
        </testcase>
        <testcase classname="adws/vcs/__tests__/branchOperations.test.ts" name="validateSlug — rejection: character constraints &gt; rejects slug with backslash" time="0.00016725">
        </testcase>
        <testcase classname="adws/vcs/__tests__/branchOperations.test.ts" name="validateSlug — rejection: character constraints &gt; rejects slug with tilde (~)" time="0.000153792">
        </testcase>
        <testcase classname="adws/vcs/__tests__/branchOperations.test.ts" name="validateSlug — rejection: character constraints &gt; rejects slug with caret (^)" time="0.000146291">
        </testcase>
        <testcase classname="adws/vcs/__tests__/branchOperations.test.ts" name="validateSlug — rejection: character constraints &gt; rejects slug with colon (:)" time="0.000143666">
        </testcase>
        <testcase classname="adws/vcs/__tests__/branchOperations.test.ts" name="validateSlug — rejection: character constraints &gt; rejects slug with double-dot (..)" time="0.000117875">
        </testcase>
        <testcase classname="adws/vcs/__tests__/branchOperations.test.ts" name="validateSlug — rejection: structural constraints &gt; rejects slug starting with a hyphen" time="0.000146584">
        </testcase>
        <testcase classname="adws/vcs/__tests__/branchOperations.test.ts" name="validateSlug — rejection: structural constraints &gt; rejects slug ending with a hyphen" time="0.000127917">
        </testcase>
        <testcase classname="adws/vcs/__tests__/branchOperations.test.ts" name="validateSlug — rejection: structural constraints &gt; rejects slug with consecutive hyphens" time="0.000133542">
        </testcase>
        <testcase classname="adws/vcs/__tests__/branchOperations.test.ts" name="validateSlug — rejection: structural constraints &gt; rejects slug longer than 50 characters" time="0.0001715">
        </testcase>
        <testcase classname="adws/vcs/__tests__/branchOperations.test.ts" name="validateSlug — rejection: structural constraints &gt; accepts slug of exactly 50 characters" time="0.000089041">
        </testcase>
        <testcase classname="adws/vcs/__tests__/branchOperations.test.ts" name="validateSlug — rejection: re-embedded type prefix (unambiguous shapes only) &gt; rejects a slug that IS exactly a canonical prefix" time="0.000333833">
        </testcase>
        <testcase classname="adws/vcs/__tests__/branchOperations.test.ts" name="validateSlug — rejection: re-embedded type prefix (unambiguous shapes only) &gt; rejects a slug that IS exactly an alias prefix" time="0.000276167">
        </testcase>
        <testcase classname="adws/vcs/__tests__/branchOperations.test.ts" name="validateSlug — rejection: re-embedded type prefix (unambiguous shapes only) &gt; rejects a prefix carrying the &quot;-issue-&quot; anchor (drifted LLM full branch name)" time="0.000236416">
        </testcase>
        <testcase classname="adws/vcs/__tests__/branchOperations.test.ts" name="validateSlug — acceptance: content words that begin with a prefix token &gt; accepts &quot;review-failed-blocking-stage&quot; (the strand regression)" time="0.000091">
        </testcase>
        <testcase classname="adws/vcs/__tests__/branchOperations.test.ts" name="validateSlug — acceptance: content words that begin with a prefix token &gt; accepts other content slugs whose first word matches a prefix" time="0.000157041">
        </testcase>
        <testcase classname="adws/vcs/__tests__/branchOperations.test.ts" name="validateSlug — rejection: issue-number segment &gt; rejects slug containing &quot;issue-123&quot;" time="0.000161">
        </testcase>
        <testcase classname="adws/vcs/__tests__/branchOperations.test.ts" name="validateSlug — rejection: issue-number segment &gt; rejects a fully-prefixed slug returned by a drifted LLM" time="0.000130708">
        </testcase>
        <testcase classname="adws/vcs/__tests__/branchOperations.test.ts" name="isProtectedBranch &gt; protects the default branch, whatever it is called" time="0.000078792">
        </testcase>
        <testcase classname="adws/vcs/__tests__/branchOperations.test.ts" name="isProtectedBranch &gt; does not protect any other branch" time="0.000057417">
        </testcase>
        <testcase classname="adws/vcs/__tests__/branchOperations.test.ts" name="isProtectedBranch &gt; does not take a branch for the default branch by a shared prefix" time="0.000167292">
        </testcase>
        <testcase classname="adws/vcs/__tests__/branchOperations.test.ts" name="deleteRemoteBranchUnlessProtected &gt; deletes a branch that is not the default branch and returns the port result" time="0.001783375">
        </testcase>
        <testcase classname="adws/vcs/__tests__/branchOperations.test.ts" name="deleteRemoteBranchUnlessProtected &gt; hands the working directory to the deletion" time="0.000376">
        </testcase>
        <testcase classname="adws/vcs/__tests__/branchOperations.test.ts" name="deleteRemoteBranchUnlessProtected &gt; returns false when the port could not delete the branch" time="0.000220584">
        </testcase>
        <testcase classname="adws/vcs/__tests__/branchOperations.test.ts" name="deleteRemoteBranchUnlessProtected &gt; refuses the default branch without calling the deletion" time="0.000247208">
        </testcase>
        <testcase classname="adws/vcs/__tests__/branchOperations.test.ts" name="deleteRemoteBranchUnlessProtected &gt; resolves the default branch for each deletion, so a repository that renames it stays protected" time="0.000363834">
        </testcase>
        <testcase classname="adws/vcs/__tests__/branchOperations.test.ts" name="deleteRemoteBranchUnlessProtected &gt; deletes nothing when the default branch cannot be resolved" time="0.000179959">
        </testcase>
    </testsuite>
    <testsuite name="adws/vcs/__tests__/pushBranch.integration.test.ts" timestamp="2026-10-06T17:53:43.851Z" hostname="macmini.local" tests="3" failures="0" errors="0" skipped="0" time="1.139587333">
        <testcase classname="adws/vcs/__tests__/pushBranch.integration.test.ts" name="GitContext.pushBranch integration (real git) &gt; Scenario A: append-only commit pushes successfully" time="0.3032675">
        </testcase>
        <testcase classname="adws/vcs/__tests__/pushBranch.integration.test.ts" name="GitContext.pushBranch integration (real git) &gt; Scenario B: rewritten branch (amend) pushes successfully instead of deadlocking" time="0.347455667">
        </testcase>
        <testcase classname="adws/vcs/__tests__/pushBranch.integration.test.ts" name="GitContext.pushBranch integration (real git) &gt; Scenario C: genuine divergence is rejected distinctly and the remote is not clobbered" time="0.488122791">
        </testcase>
    </testsuite>
    <testsuite name="adws/vcs/__tests__/worktreeProbe.test.ts" timestamp="2026-10-06T17:53:43.851Z" hostname="macmini.local" tests="22" failures="0" errors="0" skipped="0" time="0.005680875">
        <testcase classname="adws/vcs/__tests__/worktreeProbe.test.ts" name="indexLock signal &gt; lock absent → absent" time="0.000991417">
        </testcase>
        <testcase classname="adws/vcs/__tests__/worktreeProbe.test.ts" name="indexLock signal &gt; lock present + dead owner → orphaned" time="0.000218833">
        </testcase>
        <testcase classname="adws/vcs/__tests__/worktreeProbe.test.ts" name="indexLock signal &gt; lock present + live owner → live_held" time="0.000147084">
        </testcase>
        <testcase classname="adws/vcs/__tests__/worktreeProbe.test.ts" name="indexLock signal &gt; lock present + no recordedPid → orphaned (no owner to be live)" time="0.000112167">
        </testcase>
        <testcase classname="adws/vcs/__tests__/worktreeProbe.test.ts" name="liveOwner signal &gt; pid + startedAt + isProcessLive → true" time="0.000314542">
        </testcase>
        <testcase classname="adws/vcs/__tests__/worktreeProbe.test.ts" name="liveOwner signal &gt; pid + startedAt + !isProcessLive → false" time="0.000141208">
        </testcase>
        <testcase classname="adws/vcs/__tests__/worktreeProbe.test.ts" name="liveOwner signal &gt; missing recordedPid → false" time="0.000216459">
        </testcase>
        <testcase classname="adws/vcs/__tests__/worktreeProbe.test.ts" name="liveOwner signal &gt; missing recordedPidStartedAt → false" time="0.0001235">
        </testcase>
        <testcase classname="adws/vcs/__tests__/worktreeProbe.test.ts" name="interruptedOp signal &gt; rebase-merge dir present → rebase" time="0.000114375">
        </testcase>
        <testcase classname="adws/vcs/__tests__/worktreeProbe.test.ts" name="interruptedOp signal &gt; rebase-apply dir present → rebase" time="0.000120667">
        </testcase>
        <testcase classname="adws/vcs/__tests__/worktreeProbe.test.ts" name="interruptedOp signal &gt; MERGE_HEAD present → merge" time="0.000091834">
        </testcase>
        <testcase classname="adws/vcs/__tests__/worktreeProbe.test.ts" name="interruptedOp signal &gt; CHERRY_PICK_HEAD present → cherry_pick" time="0.00008525">
        </testcase>
        <testcase classname="adws/vcs/__tests__/worktreeProbe.test.ts" name="interruptedOp signal &gt; none present → none" time="0.000068667">
        </testcase>
        <testcase classname="adws/vcs/__tests__/worktreeProbe.test.ts" name="interruptedOp signal &gt; rebase-merge beats MERGE_HEAD (rebase checked first)" time="0.000076333">
        </testcase>
        <testcase classname="adws/vcs/__tests__/worktreeProbe.test.ts" name="interruptedOp signal &gt; MERGE_HEAD beats CHERRY_PICK_HEAD" time="0.000073459">
        </testcase>
        <testcase classname="adws/vcs/__tests__/worktreeProbe.test.ts" name="headOnExpectedBranch signal &gt; currentBranch === expectedBranch → true" time="0.000075708">
        </testcase>
        <testcase classname="adws/vcs/__tests__/worktreeProbe.test.ts" name="headOnExpectedBranch signal &gt; currentBranch !== expectedBranch → false" time="0.000069">
        </testcase>
        <testcase classname="adws/vcs/__tests__/worktreeProbe.test.ts" name="headOnExpectedBranch signal &gt; currentBranch null → false (detached HEAD / failure)" time="0.000066916">
        </testcase>
        <testcase classname="adws/vcs/__tests__/worktreeProbe.test.ts" name="resolveGitDir null &gt; returns registration:missing and does not throw" time="0.0003675">
        </testcase>
        <testcase classname="adws/vcs/__tests__/worktreeProbe.test.ts" name="clearOrphanedIndexLock &gt; removes the lock when present" time="0.001062667">
        </testcase>
        <testcase classname="adws/vcs/__tests__/worktreeProbe.test.ts" name="clearOrphanedIndexLock &gt; does not call rmSync when lock is absent" time="0.000135708">
        </testcase>
        <testcase classname="adws/vcs/__tests__/worktreeProbe.test.ts" name="clearOrphanedIndexLock &gt; does not throw when resolveGitDir returns null" time="0.0001115">
        </testcase>
    </testsuite>
    <testsuite name="adws/vcs/__tests__/worktreeReset.test.ts" timestamp="2026-10-06T17:53:43.851Z" hostname="macmini.local" tests="13" failures="0" errors="0" skipped="0" time="0.009424208">
        <testcase classname="adws/vcs/__tests__/worktreeReset.test.ts" name="clean worktree — idempotent &gt; runs fetch, reset, clean in order and makes no abort or rmSync calls" time="0.002459209">
        </testcase>
        <testcase classname="adws/vcs/__tests__/worktreeReset.test.ts" name="clean worktree — idempotent &gt; produces the same call sequence on a second invocation (idempotent)" time="0.000285333">
        </testcase>
        <testcase classname="adws/vcs/__tests__/worktreeReset.test.ts" name="dirty tracked files &gt; calls git reset --hard exactly once" time="0.000327833">
        </testcase>
        <testcase classname="adws/vcs/__tests__/worktreeReset.test.ts" name="in-progress merge — plumbing succeeds &gt; runs merge --abort before fetch/reset/clean and does not call rmSync" time="0.000526625">
        </testcase>
        <testcase classname="adws/vcs/__tests__/worktreeReset.test.ts" name="in-progress merge — plumbing fails &gt; removes MERGE_HEAD and continues to fetch/reset/clean" time="0.000676709">
        </testcase>
        <testcase classname="adws/vcs/__tests__/worktreeReset.test.ts" name="in-progress rebase — plumbing succeeds &gt; runs rebase --abort before fetch/reset/clean and does not call rmSync" time="0.0002665">
        </testcase>
        <testcase classname="adws/vcs/__tests__/worktreeReset.test.ts" name="in-progress rebase — plumbing fails &gt; removes rebase-apply and rebase-merge dirs then continues" time="0.000286916">
        </testcase>
        <testcase classname="adws/vcs/__tests__/worktreeReset.test.ts" name="both merge and rebase markers present &gt; aborts merge before rebase" time="0.000724417">
        </testcase>
        <testcase classname="adws/vcs/__tests__/worktreeReset.test.ts" name="git-dir resolution &gt; resolves a relative .git to an absolute path for existence checks" time="0.000260334">
        </testcase>
        <testcase classname="adws/vcs/__tests__/worktreeReset.test.ts" name="git-dir resolution &gt; uses an absolute git-dir path as-is for existence checks (linked worktree)" time="0.0002025">
        </testcase>
        <testcase classname="adws/vcs/__tests__/worktreeReset.test.ts" name="mandatory steps throw on failure &gt; throws when git fetch fails and does not call reset or clean" time="0.000983042">
        </testcase>
        <testcase classname="adws/vcs/__tests__/worktreeReset.test.ts" name="mandatory steps throw on failure &gt; throws when git reset --hard fails and does not call clean" time="0.000366958">
        </testcase>
        <testcase classname="adws/vcs/__tests__/worktreeReset.test.ts" name="mandatory steps throw on failure &gt; throws when git clean -fdx fails" time="0.000290833">
        </testcase>
    </testsuite>
    <testsuite name="adws/vcs/__tests__/worktreeReuseGate.test.ts" timestamp="2026-10-06T17:53:43.852Z" hostname="macmini.local" tests="15" failures="0" errors="0" skipped="0" time="0.002989834">
        <testcase classname="adws/vcs/__tests__/worktreeReuseGate.test.ts" name="decideWorktreeReuse &gt; reuse cases &gt; all-clear probe → reuse" time="0.001206709">
        </testcase>
        <testcase classname="adws/vcs/__tests__/worktreeReuseGate.test.ts" name="decideWorktreeReuse &gt; reuse cases &gt; orphaned index.lock, otherwise healthy → reuse (stale lock does not block)" time="0.000109875">
        </testcase>
        <testcase classname="adws/vcs/__tests__/worktreeReuseGate.test.ts" name="decideWorktreeReuse &gt; reset cases &gt; live owner → reset with correct reason" time="0.00009125">
        </testcase>
        <testcase classname="adws/vcs/__tests__/worktreeReuseGate.test.ts" name="decideWorktreeReuse &gt; reset cases &gt; live-held lock → reset with correct reason" time="0.000067459">
        </testcase>
        <testcase classname="adws/vcs/__tests__/worktreeReuseGate.test.ts" name="decideWorktreeReuse &gt; reset cases &gt; interrupted rebase → reset with correct reason" time="0.000056208">
        </testcase>
        <testcase classname="adws/vcs/__tests__/worktreeReuseGate.test.ts" name="decideWorktreeReuse &gt; reset cases &gt; interrupted merge → reset with correct reason" time="0.000051041">
        </testcase>
        <testcase classname="adws/vcs/__tests__/worktreeReuseGate.test.ts" name="decideWorktreeReuse &gt; reset cases &gt; interrupted cherry-pick → reset with correct reason" time="0.000045625">
        </testcase>
        <testcase classname="adws/vcs/__tests__/worktreeReuseGate.test.ts" name="decideWorktreeReuse &gt; reset cases &gt; wrong HEAD → reset with correct reason" time="0.000050125">
        </testcase>
        <testcase classname="adws/vcs/__tests__/worktreeReuseGate.test.ts" name="decideWorktreeReuse &gt; reset cases &gt; locked registration → reset with correct reason" time="0.000059125">
        </testcase>
        <testcase classname="adws/vcs/__tests__/worktreeReuseGate.test.ts" name="decideWorktreeReuse &gt; reset cases &gt; prunable registration → reset with correct reason" time="0.000069542">
        </testcase>
        <testcase classname="adws/vcs/__tests__/worktreeReuseGate.test.ts" name="decideWorktreeReuse &gt; reset cases &gt; missing registration → reset with correct reason" time="0.000057208">
        </testcase>
        <testcase classname="adws/vcs/__tests__/worktreeReuseGate.test.ts" name="decideWorktreeReuse &gt; precedence &gt; liveOwner beats wrong_head (confirmed-dead check is first guard)" time="0.000053">
        </testcase>
        <testcase classname="adws/vcs/__tests__/worktreeReuseGate.test.ts" name="decideWorktreeReuse &gt; precedence &gt; liveOwner beats interrupted rebase" time="0.000044333">
        </testcase>
        <testcase classname="adws/vcs/__tests__/worktreeReuseGate.test.ts" name="decideWorktreeReuse &gt; precedence &gt; live_held lock beats interrupted merge (operability before registration)" time="0.000039791">
        </testcase>
        <testcase classname="adws/vcs/__tests__/worktreeReuseGate.test.ts" name="decideWorktreeReuse &gt; precedence &gt; interrupted rebase beats wrong_head" time="0.000037583">
        </testcase>
    </testsuite>
    <testsuite name="adws/triggers/__tests__/autoMergeHandler.test.ts" timestamp="2026-10-06T17:53:43.852Z" hostname="macmini.local" tests="13" failures="0" errors="0" skipped="0" time="0.014082792">
        <testcase classname="adws/triggers/__tests__/autoMergeHandler.test.ts" name="isMergeConflictError &gt; returns true for the GitHub &quot;not mergeable: the merge commit cannot be cleanly created&quot; string" time="0.000847125">
        </testcase>
        <testcase classname="adws/triggers/__tests__/autoMergeHandler.test.ts" name="isMergeConflictError &gt; returns true for &quot;merge conflict&quot; substring" time="0.000088917">
        </testcase>
        <testcase classname="adws/triggers/__tests__/autoMergeHandler.test.ts" name="isMergeConflictError &gt; returns true for &quot;dirty&quot; substring" time="0.000078417">
        </testcase>
        <testcase classname="adws/triggers/__tests__/autoMergeHandler.test.ts" name="isMergeConflictError &gt; returns true for &quot;behind&quot; substring" time="0.000074375">
        </testcase>
        <testcase classname="adws/triggers/__tests__/autoMergeHandler.test.ts" name="isMergeConflictError &gt; returns true for bare &quot;conflict&quot; substring" time="0.000073041">
        </testcase>
        <testcase classname="adws/triggers/__tests__/autoMergeHandler.test.ts" name="isMergeConflictError &gt; returns false for an unrelated error" time="0.000058625">
        </testcase>
        <testcase classname="adws/triggers/__tests__/autoMergeHandler.test.ts" name="isMergeConflictError &gt; returns true for uppercase input (lowercase invariance)" time="0.00005125">
        </testcase>
        <testcase classname="adws/triggers/__tests__/autoMergeHandler.test.ts" name="mergeWithConflictResolution &gt; invokes resolveConflictsViaAgent when the dry-run reports conflicts" time="0.002764458">
        </testcase>
        <testcase classname="adws/triggers/__tests__/autoMergeHandler.test.ts" name="mergeWithConflictResolution &gt; starts /resolve_conflict as self-host when the pull request is the framework repository&apos;s own" time="0.001641875">
        </testcase>
        <testcase classname="adws/triggers/__tests__/autoMergeHandler.test.ts" name="mergeWithConflictResolution &gt; does not break out of the retry loop when gh returns &quot;not mergeable&quot; (loop continues)" time="0.001703291">
        </testcase>
        <testcase classname="adws/triggers/__tests__/autoMergeHandler.test.ts" name="mergeWithConflictResolution &gt; remote-base-diverged-from-local-worktree: resolveConflictsViaAgent is invoked after sync reveals conflict" time="0.001526125">
        </testcase>
        <testcase classname="adws/triggers/__tests__/autoMergeHandler.test.ts" name="mergeWithConflictResolution &gt; returns failure with last error when the agent fails on every attempt" time="0.002479458">
        </testcase>
        <testcase classname="adws/triggers/__tests__/autoMergeHandler.test.ts" name="mergeWithConflictResolution &gt; begins with git fetch and git reset for the head branch before any git merge call" time="0.001740334">
        </testcase>
    </testsuite>
    <testsuite name="adws/triggers/__tests__/cancelHandler.test.ts" timestamp="2026-10-06T17:53:43.853Z" hostname="macmini.local" tests="13" failures="0" errors="0" skipped="0" time="0.507990791">
        <testcase classname="adws/triggers/__tests__/cancelHandler.test.ts" name="handleCancelDirective &gt; returns true on successful completion" time="0.001113">
        </testcase>
        <testcase classname="adws/triggers/__tests__/cancelHandler.test.ts" name="handleCancelDirective &gt; extracts adwIds from all comments" time="0.001554042">
        </testcase>
        <testcase classname="adws/triggers/__tests__/cancelHandler.test.ts" name="handleCancelDirective &gt; attempts process kill for each extracted adwId" time="0.000610625">
        </testcase>
        <testcase classname="adws/triggers/__tests__/cancelHandler.test.ts" name="handleCancelDirective &gt; sends SIGTERM when orchestrator process is alive" time="0.500201">
        </testcase>
        <testcase classname="adws/triggers/__tests__/cancelHandler.test.ts" name="handleCancelDirective &gt; calls removeWorktreesForIssue on the gitContext with correct issueNumber" time="0.000221375">
        </testcase>
        <testcase classname="adws/triggers/__tests__/cancelHandler.test.ts" name="handleCancelDirective &gt; calls removeWorktreesForIssue on the gitContext when no cwd provided" time="0.000143916">
        </testcase>
        <testcase classname="adws/triggers/__tests__/cancelHandler.test.ts" name="handleCancelDirective &gt; deletes agents/{adwId}/ directories for all extracted adwIds" time="0.000398541">
        </testcase>
        <testcase classname="adws/triggers/__tests__/cancelHandler.test.ts" name="handleCancelDirective &gt; calls clearIssueComments with the issue number and the boundary&apos;s issue tracker" time="0.000130042">
        </testcase>
        <testcase classname="adws/triggers/__tests__/cancelHandler.test.ts" name="handleCancelDirective &gt; removes issue from processedSets when provided" time="0.000091959">
        </testcase>
        <testcase classname="adws/triggers/__tests__/cancelHandler.test.ts" name="handleCancelDirective &gt; does not touch processedSets when not provided" time="0.000356834">
        </testcase>
        <testcase classname="adws/triggers/__tests__/cancelHandler.test.ts" name="handleCancelDirective &gt; handles no adwIds gracefully (still clears comments and worktrees)" time="0.000213458">
        </testcase>
        <testcase classname="adws/triggers/__tests__/cancelHandler.test.ts" name="handleCancelDirective &gt; handles missing state files gracefully and continues to next adwId" time="0.001619166">
        </testcase>
        <testcase classname="adws/triggers/__tests__/cancelHandler.test.ts" name="handleCancelDirective &gt; deduplicates adwIds extracted from multiple comments" time="0.000301958">
        </testcase>
    </testsuite>
    <testsuite name="adws/triggers/__tests__/concurrencyGuard.test.ts" timestamp="2026-10-06T17:53:43.853Z" hostname="macmini.local" tests="5" failures="0" errors="0" skipped="0" time="0.002659041">
        <testcase classname="adws/triggers/__tests__/concurrencyGuard.test.ts" name="isConcurrencyLimitReached — routes through the bound issue tracker &gt; returns false when there are no in-progress issues" time="0.001494792">
        </testcase>
        <testcase classname="adws/triggers/__tests__/concurrencyGuard.test.ts" name="isConcurrencyLimitReached — routes through the bound issue tracker &gt; counts in-progress issues (has ADW comment, no merged/closed PR)" time="0.000185875">
        </testcase>
        <testcase classname="adws/triggers/__tests__/concurrencyGuard.test.ts" name="isConcurrencyLimitReached — routes through the bound issue tracker &gt; does not count issues with merged PRs" time="0.00012525">
        </testcase>
        <testcase classname="adws/triggers/__tests__/concurrencyGuard.test.ts" name="isConcurrencyLimitReached — routes through the bound issue tracker &gt; returns false and logs on a listIssues throw" time="0.000124959">
        </testcase>
        <testcase classname="adws/triggers/__tests__/concurrencyGuard.test.ts" name="isConcurrencyLimitReached — routes through the bound issue tracker &gt; calls listIssues with number+comments fields and limit 100" time="0.000149542">
        </testcase>
    </testsuite>
    <testsuite name="adws/triggers/__tests__/continueHandler.test.ts" timestamp="2026-10-06T17:53:43.854Z" hostname="macmini.local" tests="45" failures="0" errors="0" skipped="0" time="0.015707584">
        <testcase classname="adws/triggers/__tests__/continueHandler.test.ts" name="WAIVABLE_PARK_REASONS &gt; holds exactly the three base-branch parks, under the values the park writes to the state" time="0.002020541">
        </testcase>
        <testcase classname="adws/triggers/__tests__/continueHandler.test.ts" name="decideContinueAction &gt; waives the baseline for a human_gated baseline_red park" time="0.000294959">
        </testcase>
        <testcase classname="adws/triggers/__tests__/continueHandler.test.ts" name="decideContinueAction &gt; waives the baseline for a human_gated base_server_down park" time="0.000138375">
        </testcase>
        <testcase classname="adws/triggers/__tests__/continueHandler.test.ts" name="decideContinueAction &gt; waives the baseline for a human_gated pre_existing_regression park" time="0.000148042">
        </testcase>
        <testcase classname="adws/triggers/__tests__/continueHandler.test.ts" name="decideContinueAction &gt; is not a baseline park when human_gated for fix_loop_stalled" time="0.000159291">
        </testcase>
        <testcase classname="adws/triggers/__tests__/continueHandler.test.ts" name="decideContinueAction &gt; is not a baseline park when human_gated for missing_application_type" time="0.000116208">
        </testcase>
        <testcase classname="adws/triggers/__tests__/continueHandler.test.ts" name="decideContinueAction &gt; is not a baseline park when human_gated for a_future_park" time="0.000092917">
        </testcase>
        <testcase classname="adws/triggers/__tests__/continueHandler.test.ts" name="decideContinueAction &gt; is not a baseline park when human_gated without a recorded park reason" time="0.000106583">
        </testcase>
        <testcase classname="adws/triggers/__tests__/continueHandler.test.ts" name="decideContinueAction &gt; is not a baseline park in stage phase_timeout, whichever base-branch park reason is left in the state" time="0.000242125">
        </testcase>
        <testcase classname="adws/triggers/__tests__/continueHandler.test.ts" name="decideContinueAction &gt; is not a baseline park in stage paused, whichever base-branch park reason is left in the state" time="0.00020875">
        </testcase>
        <testcase classname="adws/triggers/__tests__/continueHandler.test.ts" name="decideContinueAction &gt; is not a baseline park in stage paused_auth, whichever base-branch park reason is left in the state" time="0.000112333">
        </testcase>
        <testcase classname="adws/triggers/__tests__/continueHandler.test.ts" name="decideContinueAction &gt; is not a baseline park in stage awaiting_merge, whichever base-branch park reason is left in the state" time="0.000083583">
        </testcase>
        <testcase classname="adws/triggers/__tests__/continueHandler.test.ts" name="decideContinueAction &gt; is not a baseline park in stage merge_blocked, whichever base-branch park reason is left in the state" time="0.000080583">
        </testcase>
        <testcase classname="adws/triggers/__tests__/continueHandler.test.ts" name="decideContinueAction &gt; is not a baseline park in stage review_failed, whichever base-branch park reason is left in the state" time="0.000080292">
        </testcase>
        <testcase classname="adws/triggers/__tests__/continueHandler.test.ts" name="decideContinueAction &gt; is not a baseline park in stage build_running, whichever base-branch park reason is left in the state" time="0.000078833">
        </testcase>
        <testcase classname="adws/triggers/__tests__/continueHandler.test.ts" name="decideContinueAction &gt; is not a baseline park in stage completed, whichever base-branch park reason is left in the state" time="0.000065292">
        </testcase>
        <testcase classname="adws/triggers/__tests__/continueHandler.test.ts" name="decideContinueAction &gt; is not a baseline park in stage abandoned, whichever base-branch park reason is left in the state" time="0.000064042">
        </testcase>
        <testcase classname="adws/triggers/__tests__/continueHandler.test.ts" name="decideContinueAction &gt; is not a baseline park when the state records no stage" time="0.000083625">
        </testcase>
        <testcase classname="adws/triggers/__tests__/continueHandler.test.ts" name="decideContinueAction &gt; is not a baseline park without a state" time="0.000077959">
        </testcase>
        <testcase classname="adws/triggers/__tests__/continueHandler.test.ts" name="handleContinueDirective — waiver &gt; records the waiver of a baseline_red park, re-arms phase_timeout with resumeAttempts 0 and returns true" time="0.001520666">
        </testcase>
        <testcase classname="adws/triggers/__tests__/continueHandler.test.ts" name="handleContinueDirective — waiver &gt; records the waiver of a base_server_down park, re-arms phase_timeout with resumeAttempts 0 and returns true" time="0.000173875">
        </testcase>
        <testcase classname="adws/triggers/__tests__/continueHandler.test.ts" name="handleContinueDirective — waiver &gt; records the waiver of a pre_existing_regression park, re-arms phase_timeout with resumeAttempts 0 and returns true" time="0.000111459">
        </testcase>
        <testcase classname="adws/triggers/__tests__/continueHandler.test.ts" name="handleContinueDirective — waiver &gt; acts on the latest adw-id in the comments" time="0.000128875">
        </testcase>
        <testcase classname="adws/triggers/__tests__/continueHandler.test.ts" name="handleContinueDirective — waiver &gt; writes a stage the takeover resumes and a record the baseline gate reads as a waiver" time="0.000154667">
        </testcase>
        <testcase classname="adws/triggers/__tests__/continueHandler.test.ts" name="handleContinueDirective — waiver &gt; logs the waiver as a success naming the issue, the adw-id and the park" time="0.000126958">
        </testcase>
        <testcase classname="adws/triggers/__tests__/continueHandler.test.ts" name="handleContinueDirective — declines &gt; returns false without reading or writing when the comments carry no adw-id, and logs nothing" time="0.000136833">
        </testcase>
        <testcase classname="adws/triggers/__tests__/continueHandler.test.ts" name="handleContinueDirective — declines &gt; returns false without writing when there are no comments" time="0.000064875">
        </testcase>
        <testcase classname="adws/triggers/__tests__/continueHandler.test.ts" name="handleContinueDirective — declines &gt; returns false without writing, and logs nothing, when there is no top-level state" time="0.000075333">
        </testcase>
        <testcase classname="adws/triggers/__tests__/continueHandler.test.ts" name="handleContinueDirective — declines &gt; returns false without writing for a human_gated fix_loop_stalled park, and says so in one info line" time="0.000514167">
        </testcase>
        <testcase classname="adws/triggers/__tests__/continueHandler.test.ts" name="handleContinueDirective — declines &gt; returns false without writing for a human_gated missing_application_type park, and says so in one info line" time="0.000120875">
        </testcase>
        <testcase classname="adws/triggers/__tests__/continueHandler.test.ts" name="handleContinueDirective — declines &gt; returns false without writing for a human_gated a_future_park park, and says so in one info line" time="0.000150041">
        </testcase>
        <testcase classname="adws/triggers/__tests__/continueHandler.test.ts" name="handleContinueDirective — declines &gt; returns false without writing for a human_gated state that records no park reason, and says so in one info line" time="0.000113667">
        </testcase>
        <testcase classname="adws/triggers/__tests__/continueHandler.test.ts" name="handleContinueDirective — declines &gt; returns false without writing, and logs nothing, in stage phase_timeout even with a base-branch park reason in the state" time="0.000158792">
        </testcase>
        <testcase classname="adws/triggers/__tests__/continueHandler.test.ts" name="handleContinueDirective — declines &gt; returns false without writing, and logs nothing, in stage paused even with a base-branch park reason in the state" time="0.000124291">
        </testcase>
        <testcase classname="adws/triggers/__tests__/continueHandler.test.ts" name="handleContinueDirective — declines &gt; returns false without writing, and logs nothing, in stage paused_auth even with a base-branch park reason in the state" time="0.000124417">
        </testcase>
        <testcase classname="adws/triggers/__tests__/continueHandler.test.ts" name="handleContinueDirective — declines &gt; returns false without writing, and logs nothing, in stage awaiting_merge even with a base-branch park reason in the state" time="0.000124292">
        </testcase>
        <testcase classname="adws/triggers/__tests__/continueHandler.test.ts" name="handleContinueDirective — declines &gt; returns false without writing, and logs nothing, in stage merge_blocked even with a base-branch park reason in the state" time="0.000115667">
        </testcase>
        <testcase classname="adws/triggers/__tests__/continueHandler.test.ts" name="handleContinueDirective — declines &gt; returns false without writing, and logs nothing, in stage review_failed even with a base-branch park reason in the state" time="0.000107166">
        </testcase>
        <testcase classname="adws/triggers/__tests__/continueHandler.test.ts" name="handleContinueDirective — declines &gt; returns false without writing, and logs nothing, in stage build_running even with a base-branch park reason in the state" time="0.000104041">
        </testcase>
        <testcase classname="adws/triggers/__tests__/continueHandler.test.ts" name="handleContinueDirective — declines &gt; returns false without writing, and logs nothing, in stage completed even with a base-branch park reason in the state" time="0.000099792">
        </testcase>
        <testcase classname="adws/triggers/__tests__/continueHandler.test.ts" name="handleContinueDirective — declines &gt; returns false without writing, and logs nothing, in stage abandoned even with a base-branch park reason in the state" time="0.003044292">
        </testcase>
        <testcase classname="adws/triggers/__tests__/continueHandler.test.ts" name="handleContinueDirective — declines &gt; does not record a waiver in a state that belongs to issue 99, and warns" time="0.000385417">
        </testcase>
        <testcase classname="adws/triggers/__tests__/continueHandler.test.ts" name="handleContinueDirective — declines &gt; does not record a waiver in a state that belongs to issue null, and warns" time="0.000211583">
        </testcase>
        <testcase classname="adws/triggers/__tests__/continueHandler.test.ts" name="buildContinueHandlerDeps — over the real top-level state &gt; turns a parked top-level state into a waived, re-armed one and leaves the rest of it as it was" time="0.001248792">
        </testcase>
        <testcase classname="adws/triggers/__tests__/continueHandler.test.ts" name="buildContinueHandlerDeps — over the real top-level state &gt; does not touch a top-level state that is not parked" time="0.000472625">
        </testcase>
    </testsuite>
    <testsuite name="adws/triggers/__tests__/cronIssueFilter.eligibility.test.ts" timestamp="2026-10-06T17:53:43.855Z" hostname="macmini.local" tests="9" failures="0" errors="0" skipped="0" time="0.014279625">
        <testcase classname="adws/triggers/__tests__/cronIssueFilter.eligibility.test.ts" name="evaluateIssue — phase_timeout eligibility &gt; returns eligible:true with action:spawn for a phase_timeout stage past the grace period" time="0.000850167">
        </testcase>
        <testcase classname="adws/triggers/__tests__/cronIssueFilter.eligibility.test.ts" name="evaluateIssue — phase_timeout eligibility &gt; does NOT return adw_stage:phase_timeout as reason (no longer excluded)" time="0.000289375">
        </testcase>
        <testcase classname="adws/triggers/__tests__/cronIssueFilter.eligibility.test.ts" name="filterEligibleIssues — phase_timeout appears in eligible, not filteredAnnotations &gt; includes phase_timeout issue in eligible list" time="0.005245084">
        </testcase>
        <testcase classname="adws/triggers/__tests__/cronIssueFilter.eligibility.test.ts" name="filterEligibleIssues — label-recovery gate annotations &gt; ineligible evaluator surfaces label:&lt;reason&gt; in filteredAnnotations" time="0.000721208">
        </testcase>
        <testcase classname="adws/triggers/__tests__/cronIssueFilter.eligibility.test.ts" name="filterEligibleIssues — region-overlap default resolver wiring &gt; serializes two issues whose bodies declare the same touched file when no resolver is injected" time="0.005798292">
        </testcase>
        <testcase classname="adws/triggers/__tests__/cronIssueFilter.eligibility.test.ts" name="evaluateIssue — human_gated skip-terminal &gt; returns ineligible with reason human_gated for a human_gated issue" time="0.000145958">
        </testcase>
        <testcase classname="adws/triggers/__tests__/cronIssueFilter.eligibility.test.ts" name="evaluateIssue — human_gated skip-terminal &gt; human_gated takes precedence over grace period check" time="0.000103125">
        </testcase>
        <testcase classname="adws/triggers/__tests__/cronIssueFilter.eligibility.test.ts" name="filterEligibleIssues — human_gated annotation &gt; annotates human_gated issue in filteredAnnotations" time="0.000123333">
        </testcase>
        <testcase classname="adws/triggers/__tests__/cronIssueFilter.eligibility.test.ts" name="filterEligibleIssues — human_gated annotation &gt; does not include human_gated issue in eligible list" time="0.000165291">
        </testcase>
    </testsuite>
    <testsuite name="adws/triggers/__tests__/cronIssueFilter.optOut.test.ts" timestamp="2026-10-06T17:53:43.855Z" hostname="macmini.local" tests="13" failures="0" errors="0" skipped="0" time="0.003446166">
        <testcase classname="adws/triggers/__tests__/cronIssueFilter.optOut.test.ts" name="evaluateIssue — processedSpawns must not block recovery (#653) &gt; abandoned issue already in processedSpawns stays eligible for takeover (#653)" time="0.000834">
        </testcase>
        <testcase classname="adws/triggers/__tests__/cronIssueFilter.optOut.test.ts" name="evaluateIssue — processedSpawns must not block recovery (#653) &gt; phase_timeout issue already in processedSpawns stays eligible for takeover (#653)" time="0.000175583">
        </testcase>
        <testcase classname="adws/triggers/__tests__/cronIssueFilter.optOut.test.ts" name="evaluateIssue — processedSpawns must not block recovery (#653) &gt; fresh (stage === null) issue in processedSpawns stays ineligible — boot-window dedup preserved" time="0.000087084">
        </testcase>
        <testcase classname="adws/triggers/__tests__/cronIssueFilter.optOut.test.ts" name="evaluateIssue — processedSpawns must not block recovery (#653) &gt; fresh (stage === null) issue NOT in processedSpawns is eligible — unchanged" time="0.000082792">
        </testcase>
        <testcase classname="adws/triggers/__tests__/cronIssueFilter.optOut.test.ts" name="filterEligibleIssues — abandoned in processedSpawns appears in eligible, not filtered (#653) &gt; abandoned issue in processedSpawns appears eligible and is not annotated as (processed)" time="0.000436916">
        </testcase>
        <testcase classname="adws/triggers/__tests__/cronIssueFilter.optOut.test.ts" name="evaluateIssue — adw:none opts out on every stage &gt; drops a fresh issue although no label evaluator is injected" time="0.000269667">
        </testcase>
        <testcase classname="adws/triggers/__tests__/cronIssueFilter.optOut.test.ts" name="evaluateIssue — adw:none opts out on every stage &gt; drops a fresh issue with a prior adwId, which the label evaluator never sees" time="0.000360416">
        </testcase>
        <testcase classname="adws/triggers/__tests__/cronIssueFilter.optOut.test.ts" name="evaluateIssue — adw:none opts out on every stage &gt; drops an issue at stage abandoned, so no take-over is dispatched" time="0.000069584">
        </testcase>
        <testcase classname="adws/triggers/__tests__/cronIssueFilter.optOut.test.ts" name="evaluateIssue — adw:none opts out on every stage &gt; drops an issue at stage phase_timeout, so no take-over is dispatched" time="0.000055459">
        </testcase>
        <testcase classname="adws/triggers/__tests__/cronIssueFilter.optOut.test.ts" name="evaluateIssue — adw:none opts out on every stage &gt; drops an awaiting_merge issue, so no merge is dispatched" time="0.000077625">
        </testcase>
        <testcase classname="adws/triggers/__tests__/cronIssueFilter.optOut.test.ts" name="evaluateIssue — adw:none opts out on every stage &gt; keeps the cancelled-this-cycle reason ahead of the opt-out" time="0.000059208">
        </testcase>
        <testcase classname="adws/triggers/__tests__/cronIssueFilter.optOut.test.ts" name="evaluateIssue — adw:none opts out on every stage &gt; filterEligibleIssues leaves the issue out of eligible and annotates it #N(label:opt_out)" time="0.000239042">
        </testcase>
        <testcase classname="adws/triggers/__tests__/cronIssueFilter.optOut.test.ts" name="evaluateIssue — adw:none opts out on every stage &gt; control: the same abandoned issue without the label stays eligible for take-over" time="0.000058583">
        </testcase>
    </testsuite>
    <testsuite name="adws/triggers/__tests__/cronIssueFilter.test.ts" timestamp="2026-10-06T17:53:43.856Z" hostname="macmini.local" tests="12" failures="0" errors="0" skipped="0" time="0.00764125">
        <testcase classname="adws/triggers/__tests__/cronIssueFilter.test.ts" name="evaluateIssue — merge_blocked skip-terminal &gt; returns ineligible with reason merge_blocked for a merge_blocked issue" time="0.001672167">
        </testcase>
        <testcase classname="adws/triggers/__tests__/cronIssueFilter.test.ts" name="evaluateIssue — merge_blocked skip-terminal &gt; merge_blocked takes precedence over grace period check (recent activity still excluded)" time="0.000263334">
        </testcase>
        <testcase classname="adws/triggers/__tests__/cronIssueFilter.test.ts" name="evaluateIssue — merge_blocked skip-terminal &gt; merge_blocked takes precedence over processed-spawn dedup" time="0.000188">
        </testcase>
        <testcase classname="adws/triggers/__tests__/cronIssueFilter.test.ts" name="evaluateIssue — review_failed skip-terminal &gt; returns ineligible with reason review_failed for a review_failed issue" time="0.000207375">
        </testcase>
        <testcase classname="adws/triggers/__tests__/cronIssueFilter.test.ts" name="evaluateIssue — review_failed skip-terminal &gt; review_failed takes precedence over grace period check (recent activity still excluded)" time="0.000188125">
        </testcase>
        <testcase classname="adws/triggers/__tests__/cronIssueFilter.test.ts" name="evaluateIssue — review_failed skip-terminal &gt; review_failed takes precedence over processed-spawn dedup" time="0.000149708">
        </testcase>
        <testcase classname="adws/triggers/__tests__/cronIssueFilter.test.ts" name="filterEligibleIssues — merge_blocked annotation &gt; annotates merge_blocked issue in filteredAnnotations" time="0.001072625">
        </testcase>
        <testcase classname="adws/triggers/__tests__/cronIssueFilter.test.ts" name="filterEligibleIssues — merge_blocked annotation &gt; does not include merge_blocked issue in eligible list" time="0.0006845">
        </testcase>
        <testcase classname="adws/triggers/__tests__/cronIssueFilter.test.ts" name="evaluateIssue — label-recovery gate &gt; stage=null + adwId=null + ineligible evaluator → filtered with label: reason" time="0.000900583">
        </testcase>
        <testcase classname="adws/triggers/__tests__/cronIssueFilter.test.ts" name="evaluateIssue — label-recovery gate &gt; stage=null + adwId=null + eligible evaluator → eligible with action spawn" time="0.000352708">
        </testcase>
        <testcase classname="adws/triggers/__tests__/cronIssueFilter.test.ts" name="evaluateIssue — label-recovery gate &gt; stage=null + non-null adwId → gate NOT consulted; issue stays eligible for takeover" time="0.000359667">
        </testcase>
        <testcase classname="adws/triggers/__tests__/cronIssueFilter.test.ts" name="evaluateIssue — label-recovery gate &gt; omitting the evaluator preserves legacy behaviour (fresh issue is eligible)" time="0.000129833">
        </testcase>
    </testsuite>
    <testsuite name="adws/triggers/__tests__/cronIssueListing.test.ts" timestamp="2026-10-06T17:53:43.856Z" hostname="macmini.local" tests="4" failures="0" errors="0" skipped="0" time="0.003945916">
        <testcase classname="adws/triggers/__tests__/cronIssueListing.test.ts" name="listCronOpenIssues &gt; queries the exact seven fields the cron has always requested, with a limit of 100" time="0.001460917">
        </testcase>
        <testcase classname="adws/triggers/__tests__/cronIssueListing.test.ts" name="listCronOpenIssues &gt; returns the tracker-provided entries unchanged" time="0.00018475">
        </testcase>
        <testcase classname="adws/triggers/__tests__/cronIssueListing.test.ts" name="listCronOpenIssues &gt; the parsed entries carry every field cronIssueFilter.evaluateIssue reads (body, comments, labels, createdAt, updatedAt)" time="0.000795166">
        </testcase>
        <testcase classname="adws/triggers/__tests__/cronIssueListing.test.ts" name="listCronOpenIssues &gt; logs and returns [] when the issue tracker throws (fail-open — a tick must never abort on a listing failure)" time="0.000583083">
        </testcase>
    </testsuite>
    <testsuite name="adws/triggers/__tests__/cronLabelEligibility.test.ts" timestamp="2026-10-06T17:53:43.856Z" hostname="macmini.local" tests="17" failures="0" errors="0" skipped="0" time="0.002677542">
        <testcase classname="adws/triggers/__tests__/cronLabelEligibility.test.ts" name="decideLabelRecovery — precedence order &gt; opt_out wins over a classification label" time="0.000738125">
        </testcase>
        <testcase classname="adws/triggers/__tests__/cronLabelEligibility.test.ts" name="decideLabelRecovery — precedence order &gt; conflict → multi_label (two adw:&lt;type&gt; labels)" time="0.000092542">
        </testcase>
        <testcase classname="adws/triggers/__tests__/cronLabelEligibility.test.ts" name="decideLabelRecovery — precedence order &gt; no classification + reserved adw:* label present → reserved_label" time="0.000073458">
        </testcase>
        <testcase classname="adws/triggers/__tests__/cronLabelEligibility.test.ts" name="decideLabelRecovery — precedence order &gt; no classification + no adw:* label present → eligible (truly-unlabeled defers to LLM)" time="0.00008375">
        </testcase>
        <testcase classname="adws/triggers/__tests__/cronLabelEligibility.test.ts" name="decideLabelRecovery — precedence order &gt; single classification + in-progress comment → in_progress_comment" time="0.000066791">
        </testcase>
        <testcase classname="adws/triggers/__tests__/cronLabelEligibility.test.ts" name="decideLabelRecovery — precedence order &gt; single classification + linked closed PR → linked_closed_pr" time="0.000055416">
        </testcase>
        <testcase classname="adws/triggers/__tests__/cronLabelEligibility.test.ts" name="decideLabelRecovery — precedence order &gt; single classification, no in-progress comment, no linked PR → eligible" time="0.000057125">
        </testcase>
        <testcase classname="adws/triggers/__tests__/cronLabelEligibility.test.ts" name="decideLabelRecovery — precedence order &gt; opt_out wins even when classification is also set (opt_out first in guard chain)" time="0.000051292">
        </testcase>
        <testcase classname="adws/triggers/__tests__/cronLabelEligibility.test.ts" name="evaluateLabelRecovery — composition &gt; fresh single-adw:feature issue with no comment and empty PR list is eligible" time="0.000149833">
        </testcase>
        <testcase classname="adws/triggers/__tests__/cronLabelEligibility.test.ts" name="evaluateLabelRecovery — composition &gt; same issue with an ADW workflow comment → in_progress_comment" time="0.000138542">
        </testcase>
        <testcase classname="adws/triggers/__tests__/cronLabelEligibility.test.ts" name="evaluateLabelRecovery — composition &gt; adw:none label → opt_out" time="0.000062875">
        </testcase>
        <testcase classname="adws/triggers/__tests__/cronLabelEligibility.test.ts" name="evaluateLabelRecovery — composition &gt; adw:none alongside adw:feature → opt_out (opt-out wins)" time="0.000049458">
        </testcase>
        <testcase classname="adws/triggers/__tests__/cronLabelEligibility.test.ts" name="evaluateLabelRecovery — composition &gt; two adw:&lt;type&gt; labels → multi_label" time="0.000050625">
        </testcase>
        <testcase classname="adws/triggers/__tests__/cronLabelEligibility.test.ts" name="evaluateLabelRecovery — composition &gt; adw:feature + linked merged PR → linked_closed_pr" time="0.000116708">
        </testcase>
        <testcase classname="adws/triggers/__tests__/cronLabelEligibility.test.ts" name="evaluateLabelRecovery — composition &gt; adw:bug + unrelated closed PR (different issue) → eligible" time="0.000071417">
        </testcase>
        <testcase classname="adws/triggers/__tests__/cronLabelEligibility.test.ts" name="evaluateLabelRecovery — composition &gt; no adw:* labels → eligible with no deterministic classification (defers to LLM)" time="0.000055708">
        </testcase>
        <testcase classname="adws/triggers/__tests__/cronLabelEligibility.test.ts" name="evaluateLabelRecovery — composition &gt; adw:upgrade (reserved, non-classification label) → reserved_label, stays filtered (#UPG regression guard)" time="0.000049125">
        </testcase>
    </testsuite>
    <testsuite name="adws/triggers/__tests__/cronRepoResolver.test.ts" timestamp="2026-10-06T17:53:43.857Z" hostname="macmini.local" tests="6" failures="0" errors="0" skipped="0" time="0.004344833">
        <testcase classname="adws/triggers/__tests__/cronRepoResolver.test.ts" name="resolveCronRepo &gt; returns target repo when --target-repo is provided" time="0.001855416">
        </testcase>
        <testcase classname="adws/triggers/__tests__/cronRepoResolver.test.ts" name="resolveCronRepo &gt; falls back to local repo when --target-repo is not provided" time="0.000265917">
        </testcase>
        <testcase classname="adws/triggers/__tests__/cronRepoResolver.test.ts" name="resolveCronRepo &gt; preserves clone URL from --target-repo args" time="0.000408708">
        </testcase>
        <testcase classname="adws/triggers/__tests__/cronRepoResolver.test.ts" name="buildCronTargetRepoArgs &gt; uses clone URL from targetRepo when available" time="0.000218833">
        </testcase>
        <testcase classname="adws/triggers/__tests__/cronRepoResolver.test.ts" name="buildCronTargetRepoArgs &gt; uses fallback clone URL when targetRepo is null" time="0.000153834">
        </testcase>
        <testcase classname="adws/triggers/__tests__/cronRepoResolver.test.ts" name="buildCronTargetRepoArgs &gt; omits --clone-url when targetRepo is null and fallback returns null" time="0.000138125">
        </testcase>
    </testsuite>
    <testsuite name="adws/triggers/__tests__/cronStageResolver.test.ts" timestamp="2026-10-06T17:53:43.857Z" hostname="macmini.local" tests="36" failures="0" errors="0" skipped="0" time="0.004154959">
        <testcase classname="adws/triggers/__tests__/cronStageResolver.test.ts" name="extractLatestAdwId &gt; returns adw-id from the latest comment with an ADW ID" time="0.000747875">
        </testcase>
        <testcase classname="adws/triggers/__tests__/cronStageResolver.test.ts" name="extractLatestAdwId &gt; returns null when no comments exist" time="0.000093666">
        </testcase>
        <testcase classname="adws/triggers/__tests__/cronStageResolver.test.ts" name="extractLatestAdwId &gt; returns null when no comment contains an ADW ID" time="0.000097375">
        </testcase>
        <testcase classname="adws/triggers/__tests__/cronStageResolver.test.ts" name="extractLatestAdwId &gt; returns the latest adw-id when comments are mixed ADW and non-ADW" time="0.000068458">
        </testcase>
        <testcase classname="adws/triggers/__tests__/cronStageResolver.test.ts" name="extractLatestAdwId &gt; returns the single adw-id from a single ADW comment" time="0.000057833">
        </testcase>
        <testcase classname="adws/triggers/__tests__/cronStageResolver.test.ts" name="getLastActivityFromState &gt; returns null when state has no phases" time="0.000082792">
        </testcase>
        <testcase classname="adws/triggers/__tests__/cronStageResolver.test.ts" name="getLastActivityFromState &gt; returns null when phases is an empty object" time="0.000047541">
        </testcase>
        <testcase classname="adws/triggers/__tests__/cronStageResolver.test.ts" name="getLastActivityFromState &gt; returns startedAt timestamp when only startedAt is set" time="0.000064458">
        </testcase>
        <testcase classname="adws/triggers/__tests__/cronStageResolver.test.ts" name="getLastActivityFromState &gt; returns completedAt when it is more recent than startedAt" time="0.0000705">
        </testcase>
        <testcase classname="adws/triggers/__tests__/cronStageResolver.test.ts" name="getLastActivityFromState &gt; returns the most recent timestamp across multiple phases" time="0.000084875">
        </testcase>
        <testcase classname="adws/triggers/__tests__/cronStageResolver.test.ts" name="isActiveStage &gt; recognises &quot;starting&quot; as active" time="0.000086333">
        </testcase>
        <testcase classname="adws/triggers/__tests__/cronStageResolver.test.ts" name="isActiveStage &gt; recognises &quot;*_running&quot; stages as active" time="0.000061375">
        </testcase>
        <testcase classname="adws/triggers/__tests__/cronStageResolver.test.ts" name="isActiveStage &gt; recognises intermediate &quot;*_completed&quot; stages as active" time="0.000046625">
        </testcase>
        <testcase classname="adws/triggers/__tests__/cronStageResolver.test.ts" name="isActiveStage &gt; rejects the terminal &quot;completed&quot; stage" time="0.000028292">
        </testcase>
        <testcase classname="adws/triggers/__tests__/cronStageResolver.test.ts" name="isActiveStage &gt; rejects &quot;paused&quot;" time="0.000025542">
        </testcase>
        <testcase classname="adws/triggers/__tests__/cronStageResolver.test.ts" name="isActiveStage &gt; rejects &quot;abandoned&quot;" time="0.000025875">
        </testcase>
        <testcase classname="adws/triggers/__tests__/cronStageResolver.test.ts" name="isActiveStage &gt; rejects &quot;discarded&quot;" time="0.000032875">
        </testcase>
        <testcase classname="adws/triggers/__tests__/cronStageResolver.test.ts" name="isActiveStage &gt; rejects unknown stages" time="0.000028417">
        </testcase>
        <testcase classname="adws/triggers/__tests__/cronStageResolver.test.ts" name="isActiveStage — awaiting_merge &gt; does NOT classify &quot;awaiting_merge&quot; as active" time="0.000038292">
        </testcase>
        <testcase classname="adws/triggers/__tests__/cronStageResolver.test.ts" name="resolveIssueWorkflowStage &gt; returns null stage and null adwId when no comments exist" time="0.000291667">
        </testcase>
        <testcase classname="adws/triggers/__tests__/cronStageResolver.test.ts" name="resolveIssueWorkflowStage &gt; returns null stage and null adwId when no comment has an ADW ID" time="0.000056708">
        </testcase>
        <testcase classname="adws/triggers/__tests__/cronStageResolver.test.ts" name="resolveIssueWorkflowStage &gt; returns null stage (with adwId) when adw-id found but state file missing" time="0.000057834">
        </testcase>
        <testcase classname="adws/triggers/__tests__/cronStageResolver.test.ts" name="resolveIssueWorkflowStage &gt; returns correct stage from state file" time="0.000066">
        </testcase>
        <testcase classname="adws/triggers/__tests__/cronStageResolver.test.ts" name="resolveIssueWorkflowStage &gt; returns null stage when state file exists but has no workflowStage field" time="0.0000425">
        </testcase>
        <testcase classname="adws/triggers/__tests__/cronStageResolver.test.ts" name="resolveIssueWorkflowStage &gt; returns null lastActivityMs when state file has no phases" time="0.000042042">
        </testcase>
        <testcase classname="adws/triggers/__tests__/cronStageResolver.test.ts" name="resolveIssueWorkflowStage &gt; uses the newest comment when multiple comments have adw-ids" time="0.000046417">
        </testcase>
        <testcase classname="adws/triggers/__tests__/cronStageResolver.test.ts" name="resolveIssueWorkflowStage — owner liveness of an active stage &gt; reports a starting state whose recorded owner is dead as ownerDead" time="0.000559958">
        </testcase>
        <testcase classname="adws/triggers/__tests__/cronStageResolver.test.ts" name="resolveIssueWorkflowStage — owner liveness of an active stage &gt; reports a starting state whose recorded owner is alive as not ownerDead" time="0.000057791">
        </testcase>
        <testcase classname="adws/triggers/__tests__/cronStageResolver.test.ts" name="resolveIssueWorkflowStage — owner liveness of an active stage &gt; counts an active stage that records no owner as dead, without asking for liveness" time="0.000086083">
        </testcase>
        <testcase classname="adws/triggers/__tests__/cronStageResolver.test.ts" name="resolveIssueWorkflowStage — owner liveness of an active stage &gt; counts a recorded pid without a start time as an unconfirmed owner" time="0.000049666">
        </testcase>
        <testcase classname="adws/triggers/__tests__/cronStageResolver.test.ts" name="resolveIssueWorkflowStage — owner liveness of an active stage &gt; treats a dynamic phase stage such as stepDef_running as active" time="0.000039791">
        </testcase>
        <testcase classname="adws/triggers/__tests__/cronStageResolver.test.ts" name="resolveIssueWorkflowStage — owner liveness of an active stage &gt; never asks about the owner of the non-active stage phase_timeout" time="0.000046209">
        </testcase>
        <testcase classname="adws/triggers/__tests__/cronStageResolver.test.ts" name="resolveIssueWorkflowStage — owner liveness of an active stage &gt; never asks about the owner of the non-active stage abandoned" time="0.000033541">
        </testcase>
        <testcase classname="adws/triggers/__tests__/cronStageResolver.test.ts" name="resolveIssueWorkflowStage — owner liveness of an active stage &gt; never asks about the owner of the non-active stage build_completed" time="0.000032084">
        </testcase>
        <testcase classname="adws/triggers/__tests__/cronStageResolver.test.ts" name="resolveIssueWorkflowStage — owner liveness of an active stage &gt; never asks about the owner of the non-active stage awaiting_merge" time="0.000037541">
        </testcase>
        <testcase classname="adws/triggers/__tests__/cronStageResolver.test.ts" name="resolveIssueWorkflowStage — owner liveness of an active stage &gt; never asks about the owner of the non-active stage completed" time="0.00004225">
        </testcase>
    </testsuite>
    <testsuite name="adws/triggers/__tests__/devServerJanitor.test.ts" timestamp="2026-10-06T17:53:43.859Z" hostname="macmini.local" tests="51" failures="0" errors="0" skipped="0" time="0.017386041">
        <testcase classname="adws/triggers/__tests__/devServerJanitor.test.ts" name="extractIssueNumberFromDirName &gt; extracts the issue number from a real feature branch name" time="0.000880542">
        </testcase>
        <testcase classname="adws/triggers/__tests__/devServerJanitor.test.ts" name="extractIssueNumberFromDirName &gt; extracts the issue number from a real chore branch name" time="0.000105084">
        </testcase>
        <testcase classname="adws/triggers/__tests__/devServerJanitor.test.ts" name="extractIssueNumberFromDirName &gt; extracts the issue number from a real bugfix branch name" time="0.000063334">
        </testcase>
        <testcase classname="adws/triggers/__tests__/devServerJanitor.test.ts" name="extractIssueNumberFromDirName &gt; returns null when the directory name has no -issue- segment" time="0.000073417">
        </testcase>
        <testcase classname="adws/triggers/__tests__/devServerJanitor.test.ts" name="extractIssueNumberFromDirName &gt; returns null when the issue segment is non-numeric" time="0.00005275">
        </testcase>
        <testcase classname="adws/triggers/__tests__/devServerJanitor.test.ts" name="extractIssueNumberFromDirName &gt; returns null for empty string" time="0.000044792">
        </testcase>
        <testcase classname="adws/triggers/__tests__/devServerJanitor.test.ts" name="extractIssueNumberFromDirName &gt; returns null when -issue- has no trailing slug separator" time="0.000303125">
        </testcase>
        <testcase classname="adws/triggers/__tests__/devServerJanitor.test.ts" name="findActiveAdwIdForIssue &gt; returns the adwId of a single matching state file" time="0.000113375">
        </testcase>
        <testcase classname="adws/triggers/__tests__/devServerJanitor.test.ts" name="findActiveAdwIdForIssue &gt; picks the adwId with the freshest lastSeenAt when multiple state files match" time="0.000073625">
        </testcase>
        <testcase classname="adws/triggers/__tests__/devServerJanitor.test.ts" name="findActiveAdwIdForIssue &gt; returns null when no state file matches the issue number" time="0.000075292">
        </testcase>
        <testcase classname="adws/triggers/__tests__/devServerJanitor.test.ts" name="findActiveAdwIdForIssue &gt; returns null when listAdwStateDirs is empty" time="0.000445">
        </testcase>
        <testcase classname="adws/triggers/__tests__/devServerJanitor.test.ts" name="findActiveAdwIdForIssue &gt; treats a missing lastSeenAt as 0, so any entry with a real lastSeenAt wins" time="0.00019425">
        </testcase>
        <testcase classname="adws/triggers/__tests__/devServerJanitor.test.ts" name="findActiveAdwIdForIssue &gt; falls back to the first match when all candidates have no lastSeenAt" time="0.000082292">
        </testcase>
        <testcase classname="adws/triggers/__tests__/devServerJanitor.test.ts" name="findActiveAdwIdForIssue &gt; skips entries where readTopLevelStateRaw returns null (deleted or unreadable)" time="0.000070042">
        </testcase>
        <testcase classname="adws/triggers/__tests__/devServerJanitor.test.ts" name="shouldCleanWorktree &gt; non-terminal stage &gt; non-terminal + PID alive + old worktree → skip (active workflow)" time="0.000054791">
        </testcase>
        <testcase classname="adws/triggers/__tests__/devServerJanitor.test.ts" name="shouldCleanWorktree &gt; non-terminal stage &gt; non-terminal + PID alive + young worktree → skip (active workflow)" time="0.000033959">
        </testcase>
        <testcase classname="adws/triggers/__tests__/devServerJanitor.test.ts" name="shouldCleanWorktree &gt; non-terminal stage &gt; non-terminal + PID dead + young worktree → skip (age grace)" time="0.00002725">
        </testcase>
        <testcase classname="adws/triggers/__tests__/devServerJanitor.test.ts" name="shouldCleanWorktree &gt; non-terminal stage &gt; non-terminal + PID dead + old worktree → kill (crashed orchestrator)" time="0.000026833">
        </testcase>
        <testcase classname="adws/triggers/__tests__/devServerJanitor.test.ts" name="shouldCleanWorktree &gt; terminal stage &gt; terminal + PID alive + young worktree → skip (age grace)" time="0.00002875">
        </testcase>
        <testcase classname="adws/triggers/__tests__/devServerJanitor.test.ts" name="shouldCleanWorktree &gt; terminal stage &gt; terminal + PID alive + old worktree → kill (stale process)" time="0.000025833">
        </testcase>
        <testcase classname="adws/triggers/__tests__/devServerJanitor.test.ts" name="shouldCleanWorktree &gt; terminal stage &gt; terminal + PID dead + young worktree → skip (age grace)" time="0.000023875">
        </testcase>
        <testcase classname="adws/triggers/__tests__/devServerJanitor.test.ts" name="shouldCleanWorktree &gt; terminal stage &gt; terminal + PID dead + old worktree → kill (cleanup)" time="0.000033959">
        </testcase>
        <testcase classname="adws/triggers/__tests__/devServerJanitor.test.ts" name="shouldCleanWorktree &gt; worktree exactly at grace period boundary → skip (not strictly older)" time="0.000024125">
        </testcase>
        <testcase classname="adws/triggers/__tests__/devServerJanitor.test.ts" name="shouldCleanWorktree &gt; worktree one millisecond past grace period → kill" time="0.000032291">
        </testcase>
        <testcase classname="adws/triggers/__tests__/devServerJanitor.test.ts" name="discoverTargetRepoWorktrees &gt; returns empty array when TARGET_REPOS_DIR is empty" time="0.000684666">
        </testcase>
        <testcase classname="adws/triggers/__tests__/devServerJanitor.test.ts" name="discoverTargetRepoWorktrees &gt; returns empty array when readdirTargetRepos throws" time="0.000162333">
        </testcase>
        <testcase classname="adws/triggers/__tests__/devServerJanitor.test.ts" name="discoverTargetRepoWorktrees &gt; skips directories that are not git repos" time="0.000274584">
        </testcase>
        <testcase classname="adws/triggers/__tests__/devServerJanitor.test.ts" name="discoverTargetRepoWorktrees &gt; returns one candidate per worktree across multiple repos" time="0.000455584">
        </testcase>
        <testcase classname="adws/triggers/__tests__/devServerJanitor.test.ts" name="discoverTargetRepoWorktrees &gt; handles repos with no worktrees gracefully" time="0.000136833">
        </testcase>
        <testcase classname="adws/triggers/__tests__/devServerJanitor.test.ts" name="discoverTargetRepoWorktrees &gt; handles error reading repos under an owner gracefully" time="0.000143">
        </testcase>
        <testcase classname="adws/triggers/__tests__/devServerJanitor.test.ts" name="discoverTargetRepoWorktrees &gt; skips a git repo without an .adw marker — listWorktrees is never called" time="0.000716167">
        </testcase>
        <testcase classname="adws/triggers/__tests__/devServerJanitor.test.ts" name="discoverTargetRepoWorktrees &gt; discovers a repo carrying both .git and .adw as before" time="0.000183084">
        </testcase>
        <testcase classname="adws/triggers/__tests__/devServerJanitor.test.ts" name="discoverTargetRepoWorktrees &gt; does not consult the .adw marker for a directory that is not a git repo" time="0.000155666">
        </testcase>
        <testcase classname="adws/triggers/__tests__/devServerJanitor.test.ts" name="discoverTargetRepoWorktrees &gt; logs a warning naming the repo and continues with the remaining repos when listWorktrees throws" time="0.000282625">
        </testcase>
        <testcase classname="adws/triggers/__tests__/devServerJanitor.test.ts" name="discoverTargetRepoWorktrees &gt; returns an empty array (and does not throw) when the only repo&apos;s listWorktrees throws" time="0.000433125">
        </testcase>
        <testcase classname="adws/triggers/__tests__/devServerJanitor.test.ts" name="runJanitorPass &gt; does not call killProcessesInDirectory when no worktrees found" time="0.000166833">
        </testcase>
        <testcase classname="adws/triggers/__tests__/devServerJanitor.test.ts" name="runJanitorPass &gt; skips worktree without applying kill decision when lsof reports no processes" time="0.000281333">
        </testcase>
        <testcase classname="adws/triggers/__tests__/devServerJanitor.test.ts" name="runJanitorPass &gt; skips worktree when non-terminal stage and PID alive (regardless of age)" time="0.001532542">
        </testcase>
        <testcase classname="adws/triggers/__tests__/devServerJanitor.test.ts" name="runJanitorPass &gt; kills worktree when terminal stage + PID dead + old" time="0.000266959">
        </testcase>
        <testcase classname="adws/triggers/__tests__/devServerJanitor.test.ts" name="runJanitorPass &gt; kills worktree when non-terminal stage + PID dead + old" time="0.001540208">
        </testcase>
        <testcase classname="adws/triggers/__tests__/devServerJanitor.test.ts" name="runJanitorPass &gt; skips worktree when young, even if terminal stage and PID dead" time="0.000198584">
        </testcase>
        <testcase classname="adws/triggers/__tests__/devServerJanitor.test.ts" name="runJanitorPass &gt; treats worktree with no issue number in dir name as terminal + dead PID (only age check applies)" time="0.000198792">
        </testcase>
        <testcase classname="adws/triggers/__tests__/devServerJanitor.test.ts" name="runJanitorPass &gt; treats worktree with missing state file as terminal + dead PID" time="0.000155">
        </testcase>
        <testcase classname="adws/triggers/__tests__/devServerJanitor.test.ts" name="runJanitorPass &gt; does NOT kill live build agent on a real-format branch (build_running + PID alive + old)" time="0.000172041">
        </testcase>
        <testcase classname="adws/triggers/__tests__/devServerJanitor.test.ts" name="runJanitorPass &gt; kills completed orchestrator on a real-format branch after the grace period" time="0.000192">
        </testcase>
        <testcase classname="adws/triggers/__tests__/devServerJanitor.test.ts" name="runJanitorPass &gt; processes multiple worktrees and applies kill decision to each" time="0.000191">
        </testcase>
        <testcase classname="adws/triggers/__tests__/devServerJanitor.test.ts" name="runJanitorPass &gt; continues processing remaining worktrees after an error on one" time="0.002264083">
        </testcase>
        <testcase classname="adws/triggers/__tests__/devServerJanitor.test.ts" name="runJanitorPass &gt; still probes and cleans the remaining repos&apos; worktrees when one repo&apos;s worktree listing throws" time="0.001012584">
        </testcase>
        <testcase classname="adws/triggers/__tests__/devServerJanitor.test.ts" name="runJanitorPass &gt; real filesystem: only a directory carrying both .git and .adw under the injected root is listed" time="0.001430416">
        </testcase>
        <testcase classname="adws/triggers/__tests__/devServerJanitor.test.ts" name="kill escalation: SIGTERM then SIGKILL &gt; runJanitorPass calls killProcessesInDirectory which handles SIGTERM/SIGKILL" time="0.000200709">
        </testcase>
        <testcase classname="adws/triggers/__tests__/devServerJanitor.test.ts" name="JANITOR_GRACE_PERIOD_MS &gt; is 30 minutes in milliseconds" time="0.000030958">
        </testcase>
    </testsuite>
    <testsuite name="adws/triggers/__tests__/docsIndexSweep.test.ts" timestamp="2026-10-06T17:53:43.860Z" hostname="macmini.local" tests="12" failures="0" errors="0" skipped="0" time="0.009086792">
        <testcase classname="adws/triggers/__tests__/docsIndexSweep.test.ts" name="runDocsIndexSweep — repair persistence &gt; 20 dangling entries → persistIndex receives content with exactly those entries gone, repairs.length === 20" time="0.002437625">
        </testcase>
        <testcase classname="adws/triggers/__tests__/docsIndexSweep.test.ts" name="runDocsIndexSweep — repair persistence &gt; no repairs → persistIndex is not called" time="0.000553917">
        </testcase>
        <testcase classname="adws/triggers/__tests__/docsIndexSweep.test.ts" name="runDocsIndexSweep — repair persistence &gt; a dead glob is pruned from the persisted content while the entry survives" time="0.00048625">
        </testcase>
        <testcase classname="adws/triggers/__tests__/docsIndexSweep.test.ts" name="runDocsIndexSweep — one-issue reconcile &gt; violations with no open report file exactly one issue with hitl + adw:none labels and the marker" time="0.000679625">
        </testcase>
        <testcase classname="adws/triggers/__tests__/docsIndexSweep.test.ts" name="runDocsIndexSweep — one-issue reconcile &gt; violations with an open report of the same fingerprint → no fileReport/refreshReport (unchanged)" time="0.000382959">
        </testcase>
        <testcase classname="adws/triggers/__tests__/docsIndexSweep.test.ts" name="runDocsIndexSweep — one-issue reconcile &gt; a different fingerprint refreshes the lowest-numbered open report" time="0.000182958">
        </testcase>
        <testcase classname="adws/triggers/__tests__/docsIndexSweep.test.ts" name="runDocsIndexSweep — one-issue reconcile &gt; two open reports with a stale fingerprint → the lowest-numbered one is refreshed" time="0.000178459">
        </testcase>
        <testcase classname="adws/triggers/__tests__/docsIndexSweep.test.ts" name="runDocsIndexSweep — one-issue reconcile &gt; no violations with an open report → closeReport is called" time="0.002534417">
        </testcase>
        <testcase classname="adws/triggers/__tests__/docsIndexSweep.test.ts" name="runDocsIndexSweep — target-repo band skip and edge cases &gt; countBand: null skips the count-out-of-band check even with a tiny index" time="0.000170667">
        </testcase>
        <testcase classname="adws/triggers/__tests__/docsIndexSweep.test.ts" name="runDocsIndexSweep — target-repo band skip and edge cases &gt; readIndex returning null → empty report, no other dep is called" time="0.00022925">
        </testcase>
        <testcase classname="adws/triggers/__tests__/docsIndexSweep.test.ts" name="runDocsIndexSweep — target-repo band skip and edge cases &gt; a throwing persistIndex is swallowed — the report is still returned with persisted: false" time="0.000252">
        </testcase>
        <testcase classname="adws/triggers/__tests__/docsIndexSweep.test.ts" name="runDocsIndexSweep — target-repo band skip and edge cases &gt; a throwing fileReport is swallowed — the report is still returned" time="0.000251125">
        </testcase>
    </testsuite>
    <testsuite name="adws/triggers/__tests__/docsIndexSweepDecisions.test.ts" timestamp="2026-10-06T17:53:43.861Z" hostname="macmini.local" tests="3" failures="0" errors="0" skipped="0" time="0.011333">
        <testcase classname="adws/triggers/__tests__/docsIndexSweepDecisions.test.ts" name="runDocsIndexSweep — decisions &gt; a block survives a persisted repair — the dead glob is pruned and the Decisions: block stays" time="0.005460042">
        </testcase>
        <testcase classname="adws/triggers/__tests__/docsIndexSweepDecisions.test.ts" name="runDocsIndexSweep — decisions &gt; reports a block whose doc lacks the section in the report issue, and persists nothing for it" time="0.002116375">
        </testcase>
        <testcase classname="adws/triggers/__tests__/docsIndexSweepDecisions.test.ts" name="runDocsIndexSweep — decisions &gt; a throwing readDoc is logged at warn and treated as an unreadable doc — the sweep still returns its report" time="0.002695458">
        </testcase>
    </testsuite>
    <testsuite name="adws/triggers/__tests__/docsIndexSweepDefaults.test.ts" timestamp="2026-10-06T17:53:43.861Z" hostname="macmini.local" tests="3" failures="0" errors="0" skipped="0" time="0.004493042">
        <testcase classname="adws/triggers/__tests__/docsIndexSweepDefaults.test.ts" name="makeDocsIndexSweepDefaults — readDoc &gt; reads a doc from the sweep worktree" time="0.002701084">
        </testcase>
        <testcase classname="adws/triggers/__tests__/docsIndexSweepDefaults.test.ts" name="makeDocsIndexSweepDefaults — readDoc &gt; returns null for a doc the worktree does not hold" time="0.000728042">
        </testcase>
        <testcase classname="adws/triggers/__tests__/docsIndexSweepDefaults.test.ts" name="makeDocsIndexSweepDefaults — readDoc &gt; returns null when there is no sweep base" time="0.000279792">
        </testcase>
    </testsuite>
    <testsuite name="adws/triggers/__tests__/docsIndexSweepReportBranch.test.ts" timestamp="2026-10-06T17:53:43.861Z" hostname="macmini.local" tests="3" failures="0" errors="0" skipped="0" time="0.007220083">
        <testcase classname="adws/triggers/__tests__/docsIndexSweepReportBranch.test.ts" name="runDocsIndexSweep — the branch the report names &gt; names the default branch the code host returns" time="0.004348583">
        </testcase>
        <testcase classname="adws/triggers/__tests__/docsIndexSweepReportBranch.test.ts" name="runDocsIndexSweep — the branch the report names &gt; files the report and names no branch when the default-branch lookup throws" time="0.000683333">
        </testcase>
        <testcase classname="adws/triggers/__tests__/docsIndexSweepReportBranch.test.ts" name="runDocsIndexSweep — the branch the report names &gt; does not let the lookup error escape the sweep" time="0.000955291">
        </testcase>
    </testsuite>
    <testsuite name="adws/triggers/__tests__/issueClosedUnblockRouter.test.ts" timestamp="2026-10-06T17:53:43.861Z" hostname="macmini.local" tests="11" failures="0" errors="0" skipped="0" time="0.009121792">
        <testcase classname="adws/triggers/__tests__/issueClosedUnblockRouter.test.ts" name="selectDependents &gt; returns issues whose deps include the closed issue number" time="0.002423917">
        </testcase>
        <testcase classname="adws/triggers/__tests__/issueClosedUnblockRouter.test.ts" name="selectDependents &gt; returns an empty array when nothing depends on the closed issue" time="0.002024875">
        </testcase>
        <testcase classname="adws/triggers/__tests__/issueClosedUnblockRouter.test.ts" name="handleIssueClosedDependencyUnblock — prose parity (AC1) &gt; selects and spawns a prose &quot;- blocked by #N&quot; dependent (RED→green: no DI seam existed pre-fix)" time="0.000655041">
        </testcase>
        <testcase classname="adws/triggers/__tests__/issueClosedUnblockRouter.test.ts" name="handleIssueClosedDependencyUnblock — prose parity (AC1) &gt; real-parser parity: the detection core (parseKeywordProximityDependencies) selects the prose dependent" time="0.00032725">
        </testcase>
        <testcase classname="adws/triggers/__tests__/issueClosedUnblockRouter.test.ts" name="handleIssueClosedDependencyUnblock — prose parity (AC1) &gt; pins why the swap matters: the narrow parseDependencies selects nothing for the same prose body" time="0.000200583">
        </testcase>
        <testcase classname="adws/triggers/__tests__/issueClosedUnblockRouter.test.ts" name="handleIssueClosedDependencyUnblock — heading no-regression (AC2) &gt; still spawns a dependent declared under a &quot;## Blocked by&quot; heading" time="0.000143166">
        </testcase>
        <testcase classname="adws/triggers/__tests__/issueClosedUnblockRouter.test.ts" name="handleIssueClosedDependencyUnblock — still-blocked gating &gt; re-evaluates eligibility but does not spawn when the dependent is still ineligible" time="0.00014725">
        </testcase>
        <testcase classname="adws/triggers/__tests__/issueClosedUnblockRouter.test.ts" name="handleIssueClosedDependencyUnblock — no dependents &gt; does not spawn anything when no open issue depends on the closed issue" time="0.000121">
        </testcase>
        <testcase classname="adws/triggers/__tests__/issueClosedUnblockRouter.test.ts" name="buildDefaultDependencyUnblockDeps — issue tracker routing &gt; listOpenIssues routes through the boundary&apos;s issue tracker" time="0.000442166">
        </testcase>
        <testcase classname="adws/triggers/__tests__/issueClosedUnblockRouter.test.ts" name="buildDefaultDependencyUnblockDeps — spawn path &gt; spawns through classifyAndSpawnWorkflow, the gate that holds the adw:none opt-out" time="0.000163708">
        </testcase>
        <testcase classname="adws/triggers/__tests__/issueClosedUnblockRouter.test.ts" name="handleIssueClosedDependencyUnblock — no-throw on lister error &gt; does not throw when listOpenIssues throws; logs the error instead" time="0.000840166">
        </testcase>
    </testsuite>
    <testsuite name="adws/triggers/__tests__/issueOpenedRouter.test.ts" timestamp="2026-10-06T17:53:43.862Z" hostname="macmini.local" tests="23" failures="0" errors="0" skipped="0" time="0.005695292">
        <testcase classname="adws/triggers/__tests__/issueOpenedRouter.test.ts" name="decideIssueOpenedRoute &gt; optOut true → opt_out" time="0.00091275">
        </testcase>
        <testcase classname="adws/triggers/__tests__/issueOpenedRouter.test.ts" name="decideIssueOpenedRoute &gt; conflict true → conflict" time="0.000085583">
        </testcase>
        <testcase classname="adws/triggers/__tests__/issueOpenedRouter.test.ts" name="decideIssueOpenedRoute &gt; classification set → classified" time="0.000077959">
        </testcase>
        <testcase classname="adws/triggers/__tests__/issueOpenedRouter.test.ts" name="decideIssueOpenedRoute &gt; nothing set → infer" time="0.000072375">
        </testcase>
        <testcase classname="adws/triggers/__tests__/issueOpenedRouter.test.ts" name="decideIssueOpenedRoute &gt; optOut + classification → opt_out wins" time="0.000064167">
        </testcase>
        <testcase classname="adws/triggers/__tests__/issueOpenedRouter.test.ts" name="decideIssueOpenedRoute &gt; optOut + conflict → opt_out wins" time="0.000063833">
        </testcase>
        <testcase classname="adws/triggers/__tests__/issueOpenedRouter.test.ts" name="decideIssueOpenedRoute &gt; conflict + classification → conflict wins over classification" time="0.000066042">
        </testcase>
        <testcase classname="adws/triggers/__tests__/issueOpenedRouter.test.ts" name="extractPayloadLabelNames &gt; undefined issue → []" time="0.000074792">
        </testcase>
        <testcase classname="adws/triggers/__tests__/issueOpenedRouter.test.ts" name="extractPayloadLabelNames &gt; missing labels → []" time="0.000073917">
        </testcase>
        <testcase classname="adws/triggers/__tests__/issueOpenedRouter.test.ts" name="extractPayloadLabelNames &gt; null labels → []" time="0.000086792">
        </testcase>
        <testcase classname="adws/triggers/__tests__/issueOpenedRouter.test.ts" name="extractPayloadLabelNames &gt; empty array → []" time="0.000052084">
        </testcase>
        <testcase classname="adws/triggers/__tests__/issueOpenedRouter.test.ts" name="extractPayloadLabelNames &gt; valid objects with name strings → names array" time="0.00004825">
        </testcase>
        <testcase classname="adws/triggers/__tests__/issueOpenedRouter.test.ts" name="extractPayloadLabelNames &gt; entries without name are dropped" time="0.000040459">
        </testcase>
        <testcase classname="adws/triggers/__tests__/issueOpenedRouter.test.ts" name="extractPayloadLabelNames &gt; entries where name is not a string are dropped" time="0.000045959">
        </testcase>
        <testcase classname="adws/triggers/__tests__/issueOpenedRouter.test.ts" name="routeIssueOpened &gt; AC1: adw:none → opted_out; no spawn, no comment, no eligibility check" time="0.000672542">
        </testcase>
        <testcase classname="adws/triggers/__tests__/issueOpenedRouter.test.ts" name="routeIssueOpened &gt; AC3: adw:bug + adw:feature → refused_multi_label; postComment with MULTI_LABEL_REFUSAL_COMMENT; no spawn" time="0.00050475">
        </testcase>
        <testcase classname="adws/triggers/__tests__/issueOpenedRouter.test.ts" name="routeIssueOpened &gt; AC2: single adw:bug → spawned_classified; precomputedClassification set; no LLM/postComment" time="0.000181709">
        </testcase>
        <testcase classname="adws/triggers/__tests__/issueOpenedRouter.test.ts" name="routeIssueOpened &gt; AC4: no adw:* labels → spawned_inferred; persistInferredLabel: true" time="0.000111458">
        </testcase>
        <testcase classname="adws/triggers/__tests__/issueOpenedRouter.test.ts" name="routeIssueOpened &gt; classified + ineligible → deferred; no spawn" time="0.001183333">
            <system-out>
📋 [2026-10-06T17:53:41.496Z] Deferring issue #100: concurrency_limit

            </system-out>
        </testcase>
        <testcase classname="adws/triggers/__tests__/issueOpenedRouter.test.ts" name="routeIssueOpened &gt; infer + ineligible → deferred; no spawn" time="0.0001705">
            <system-out>
📋 [2026-10-06T17:53:41.497Z] Deferring issue #100: open dependencies [undefined]

            </system-out>
        </testcase>
        <testcase classname="adws/triggers/__tests__/issueOpenedRouter.test.ts" name="MULTI_LABEL_REFUSAL_COMMENT &gt; does not match the ADW emoji heading pattern /^## :[a-z_]+: /m" time="0.000069542">
        </testcase>
        <testcase classname="adws/triggers/__tests__/issueOpenedRouter.test.ts" name="MULTI_LABEL_REFUSAL_COMMENT &gt; does not contain &lt;!-- adw-bot --&gt;" time="0.000068375">
        </testcase>
        <testcase classname="adws/triggers/__tests__/issueOpenedRouter.test.ts" name="MULTI_LABEL_REFUSAL_COMMENT &gt; contains the substring &quot;adw:&quot; (references the namespace it is asking to clean up)" time="0.0001905">
        </testcase>
    </testsuite>
    <testsuite name="adws/triggers/__tests__/mergeDispatchGate.test.ts" timestamp="2026-10-06T17:53:43.862Z" hostname="macmini.local" tests="4" failures="0" errors="0" skipped="0" time="0.003947375">
        <testcase classname="adws/triggers/__tests__/mergeDispatchGate.test.ts" name="shouldDispatchMerge &gt; dispatches when there is no lock record" time="0.001671667">
        </testcase>
        <testcase classname="adws/triggers/__tests__/mergeDispatchGate.test.ts" name="shouldDispatchMerge &gt; dispatches when the lock PID is dead" time="0.0002935">
        </testcase>
        <testcase classname="adws/triggers/__tests__/mergeDispatchGate.test.ts" name="shouldDispatchMerge &gt; defers when the lock is held by a live PID" time="0.000287542">
        </testcase>
        <testcase classname="adws/triggers/__tests__/mergeDispatchGate.test.ts" name="shouldDispatchMerge &gt; dispatches when pidStartedAt is empty (malformed lock) without calling isLive" time="0.000463584">
        </testcase>
    </testsuite>
    <testsuite name="adws/triggers/__tests__/pauseQueueDecider.test.ts" timestamp="2026-10-06T17:53:43.863Z" hostname="macmini.local" tests="61" failures="0" errors="0" skipped="0" time="0.009911167">
        <testcase classname="adws/triggers/__tests__/pauseQueueDecider.test.ts" name="parseResetsAt / isBeforeReset &gt; a future ISO timestamp is before reset" time="0.001397292">
        </testcase>
        <testcase classname="adws/triggers/__tests__/pauseQueueDecider.test.ts" name="parseResetsAt / isBeforeReset &gt; a past ISO timestamp is not before reset" time="0.000171208">
        </testcase>
        <testcase classname="adws/triggers/__tests__/pauseQueueDecider.test.ts" name="parseResetsAt / isBeforeReset &gt; a resetsAt exactly equal to now is not before reset (due, not frozen)" time="0.000358541">
        </testcase>
        <testcase classname="adws/triggers/__tests__/pauseQueueDecider.test.ts" name="parseResetsAt / isBeforeReset &gt; an absent resetsAt is not before reset" time="0.000222125">
        </testcase>
        <testcase classname="adws/triggers/__tests__/pauseQueueDecider.test.ts" name="parseResetsAt / isBeforeReset &gt; an unparseable resetsAt is not before reset and parses to null" time="0.000148583">
        </testcase>
        <testcase classname="adws/triggers/__tests__/pauseQueueDecider.test.ts" name="decidePauseQueueAction — reset gate &gt; before resetsAt, a clear verdict is skip_before_reset regardless" time="0.000784292">
        </testcase>
        <testcase classname="adws/triggers/__tests__/pauseQueueDecider.test.ts" name="decidePauseQueueAction — reset gate &gt; before resetsAt, a limited verdict is skip_before_reset regardless" time="0.000157667">
        </testcase>
        <testcase classname="adws/triggers/__tests__/pauseQueueDecider.test.ts" name="decidePauseQueueAction — reset gate &gt; before resetsAt, a failed verdict is skip_before_reset regardless" time="0.00012275">
        </testcase>
        <testcase classname="adws/triggers/__tests__/pauseQueueDecider.test.ts" name="decidePauseQueueAction — reset gate &gt; before resetsAt, a unknown verdict is skip_before_reset regardless" time="0.000125791">
        </testcase>
        <testcase classname="adws/triggers/__tests__/pauseQueueDecider.test.ts" name="decidePauseQueueAction — reset gate &gt; a strike that would have evicted is not counted while before resetsAt" time="0.0001695">
        </testcase>
        <testcase classname="adws/triggers/__tests__/pauseQueueDecider.test.ts" name="decidePauseQueueAction — reset gate &gt; a clear probe taken early does not resume" time="0.000100666">
        </testcase>
        <testcase classname="adws/triggers/__tests__/pauseQueueDecider.test.ts" name="decidePauseQueueAction — resume &gt; clear after a past reset resumes" time="0.000181625">
        </testcase>
        <testcase classname="adws/triggers/__tests__/pauseQueueDecider.test.ts" name="decidePauseQueueAction — resume &gt; clear on a legacy entry (no resetsAt) resumes" time="0.000161416">
        </testcase>
        <testcase classname="adws/triggers/__tests__/pauseQueueDecider.test.ts" name="decidePauseQueueAction — resume &gt; clear on an unparseable resetsAt resumes" time="0.000110125">
        </testcase>
        <testcase classname="adws/triggers/__tests__/pauseQueueDecider.test.ts" name="decidePauseQueueAction — refresh_reset &gt; limited with a reported reset time and limit type refreshes both, exactly" time="0.000227959">
        </testcase>
        <testcase classname="adws/triggers/__tests__/pauseQueueDecider.test.ts" name="decidePauseQueueAction — refresh_reset &gt; limited with a limit type but no reset time is a bare refresh_reset — no change, not even the limit type" time="0.000099709">
        </testcase>
        <testcase classname="adws/triggers/__tests__/pauseQueueDecider.test.ts" name="decidePauseQueueAction — refresh_reset &gt; limited with no facts at all is a bare refresh_reset" time="0.000083042">
        </testcase>
        <testcase classname="adws/triggers/__tests__/pauseQueueDecider.test.ts" name="decidePauseQueueAction — refresh_reset &gt; limited with no facts, one strike short of eviction, is still refresh_reset — never evicted" time="0.000075667">
        </testcase>
        <testcase classname="adws/triggers/__tests__/pauseQueueDecider.test.ts" name="decidePauseQueueAction — refresh_reset &gt; limited on a legacy entry (no resetsAt) with facts refreshes it — gains a reset time" time="0.0001175">
        </testcase>
        <testcase classname="adws/triggers/__tests__/pauseQueueDecider.test.ts" name="decidePauseQueueAction — strikes and eviction &gt; failed verdict at 0 prior failures -&gt; count_strike (1)" time="0.00017275">
        </testcase>
        <testcase classname="adws/triggers/__tests__/pauseQueueDecider.test.ts" name="decidePauseQueueAction — strikes and eviction &gt; failed verdict at 1 prior failures -&gt; count_strike (2)" time="0.00006725">
        </testcase>
        <testcase classname="adws/triggers/__tests__/pauseQueueDecider.test.ts" name="decidePauseQueueAction — strikes and eviction &gt; failed verdict at 2 prior failures -&gt; evict (3)" time="0.000063834">
        </testcase>
        <testcase classname="adws/triggers/__tests__/pauseQueueDecider.test.ts" name="decidePauseQueueAction — strikes and eviction &gt; unknown verdict at 0 prior failures -&gt; count_strike (1)" time="0.00005025">
        </testcase>
        <testcase classname="adws/triggers/__tests__/pauseQueueDecider.test.ts" name="decidePauseQueueAction — strikes and eviction &gt; unknown verdict at 1 prior failures -&gt; count_strike (2)" time="0.000048833">
        </testcase>
        <testcase classname="adws/triggers/__tests__/pauseQueueDecider.test.ts" name="decidePauseQueueAction — strikes and eviction &gt; unknown verdict at 2 prior failures -&gt; evict (3)" time="0.000048541">
        </testcase>
        <testcase classname="adws/triggers/__tests__/pauseQueueDecider.test.ts" name="decidePauseQueueAction — strikes and eviction &gt; a legacy entry with probeFailures absent strikes to 1" time="0.000075917">
        </testcase>
        <testcase classname="adws/triggers/__tests__/pauseQueueDecider.test.ts" name="decidePauseQueueAction — strikes and eviction &gt; maxProbeFailures of 1 evicts on the first strike" time="0.000069042">
        </testcase>
        <testcase classname="adws/triggers/__tests__/pauseQueueDecider.test.ts" name="decidePauseQueueAction — strikes and eviction &gt; a past resetsAt with an unknown verdict still strikes — the gate only protects entries still waiting" time="0.000075292">
        </testcase>
        <testcase classname="adws/triggers/__tests__/pauseQueueDecider.test.ts" name="decidePauseQueueAction — purity &gt; is deterministic across repeated calls with the same input" time="0.000109125">
        </testcase>
        <testcase classname="adws/triggers/__tests__/pauseQueueDecider.test.ts" name="decidePauseQueueAction — purity &gt; does not mutate the input entry" time="0.000142375">
        </testcase>
        <testcase classname="adws/triggers/__tests__/pauseQueueDecider.test.ts" name="decidePauseQueueAction — purity &gt; does not mutate an entry with extraArgs present (the ownership read must not splice)" time="0.000153583">
        </testcase>
        <testcase classname="adws/triggers/__tests__/pauseQueueDecider.test.ts" name="decidePauseQueueAction — ownership &gt; a matching target repo proceeds to the reset gate: before reset -&gt; skip_before_reset" time="0.0000935">
        </testcase>
        <testcase classname="adws/triggers/__tests__/pauseQueueDecider.test.ts" name="decidePauseQueueAction — ownership &gt; a matching target repo proceeds to the verdict: clear after a past reset -&gt; resume" time="0.000085">
        </testcase>
        <testcase classname="adws/triggers/__tests__/pauseQueueDecider.test.ts" name="decidePauseQueueAction — ownership &gt; a matching target repo proceeds to the verdict: failed -&gt; count_strike" time="0.000090208">
        </testcase>
        <testcase classname="adws/triggers/__tests__/pauseQueueDecider.test.ts" name="decidePauseQueueAction — ownership &gt; a mismatching target repo is skip_not_owner regardless of the clear verdict, before the reset time" time="0.000072792">
        </testcase>
        <testcase classname="adws/triggers/__tests__/pauseQueueDecider.test.ts" name="decidePauseQueueAction — ownership &gt; a mismatching target repo is skip_not_owner regardless of the limited verdict, before the reset time" time="0.000053583">
        </testcase>
        <testcase classname="adws/triggers/__tests__/pauseQueueDecider.test.ts" name="decidePauseQueueAction — ownership &gt; a mismatching target repo is skip_not_owner regardless of the failed verdict, before the reset time" time="0.000047875">
        </testcase>
        <testcase classname="adws/triggers/__tests__/pauseQueueDecider.test.ts" name="decidePauseQueueAction — ownership &gt; a mismatching target repo is skip_not_owner regardless of the unknown verdict, before the reset time" time="0.000046875">
        </testcase>
        <testcase classname="adws/triggers/__tests__/pauseQueueDecider.test.ts" name="decidePauseQueueAction — ownership &gt; a mismatching target repo is skip_not_owner regardless of the clear verdict, after the reset time" time="0.000071166">
        </testcase>
        <testcase classname="adws/triggers/__tests__/pauseQueueDecider.test.ts" name="decidePauseQueueAction — ownership &gt; a mismatching target repo is skip_not_owner regardless of the limited verdict, after the reset time" time="0.000049167">
        </testcase>
        <testcase classname="adws/triggers/__tests__/pauseQueueDecider.test.ts" name="decidePauseQueueAction — ownership &gt; a mismatching target repo is skip_not_owner regardless of the failed verdict, after the reset time" time="0.000043625">
        </testcase>
        <testcase classname="adws/triggers/__tests__/pauseQueueDecider.test.ts" name="decidePauseQueueAction — ownership &gt; a mismatching target repo is skip_not_owner regardless of the unknown verdict, after the reset time" time="0.000048084">
        </testcase>
        <testcase classname="adws/triggers/__tests__/pauseQueueDecider.test.ts" name="decidePauseQueueAction — ownership &gt; a mismatching target repo is skip_not_owner one strike short of eviction — never evict" time="0.000065583">
        </testcase>
        <testcase classname="adws/triggers/__tests__/pauseQueueDecider.test.ts" name="decidePauseQueueAction — ownership &gt; an entry with no extraArgs is owned by the self-host cron: clear -&gt; resume" time="0.00006525">
        </testcase>
        <testcase classname="adws/triggers/__tests__/pauseQueueDecider.test.ts" name="decidePauseQueueAction — ownership &gt; an entry with no extraArgs is not owned by a --target-repo cron" time="0.00006325">
        </testcase>
        <testcase classname="adws/triggers/__tests__/pauseQueueDecider.test.ts" name="decidePauseQueueAction — ownership &gt; an entry tagged with the self-host cron&apos;s own repo is owned by it (every cron-spawned orchestrator carries --target-repo)" time="0.00007175">
        </testcase>
        <testcase classname="adws/triggers/__tests__/pauseQueueDecider.test.ts" name="decidePauseQueueAction — ownership &gt; the self-host cron does not own an entry tagged with a different repo: clear" time="0.000070125">
        </testcase>
        <testcase classname="adws/triggers/__tests__/pauseQueueDecider.test.ts" name="decidePauseQueueAction — ownership &gt; the self-host cron does not own an entry tagged with a different repo: failed at the strike cap" time="0.000070333">
        </testcase>
        <testcase classname="adws/triggers/__tests__/pauseQueueDecider.test.ts" name="decidePauseQueueAction — ownership &gt; the target-repo match is case-insensitive, exactly like sameRepoIdentity" time="0.000065584">
        </testcase>
        <testcase classname="adws/triggers/__tests__/pauseQueueDecider.test.ts" name="decidePauseQueueAction — ownership &gt; --target-repo with no value reads as no target repo: owned by the self-host cron, not by a --target-repo cron" time="0.000091917">
        </testcase>
        <testcase classname="adws/triggers/__tests__/pauseQueueDecider.test.ts" name="decidePauseQueueAction — ownership &gt; --target-repo with a malformed value (no slash) reads as no target repo: owned by the self-host cron, not by a --target-repo cron" time="0.000063083">
        </testcase>
        <testcase classname="adws/triggers/__tests__/pauseQueueDecider.test.ts" name="decidePauseQueueAction — ownership &gt; --target-repo with an empty owner reads as no target repo: owned by the self-host cron, not by a --target-repo cron" time="0.00006675">
        </testcase>
        <testcase classname="adws/triggers/__tests__/pauseQueueDecider.test.ts" name="decidePauseQueueAction — ownership &gt; a non-array extraArgs (a hand-written queue file) never throws and reads as no target repo" time="0.000084125">
        </testcase>
        <testcase classname="adws/triggers/__tests__/pauseQueueDecider.test.ts" name="decidePauseQueueAction — ownership &gt; a non-string value after --target-repo never throws and reads as no target repo" time="0.000088375">
        </testcase>
        <testcase classname="adws/triggers/__tests__/pauseQueueDecider.test.ts" name="decidePauseQueueAction — ownership &gt; a legacy --clone-url alongside --target-repo does not affect ownership" time="0.000062792">
        </testcase>
        <testcase classname="adws/triggers/__tests__/pauseQueueDecider.test.ts" name="isOwnedByScanningCron &gt; owns an entry whose target repo matches the scanning cron" time="0.000073458">
        </testcase>
        <testcase classname="adws/triggers/__tests__/pauseQueueDecider.test.ts" name="isOwnedByScanningCron &gt; does not own an entry whose target repo mismatches" time="0.000069125">
        </testcase>
        <testcase classname="adws/triggers/__tests__/pauseQueueDecider.test.ts" name="isOwnedByScanningCron &gt; a target-less entry is owned only by the self-host cron" time="0.000078625">
        </testcase>
        <testcase classname="adws/triggers/__tests__/pauseQueueDecider.test.ts" name="isOwnedByScanningCron &gt; the self-host cron owns an entry tagged with its own repo, and no other" time="0.000077">
        </testcase>
        <testcase classname="adws/triggers/__tests__/pauseQueueDecider.test.ts" name="isOwnedByScanningCron &gt; matches case-insensitively" time="0.00005525">
        </testcase>
        <testcase classname="adws/triggers/__tests__/pauseQueueDecider.test.ts" name="isOwnedByScanningCron &gt; a malformed or non-array extraArgs never throws and reads as no target repo" time="0.000088917">
        </testcase>
    </testsuite>
    <testsuite name="adws/triggers/__tests__/pauseQueueScanner.test.ts" timestamp="2026-10-06T17:53:43.865Z" hostname="macmini.local" tests="42" failures="0" errors="0" skipped="0" time="0.031406916">
        <testcase classname="adws/triggers/__tests__/pauseQueueScanner.test.ts" name="resumeWorkflow &gt; worktree gone: removes from queue and posts an error comment through the entry&apos;s own boundary" time="0.004976375">
        </testcase>
        <testcase classname="adws/triggers/__tests__/pauseQueueScanner.test.ts" name="resumeWorkflow &gt; builds the boundary from the entry&apos;s own --target-repo args, not the cron host&apos;s cwd (the bug-fix proof)" time="0.001000916">
        </testcase>
        <testcase classname="adws/triggers/__tests__/pauseQueueScanner.test.ts" name="resumeWorkflow &gt; a throwing buildLaunchBoundary is swallowed — logs a warning instead of crashing the scan" time="0.001391792">
        </testcase>
        <testcase classname="adws/triggers/__tests__/pauseQueueScanner.test.ts" name="resumeWorkflow &gt; spawn stdio includes a log file fd (not the string &quot;ignore&quot;)" time="0.002125833">
        </testcase>
        <testcase classname="adws/triggers/__tests__/pauseQueueScanner.test.ts" name="resumeWorkflow &gt; spawn cwd is pinned to REPO_ROOT, NOT entry.worktreePath" time="0.000896708">
        </testcase>
        <testcase classname="adws/triggers/__tests__/pauseQueueScanner.test.ts" name="resumeWorkflow &gt; early child exit: re-appends the entry with probeFailures incremented" time="0.002275666">
        </testcase>
        <testcase classname="adws/triggers/__tests__/pauseQueueScanner.test.ts" name="resumeWorkflow &gt; an &apos;error&apos; event before the readiness timer fires re-appends the entry with probeFailures incremented" time="0.000875167">
        </testcase>
        <testcase classname="adws/triggers/__tests__/pauseQueueScanner.test.ts" name="resumeWorkflow &gt; a spawn seam that throws synchronously resolves (never rejects), re-appends the entry with a strike, and closes the log fd" time="0.000843375">
        </testcase>
        <testcase classname="adws/triggers/__tests__/pauseQueueScanner.test.ts" name="resumeWorkflow &gt; a legacy entry with probeFailures absent whose spawn fails is re-appended with 1" time="0.00097175">
        </testcase>
        <testcase classname="adws/triggers/__tests__/pauseQueueScanner.test.ts" name="resumeWorkflow &gt; re-appending after the entry is already back in the queue does not duplicate it (adwId dedupe)" time="0.000788333">
        </testcase>
        <testcase classname="adws/triggers/__tests__/pauseQueueScanner.test.ts" name="resumeWorkflow &gt; removes the entry before the spawn seam is invoked — the queue is already empty at the moment of the spawn" time="0.001078583">
        </testcase>
        <testcase classname="adws/triggers/__tests__/pauseQueueScanner.test.ts" name="resumeWorkflow &gt; happy path: removes from queue and posts resumed comment after readiness window" time="0.000566708">
        </testcase>
        <testcase classname="adws/triggers/__tests__/pauseQueueScanner.test.ts" name="resumeWorkflow &gt; resume with matching claim proceeds to spawn and commits side-effects" time="0.000686667">
        </testcase>
        <testcase classname="adws/triggers/__tests__/pauseQueueScanner.test.ts" name="resumeWorkflow &gt; aborts when top-level state adwId diverges from the entry adwId" time="0.000237208">
        </testcase>
        <testcase classname="adws/triggers/__tests__/pauseQueueScanner.test.ts" name="resumeWorkflow &gt; aborts when top-level state file is missing" time="0.000173083">
        </testcase>
        <testcase classname="adws/triggers/__tests__/pauseQueueScanner.test.ts" name="resumeWorkflow &gt; aborts when spawn lock is already held by another live process, and neither removes nor strikes the entry" time="0.00018725">
        </testcase>
        <testcase classname="adws/triggers/__tests__/pauseQueueScanner.test.ts" name="resumeWorkflow &gt; uses the target repo from extraArgs for spawn-lock, not the cwd-resolved repo" time="0.000600209">
        </testcase>
        <testcase classname="adws/triggers/__tests__/pauseQueueScanner.test.ts" name="resumeWorkflow &gt; falls back to getRepoInfo() when entry has no extraArgs (framework self-hosting workflow)" time="0.00072375">
        </testcase>
        <testcase classname="adws/triggers/__tests__/pauseQueueScanner.test.ts" name="scanPauseQueue &gt; a &quot;limited&quot; outcome does not touch probeFailures, remove the entry, or post a comment" time="0.001038708">
        </testcase>
        <testcase classname="adws/triggers/__tests__/pauseQueueScanner.test.ts" name="scanPauseQueue &gt; an &quot;unknown&quot; outcome below the cap increments probeFailures without removing the entry" time="0.000514375">
        </testcase>
        <testcase classname="adws/triggers/__tests__/pauseQueueScanner.test.ts" name="scanPauseQueue &gt; an &quot;unknown&quot; outcome at the failure cap drops the entry and posts the manual-restart comment" time="0.000494083">
        </testcase>
        <testcase classname="adws/triggers/__tests__/pauseQueueScanner.test.ts" name="scanPauseQueue &gt; a &quot;failed&quot; outcome below the cap increments probeFailures without removing the entry" time="0.000405334">
        </testcase>
        <testcase classname="adws/triggers/__tests__/pauseQueueScanner.test.ts" name="scanPauseQueue &gt; a &quot;failed&quot; outcome at the cap drops the entry and posts the manual-restart comment" time="0.000381208">
        </testcase>
        <testcase classname="adws/triggers/__tests__/pauseQueueScanner.test.ts" name="scanPauseQueue &gt; a &quot;clear&quot; outcome resumes the queued workflow" time="0.000588375">
        </testcase>
        <testcase classname="adws/triggers/__tests__/pauseQueueScanner.test.ts" name="scanPauseQueue &gt; probes exactly once per scan regardless of queue size" time="0.000287209">
        </testcase>
        <testcase classname="adws/triggers/__tests__/pauseQueueScanner.test.ts" name="scanPauseQueue &gt; does not invoke the probe when every entry is still before its reset time" time="0.000208834">
        </testcase>
        <testcase classname="adws/triggers/__tests__/pauseQueueScanner.test.ts" name="scanPauseQueue &gt; probes once when at least one entry is due and leaves the still-waiting entry untouched" time="0.000273">
        </testcase>
        <testcase classname="adws/triggers/__tests__/pauseQueueScanner.test.ts" name="scanPauseQueue &gt; a limited probe that reports a reset time refreshes the entry and never increments probeFailures" time="0.000174791">
        </testcase>
        <testcase classname="adws/triggers/__tests__/pauseQueueScanner.test.ts" name="scanPauseQueue &gt; a limited probe on a legacy entry gains the reported reset time" time="0.000131625">
        </testcase>
        <testcase classname="adws/triggers/__tests__/pauseQueueScanner.test.ts" name="scanPauseQueue &gt; a limited probe naming a limit type but reporting no reset time writes only lastProbeAt" time="0.000117125">
        </testcase>
        <testcase classname="adws/triggers/__tests__/pauseQueueScanner.test.ts" name="scanPauseQueue &gt; a clear probe after the reset time resumes the workflow" time="0.000407958">
        </testcase>
        <testcase classname="adws/triggers/__tests__/pauseQueueScanner.test.ts" name="scanPauseQueue &gt; eviction names ## Retry, keeps the manual-restart phrase, and writes no top-level state" time="0.000354042">
        </testcase>
        <testcase classname="adws/triggers/__tests__/pauseQueueScanner.test.ts" name="scanPauseQueue &gt; eviction on an unknown verdict mentions the result could not be classified" time="0.000150166">
        </testcase>
        <testcase classname="adws/triggers/__tests__/pauseQueueScanner.test.ts" name="scanPauseQueue &gt; a legacy JSON entry (no probeFailures, no new fields) is handled exactly as before, under the self-host cron" time="0.000177875">
        </testcase>
        <testcase classname="adws/triggers/__tests__/pauseQueueScanner.test.ts" name="scanPauseQueue &gt; uses the injected clock for lastProbeAt" time="0.000141208">
        </testcase>
        <testcase classname="adws/triggers/__tests__/pauseQueueScanner.test.ts" name="scanPauseQueue &gt; a non-owning cron scan calls no probe and writes nothing, because nothing in the queue is owned" time="0.000138666">
        </testcase>
        <testcase classname="adws/triggers/__tests__/pauseQueueScanner.test.ts" name="scanPauseQueue &gt; a mixed queue probes once and only the owned entry is struck — the foreign entry is untouched" time="0.000206041">
        </testcase>
        <testcase classname="adws/triggers/__tests__/pauseQueueScanner.test.ts" name="scanPauseQueue &gt; a due foreign entry never triggers the probe while the owned entry still waits for its reset time" time="0.000125958">
        </testcase>
        <testcase classname="adws/triggers/__tests__/pauseQueueScanner.test.ts" name="scanPauseQueue &gt; a legacy entry with no extraArgs is resumed by the self-host cron on a clear probe" time="0.000872958">
        </testcase>
        <testcase classname="adws/triggers/__tests__/pauseQueueScanner.test.ts" name="scanPauseQueue &gt; a legacy entry with no extraArgs is left alone by a --target-repo cron" time="0.000482583">
        </testcase>
        <testcase classname="adws/triggers/__tests__/pauseQueueScanner.test.ts" name="scanPauseQueue &gt; a clear probe over a mixed queue spawns exactly the owned entry, leaving the foreign one queued" time="0.000643958">
        </testcase>
        <testcase classname="adws/triggers/__tests__/pauseQueueScanner.test.ts" name="scanPauseQueue &gt; through the scanner, the queue no longer holds the entry at the moment the spawn seam is invoked" time="0.001233625">
        </testcase>
    </testsuite>
    <testsuite name="adws/triggers/__tests__/perIssueScenarioSweep.test.ts" timestamp="2026-10-06T17:53:43.866Z" hostname="macmini.local" tests="22" failures="0" errors="0" skipped="0" time="0.0067805">
        <testcase classname="adws/triggers/__tests__/perIssueScenarioSweep.test.ts" name="isScenarioStale — truth table &gt; mergedAt = null → false (issue not yet merged)" time="0.000683334">
        </testcase>
        <testcase classname="adws/triggers/__tests__/perIssueScenarioSweep.test.ts" name="isScenarioStale — truth table &gt; age = 13d → false (within retention window)" time="0.000092958">
        </testcase>
        <testcase classname="adws/triggers/__tests__/perIssueScenarioSweep.test.ts" name="isScenarioStale — truth table &gt; age = 14d exactly → true (on the boundary)" time="0.000065917">
        </testcase>
        <testcase classname="adws/triggers/__tests__/perIssueScenarioSweep.test.ts" name="isScenarioStale — truth table &gt; age = 30d → true (well past retention)" time="0.000059709">
        </testcase>
        <testcase classname="adws/triggers/__tests__/perIssueScenarioSweep.test.ts" name="isScenarioStale — truth table &gt; mergedAt in the future (clock skew) → false" time="0.000058083">
        </testcase>
        <testcase classname="adws/triggers/__tests__/perIssueScenarioSweep.test.ts" name="runPerIssueScenarioSweep — integration &gt; sweeps both the feature file and its step-def sibling(s) for a stale issue" time="0.001369208">
        </testcase>
        <testcase classname="adws/triggers/__tests__/perIssueScenarioSweep.test.ts" name="runPerIssueScenarioSweep — integration &gt; invokes persistRemoval exactly once with the full removal batch (the commit path)" time="0.000250084">
        </testcase>
        <testcase classname="adws/triggers/__tests__/perIssueScenarioSweep.test.ts" name="runPerIssueScenarioSweep — integration &gt; no-op: does not invoke persistRemoval and returns [] when nothing is stale" time="0.000160709">
        </testcase>
        <testcase classname="adws/triggers/__tests__/perIssueScenarioSweep.test.ts" name="runPerIssueScenarioSweep — integration &gt; getMergedAt rejection does not sweep that file and does not abort others" time="0.000637667">
        </testcase>
        <testcase classname="adws/triggers/__tests__/perIssueScenarioSweep.test.ts" name="runPerIssueScenarioSweep — integration &gt; default getMergedAt routes through boundary.providers.codeHost.listMergedPullRequests (never gitContextForRepo)" time="0.000273333">
        </testcase>
        <testcase classname="adws/triggers/__tests__/perIssueScenarioSweep.test.ts" name="runPerIssueScenarioSweep — integration &gt; default getMergedAt returns null on throw (fail-open)" time="0.000162125">
        </testcase>
        <testcase classname="adws/triggers/__tests__/perIssueScenarioSweep.test.ts" name="runPerIssueScenarioSweep — integration &gt; skips files whose names do not match the feature-{N}.feature pattern" time="0.000148875">
        </testcase>
        <testcase classname="adws/triggers/__tests__/perIssueScenarioSweep.test.ts" name="runPerIssueScenarioSweep — promotion-awareness &gt; a stale file tagged @promotion-suggested-&lt;date&gt; is kept and logs an info promotion-exempt message" time="0.00017025">
        </testcase>
        <testcase classname="adws/triggers/__tests__/perIssueScenarioSweep.test.ts" name="runPerIssueScenarioSweep — promotion-awareness &gt; a stale file tagged @promotion-declined is swept on the normal TTL" time="0.000113084">
        </testcase>
        <testcase classname="adws/triggers/__tests__/perIssueScenarioSweep.test.ts" name="runPerIssueScenarioSweep — promotion-awareness &gt; a stale untagged file is swept exactly as today (no behaviour change)" time="0.00009425">
        </testcase>
        <testcase classname="adws/triggers/__tests__/perIssueScenarioSweep.test.ts" name="runPerIssueScenarioSweep — promotion-awareness &gt; a stale file whose content cannot be read is skipped (conservative) and logs a warn message" time="0.000110792">
        </testcase>
        <testcase classname="adws/triggers/__tests__/perIssueScenarioSweep.test.ts" name="runPerIssueScenarioSweep — promotion-awareness &gt; a fresh (non-stale) file never has its content read (no new I/O on the common path)" time="0.0000845">
        </testcase>
        <testcase classname="adws/triggers/__tests__/perIssueScenarioSweep.test.ts" name="runPerIssueScenarioSweep — default wiring through the injected GitContext &gt; creates a dedicated worktree off the default branch, lists via lsFiles on the worktree path, and persists via removeAndCommitPaths + pushBranch + createPullRequest + mergePullRequest, then cleans up" time="0.000741417">
        </testcase>
        <testcase classname="adws/triggers/__tests__/perIssueScenarioSweep.test.ts" name="runPerIssueScenarioSweep — default wiring through the injected GitContext &gt; does not push, open a PR, or merge when removeAndCommitPaths reports nothing was committed" time="0.000220625">
        </testcase>
        <testcase classname="adws/triggers/__tests__/perIssueScenarioSweep.test.ts" name="runPerIssueScenarioSweep — default wiring through the injected GitContext &gt; skips the sweep branch and PR when an open sweep PR already exists" time="0.000227041">
        </testcase>
        <testcase classname="adws/triggers/__tests__/perIssueScenarioSweep.test.ts" name="runPerIssueScenarioSweep — default wiring through the injected GitContext &gt; never creates a worktree for a fully-injected caller (no base-dependent default runs)" time="0.000164708">
        </testcase>
        <testcase classname="adws/triggers/__tests__/perIssueScenarioSweep.test.ts" name="runPerIssueScenarioSweep — default wiring through the injected GitContext &gt; operates on the identity carried by the injected boundary, not a hardcoded repo (a target-shaped boundary is swept, not the self-host default)" time="0.000184417">
        </testcase>
    </testsuite>
    <testsuite name="adws/triggers/__tests__/perIssueSweepPersist.test.ts" timestamp="2026-10-06T17:53:43.867Z" hostname="macmini.local" tests="15" failures="0" errors="0" skipped="0" time="0.012225708">
        <testcase classname="adws/triggers/__tests__/perIssueSweepPersist.test.ts" name="persistRemovalViaPr &gt; no-op when paths is empty — no guard check, no commit" time="0.002177875">
        </testcase>
        <testcase classname="adws/triggers/__tests__/perIssueSweepPersist.test.ts" name="persistRemovalViaPr &gt; skips when an open sweep PR already exists — no commit, no push, no new PR" time="0.002157291">
        </testcase>
        <testcase classname="adws/triggers/__tests__/perIssueSweepPersist.test.ts" name="persistRemovalViaPr &gt; no-op when removeAndCommitPaths reports nothing staged — no push, no PR" time="0.000474792">
        </testcase>
        <testcase classname="adws/triggers/__tests__/perIssueSweepPersist.test.ts" name="persistRemovalViaPr &gt; commits scoped to exactly the given paths with the stable sweep commit message" time="0.000506125">
        </testcase>
        <testcase classname="adws/triggers/__tests__/perIssueSweepPersist.test.ts" name="persistRemovalViaPr &gt; a push failure is logged at error and does not open a PR (never throws)" time="0.001071334">
        </testcase>
        <testcase classname="adws/triggers/__tests__/perIssueSweepPersist.test.ts" name="persistRemovalViaPr &gt; a zero/falsy PR number is logged at error and does not attempt a merge" time="0.000505667">
        </testcase>
        <testcase classname="adws/triggers/__tests__/perIssueSweepPersist.test.ts" name="persistRemovalViaPr &gt; a merge failure is logged at error, leaving the PR open (retried next sweep)" time="0.000424917">
        </testcase>
        <testcase classname="adws/triggers/__tests__/perIssueSweepPersist.test.ts" name="persistRemovalViaPr &gt; happy path: commits, pushes the sweep branch, opens a PR, and merges it" time="0.000539042">
        </testcase>
        <testcase classname="adws/triggers/__tests__/perIssueSweepPersist.test.ts" name="persistCommitViaPr &gt; skips when an open sweep PR already exists — commit is never invoked, nothing landed" time="0.000572542">
        </testcase>
        <testcase classname="adws/triggers/__tests__/perIssueSweepPersist.test.ts" name="persistCommitViaPr &gt; no-op when commit(base) returns false — no push, no PR, nothing landed" time="0.000425666">
        </testcase>
        <testcase classname="adws/triggers/__tests__/perIssueSweepPersist.test.ts" name="persistCommitViaPr &gt; happy path: invokes commit(base), pushes, opens a PR, merges it, and reports it landed" time="0.001334125">
        </testcase>
        <testcase classname="adws/triggers/__tests__/perIssueSweepPersist.test.ts" name="persistCommitViaPr &gt; prefixes log lines with the given label" time="0.000212084">
        </testcase>
        <testcase classname="adws/triggers/__tests__/perIssueSweepPersist.test.ts" name="persistCommitViaPr &gt; a merge failure is logged at error, leaving the PR open and reporting nothing landed" time="0.00015375">
        </testcase>
        <testcase classname="adws/triggers/__tests__/perIssueSweepPersist.test.ts" name="persistCommitViaPr &gt; a falsy PR number reports nothing landed and never attempts a merge" time="0.000118458">
        </testcase>
        <testcase classname="adws/triggers/__tests__/perIssueSweepPersist.test.ts" name="persistCommitViaPr &gt; a push failure reports nothing landed and never throws" time="0.000207125">
        </testcase>
    </testsuite>
    <testsuite name="adws/triggers/__tests__/perIssueSweepPersistBase.test.ts" timestamp="2026-10-06T17:53:43.867Z" hostname="macmini.local" tests="16" failures="0" errors="0" skipped="0" time="0.010931125">
        <testcase classname="adws/triggers/__tests__/perIssueSweepPersistBase.test.ts" name="prepareSweepBase &gt; resolves a SweepBase off a dedicated worktree created from the code host&apos;s default branch" time="0.003258542">
        </testcase>
        <testcase classname="adws/triggers/__tests__/perIssueSweepPersistBase.test.ts" name="prepareSweepBase &gt; best-effort cleans a stale prior sweep worktree before creating a fresh one" time="0.000503833">
        </testcase>
        <testcase classname="adws/triggers/__tests__/perIssueSweepPersistBase.test.ts" name="prepareSweepBase &gt; a throwing removeWorktree pre-clean does not abort base preparation" time="0.000469417">
        </testcase>
        <testcase classname="adws/triggers/__tests__/perIssueSweepPersistBase.test.ts" name="prepareSweepBase &gt; returns null when worktree creation fails (degrades to a no-op sweep, never throws)" time="0.000384709">
        </testcase>
        <testcase classname="adws/triggers/__tests__/perIssueSweepPersistBase.test.ts" name="prepareSweepBase &gt; findOpenSweepPr resolves an OPEN PR number via codeHost.findPullRequestByBranch" time="0.000369084">
        </testcase>
        <testcase classname="adws/triggers/__tests__/perIssueSweepPersistBase.test.ts" name="prepareSweepBase &gt; findOpenSweepPr returns null when the found PR is not open" time="0.000318959">
        </testcase>
        <testcase classname="adws/triggers/__tests__/perIssueSweepPersistBase.test.ts" name="prepareSweepBase &gt; findOpenSweepPr returns null when no PR is found for the branch" time="0.000321042">
        </testcase>
        <testcase classname="adws/triggers/__tests__/perIssueSweepPersistBase.test.ts" name="prepareSweepBase &gt; openPr delegates to codeHost.createPullRequest with the sweep head/base branches and returns the PR number" time="0.001497917">
        </testcase>
        <testcase classname="adws/triggers/__tests__/perIssueSweepPersistBase.test.ts" name="prepareSweepBase &gt; mergePr delegates to codeHost.mergePullRequest" time="0.00076975">
        </testcase>
        <testcase classname="adws/triggers/__tests__/perIssueSweepPersistBase.test.ts" name="prepareSweepBase — custom spec &gt; uses the given spec&apos;s branch for worktree creation and PR title for openPr" time="0.000655084">
        </testcase>
        <testcase classname="adws/triggers/__tests__/perIssueSweepPersistBase.test.ts" name="prepareSweepBase — custom spec &gt; defaults to PER_ISSUE_SWEEP_SPEC when no spec is given" time="0.000127375">
        </testcase>
        <testcase classname="adws/triggers/__tests__/perIssueSweepPersistBase.test.ts" name="cleanupSweepBase &gt; deletes the remote sweep branch and removes the local worktree" time="0.000145292">
        </testcase>
        <testcase classname="adws/triggers/__tests__/perIssueSweepPersistBase.test.ts" name="cleanupSweepBase &gt; a throwing deleteRemoteBranch does not prevent worktree removal (best-effort, never throws)" time="0.00038575">
        </testcase>
        <testcase classname="adws/triggers/__tests__/perIssueSweepPersistBase.test.ts" name="cleanupSweepBase &gt; a throwing removeWorktree never escapes (best-effort)" time="0.000109834">
        </testcase>
        <testcase classname="adws/triggers/__tests__/perIssueSweepPersistBase.test.ts" name="cleanupSweepBase &gt; leaves the remote branch and the worktree alone when the sweep branch is the default branch" time="0.000071334">
        </testcase>
        <testcase classname="adws/triggers/__tests__/perIssueSweepPersistBase.test.ts" name="cleanupSweepBase &gt; tears the sweep branch down when the default branch is another branch" time="0.000075084">
        </testcase>
    </testsuite>
    <testsuite name="adws/triggers/__tests__/promotionSweep.test.ts" timestamp="2026-10-06T17:53:43.868Z" hostname="macmini.local" tests="13" failures="0" errors="0" skipped="0" time="0.012826">
        <testcase classname="adws/triggers/__tests__/promotionSweep.test.ts" name="runPromotionSweep — originate &gt; lands the suggested marker through one persistMarkers call, then files the issue" time="0.003918541">
        </testcase>
        <testcase classname="adws/triggers/__tests__/promotionSweep.test.ts" name="runPromotionSweep — originate &gt; files the issue only after persistMarkers has resolved, not while it is pending" time="0.0005305">
        </testcase>
        <testcase classname="adws/triggers/__tests__/promotionSweep.test.ts" name="runPromotionSweep — originate &gt; files no issue and reports nothing originated when the marker did not land" time="0.00197525">
        </testcase>
        <testcase classname="adws/triggers/__tests__/promotionSweep.test.ts" name="runPromotionSweep — originate &gt; files no issue and still resolves when persistMarkers rejects" time="0.000990167">
        </testcase>
        <testcase classname="adws/triggers/__tests__/promotionSweep.test.ts" name="runPromotionSweep — originate &gt; lands two candidates in one batch, then files both issues" time="0.000894708">
        </testcase>
        <testcase classname="adws/triggers/__tests__/promotionSweep.test.ts" name="runPromotionSweep — originate &gt; keeps the landed marker and reports nothing originated when filing the issue throws" time="0.000775917">
        </testcase>
        <testcase classname="adws/triggers/__tests__/promotionSweep.test.ts" name="runPromotionSweep — originate &gt; builds the issue from the sweep worktree facts: step-def siblings, destination directory, vocabulary path and score" time="0.001532333">
        </testcase>
        <testcase classname="adws/triggers/__tests__/promotionSweep.test.ts" name="runPromotionSweep — originate &gt; describes per-issue scenarios as run by their own workflow, not as input-only or never executed" time="0.000259166">
        </testcase>
        <testcase classname="adws/triggers/__tests__/promotionSweep.test.ts" name="runPromotionSweep — originate &gt; tells the agent to remove the @adw- tags and re-scope their hooks, instead of keeping the existing tags" time="0.000358542">
        </testcase>
        <testcase classname="adws/triggers/__tests__/promotionSweep.test.ts" name="runPromotionSweep — originate &gt; carries no HTML comment" time="0.000211375">
        </testcase>
        <testcase classname="adws/triggers/__tests__/promotionSweep.test.ts" name="runPromotionSweep — threshold &gt; reports the threshold the sweep scored against" time="0.000115584">
        </testcase>
        <testcase classname="adws/triggers/__tests__/promotionSweep.test.ts" name="runPromotionSweep — threshold &gt; suggests a score-4 candidate at the bootstrap threshold of 3" time="0.00015775">
        </testcase>
        <testcase classname="adws/triggers/__tests__/promotionSweep.test.ts" name="runPromotionSweep — threshold &gt; leaves the same score-4 candidate alone once two merged promotions raised the threshold to 5" time="0.000171542">
        </testcase>
    </testsuite>
    <testsuite name="adws/triggers/__tests__/promotionSweepDefaults.test.ts" timestamp="2026-10-06T17:53:43.868Z" hostname="macmini.local" tests="17" failures="0" errors="0" skipped="0" time="0.006670834">
        <testcase classname="adws/triggers/__tests__/promotionSweepDefaults.test.ts" name="PROMOTION_SWEEP_SPEC &gt; uses a dedicated branch distinct from the per-issue and docs-index sweeps" time="0.001182208">
        </testcase>
        <testcase classname="adws/triggers/__tests__/promotionSweepDefaults.test.ts" name="PROMOTION_SWEEP_SPEC &gt; describes the marker change in its pull request copy without a closing keyword" time="0.000207042">
        </testcase>
        <testcase classname="adws/triggers/__tests__/promotionSweepDefaults.test.ts" name="listPerIssueFeatures &gt; lists feature-{N}.feature files from the sweep worktree, never the host checkout" time="0.001255917">
        </testcase>
        <testcase classname="adws/triggers/__tests__/promotionSweepDefaults.test.ts" name="listPerIssueFeatures &gt; degrades to [] when ctx.lsFiles throws" time="0.000276042">
        </testcase>
        <testcase classname="adws/triggers/__tests__/promotionSweepDefaults.test.ts" name="listPerIssueFeatures &gt; degrades to [] without a sweep base and lists nothing" time="0.000182334">
        </testcase>
        <testcase classname="adws/triggers/__tests__/promotionSweepDefaults.test.ts" name="readFeatureContent &gt; reads the file from the sweep worktree, never the host checkout" time="0.000245875">
        </testcase>
        <testcase classname="adws/triggers/__tests__/promotionSweepDefaults.test.ts" name="readFeatureContent &gt; degrades to null when readFileSync throws" time="0.000198584">
        </testcase>
        <testcase classname="adws/triggers/__tests__/promotionSweepDefaults.test.ts" name="readFeatureContent &gt; degrades to null without a sweep base and reads nothing" time="0.0001425">
        </testcase>
        <testcase classname="adws/triggers/__tests__/promotionSweepDefaults.test.ts" name="listStepDefSiblings &gt; lists step-def siblings for the given feature number from the sweep worktree" time="0.000271958">
        </testcase>
        <testcase classname="adws/triggers/__tests__/promotionSweepDefaults.test.ts" name="listStepDefSiblings &gt; degrades to [] when ctx.lsFiles throws" time="0.000335416">
        </testcase>
        <testcase classname="adws/triggers/__tests__/promotionSweepDefaults.test.ts" name="listStepDefSiblings &gt; degrades to [] without a sweep base" time="0.000328959">
        </testcase>
        <testcase classname="adws/triggers/__tests__/promotionSweepDefaults.test.ts" name="scenariosConfig &gt; reads scenario paths via loadProjectConfig(&lt;sweep worktree&gt;), falling back to defaults for unset fields" time="0.00030575">
        </testcase>
        <testcase classname="adws/triggers/__tests__/promotionSweepDefaults.test.ts" name="scenariosConfig &gt; degrades to hardcoded defaults when loadProjectConfig throws" time="0.000223583">
        </testcase>
        <testcase classname="adws/triggers/__tests__/promotionSweepDefaults.test.ts" name="scenariosConfig &gt; degrades to hardcoded defaults without a sweep base and loads no config" time="0.000172959">
        </testcase>
        <testcase classname="adws/triggers/__tests__/promotionSweepDefaults.test.ts" name="loadVocabulary &gt; reads the vocabulary file from the sweep worktree" time="0.000249291">
        </testcase>
        <testcase classname="adws/triggers/__tests__/promotionSweepDefaults.test.ts" name="loadVocabulary &gt; degrades to &quot;&quot; when readFileSync throws" time="0.000219209">
        </testcase>
        <testcase classname="adws/triggers/__tests__/promotionSweepDefaults.test.ts" name="loadVocabulary &gt; degrades to &quot;&quot; without a sweep base" time="0.000151833">
        </testcase>
    </testsuite>
    <testsuite name="adws/triggers/__tests__/promotionSweepDefaultsPersist.test.ts" timestamp="2026-10-06T17:53:43.869Z" hostname="macmini.local" tests="9" failures="0" errors="0" skipped="0" time="0.006312791">
        <testcase classname="adws/triggers/__tests__/promotionSweepDefaultsPersist.test.ts" name="persistMarkers &gt; writes every marker into the sweep worktree and commits each file on its own" time="0.002102125">
        </testcase>
        <testcase classname="adws/triggers/__tests__/promotionSweepDefaultsPersist.test.ts" name="persistMarkers &gt; pushes the sweep branch once, opens one pull request into the default branch, merges it and resolves true" time="0.00042375">
        </testcase>
        <testcase classname="adws/triggers/__tests__/promotionSweepDefaultsPersist.test.ts" name="persistMarkers &gt; never pushes the default branch and never touches the host checkout" time="0.00110275">
        </testcase>
        <testcase classname="adws/triggers/__tests__/promotionSweepDefaultsPersist.test.ts" name="persistMarkers &gt; resolves false when the pull request cannot be merged" time="0.000511125">
        </testcase>
        <testcase classname="adws/triggers/__tests__/promotionSweepDefaultsPersist.test.ts" name="persistMarkers &gt; resolves false without pushing when no write changes the files" time="0.000351666">
        </testcase>
        <testcase classname="adws/triggers/__tests__/promotionSweepDefaultsPersist.test.ts" name="persistMarkers &gt; still lands the batch when only some of the writes change a file" time="0.000240292">
        </testcase>
        <testcase classname="adws/triggers/__tests__/promotionSweepDefaultsPersist.test.ts" name="persistMarkers &gt; resolves false and writes nothing without a sweep base" time="0.000172042">
        </testcase>
        <testcase classname="adws/triggers/__tests__/promotionSweepDefaultsPersist.test.ts" name="fileIssue &gt; creates the issue and applies every label via the injected issue tracker" time="0.000262167">
        </testcase>
        <testcase classname="adws/triggers/__tests__/promotionSweepDefaultsPersist.test.ts" name="fileIssue &gt; propagates a throw from issueTracker.createIssue (no per-candidate swallow here — the shell catches it)" time="0.0004705">
        </testcase>
    </testsuite>
    <testsuite name="adws/triggers/__tests__/promotionSweepDefaultsStats.test.ts" timestamp="2026-10-06T17:53:43.869Z" hostname="macmini.local" tests="10" failures="0" errors="0" skipped="0" time="0.006595708">
        <testcase classname="adws/triggers/__tests__/promotionSweepDefaultsStats.test.ts" name="loadStats &gt; counts closed promotion issues whose pull request merged in the last 90 days, so the threshold rises above 3" time="0.002349084">
        </testcase>
        <testcase classname="adws/triggers/__tests__/promotionSweepDefaultsStats.test.ts" name="loadStats &gt; runs the history query in the sweep worktree on the plain per-issue directory, with no commit-subject grep" time="0.000859333">
        </testcase>
        <testcase classname="adws/triggers/__tests__/promotionSweepDefaultsStats.test.ts" name="loadStats &gt; counts a promotion once even when several merged pull requests link its issue" time="0.000321">
        </testcase>
        <testcase classname="adws/triggers/__tests__/promotionSweepDefaultsStats.test.ts" name="loadStats &gt; does not match an issue number inside a longer one" time="0.000233417">
        </testcase>
        <testcase classname="adws/triggers/__tests__/promotionSweepDefaultsStats.test.ts" name="loadStats &gt; ignores a merged pull request whose merge time is unparseable" time="0.000217667">
        </testcase>
        <testcase classname="adws/triggers/__tests__/promotionSweepDefaultsStats.test.ts" name="loadStats &gt; counts no promotion when listMergedPullRequests throws, but still counts the scenario additions" time="0.000250792">
        </testcase>
        <testcase classname="adws/triggers/__tests__/promotionSweepDefaultsStats.test.ts" name="loadStats &gt; counts the promotions when the history query throws" time="0.000429208">
        </testcase>
        <testcase classname="adws/triggers/__tests__/promotionSweepDefaultsStats.test.ts" name="loadStats &gt; degrades to zero-stats without a sweep base, and never queries the host checkout" time="0.000385209">
        </testcase>
        <testcase classname="adws/triggers/__tests__/promotionSweepDefaultsStats.test.ts" name="listPromotionIssues &gt; queries open+closed issues labeled regression-promotion through the injected issue tracker" time="0.000297458">
        </testcase>
        <testcase classname="adws/triggers/__tests__/promotionSweepDefaultsStats.test.ts" name="listPromotionIssues &gt; degrades to [] when issueTracker.listIssues throws" time="0.000263833">
        </testcase>
    </testsuite>
    <testsuite name="adws/triggers/__tests__/promotionSweepLifecycle.test.ts" timestamp="2026-10-06T17:53:43.870Z" hostname="macmini.local" tests="15" failures="0" errors="0" skipped="0" time="0.030787292">
        <testcase classname="adws/triggers/__tests__/promotionSweepLifecycle.test.ts" name="runPromotionSweep — decline, withdraw and redrive &gt; declines a suggestion whose tracker closed unmerged, writing @promotion-declined and filing nothing" time="0.020657166">
        </testcase>
        <testcase classname="adws/triggers/__tests__/promotionSweepLifecycle.test.ts" name="runPromotionSweep — decline, withdraw and redrive &gt; reports a decline only when it landed" time="0.000936125">
        </testcase>
        <testcase classname="adws/triggers/__tests__/promotionSweepLifecycle.test.ts" name="runPromotionSweep — decline, withdraw and redrive &gt; withdraws a suggestion that no longer qualifies and has no tracker, removing every promotion marker" time="0.001186334">
        </testcase>
        <testcase classname="adws/triggers/__tests__/promotionSweepLifecycle.test.ts" name="runPromotionSweep — decline, withdraw and redrive &gt; reports a withdrawal only when it landed" time="0.000962916">
        </testcase>
        <testcase classname="adws/triggers/__tests__/promotionSweepLifecycle.test.ts" name="runPromotionSweep — decline, withdraw and redrive &gt; redrives a stranded qualifying suggestion by filing its issue, without persisting any marker" time="0.001487542">
        </testcase>
        <testcase classname="adws/triggers/__tests__/promotionSweepLifecycle.test.ts" name="runPromotionSweep — decline, withdraw and redrive &gt; files a redrive even when a marker batch in the same sweep did not land" time="0.001082417">
        </testcase>
        <testcase classname="adws/triggers/__tests__/promotionSweepLifecycle.test.ts" name="runPromotionSweep — decline, withdraw and redrive &gt; lands an originate and a decline in the same single batch" time="0.000446041">
        </testcase>
        <testcase classname="adws/triggers/__tests__/promotionSweepLifecycle.test.ts" name="runPromotionSweep — decline, withdraw and redrive &gt; reports a redrive as failed when filing its issue throws" time="0.000281083">
        </testcase>
        <testcase classname="adws/triggers/__tests__/promotionSweepLifecycle.test.ts" name="runPromotionSweep — leaving and skipping &gt; does not call persistMarkers when no candidate needs a marker change" time="0.00019675">
        </testcase>
        <testcase classname="adws/triggers/__tests__/promotionSweepLifecycle.test.ts" name="runPromotionSweep — leaving and skipping &gt; leaves a declined file alone however well it scores" time="0.000177125">
        </testcase>
        <testcase classname="adws/triggers/__tests__/promotionSweepLifecycle.test.ts" name="runPromotionSweep — leaving and skipping &gt; leaves a candidate whose promotion issue is already open" time="0.000166417">
        </testcase>
        <testcase classname="adws/triggers/__tests__/promotionSweepLifecycle.test.ts" name="runPromotionSweep — leaving and skipping &gt; skips an unrecognised filename with a warning" time="0.000874875">
        </testcase>
        <testcase classname="adws/triggers/__tests__/promotionSweepLifecycle.test.ts" name="runPromotionSweep — leaving and skipping &gt; skips a file that cannot be read" time="0.000159041">
        </testcase>
        <testcase classname="adws/triggers/__tests__/promotionSweepLifecycle.test.ts" name="runPromotionSweep — leaving and skipping &gt; skips a file that is not valid Gherkin" time="0.0002405">
        </testcase>
        <testcase classname="adws/triggers/__tests__/promotionSweepLifecycle.test.ts" name="runPromotionSweep — leaving and skipping &gt; reports an empty sweep when there are no candidates" time="0.000093125">
        </testcase>
    </testsuite>
    <testsuite name="adws/triggers/__tests__/promotionSweepWorktree.test.ts" timestamp="2026-10-06T17:53:43.870Z" hostname="macmini.local" tests="4" failures="0" errors="0" skipped="0" time="0.005969416">
        <testcase classname="adws/triggers/__tests__/promotionSweepWorktree.test.ts" name="runPromotionSweep — sweep worktree lifecycle &gt; never creates a sweep worktree for a fully injected caller" time="0.003206166">
        </testcase>
        <testcase classname="adws/triggers/__tests__/promotionSweepWorktree.test.ts" name="runPromotionSweep — sweep worktree lifecycle &gt; creates the worktree once, on the promotion sweep branch, when a default needs it, and tears it down" time="0.001019208">
        </testcase>
        <testcase classname="adws/triggers/__tests__/promotionSweepWorktree.test.ts" name="runPromotionSweep — sweep worktree lifecycle &gt; tears the worktree down when a collaborator throws" time="0.000700625">
        </testcase>
        <testcase classname="adws/triggers/__tests__/promotionSweepWorktree.test.ts" name="runPromotionSweep — sweep worktree lifecycle &gt; degrades to an empty sweep when the worktree cannot be prepared" time="0.000434625">
        </testcase>
    </testsuite>
    <testsuite name="adws/triggers/__tests__/rateLimitProbe.test.ts" timestamp="2026-10-06T17:53:43.870Z" hostname="macmini.local" tests="40" failures="0" errors="0" skipped="0" time="0.5945805">
        <testcase classname="adws/triggers/__tests__/rateLimitProbe.test.ts" name="classifyProbeResult &gt; reports clear on a healthy exit-0 stream carrying a non-rejected rate_limit_event" time="0.0021115">
        </testcase>
        <testcase classname="adws/triggers/__tests__/rateLimitProbe.test.ts" name="classifyProbeResult &gt; reports clear for an allowed_warning rate_limit_event — only &quot;rejected&quot; holds the probe, and no facts leak in" time="0.000225417">
        </testcase>
        <testcase classname="adws/triggers/__tests__/rateLimitProbe.test.ts" name="classifyProbeResult &gt; reports limited with facts from the incident stream at exit 1" time="0.000407667">
        </testcase>
        <testcase classname="adws/triggers/__tests__/rateLimitProbe.test.ts" name="classifyProbeResult &gt; reports limited with facts from the incident stream at exit 0 — structure beats exit code" time="0.000234417">
        </testcase>
        <testcase classname="adws/triggers/__tests__/rateLimitProbe.test.ts" name="classifyProbeResult &gt; reports limited with no facts for a rejected event that carries none, alongside an error result" time="0.000185666">
        </testcase>
        <testcase classname="adws/triggers/__tests__/rateLimitProbe.test.ts" name="classifyProbeResult &gt; reports limited with only the limit type when the rejected event has no reset time" time="0.000096792">
        </testcase>
        <testcase classname="adws/triggers/__tests__/rateLimitProbe.test.ts" name="classifyProbeResult &gt; reports limited with no facts for a 429 result with no rate_limit_event" time="0.000077958">
        </testcase>
        <testcase classname="adws/triggers/__tests__/rateLimitProbe.test.ts" name="classifyProbeResult &gt; reports limited with no facts for a result api_error_status of 529 and no event" time="0.000083292">
        </testcase>
        <testcase classname="adws/triggers/__tests__/rateLimitProbe.test.ts" name="classifyProbeResult &gt; reports limited with no facts for a result api_error_status of 500 and no event" time="0.000066875">
        </testcase>
        <testcase classname="adws/triggers/__tests__/rateLimitProbe.test.ts" name="classifyProbeResult &gt; reports limited with no facts for a result api_error_status of 502 and no event" time="0.000074625">
        </testcase>
        <testcase classname="adws/triggers/__tests__/rateLimitProbe.test.ts" name="classifyProbeResult &gt; reports limited on api_retry rate_limit at attempt 1, with no event" time="0.000091542">
        </testcase>
        <testcase classname="adws/triggers/__tests__/rateLimitProbe.test.ts" name="classifyProbeResult &gt; reports limited on error_status: 429 alone at attempt 1" time="0.00005225">
        </testcase>
        <testcase classname="adws/triggers/__tests__/rateLimitProbe.test.ts" name="classifyProbeResult &gt; reports limited on api_retry overloaded at attempt 1 (the documented value)" time="0.000044375">
        </testcase>
        <testcase classname="adws/triggers/__tests__/rateLimitProbe.test.ts" name="classifyProbeResult &gt; reports limited on error_status: 529 alone at attempt 1" time="0.000041167">
        </testcase>
        <testcase classname="adws/triggers/__tests__/rateLimitProbe.test.ts" name="classifyProbeResult &gt; reports limited on a second-attempt api_retry server error (HTTP 500)" time="0.00004175">
        </testcase>
        <testcase classname="adws/triggers/__tests__/rateLimitProbe.test.ts" name="classifyProbeResult &gt; reports unknown for a first-attempt server_error retry (the repeated-retry rule still applies)" time="0.000042">
        </testcase>
        <testcase classname="adws/triggers/__tests__/rateLimitProbe.test.ts" name="classifyProbeResult &gt; reports failed on an api_retry authentication_failed (HTTP 401)" time="0.000037167">
        </testcase>
        <testcase classname="adws/triggers/__tests__/rateLimitProbe.test.ts" name="classifyProbeResult &gt; reports failed on authentication_failed with error_status: null" time="0.000035541">
        </testcase>
        <testcase classname="adws/triggers/__tests__/rateLimitProbe.test.ts" name="classifyProbeResult &gt; reports failed on error_status: 401 alone" time="0.000035375">
        </testcase>
        <testcase classname="adws/triggers/__tests__/rateLimitProbe.test.ts" name="classifyProbeResult &gt; reports failed on a result api_error_status of 401" time="0.000036125">
        </testcase>
        <testcase classname="adws/triggers/__tests__/rateLimitProbe.test.ts" name="classifyProbeResult &gt; reports failed when a rejected event AND a 401 retry appear in the same stream — auth is never mistaken for a limit" time="0.000039042">
        </testcase>
        <testcase classname="adws/triggers/__tests__/rateLimitProbe.test.ts" name="classifyProbeResult &gt; reports unknown for former fallback text (no JSON) on stderr" time="0.000053375">
        </testcase>
        <testcase classname="adws/triggers/__tests__/rateLimitProbe.test.ts" name="classifyProbeResult &gt; reports unknown for former fallback text (no JSON) on stdout" time="0.000044709">
        </testcase>
        <testcase classname="adws/triggers/__tests__/rateLimitProbe.test.ts" name="classifyProbeResult &gt; reports unknown for former fallback text (no JSON) on stderr" time="0.000032041">
        </testcase>
        <testcase classname="adws/triggers/__tests__/rateLimitProbe.test.ts" name="classifyProbeResult &gt; reports unknown for former fallback text (no JSON) on stderr" time="0.00002375">
        </testcase>
        <testcase classname="adws/triggers/__tests__/rateLimitProbe.test.ts" name="classifyProbeResult &gt; reports unknown for former fallback text (no JSON) on stderr" time="0.000023166">
        </testcase>
        <testcase classname="adws/triggers/__tests__/rateLimitProbe.test.ts" name="classifyProbeResult &gt; reports limited for a rejected rate_limit_event that is the trailing line with no newline" time="0.000070666">
        </testcase>
        <testcase classname="adws/triggers/__tests__/rateLimitProbe.test.ts" name="classifyProbeResult &gt; reports unknown for a failure with no pause-worthy event and no limit wording" time="0.000038125">
        </testcase>
        <testcase classname="adws/triggers/__tests__/rateLimitProbe.test.ts" name="classifyProbeResult &gt; reports unknown for exit 0 with no output at all — clear now requires a result envelope" time="0.000030542">
        </testcase>
        <testcase classname="adws/triggers/__tests__/rateLimitProbe.test.ts" name="classifyProbeResult &gt; reports unknown when the process times out (null status, no output)" time="0.000027541">
        </testcase>
        <testcase classname="adws/triggers/__tests__/rateLimitProbe.test.ts" name="classifyProbeResult &gt; reports unknown for an errored result with api_error_status: null (a 400-class failure) and no signal" time="0.000040958">
        </testcase>
        <testcase classname="adws/triggers/__tests__/rateLimitProbe.test.ts" name="classifyProbeResult &gt; reports unknown for an errored result at exit 0 with no other signal" time="0.000030875">
        </testcase>
        <testcase classname="adws/triggers/__tests__/rateLimitProbe.test.ts" name="probeRateLimit &gt; invokes exec with the resolved claude path and the stream-json probe args" time="0.001538458">
        </testcase>
        <testcase classname="adws/triggers/__tests__/rateLimitProbe.test.ts" name="probeRateLimit &gt; returns clear for a healthy exec result" time="0.000165917">
        </testcase>
        <testcase classname="adws/triggers/__tests__/rateLimitProbe.test.ts" name="probeRateLimit &gt; returns limited with facts for an exec result carrying a rejected rate_limit_event" time="0.000111333">
        </testcase>
        <testcase classname="adws/triggers/__tests__/rateLimitProbe.test.ts" name="probeRateLimit &gt; returns unknown and logs a warning, without throwing, when exec itself throws" time="0.002020209">
        </testcase>
        <testcase classname="adws/triggers/__tests__/rateLimitProbe.test.ts" name="probeRateLimit &gt; logs a warning containing the exit status and a stderr snippet when the outcome is unknown" time="0.000366333">
        </testcase>
        <testcase classname="adws/triggers/__tests__/rateLimitProbe.test.ts" name="probeRateLimit &gt; logs at error level mentioning authentication when the outcome is failed" time="0.000258167">
        </testcase>
        <testcase classname="adws/triggers/__tests__/rateLimitProbe.test.ts" name="runClaudeProbe &gt; starts the claude process with auto-memory disabled and without the trigger&apos;s full environment" time="0.583915583">
        </testcase>
        <testcase classname="adws/triggers/__tests__/rateLimitProbe.test.ts" name="runClaudeProbe &gt; probes on the probe model from the routing module" time="0.000079667">
        </testcase>
    </testsuite>
    <testsuite name="adws/triggers/__tests__/regionOverlap.test.ts" timestamp="2026-10-06T17:53:43.872Z" hostname="macmini.local" tests="33" failures="0" errors="0" skipped="0" time="0.012895875">
        <testcase classname="adws/triggers/__tests__/regionOverlap.test.ts" name="normalizePath &gt; trims whitespace" time="0.001490375">
        </testcase>
        <testcase classname="adws/triggers/__tests__/regionOverlap.test.ts" name="normalizePath &gt; strips surrounding backticks" time="0.000222083">
        </testcase>
        <testcase classname="adws/triggers/__tests__/regionOverlap.test.ts" name="normalizePath &gt; strips surrounding quotes" time="0.000170292">
        </testcase>
        <testcase classname="adws/triggers/__tests__/regionOverlap.test.ts" name="normalizePath &gt; lowercases the path" time="0.000139875">
        </testcase>
        <testcase classname="adws/triggers/__tests__/regionOverlap.test.ts" name="normalizePath &gt; normalizes backslash separators" time="0.0001185">
        </testcase>
        <testcase classname="adws/triggers/__tests__/regionOverlap.test.ts" name="normalizePath &gt; is idempotent" time="0.000115417">
        </testcase>
        <testcase classname="adws/triggers/__tests__/regionOverlap.test.ts" name="parseRelevantFilesSection &gt; returns empty array when section is absent" time="0.000801667">
        </testcase>
        <testcase classname="adws/triggers/__tests__/regionOverlap.test.ts" name="parseRelevantFilesSection &gt; parses bullet list paths under ## Relevant Files" time="0.000463">
        </testcase>
        <testcase classname="adws/triggers/__tests__/regionOverlap.test.ts" name="parseRelevantFilesSection &gt; parses backtick-wrapped paths in bullet list" time="0.000225792">
        </testcase>
        <testcase classname="adws/triggers/__tests__/regionOverlap.test.ts" name="parseRelevantFilesSection &gt; parses paths under ## Touched Files" time="0.0001925">
        </testcase>
        <testcase classname="adws/triggers/__tests__/regionOverlap.test.ts" name="parseRelevantFilesSection &gt; stops at the next ## heading" time="0.000138542">
        </testcase>
        <testcase classname="adws/triggers/__tests__/regionOverlap.test.ts" name="parseRelevantFilesSection &gt; deduplicates entries" time="0.000123792">
        </testcase>
        <testcase classname="adws/triggers/__tests__/regionOverlap.test.ts" name="parseRelevantFilesSection &gt; ignores prose lines without path-like tokens" time="0.000713584">
        </testcase>
        <testcase classname="adws/triggers/__tests__/regionOverlap.test.ts" name="pathsOverlap &gt; returns overlap=true for identical single files" time="0.000230166">
        </testcase>
        <testcase classname="adws/triggers/__tests__/regionOverlap.test.ts" name="pathsOverlap &gt; returns overlap=true when one shared file exists among larger sets" time="0.000142375">
        </testcase>
        <testcase classname="adws/triggers/__tests__/regionOverlap.test.ts" name="pathsOverlap &gt; returns overlap=false for disjoint single files" time="0.000423125">
        </testcase>
        <testcase classname="adws/triggers/__tests__/regionOverlap.test.ts" name="pathsOverlap &gt; returns overlap=false for fully disjoint sets" time="0.000091833">
        </testcase>
        <testcase classname="adws/triggers/__tests__/regionOverlap.test.ts" name="pathsOverlap &gt; normalizes before comparison (case-insensitive)" time="0.000067917">
        </testcase>
        <testcase classname="adws/triggers/__tests__/regionOverlap.test.ts" name="pathsOverlap &gt; returns overlap=false when either set is empty" time="0.0001285">
        </testcase>
        <testcase classname="adws/triggers/__tests__/regionOverlap.test.ts" name="decideSerialization &gt; serializes the higher-numbered issue behind the lower-numbered one (backlog tie-break)" time="0.000288833">
        </testcase>
        <testcase classname="adws/triggers/__tests__/regionOverlap.test.ts" name="decideSerialization &gt; the lower-numbered issue proceeds — the #638/#639 collision shape" time="0.000097875">
        </testcase>
        <testcase classname="adws/triggers/__tests__/regionOverlap.test.ts" name="decideSerialization &gt; defers behind an in-flight sibling even when candidate has a lower number" time="0.000109084">
        </testcase>
        <testcase classname="adws/triggers/__tests__/regionOverlap.test.ts" name="decideSerialization &gt; lowest in-flight wins in a multi-way cluster" time="0.000099959">
        </testcase>
        <testcase classname="adws/triggers/__tests__/regionOverlap.test.ts" name="decideSerialization &gt; does not serialize when candidate has an empty path signal (no false positives)" time="0.0000725">
        </testcase>
        <testcase classname="adws/triggers/__tests__/regionOverlap.test.ts" name="decideSerialization &gt; does not serialize when sibling has an empty path signal" time="0.000062125">
        </testcase>
        <testcase classname="adws/triggers/__tests__/regionOverlap.test.ts" name="decideSerialization &gt; does not serialize when paths are disjoint" time="0.000066958">
        </testcase>
        <testcase classname="adws/triggers/__tests__/regionOverlap.test.ts" name="decideSerialization &gt; deadlock-freedom: of any pair, at most one defers behind the other" time="0.000083166">
        </testcase>
        <testcase classname="adws/triggers/__tests__/regionOverlap.test.ts" name="decideSerialization &gt; exactly one of a 3-way cluster defers in each call (multi-way)" time="0.001150916">
        </testcase>
        <testcase classname="adws/triggers/__tests__/regionOverlap.test.ts" name="scanPostPlanOverlaps &gt; surfaces a recommendation for two in-flight issues sharing a file" time="0.00077975">
        </testcase>
        <testcase classname="adws/triggers/__tests__/regionOverlap.test.ts" name="scanPostPlanOverlaps &gt; returns empty for fully disjoint in-flight issues" time="0.000095833">
        </testcase>
        <testcase classname="adws/triggers/__tests__/regionOverlap.test.ts" name="scanPostPlanOverlaps &gt; returns empty for a single in-flight issue" time="0.000059542">
        </testcase>
        <testcase classname="adws/triggers/__tests__/regionOverlap.test.ts" name="scanPostPlanOverlaps &gt; returns empty for empty input" time="0.000045917">
        </testcase>
        <testcase classname="adws/triggers/__tests__/regionOverlap.test.ts" name="scanPostPlanOverlaps &gt; produces a recommendation for each colliding pair in a 3-way cluster" time="0.000052042">
        </testcase>
    </testsuite>
    <testsuite name="adws/triggers/__tests__/regionOverlapSignals.test.ts" timestamp="2026-10-06T17:53:43.873Z" hostname="macmini.local" tests="12" failures="0" errors="0" skipped="0" time="0.009845916">
        <testcase classname="adws/triggers/__tests__/regionOverlapSignals.test.ts" name="buildBlockedByBody &gt; inserts ref INSIDE existing &quot;## Blocked by&quot; section — the &quot;None&quot; regression trap" time="0.002581209">
        </testcase>
        <testcase classname="adws/triggers/__tests__/regionOverlapSignals.test.ts" name="buildBlockedByBody &gt; inserts ref into &quot;## Dependencies&quot; section" time="0.000432791">
        </testcase>
        <testcase classname="adws/triggers/__tests__/regionOverlapSignals.test.ts" name="buildBlockedByBody &gt; inserts ref into &quot;## Depends on&quot; section" time="0.000230916">
        </testcase>
        <testcase classname="adws/triggers/__tests__/regionOverlapSignals.test.ts" name="buildBlockedByBody &gt; appends a fresh &quot;## Blocked by&quot; section when no dep heading exists" time="0.000228834">
        </testcase>
        <testcase classname="adws/triggers/__tests__/regionOverlapSignals.test.ts" name="buildBlockedByBody &gt; is idempotent at the body level (calling twice would double-insert, but the guard prevents it)" time="0.000215667">
        </testcase>
        <testcase classname="adws/triggers/__tests__/regionOverlapSignals.test.ts" name="blockedByRef &gt; formats ref with the annotation marker" time="0.000143125">
        </testcase>
        <testcase classname="adws/triggers/__tests__/regionOverlapSignals.test.ts" name="formatRegionOverlapComment &gt; names the blocker issue" time="0.000192667">
        </testcase>
        <testcase classname="adws/triggers/__tests__/regionOverlapSignals.test.ts" name="formatRegionOverlapComment &gt; lists the overlapping path" time="0.00011625">
        </testcase>
        <testcase classname="adws/triggers/__tests__/regionOverlapSignals.test.ts" name="formatRegionOverlapComment &gt; uses fallback when overlapPaths is empty" time="0.000117">
        </testcase>
        <testcase classname="adws/triggers/__tests__/regionOverlapSignals.test.ts" name="registerRegionOverlapBlocker &gt; calls updateIssueBody and commentOnIssue exactly once on first registration" time="0.00318725">
            <system-out>
✅ [2026-10-06T17:53:42.459Z] Registered region-overlap blocker #700 on issue #100

            </system-out>
        </testcase>
        <testcase classname="adws/triggers/__tests__/regionOverlapSignals.test.ts" name="registerRegionOverlapBlocker &gt; is idempotent — returns false and makes zero calls when marker already present" time="0.000447625">
        </testcase>
        <testcase classname="adws/triggers/__tests__/regionOverlapSignals.test.ts" name="registerRegionOverlapBlocker &gt; fail-safe: returns false and does NOT call commentOnIssue when updateIssueBody throws" time="0.000423625">
            <system-out>
⚠️ [2026-10-06T17:53:42.462Z] Failed to register region-overlap blocker on issue #100: Error: GitHub 500

            </system-out>
        </testcase>
    </testsuite>
    <testsuite name="adws/triggers/__tests__/retryHandler.test.ts" timestamp="2026-10-06T17:53:43.873Z" hostname="macmini.local" tests="47" failures="0" errors="0" skipped="0" time="0.008506">
        <testcase classname="adws/triggers/__tests__/retryHandler.test.ts" name="handleRetryDirective &gt; resets merge_blocked → awaiting_merge and clears retry counter, returns true" time="0.002266958">
        </testcase>
        <testcase classname="adws/triggers/__tests__/retryHandler.test.ts" name="handleRetryDirective &gt; does not write and returns false when workflowStage is awaiting_merge" time="0.000316541">
        </testcase>
        <testcase classname="adws/triggers/__tests__/retryHandler.test.ts" name="handleRetryDirective &gt; does not write and returns false when workflowStage is completed" time="0.000135292">
        </testcase>
        <testcase classname="adws/triggers/__tests__/retryHandler.test.ts" name="handleRetryDirective &gt; does not write and returns false when workflowStage is abandoned" time="0.000115084">
        </testcase>
        <testcase classname="adws/triggers/__tests__/retryHandler.test.ts" name="handleRetryDirective &gt; does not read/write and returns false when comments have no adw-id" time="0.000135292">
        </testcase>
        <testcase classname="adws/triggers/__tests__/retryHandler.test.ts" name="handleRetryDirective &gt; does not write and returns false when readTopLevelState returns null" time="0.000105042">
        </testcase>
        <testcase classname="adws/triggers/__tests__/retryHandler.test.ts" name="handleRetryDirective &gt; does not write and returns false when comments are empty" time="0.000097042">
        </testcase>
        <testcase classname="adws/triggers/__tests__/retryHandler.test.ts" name="handleRetryDirective &gt; re-arms human_gated → phase_timeout with resumeAttempts:0 and returns true" time="0.000169708">
        </testcase>
        <testcase classname="adws/triggers/__tests__/retryHandler.test.ts" name="handleRetryDirective &gt; does not write and returns false when workflowStage is phase_timeout" time="0.000145875">
        </testcase>
        <testcase classname="adws/triggers/__tests__/retryHandler.test.ts" name="handleRetryDirective &gt; re-arms review_failed → phase_timeout with resumeAttempts:0 and returns true" time="0.000174917">
        </testcase>
        <testcase classname="adws/triggers/__tests__/retryHandler.test.ts" name="handleRetryDirective &gt; does not write and returns false when workflowStage is review_passed" time="0.000121541">
        </testcase>
        <testcase classname="adws/triggers/__tests__/retryHandler.test.ts" name="handleRetryDirective &gt; merge_blocked touches none of the paused-path seams (regression pin)" time="0.000129">
        </testcase>
        <testcase classname="adws/triggers/__tests__/retryHandler.test.ts" name="decideRetryAction &gt; maps &quot;merge_blocked&quot; to {&quot;kind&quot;:&quot;reset_merge_blocked&quot;}" time="0.000055833">
        </testcase>
        <testcase classname="adws/triggers/__tests__/retryHandler.test.ts" name="decideRetryAction &gt; maps &quot;human_gated&quot; to {&quot;kind&quot;:&quot;rearm_phase_timeout&quot;,&quot;from&quot;:&quot;human_gated&quot;}" time="0.000043875">
        </testcase>
        <testcase classname="adws/triggers/__tests__/retryHandler.test.ts" name="decideRetryAction &gt; maps &quot;review_failed&quot; to {&quot;kind&quot;:&quot;rearm_phase_timeout&quot;,&quot;from&quot;:&quot;review_failed&quot;}" time="0.0000335">
        </testcase>
        <testcase classname="adws/triggers/__tests__/retryHandler.test.ts" name="decideRetryAction &gt; maps &quot;paused&quot; to {&quot;kind&quot;:&quot;resume_paused&quot;}" time="0.00002475">
        </testcase>
        <testcase classname="adws/triggers/__tests__/retryHandler.test.ts" name="decideRetryAction &gt; maps &quot;paused_auth&quot; to {&quot;kind&quot;:&quot;noop&quot;,&quot;reason&quot;:&quot;paused_auth&quot;}" time="0.000024625">
        </testcase>
        <testcase classname="adws/triggers/__tests__/retryHandler.test.ts" name="decideRetryAction &gt; maps &quot;starting&quot; to {&quot;kind&quot;:&quot;noop&quot;,&quot;reason&quot;:&quot;active&quot;}" time="0.000022958">
        </testcase>
        <testcase classname="adws/triggers/__tests__/retryHandler.test.ts" name="decideRetryAction &gt; maps &quot;resuming&quot; to {&quot;kind&quot;:&quot;noop&quot;,&quot;reason&quot;:&quot;active&quot;}" time="0.0000225">
        </testcase>
        <testcase classname="adws/triggers/__tests__/retryHandler.test.ts" name="decideRetryAction &gt; maps &quot;build_running&quot; to {&quot;kind&quot;:&quot;noop&quot;,&quot;reason&quot;:&quot;active&quot;}" time="0.000023125">
        </testcase>
        <testcase classname="adws/triggers/__tests__/retryHandler.test.ts" name="decideRetryAction &gt; maps &quot;plan_running&quot; to {&quot;kind&quot;:&quot;noop&quot;,&quot;reason&quot;:&quot;active&quot;}" time="0.000021084">
        </testcase>
        <testcase classname="adws/triggers/__tests__/retryHandler.test.ts" name="decideRetryAction &gt; maps &quot;stepDef_running&quot; to {&quot;kind&quot;:&quot;noop&quot;,&quot;reason&quot;:&quot;active&quot;}" time="0.000023125">
        </testcase>
        <testcase classname="adws/triggers/__tests__/retryHandler.test.ts" name="decideRetryAction &gt; maps &quot;completed&quot; to {&quot;kind&quot;:&quot;noop&quot;,&quot;reason&quot;:&quot;not_retriable&quot;}" time="0.000023959">
        </testcase>
        <testcase classname="adws/triggers/__tests__/retryHandler.test.ts" name="decideRetryAction &gt; maps &quot;abandoned&quot; to {&quot;kind&quot;:&quot;noop&quot;,&quot;reason&quot;:&quot;not_retriable&quot;}" time="0.000021917">
        </testcase>
        <testcase classname="adws/triggers/__tests__/retryHandler.test.ts" name="decideRetryAction &gt; maps &quot;awaiting_merge&quot; to {&quot;kind&quot;:&quot;noop&quot;,&quot;reason&quot;:&quot;not_retriable&quot;}" time="0.000019542">
        </testcase>
        <testcase classname="adws/triggers/__tests__/retryHandler.test.ts" name="decideRetryAction &gt; maps &quot;phase_timeout&quot; to {&quot;kind&quot;:&quot;noop&quot;,&quot;reason&quot;:&quot;not_retriable&quot;}" time="0.000022417">
        </testcase>
        <testcase classname="adws/triggers/__tests__/retryHandler.test.ts" name="decideRetryAction &gt; maps &quot;review_passed&quot; to {&quot;kind&quot;:&quot;noop&quot;,&quot;reason&quot;:&quot;not_retriable&quot;}" time="0.000020708">
        </testcase>
        <testcase classname="adws/triggers/__tests__/retryHandler.test.ts" name="decideRetryAction &gt; maps &quot;build_completed&quot; to {&quot;kind&quot;:&quot;noop&quot;,&quot;reason&quot;:&quot;not_retriable&quot;}" time="0.000019334">
        </testcase>
        <testcase classname="adws/triggers/__tests__/retryHandler.test.ts" name="decideRetryAction &gt; maps undefined to {&quot;kind&quot;:&quot;noop&quot;,&quot;reason&quot;:&quot;no_state&quot;}" time="0.000019209">
        </testcase>
        <testcase classname="adws/triggers/__tests__/retryHandler.test.ts" name="decideRetryAction &gt; maps &quot;&quot; to {&quot;kind&quot;:&quot;noop&quot;,&quot;reason&quot;:&quot;no_state&quot;}" time="0.000018833">
        </testcase>
        <testcase classname="adws/triggers/__tests__/retryHandler.test.ts" name="handleRetryDirective — paused &gt; with a live queue entry: removes it before spawning, spawns once, posts the resumed comment, writes no state" time="0.000751375">
        </testcase>
        <testcase classname="adws/triggers/__tests__/retryHandler.test.ts" name="handleRetryDirective — paused &gt; with no queue entry: still spawns once, removal is a harmless no-op, comment posted without pausedAtPhase" time="0.000182583">
        </testcase>
        <testcase classname="adws/triggers/__tests__/retryHandler.test.ts" name="handleRetryDirective — paused &gt; spawns DEFAULT_RESUME_SCRIPT (adws/adwSdlc.tsx) when orchestratorScript is absent" time="0.00010675">
        </testcase>
        <testcase classname="adws/triggers/__tests__/retryHandler.test.ts" name="handleRetryDirective — paused &gt; spawns the PR-review orchestrator when the state names it" time="0.000097209">
        </testcase>
        <testcase classname="adws/triggers/__tests__/retryHandler.test.ts" name="handleRetryDirective — paused &gt; appends no flags after the adwId when targetRepoArgs is empty (webhook self-host)" time="0.000088667">
        </testcase>
        <testcase classname="adws/triggers/__tests__/retryHandler.test.ts" name="handleRetryDirective — paused &gt; appends all four target-repo flags in order when the caller supplies a clone url" time="0.000086958">
        </testcase>
        <testcase classname="adws/triggers/__tests__/retryHandler.test.ts" name="handleRetryDirective — paused &gt; held spawn lock: no removal, no spawn, no comment, no release, returns false" time="0.000108333">
        </testcase>
        <testcase classname="adws/triggers/__tests__/retryHandler.test.ts" name="handleRetryDirective — paused &gt; happy path orders acquire → remove → spawn → release → comment" time="0.00014975">
        </testcase>
        <testcase classname="adws/triggers/__tests__/retryHandler.test.ts" name="handleRetryDirective — paused &gt; releases the lock and skips the comment when spawnDetached throws" time="0.000135333">
        </testcase>
        <testcase classname="adws/triggers/__tests__/retryHandler.test.ts" name="handleRetryDirective — paused &gt; no-ops before any lock when the top-level state belongs to a different issue" time="0.000086334">
        </testcase>
        <testcase classname="adws/triggers/__tests__/retryHandler.test.ts" name="handleRetryDirective — paused &gt; no-ops before any lock when the top-level state has a null issue number" time="0.000076375">
        </testcase>
        <testcase classname="adws/triggers/__tests__/retryHandler.test.ts" name="handleRetryDirective — paused_auth &gt; no-ops and logs that the auth queue scanner owns recovery" time="0.000139417">
        </testcase>
        <testcase classname="adws/triggers/__tests__/retryHandler.test.ts" name="handleRetryDirective — active stages &gt; no-ops for &quot;starting&quot; and logs that a running orchestrator cannot be duplicated" time="0.000154667">
        </testcase>
        <testcase classname="adws/triggers/__tests__/retryHandler.test.ts" name="handleRetryDirective — active stages &gt; no-ops for &quot;resuming&quot; and logs that a running orchestrator cannot be duplicated" time="0.000103041">
        </testcase>
        <testcase classname="adws/triggers/__tests__/retryHandler.test.ts" name="handleRetryDirective — active stages &gt; no-ops for &quot;build_running&quot; and logs that a running orchestrator cannot be duplicated" time="0.000098292">
        </testcase>
        <testcase classname="adws/triggers/__tests__/retryHandler.test.ts" name="handleRetryDirective — active stages &gt; no-ops for &quot;plan_running&quot; and logs that a running orchestrator cannot be duplicated" time="0.000296291">
        </testcase>
        <testcase classname="adws/triggers/__tests__/retryHandler.test.ts" name="handleRetryDirective — active stages &gt; no-ops for &quot;stepDef_running&quot; and logs that a running orchestrator cannot be duplicated" time="0.000162541">
        </testcase>
    </testsuite>
    <testsuite name="adws/triggers/__tests__/scanAuthQueue.test.ts" timestamp="2026-10-06T17:53:43.875Z" hostname="macmini.local" tests="5" failures="0" errors="0" skipped="0" time="0.011375584">
        <testcase classname="adws/triggers/__tests__/scanAuthQueue.test.ts" name="scanAuthQueue &gt; returns 0 and skips listAgentDirs when auth gate is present" time="0.004265333">
            <system-out>
⚠️ [2026-10-06T17:53:41.903Z] scanAuthQueue: auth gate still set, skipping

            </system-out>
        </testcase>
        <testcase classname="adws/triggers/__tests__/scanAuthQueue.test.ts" name="scanAuthQueue &gt; resumes one paused_auth state: rewrites to abandoned, evaluates, spawns, returns 1" time="0.002362334">
            <system-out>
📋 [2026-10-06T17:53:41.906Z] scanAuthQueue: resuming adwId=adw-abc issue #42
✅ [2026-10-06T17:53:41.906Z] scanAuthQueue: spawning adws/adwSdlc.tsx for adwId=adw-abc issue #42
📋 [2026-10-06T17:53:41.906Z] scanAuthQueue: resumed 1 orchestrator(s)

            </system-out>
        </testcase>
        <testcase classname="adws/triggers/__tests__/scanAuthQueue.test.ts" name="scanAuthQueue &gt; does not spawn when evaluateCandidate returns defer_live_holder" time="0.000924875">
            <system-out>
📋 [2026-10-06T17:53:41.908Z] scanAuthQueue: resuming adwId=adw-def issue #10
⚠️ [2026-10-06T17:53:41.908Z] scanAuthQueue: adwId=adw-def decision was defer_live_holder, not spawning
📋 [2026-10-06T17:53:41.908Z] scanAuthQueue: resumed 0 orchestrator(s)

            </system-out>
        </testcase>
        <testcase classname="adws/triggers/__tests__/scanAuthQueue.test.ts" name="scanAuthQueue &gt; spawns each paused_auth state and returns the total count" time="0.001023792">
            <system-out>
📋 [2026-10-06T17:53:41.909Z] scanAuthQueue: resuming adwId=adw-1 issue #11
✅ [2026-10-06T17:53:41.909Z] scanAuthQueue: spawning adws/adwSdlc.tsx for adwId=adw-1 issue #11
📋 [2026-10-06T17:53:41.909Z] scanAuthQueue: resuming adwId=adw-2 issue #22
✅ [2026-10-06T17:53:41.909Z] scanAuthQueue: spawning adws/adwSdlc.tsx for adwId=adw-2 issue #22
📋 [2026-10-06T17:53:41.909Z] scanAuthQueue: resumed 2 orchestrator(s)

            </system-out>
        </testcase>
        <testcase classname="adws/triggers/__tests__/scanAuthQueue.test.ts" name="scanAuthQueue &gt; skips states that are not paused_auth" time="0.001471542">
            <system-out>
📋 [2026-10-06T17:53:41.910Z] scanAuthQueue: resuming adwId=adw-paused-auth issue #31
✅ [2026-10-06T17:53:41.910Z] scanAuthQueue: spawning adws/adwSdlc.tsx for adwId=adw-paused-auth issue #31
📋 [2026-10-06T17:53:41.910Z] scanAuthQueue: resumed 1 orchestrator(s)

            </system-out>
        </testcase>
    </testsuite>
    <testsuite name="adws/triggers/__tests__/spawnGate.test.ts" timestamp="2026-10-06T17:53:43.875Z" hostname="macmini.local" tests="11" failures="0" errors="0" skipped="0" time="0.020656917">
        <testcase classname="adws/triggers/__tests__/spawnGate.test.ts" name="acquireIssueSpawnLock &gt; first acquire succeeds and writes a record with pid, pidStartedAt, repoKey, issueNumber, startedAt" time="0.002588625">
        </testcase>
        <testcase classname="adws/triggers/__tests__/spawnGate.test.ts" name="acquireIssueSpawnLock &gt; second acquire while first holder PID is alive returns false" time="0.001626291">
        </testcase>
        <testcase classname="adws/triggers/__tests__/spawnGate.test.ts" name="acquireIssueSpawnLock &gt; second acquire when first holder PID is dead reclaims stale lock and succeeds" time="0.001579459">
        </testcase>
        <testcase classname="adws/triggers/__tests__/spawnGate.test.ts" name="acquireIssueSpawnLock &gt; two different issues in the same repo can both acquire concurrently" time="0.001536542">
        </testcase>
        <testcase classname="adws/triggers/__tests__/spawnGate.test.ts" name="acquireIssueSpawnLock &gt; same issue number in different repos can both acquire concurrently" time="0.001680375">
        </testcase>
        <testcase classname="adws/triggers/__tests__/spawnGate.test.ts" name="acquireIssueSpawnLock &gt; malformed JSON in lock file is treated as stale and overwritten" time="0.001655459">
        </testcase>
        <testcase classname="adws/triggers/__tests__/spawnGate.test.ts" name="acquireIssueSpawnLock &gt; concurrent acquire: exactly one succeeds (wx atomicity)" time="0.00203125">
        </testcase>
        <testcase classname="adws/triggers/__tests__/spawnGate.test.ts" name="acquireIssueSpawnLock &gt; PID reuse: stored pidStartedAt differs from live process start-time reclaims stale lock" time="0.002550167">
        </testcase>
        <testcase classname="adws/triggers/__tests__/spawnGate.test.ts" name="acquireIssueSpawnLock &gt; lock record missing pidStartedAt is treated as stale and reclaimed" time="0.003288">
        </testcase>
        <testcase classname="adws/triggers/__tests__/spawnGate.test.ts" name="releaseIssueSpawnLock &gt; removes the lock file" time="0.000522958">
        </testcase>
        <testcase classname="adws/triggers/__tests__/spawnGate.test.ts" name="releaseIssueSpawnLock &gt; is a no-op when the lock file does not exist" time="0.00048525">
        </testcase>
    </testsuite>
    <testsuite name="adws/triggers/__tests__/strandedStartingRecovery.test.ts" timestamp="2026-10-06T17:53:43.876Z" hostname="macmini.local" tests="18" failures="0" errors="0" skipped="0" time="0.005646375">
        <testcase classname="adws/triggers/__tests__/strandedStartingRecovery.test.ts" name="cron filter: an active stage whose orchestrator is dead &gt; passes a starting state whose recorded owner is dead on to the takeover handler under its adwId" time="0.001148">
        </testcase>
        <testcase classname="adws/triggers/__tests__/strandedStartingRecovery.test.ts" name="cron filter: an active stage whose orchestrator is dead &gt; passes a starting state that records no owner on to the takeover handler" time="0.000143208">
        </testcase>
        <testcase classname="adws/triggers/__tests__/strandedStartingRecovery.test.ts" name="cron filter: an active stage whose orchestrator is dead &gt; passes a build_running state whose recorded owner is dead" time="0.000097833">
        </testcase>
        <testcase classname="adws/triggers/__tests__/strandedStartingRecovery.test.ts" name="cron filter: an active stage whose orchestrator is dead &gt; passes a stepDef_running state whose recorded owner is dead" time="0.000065708">
        </testcase>
        <testcase classname="adws/triggers/__tests__/strandedStartingRecovery.test.ts" name="cron filter: an active stage whose orchestrator is dead &gt; still excludes a starting state whose recorded owner is alive, so a slow startup is never disturbed" time="0.000113708">
        </testcase>
        <testcase classname="adws/triggers/__tests__/strandedStartingRecovery.test.ts" name="cron filter: an active stage whose orchestrator is dead &gt; stays eligible when this cron spawned the issue itself, so recovery needs no cron restart" time="0.000078958">
        </testcase>
        <testcase classname="adws/triggers/__tests__/strandedStartingRecovery.test.ts" name="cron filter: an active stage whose orchestrator is dead &gt; waits out the grace period first, then becomes eligible once it has passed" time="0.000097">
        </testcase>
        <testcase classname="adws/triggers/__tests__/strandedStartingRecovery.test.ts" name="cron filter: an active stage whose orchestrator is dead &gt; never passes an issue that carries adw:none, whatever became of its orchestrator" time="0.000073375">
        </testcase>
        <testcase classname="adws/triggers/__tests__/strandedStartingRecovery.test.ts" name="cron filter: an active stage whose orchestrator is dead &gt; lists the dead-owner issue as a candidate and annotates the live-owner one as active" time="0.000224584">
        </testcase>
        <testcase classname="adws/triggers/__tests__/strandedStartingRecovery.test.ts" name="a dead orchestrator in starting is recovered through the cron filter and the takeover handler &gt; when its state records its owner" time="0.000738959">
        </testcase>
        <testcase classname="adws/triggers/__tests__/strandedStartingRecovery.test.ts" name="a dead orchestrator in starting is recovered through the cron filter and the takeover handler &gt; when its state is stranded in starting, with no owner recorded" time="0.00025225">
        </testcase>
        <testcase classname="adws/triggers/__tests__/strandedStartingRecovery.test.ts" name="a dead orchestrator in starting is recovered through the cron filter and the takeover handler &gt; resets its worktree, rather than reusing it, when the worktree is not healthy" time="0.000426708">
        </testcase>
        <testcase classname="adws/triggers/__tests__/strandedStartingRecovery.test.ts" name="a live orchestrator in starting is never disturbed &gt; is left to itself by the cron filter, however long its startup takes" time="0.000051708">
        </testcase>
        <testcase classname="adws/triggers/__tests__/strandedStartingRecovery.test.ts" name="a live orchestrator in starting is never disturbed &gt; is deferred to by the handler when it records starting between the filter and the decision: not killed, not reset, lock released" time="0.000243209">
        </testcase>
        <testcase classname="adws/triggers/__tests__/strandedStartingRecovery.test.ts" name="a live PR review on the issue&apos;s own adwId is never disturbed &gt; is deferred to by the handler through the spawn lock it holds, though the state still records the finished SDLC run&apos;s dead pid" time="0.00026675">
        </testcase>
        <testcase classname="adws/triggers/__tests__/strandedStartingRecovery.test.ts" name="a spawn lock the cron&apos;s own process left behind does not hold a dead workflow hostage &gt; when the workflow stands at starting, with no owner recorded" time="0.00051925">
            <system-out>
⚠️ [2026-10-06T17:53:40.519Z] Issue #935: spawn lock was left behind by this process (stage &quot;starting&quot;, no live orchestrator), reclaiming

            </system-out>
        </testcase>
        <testcase classname="adws/triggers/__tests__/strandedStartingRecovery.test.ts" name="a spawn lock the cron&apos;s own process left behind does not hold a dead workflow hostage &gt; when the workflow stands at abandoned" time="0.000195584">
            <system-out>
⚠️ [2026-10-06T17:53:40.519Z] Issue #935: spawn lock was left behind by this process (stage &quot;abandoned&quot;, no live orchestrator), reclaiming

            </system-out>
        </testcase>
        <testcase classname="adws/triggers/__tests__/strandedStartingRecovery.test.ts" name="a spawn lock the cron&apos;s own process left behind does not hold a dead workflow hostage &gt; when the workflow stands at phase_timeout" time="0.000169666">
            <system-out>
⚠️ [2026-10-06T17:53:40.519Z] Issue #935: spawn lock was left behind by this process (stage &quot;phase_timeout&quot;, no live orchestrator), reclaiming

            </system-out>
        </testcase>
    </testsuite>
    <testsuite name="adws/triggers/__tests__/takeoverHandler.integration.test.ts" timestamp="2026-10-06T17:53:43.876Z" hostname="macmini.local" tests="6" failures="0" errors="0" skipped="0" time="0.014464">
        <testcase classname="adws/triggers/__tests__/takeoverHandler.integration.test.ts" name="abandoned takeover end-to-end (integration) &gt; returns take_over_adwId with the fixture adwId and derived stage" time="0.004632708">
        </testcase>
        <testcase classname="adws/triggers/__tests__/takeoverHandler.integration.test.ts" name="abandoned takeover end-to-end (integration) &gt; invokes resetWorktree with the fixture worktree path and branchName when gate fails" time="0.002358708">
        </testcase>
        <testcase classname="adws/triggers/__tests__/takeoverHandler.integration.test.ts" name="abandoned takeover end-to-end (integration) &gt; invokes deriveStageFromRemote with the fixture adwId" time="0.001936333">
        </testcase>
        <testcase classname="adws/triggers/__tests__/takeoverHandler.integration.test.ts" name="abandoned takeover end-to-end (integration) &gt; resetWorktree is called before deriveStageFromRemote when gate fails" time="0.001499708">
        </testcase>
        <testcase classname="adws/triggers/__tests__/takeoverHandler.integration.test.ts" name="abandoned takeover end-to-end (integration) &gt; lock is NOT released (caller keeps it for the spawn)" time="0.001608042">
        </testcase>
        <testcase classname="adws/triggers/__tests__/takeoverHandler.integration.test.ts" name="abandoned takeover end-to-end (integration) &gt; returns spawn_fresh when no fixture state file exists" time="0.000998375">
        </testcase>
    </testsuite>
    <testsuite name="adws/triggers/__tests__/takeoverHandler.test.ts" timestamp="2026-10-06T17:53:43.877Z" hostname="macmini.local" tests="79" failures="0" errors="0" skipped="0" time="0.047058042">
        <testcase classname="adws/triggers/__tests__/takeoverHandler.test.ts" name="defer_live_holder &gt; returns defer_live_holder when the lock is held by a live process" time="0.001687917">
        </testcase>
        <testcase classname="adws/triggers/__tests__/takeoverHandler.test.ts" name="defer_live_holder &gt; returns holderPid 0 when lock is held but readSpawnLockRecord returns null" time="0.000280666">
        </testcase>
        <testcase classname="adws/triggers/__tests__/takeoverHandler.test.ts" name="spawn_fresh — no adwId &gt; returns spawn_fresh when resolveAdwId returns null" time="0.00028275">
        </testcase>
        <testcase classname="adws/triggers/__tests__/takeoverHandler.test.ts" name="spawn_fresh — no adwId &gt; returns spawn_fresh when adwId resolves but state file is null" time="0.000259042">
        </testcase>
        <testcase classname="adws/triggers/__tests__/takeoverHandler.test.ts" name="skip_terminal &gt; returns skip_terminal for completed stage and releases lock" time="0.000331083">
        </testcase>
        <testcase classname="adws/triggers/__tests__/takeoverHandler.test.ts" name="skip_terminal &gt; returns skip_terminal for discarded stage and releases lock" time="0.000256375">
        </testcase>
        <testcase classname="adws/triggers/__tests__/takeoverHandler.test.ts" name="skip_terminal &gt; returns skip_terminal for completed even when state has a live PID (terminal wins)" time="0.000227458">
        </testcase>
        <testcase classname="adws/triggers/__tests__/takeoverHandler.test.ts" name="paused no-op &gt; returns skip_terminal with terminalStage paused and releases lock" time="0.000191459">
        </testcase>
        <testcase classname="adws/triggers/__tests__/takeoverHandler.test.ts" name="paused no-op &gt; paused with a live PID still produces no-op (not take_over)" time="0.000594458">
        </testcase>
        <testcase classname="adws/triggers/__tests__/takeoverHandler.test.ts" name="paused_auth no-op &gt; returns skip_terminal with terminalStage paused_auth and releases lock" time="0.000391208">
        </testcase>
        <testcase classname="adws/triggers/__tests__/takeoverHandler.test.ts" name="paused_auth no-op &gt; paused_auth with a live PID still produces no-op (not take_over)" time="0.000204458">
        </testcase>
        <testcase classname="adws/triggers/__tests__/takeoverHandler.test.ts" name="take_over_adwId from abandoned &gt; healthy probe → returns take_over_adwId carrying the adwId and derived stage" time="0.000260583">
        </testcase>
        <testcase classname="adws/triggers/__tests__/takeoverHandler.test.ts" name="take_over_adwId from abandoned &gt; healthy probe → resetWorktree NOT called (uncommitted work preserved)" time="0.000889708">
        </testcase>
        <testcase classname="adws/triggers/__tests__/takeoverHandler.test.ts" name="take_over_adwId from abandoned &gt; healthy probe → probeWorktree called with worktree path and branchName" time="0.001131292">
        </testcase>
        <testcase classname="adws/triggers/__tests__/takeoverHandler.test.ts" name="take_over_adwId from abandoned &gt; healthy probe with orphaned lock → clearOrphanedIndexLock called; resetWorktree NOT called" time="0.000632166">
        </testcase>
        <testcase classname="adws/triggers/__tests__/takeoverHandler.test.ts" name="take_over_adwId from abandoned &gt; healthy probe with absent lock → clearOrphanedIndexLock NOT called" time="0.000502375">
        </testcase>
        <testcase classname="adws/triggers/__tests__/takeoverHandler.test.ts" name="take_over_adwId from abandoned &gt; unhealthy probe → resetWorktree called before deriveStageFromRemote" time="0.000733167">
        </testcase>
        <testcase classname="adws/triggers/__tests__/takeoverHandler.test.ts" name="take_over_adwId from abandoned &gt; unhealthy probe → passes the branchName to resetWorktree" time="0.000644209">
        </testcase>
        <testcase classname="adws/triggers/__tests__/takeoverHandler.test.ts" name="take_over_adwId from abandoned &gt; no branchName → neither probeWorktree nor resetWorktree called; deriveStageFromRemote still called" time="0.000497375">
        </testcase>
        <testcase classname="adws/triggers/__tests__/takeoverHandler.test.ts" name="take_over_adwId from abandoned &gt; acquireIssueSpawnLock is called before probeWorktree" time="0.00065675">
        </testcase>
        <testcase classname="adws/triggers/__tests__/takeoverHandler.test.ts" name="take_over_adwId from abandoned &gt; lock is NOT released on take_over_adwId (caller keeps it for spawn)" time="0.000557625">
        </testcase>
        <testcase classname="adws/triggers/__tests__/takeoverHandler.test.ts" name="take_over_adwId from abandoned &gt; no killProcess on abandoned branch" time="0.000532125">
        </testcase>
        <testcase classname="adws/triggers/__tests__/takeoverHandler.test.ts" name="take_over_adwId from *_running with dead PID &gt; returns take_over_adwId and does not call killProcess when PID is dead" time="0.000706417">
        </testcase>
        <testcase classname="adws/triggers/__tests__/takeoverHandler.test.ts" name="take_over_adwId from *_running with dead PID &gt; worktreeReset runs before remoteReconcile on running-dead-PID path" time="0.000848708">
        </testcase>
        <testcase classname="adws/triggers/__tests__/takeoverHandler.test.ts" name="take_over_adwId from *_running with dead PID &gt; handles starting stage with dead PID as take_over_adwId" time="0.000655">
        </testcase>
        <testcase classname="adws/triggers/__tests__/takeoverHandler.test.ts" name="take_over_adwId from *_running with dead PID &gt; handles no pid field as dead — proceeds to take_over" time="0.000660458">
        </testcase>
        <testcase classname="adws/triggers/__tests__/takeoverHandler.test.ts" name="take_over_adwId from *_running with dead PID &gt; active running path always resets (reuse gate is not applied)" time="0.000723375">
        </testcase>
        <testcase classname="adws/triggers/__tests__/takeoverHandler.test.ts" name="take_over_adwId from *_running with live PID not holding lock &gt; issues SIGKILL then proceeds to take_over_adwId" time="0.000646125">
        </testcase>
        <testcase classname="adws/triggers/__tests__/takeoverHandler.test.ts" name="take_over_adwId from *_running with live PID not holding lock &gt; SIGKILL fires before worktreeReset (order enforced)" time="0.00035775">
        </testcase>
        <testcase classname="adws/triggers/__tests__/takeoverHandler.test.ts" name="take_over_adwId from *_running with live PID not holding lock &gt; ESRCH from killProcess does not prevent take_over_adwId decision" time="0.000314167">
        </testcase>
        <testcase classname="adws/triggers/__tests__/takeoverHandler.test.ts" name="defensive fallthrough &gt; returns spawn_fresh for an unknown/unrecognised stage" time="0.000275334">
        </testcase>
        <testcase classname="adws/triggers/__tests__/takeoverHandler.test.ts" name="paused — no side effects &gt; records no worktreeReset, remoteReconcile, or kill calls" time="0.000280334">
        </testcase>
        <testcase classname="adws/triggers/__tests__/takeoverHandler.test.ts" name="lock handoff semantics &gt; does not release lock on spawn_fresh (caller keeps lock for spawn)" time="0.000255417">
        </testcase>
        <testcase classname="adws/triggers/__tests__/takeoverHandler.test.ts" name="take_over_adwId from phase_timeout &gt; healthy probe → returns take_over_adwId and increments resumeAttempts (first resume)" time="0.000494666">
        </testcase>
        <testcase classname="adws/triggers/__tests__/takeoverHandler.test.ts" name="take_over_adwId from phase_timeout &gt; returns take_over_adwId and increments resumeAttempts from 2 to 3 (one below cap)" time="0.000387541">
        </testcase>
        <testcase classname="adws/triggers/__tests__/takeoverHandler.test.ts" name="take_over_adwId from phase_timeout &gt; healthy probe → resetWorktree NOT called (uncommitted work preserved)" time="0.000318125">
        </testcase>
        <testcase classname="adws/triggers/__tests__/takeoverHandler.test.ts" name="take_over_adwId from phase_timeout &gt; healthy probe → probeWorktree called with worktree path and branchName" time="0.000354292">
        </testcase>
        <testcase classname="adws/triggers/__tests__/takeoverHandler.test.ts" name="take_over_adwId from phase_timeout &gt; healthy probe with orphaned lock → clearOrphanedIndexLock called; resetWorktree NOT called" time="0.000347916">
        </testcase>
        <testcase classname="adws/triggers/__tests__/takeoverHandler.test.ts" name="take_over_adwId from phase_timeout &gt; unhealthy probe → resetWorktree called before deriveStageFromRemote" time="0.000361209">
        </testcase>
        <testcase classname="adws/triggers/__tests__/takeoverHandler.test.ts" name="take_over_adwId from phase_timeout &gt; unhealthy probe → passes the branchName from state to resetWorktree" time="0.000351125">
        </testcase>
        <testcase classname="adws/triggers/__tests__/takeoverHandler.test.ts" name="take_over_adwId from phase_timeout &gt; no branchName → neither probeWorktree nor resetWorktree called; deriveStageFromRemote still called" time="0.000355125">
        </testcase>
        <testcase classname="adws/triggers/__tests__/takeoverHandler.test.ts" name="take_over_adwId from phase_timeout &gt; lock is NOT released on take_over_adwId (caller keeps it for spawn)" time="0.000385625">
        </testcase>
        <testcase classname="adws/triggers/__tests__/takeoverHandler.test.ts" name="take_over_adwId from phase_timeout &gt; does NOT call killProcess even when state has a live PID (orchestrator already exited)" time="0.000453">
        </testcase>
        <testcase classname="adws/triggers/__tests__/takeoverHandler.test.ts" name="take_over_adwId from phase_timeout &gt; liveOwner=true in probe → reset (confirmed-dead safety net); no killProcess" time="0.000473333">
        </testcase>
        <testcase classname="adws/triggers/__tests__/takeoverHandler.test.ts" name="escalate_human_gated from phase_timeout at cap &gt; returns escalate_human_gated with adwId when resumeAttempts equals MAX_RESUME_ATTEMPTS" time="0.000505208">
        </testcase>
        <testcase classname="adws/triggers/__tests__/takeoverHandler.test.ts" name="escalate_human_gated from phase_timeout at cap &gt; writes human_gated to state when escalating" time="0.000477208">
        </testcase>
        <testcase classname="adws/triggers/__tests__/takeoverHandler.test.ts" name="escalate_human_gated from phase_timeout at cap &gt; posts the escalation comment when escalating" time="0.000403875">
        </testcase>
        <testcase classname="adws/triggers/__tests__/takeoverHandler.test.ts" name="escalate_human_gated from phase_timeout at cap &gt; releases the spawn lock on escalation" time="0.000387542">
        </testcase>
        <testcase classname="adws/triggers/__tests__/takeoverHandler.test.ts" name="escalate_human_gated from phase_timeout at cap &gt; does not call resetWorktree or deriveStageFromRemote on escalation" time="0.000393">
        </testcase>
        <testcase classname="adws/triggers/__tests__/takeoverHandler.test.ts" name="escalate_human_gated from phase_timeout at cap &gt; escalates also when resumeAttempts exceeds cap (defensive — above cap)" time="0.000389792">
        </testcase>
        <testcase classname="adws/triggers/__tests__/takeoverHandler.test.ts" name="GitContext-based worktree path (abandoned) &gt; abandoned: worktree path resolves under context base (boundary.gitContext is the only source, #822)" time="0.000658542">
        </testcase>
        <testcase classname="adws/triggers/__tests__/takeoverHandler.test.ts" name="GitContext-based worktree path (abandoned) &gt; abandoned: unhealthy probe resets worktree via context base path" time="0.000449">
        </testcase>
        <testcase classname="adws/triggers/__tests__/takeoverHandler.test.ts" name="GitContext-based worktree path (abandoned) &gt; abandoned: resolved worktree path is not under the framework cwd (incident pin)" time="0.000605916">
        </testcase>
        <testcase classname="adws/triggers/__tests__/takeoverHandler.test.ts" name="GitContext-based worktree path (phase_timeout) &gt; phase_timeout: worktree path resolves under context base (boundary.gitContext is the only source, #822)" time="0.000494667">
        </testcase>
        <testcase classname="adws/triggers/__tests__/takeoverHandler.test.ts" name="buildDefaultTakeoverDeps — resolveAdwId &gt; reads comments through the boundary&apos;s issue tracker, and the latest adw id wins" time="0.001487791">
        </testcase>
        <testcase classname="adws/triggers/__tests__/takeoverHandler.test.ts" name="buildDefaultTakeoverDeps — resolveAdwId &gt; returns null on a boundary throw (fail-safe)" time="0.000720667">
        </testcase>
        <testcase classname="adws/triggers/__tests__/takeoverHandler.test.ts" name="buildDefaultTakeoverDeps — resolveAdwId &gt; returns null when no comment carries an adwId" time="0.000689041">
        </testcase>
        <testcase classname="adws/triggers/__tests__/takeoverHandler.test.ts" name="buildDefaultTakeoverDeps — deriveStageFromRemote boundary routing &gt; passes buildDefaultReconcileDeps(boundary) as the 2nd arg" time="0.000457625">
        </testcase>
        <testcase classname="adws/triggers/__tests__/takeoverHandler.test.ts" name="starting — the recorded owner decides, never the stage &gt; a live recorded owner &gt; is deferred to, carrying its pid, with the lock released so it can take it itself" time="0.000489625">
        </testcase>
        <testcase classname="adws/triggers/__tests__/takeoverHandler.test.ts" name="starting — the recorded owner decides, never the stage &gt; a live recorded owner &gt; is never killed, never has its worktree probed or reset, and nothing is reconciled or written" time="0.000471291">
        </testcase>
        <testcase classname="adws/triggers/__tests__/takeoverHandler.test.ts" name="starting — the recorded owner decides, never the stage &gt; a dead recorded owner &gt; healthy probe → take_over_adwId through the reuse gate: probed with its path, branch, pid and start time, never reset or killed" time="0.000500375">
        </testcase>
        <testcase classname="adws/triggers/__tests__/takeoverHandler.test.ts" name="starting — the recorded owner decides, never the stage &gt; a dead recorded owner &gt; unhealthy probe → resetWorktree runs before deriveStageFromRemote" time="0.000499292">
        </testcase>
        <testcase classname="adws/triggers/__tests__/takeoverHandler.test.ts" name="starting — the recorded owner decides, never the stage &gt; a dead recorded owner &gt; keeps the lock for the caller that spawns the take-over" time="0.00048175">
        </testcase>
        <testcase classname="adws/triggers/__tests__/takeoverHandler.test.ts" name="starting — the recorded owner decides, never the stage &gt; no recorded owner &gt; counts as dead: through the reuse gate to take_over_adwId, with nothing killed" time="0.000497958">
        </testcase>
        <testcase classname="adws/triggers/__tests__/takeoverHandler.test.ts" name="starting — the recorded owner decides, never the stage &gt; no recorded owner &gt; counts a pid that has no start time as unrecorded, since liveness cannot be confirmed" time="0.000476417">
        </testcase>
        <testcase classname="adws/triggers/__tests__/takeoverHandler.test.ts" name="the spawn lock never outlives an evaluation that throws &gt; releases the lock exactly once and rethrows when the reset of an unpushed branch fails" time="0.000588916">
        </testcase>
        <testcase classname="adws/triggers/__tests__/takeoverHandler.test.ts" name="the spawn lock never outlives an evaluation that throws &gt; releases the lock exactly once and rethrows when the remote reconcile fails for an abandoned workflow" time="0.000535125">
        </testcase>
        <testcase classname="adws/triggers/__tests__/takeoverHandler.test.ts" name="the spawn lock never outlives an evaluation that throws &gt; releases the lock when reading the state fails after it was taken" time="0.000761708">
        </testcase>
        <testcase classname="adws/triggers/__tests__/takeoverHandler.test.ts" name="the spawn lock never outlives an evaluation that throws &gt; never releases a lock it failed to take" time="0.00208575">
        </testcase>
        <testcase classname="adws/triggers/__tests__/takeoverHandler.test.ts" name="a spawn lock this very process left behind &gt; is reclaimed for a starting workflow that records no owner: released once, taken again, then taken over" time="0.002193541">
            <system-out>
⚠️ [2026-10-06T17:53:38.716Z] Issue #115: spawn lock was left behind by this process (stage &quot;starting&quot;, no live orchestrator), reclaiming

            </system-out>
        </testcase>
        <testcase classname="adws/triggers/__tests__/takeoverHandler.test.ts" name="a spawn lock this very process left behind &gt; is reclaimed for an abandoned workflow that records no owner" time="0.001322083">
            <system-out>
⚠️ [2026-10-06T17:53:38.719Z] Issue #116: spawn lock was left behind by this process (stage &quot;abandoned&quot;, no live orchestrator), reclaiming

            </system-out>
        </testcase>
        <testcase classname="adws/triggers/__tests__/takeoverHandler.test.ts" name="a spawn lock this very process left behind &gt; is reclaimed for a phase_timeout workflow within the resume cap, which counts the resume once" time="0.000786916">
            <system-out>
⚠️ [2026-10-06T17:53:38.719Z] Issue #117: spawn lock was left behind by this process (stage &quot;phase_timeout&quot;, no live orchestrator), reclaiming

            </system-out>
        </testcase>
        <testcase classname="adws/triggers/__tests__/takeoverHandler.test.ts" name="a spawn lock this very process left behind &gt; is reclaimed for a *_running workflow whose recorded owner is dead" time="0.000619375">
            <system-out>
⚠️ [2026-10-06T17:53:38.720Z] Issue #118: spawn lock was left behind by this process (stage &quot;build_running&quot;, no live orchestrator), reclaiming

            </system-out>
        </testcase>
        <testcase classname="adws/triggers/__tests__/takeoverHandler.test.ts" name="a spawn lock this very process left behind &gt; is not reclaimed while the workflow&apos;s recorded owner is alive" time="0.000546458">
        </testcase>
        <testcase classname="adws/triggers/__tests__/takeoverHandler.test.ts" name="a spawn lock this very process left behind &gt; is not reclaimed for a stage the handler answers with spawn_fresh, which is the hold an in-process wait spans" time="0.000525917">
        </testcase>
        <testcase classname="adws/triggers/__tests__/takeoverHandler.test.ts" name="a spawn lock this very process left behind &gt; is not reclaimed when no adwId is known yet" time="0.000527542">
        </testcase>
        <testcase classname="adws/triggers/__tests__/takeoverHandler.test.ts" name="a spawn lock this very process left behind &gt; is not reclaimed when the adwId has no state file" time="0.000531792">
        </testcase>
        <testcase classname="adws/triggers/__tests__/takeoverHandler.test.ts" name="a spawn lock this very process left behind &gt; is never touched when another process holds the lock, and the workflow is not even read" time="0.000562083">
        </testcase>
        <testcase classname="adws/triggers/__tests__/takeoverHandler.test.ts" name="a spawn lock this very process left behind &gt; defers when the lock cannot be taken again after it was released" time="0.000646125">
            <system-out>
⚠️ [2026-10-06T17:53:38.724Z] Issue #123: spawn lock was left behind by this process (stage &quot;abandoned&quot;, no live orchestrator), reclaiming

            </system-out>
        </testcase>
    </testsuite>
    <testsuite name="adws/triggers/__tests__/triggerCronAwaitingMerge.test.ts" timestamp="2026-10-06T17:53:43.879Z" hostname="macmini.local" tests="21" failures="0" errors="0" skipped="0" time="0.009164375">
        <testcase classname="adws/triggers/__tests__/triggerCronAwaitingMerge.test.ts" name="evaluateIssue — awaiting_merge &gt; returns eligible with action=merge when stage is awaiting_merge" time="0.005071792">
        </testcase>
        <testcase classname="adws/triggers/__tests__/triggerCronAwaitingMerge.test.ts" name="evaluateIssue — awaiting_merge &gt; returns ineligible when stage is awaiting_merge but adwId is missing" time="0.000266875">
        </testcase>
        <testcase classname="adws/triggers/__tests__/triggerCronAwaitingMerge.test.ts" name="evaluateIssue — awaiting_merge &gt; bypasses grace period for awaiting_merge (recent activity still eligible)" time="0.000228416">
        </testcase>
        <testcase classname="adws/triggers/__tests__/triggerCronAwaitingMerge.test.ts" name="evaluateIssue — awaiting_merge &gt; ignores processed.spawns when stage is awaiting_merge (regression #398/#399)" time="0.000158084">
        </testcase>
        <testcase classname="adws/triggers/__tests__/triggerCronAwaitingMerge.test.ts" name="evaluateIssue — grace period for standard stages &gt; excludes a fresh issue within the grace period" time="0.000100917">
        </testcase>
        <testcase classname="adws/triggers/__tests__/triggerCronAwaitingMerge.test.ts" name="evaluateIssue — grace period for standard stages &gt; includes a fresh issue that has aged past the grace period" time="0.000084333">
        </testcase>
        <testcase classname="adws/triggers/__tests__/triggerCronAwaitingMerge.test.ts" name="evaluateIssue — grace period for standard stages &gt; excludes an abandoned issue within the grace period" time="0.000074834">
        </testcase>
        <testcase classname="adws/triggers/__tests__/triggerCronAwaitingMerge.test.ts" name="evaluateIssue — grace period for standard stages &gt; returns ineligible when issue is in processed.spawns and stage is not awaiting_merge" time="0.000074958">
        </testcase>
        <testcase classname="adws/triggers/__tests__/triggerCronAwaitingMerge.test.ts" name="filterEligibleIssues — awaiting_merge propagation &gt; includes awaiting_merge issue with adwId and action=merge" time="0.000569334">
        </testcase>
        <testcase classname="adws/triggers/__tests__/triggerCronAwaitingMerge.test.ts" name="filterEligibleIssues — awaiting_merge propagation &gt; keeps awaiting_merge in eligible list even when other issues are filtered" time="0.000302583">
        </testcase>
        <testcase classname="adws/triggers/__tests__/triggerCronAwaitingMerge.test.ts" name="filterEligibleIssues — awaiting_merge propagation &gt; returns results sorted oldest-first by createdAt" time="0.000103166">
        </testcase>
        <testcase classname="adws/triggers/__tests__/triggerCronAwaitingMerge.test.ts" name="filterEligibleIssues — awaiting_merge propagation &gt; excludes awaiting_merge with no adwId from eligible list" time="0.000119416">
        </testcase>
        <testcase classname="adws/triggers/__tests__/triggerCronAwaitingMerge.test.ts" name="filterEligibleIssues — awaiting_merge propagation &gt; includes awaiting_merge issue even when it is in processed.spawns" time="0.000134584">
        </testcase>
        <testcase classname="adws/triggers/__tests__/triggerCronAwaitingMerge.test.ts" name="evaluateIssue — cancelledThisCycle &gt; returns ineligible with reason=&apos;cancelled&apos; when issue is in cancelledThisCycle" time="0.000060541">
        </testcase>
        <testcase classname="adws/triggers/__tests__/triggerCronAwaitingMerge.test.ts" name="evaluateIssue — cancelledThisCycle &gt; cancelled check takes precedence over awaiting_merge" time="0.000051833">
        </testcase>
        <testcase classname="adws/triggers/__tests__/triggerCronAwaitingMerge.test.ts" name="evaluateIssue — cancelledThisCycle &gt; cancelled check takes precedence over processed.spawns" time="0.000072917">
        </testcase>
        <testcase classname="adws/triggers/__tests__/triggerCronAwaitingMerge.test.ts" name="evaluateIssue — cancelledThisCycle &gt; two-cycle regression: skipped in cycle 1, eligible in cycle 2" time="0.000176791">
        </testcase>
        <testcase classname="adws/triggers/__tests__/triggerCronAwaitingMerge.test.ts" name="evaluateIssue — discarded skip-terminal &gt; returns ineligible with reason=discarded when stage is discarded" time="0.000067209">
        </testcase>
        <testcase classname="adws/triggers/__tests__/triggerCronAwaitingMerge.test.ts" name="evaluateIssue — discarded skip-terminal &gt; discarded check takes precedence over grace period" time="0.000050083">
        </testcase>
        <testcase classname="adws/triggers/__tests__/triggerCronAwaitingMerge.test.ts" name="evaluateIssue — discarded skip-terminal &gt; filterEligibleIssues annotates discarded issues with reason=discarded" time="0.000076375">
        </testcase>
        <testcase classname="adws/triggers/__tests__/triggerCronAwaitingMerge.test.ts" name="filterEligibleIssues — cancelledThisCycle annotation &gt; filtered annotation reads &apos;#N(cancelled)&apos; when the issue is in cancelledThisCycle" time="0.000062292">
        </testcase>
    </testsuite>
    <testsuite name="adws/triggers/__tests__/trigger_cron.test.ts" timestamp="2026-10-06T17:53:43.880Z" hostname="macmini.local" tests="37" failures="0" errors="0" skipped="0" time="0.439743416">
        <testcase classname="adws/triggers/__tests__/trigger_cron.test.ts" name="runHungDetectorSweep &gt; sends SIGKILL to the pid returned for a single hung entry" time="0.003002542">
        </testcase>
        <testcase classname="adws/triggers/__tests__/trigger_cron.test.ts" name="runHungDetectorSweep &gt; rewrites workflowStage to abandoned for the returned entry" time="0.000789292">
        </testcase>
        <testcase classname="adws/triggers/__tests__/trigger_cron.test.ts" name="runHungDetectorSweep &gt; never rewrites workflowStage to discarded for a hung entry" time="0.000723167">
        </testcase>
        <testcase classname="adws/triggers/__tests__/trigger_cron.test.ts" name="runHungDetectorSweep &gt; calls SIGKILL and writeTopLevelState for each of multiple entries" time="0.000591959">
        </testcase>
        <testcase classname="adws/triggers/__tests__/trigger_cron.test.ts" name="runHungDetectorSweep &gt; is a no-op when findHungOrchestrators returns []" time="0.000287084">
        </testcase>
        <testcase classname="adws/triggers/__tests__/trigger_cron.test.ts" name="runHungDetectorSweep &gt; still rewrites state and processes siblings when SIGKILL throws for one entry" time="0.000631459">
        </testcase>
        <testcase classname="adws/triggers/__tests__/trigger_cron.test.ts" name="runHungDetectorSweep &gt; passes now argument through to findHungOrchestrators" time="0.001074916">
        </testcase>
        <testcase classname="adws/triggers/__tests__/trigger_cron.test.ts" name="runPerIssueScenarioSweepTick &gt; dispatches the injected sweep exactly once on a cadence-eligible cycle" time="0.000279041">
        </testcase>
        <testcase classname="adws/triggers/__tests__/trigger_cron.test.ts" name="runPerIssueScenarioSweepTick &gt; does not dispatch on an off-cadence cycle" time="0.0001975">
        </testcase>
        <testcase classname="adws/triggers/__tests__/trigger_cron.test.ts" name="runPerIssueScenarioSweepTick &gt; skips without dispatching and logs a warning when the thunk is null (no launch context)" time="0.000470292">
        </testcase>
        <testcase classname="adws/triggers/__tests__/trigger_cron.test.ts" name="runPerIssueScenarioSweepTick &gt; does not even evaluate the skip branch off-cadence when the thunk is null" time="0.000145292">
        </testcase>
        <testcase classname="adws/triggers/__tests__/trigger_cron.test.ts" name="runPerIssueScenarioSweepTick &gt; swallows a throwing sweep and the tick still resolves" time="0.000584708">
        </testcase>
        <testcase classname="adws/triggers/__tests__/trigger_cron.test.ts" name="runPromotionSweepTick — null-thunk skip (#769) &gt; dispatches the injected sweep exactly once on a cadence-eligible cycle" time="0.000131">
        </testcase>
        <testcase classname="adws/triggers/__tests__/trigger_cron.test.ts" name="runPromotionSweepTick — null-thunk skip (#769) &gt; does not dispatch on an off-cadence cycle" time="0.000074292">
        </testcase>
        <testcase classname="adws/triggers/__tests__/trigger_cron.test.ts" name="runPromotionSweepTick — null-thunk skip (#769) &gt; skips without dispatching and logs a warning when the thunk is null (no launch context)" time="0.000094209">
        </testcase>
        <testcase classname="adws/triggers/__tests__/trigger_cron.test.ts" name="runPromotionSweepTick — null-thunk skip (#769) &gt; swallows a throwing sweep and the tick still resolves" time="0.000114417">
        </testcase>
        <testcase classname="adws/triggers/__tests__/trigger_cron.test.ts" name="runDocsIndexSweepTick — null-thunk skip (#810) &gt; dispatches the injected sweep exactly once on a cadence-eligible cycle" time="0.000088583">
        </testcase>
        <testcase classname="adws/triggers/__tests__/trigger_cron.test.ts" name="runDocsIndexSweepTick — null-thunk skip (#810) &gt; does not dispatch on an off-cadence cycle" time="0.000051458">
        </testcase>
        <testcase classname="adws/triggers/__tests__/trigger_cron.test.ts" name="runDocsIndexSweepTick — null-thunk skip (#810) &gt; skips without dispatching and logs a warning when the thunk is null (no launch context)" time="0.000063875">
        </testcase>
        <testcase classname="adws/triggers/__tests__/trigger_cron.test.ts" name="runDocsIndexSweepTick — null-thunk skip (#810) &gt; does not even evaluate the skip branch off-cadence when the thunk is null" time="0.000050542">
        </testcase>
        <testcase classname="adws/triggers/__tests__/trigger_cron.test.ts" name="runDocsIndexSweepTick — null-thunk skip (#810) &gt; swallows a throwing sweep and the tick still resolves" time="0.000086958">
        </testcase>
        <testcase classname="adws/triggers/__tests__/trigger_cron.test.ts" name="runPauseQueueScanTick &gt; hands the injected scan this cron&apos;s startup identity and probeRateLimit" time="0.000258125">
        </testcase>
        <testcase classname="adws/triggers/__tests__/trigger_cron.test.ts" name="runPauseQueueScanTick &gt; passes probeRateLimit itself as the probe, not a wrapper" time="0.000069375">
        </testcase>
        <testcase classname="adws/triggers/__tests__/trigger_cron.test.ts" name="runGuardedTick (#812) &gt; awaits the injected tick exactly once" time="0.000118958">
        </testcase>
        <testcase classname="adws/triggers/__tests__/trigger_cron.test.ts" name="runGuardedTick (#812) &gt; swallows a rejecting tick, logs an error naming the cause, and resolves" time="0.002609125">
        </testcase>
        <testcase classname="adws/triggers/__tests__/trigger_cron.test.ts" name="runGuardedTick (#812) &gt; a rejection on one invocation does not stop the next invocation from running" time="0.000222125">
        </testcase>
        <testcase classname="adws/triggers/__tests__/trigger_cron.test.ts" name="runGuardedTick (#812) &gt; swallows a non-Error rejection value" time="0.000129416">
        </testcase>
        <testcase classname="adws/triggers/__tests__/trigger_cron.test.ts" name="auth-gate tick &gt; checks the Claude auth status under the shared launch environment" time="0.421587375">
        </testcase>
        <testcase classname="adws/triggers/__tests__/trigger_cron.test.ts" name="evaluateCandidateForTick &gt; returns the injected evaluator&apos;s decision unchanged" time="0.000238542">
        </testcase>
        <testcase classname="adws/triggers/__tests__/trigger_cron.test.ts" name="evaluateCandidateForTick &gt; returns null and logs an error naming the issue when the evaluator throws" time="0.000347416">
        </testcase>
        <testcase classname="adws/triggers/__tests__/trigger_cron.test.ts" name="evaluateCandidateForTick &gt; does not let a throw for one issue stop the next call from returning its decision" time="0.000188958">
        </testcase>
        <testcase classname="adws/triggers/__tests__/trigger_cron.test.ts" name="checkAndTrigger — the takeover decision for each candidate &gt; releases the issue&apos;s spawn lock once the take-over has been spawned" time="0.000431958">
        </testcase>
        <testcase classname="adws/triggers/__tests__/trigger_cron.test.ts" name="checkAndTrigger — the takeover decision for each candidate &gt; still releases the spawn lock when spawning the take-over throws, and lets the error out" time="0.000568167">
        </testcase>
        <testcase classname="adws/triggers/__tests__/trigger_cron.test.ts" name="checkAndTrigger — the takeover decision for each candidate &gt; skips a candidate whose evaluation throws and still takes over the candidates after it" time="0.000372834">
        </testcase>
        <testcase classname="adws/triggers/__tests__/trigger_cron.test.ts" name="checkAndTrigger — the ## Continue directive scan &gt; hands an issue whose latest comment is ## Continue to the waiver handler, with its comments" time="0.00071825">
        </testcase>
        <testcase classname="adws/triggers/__tests__/trigger_cron.test.ts" name="checkAndTrigger — the ## Continue directive scan &gt; leaves the issue out of the cancelled set, so the re-armed stage is picked up in the same cycle" time="0.00022275">
        </testcase>
        <testcase classname="adws/triggers/__tests__/trigger_cron.test.ts" name="checkAndTrigger — the ## Continue directive scan &gt; reads only the latest comment of each issue" time="0.000481459">
        </testcase>
    </testsuite>
    <testsuite name="adws/triggers/__tests__/trigger_webhook.test.ts" timestamp="2026-10-06T17:53:43.881Z" hostname="macmini.local" tests="5" failures="0" errors="0" skipped="0" time="0.164739917">
        <testcase classname="adws/triggers/__tests__/trigger_webhook.test.ts" name="dispatchWebhookEvent — issue_comment &gt; hands a ## Continue comment on an adw:none issue to the gate, which holds the opt-out" time="0.054461958">
        </testcase>
        <testcase classname="adws/triggers/__tests__/trigger_webhook.test.ts" name="dispatchWebhookEvent — issue_comment &gt; hands a ## Continue comment on an unlabelled issue to the same gate, by the same call" time="0.05187525">
        </testcase>
        <testcase classname="adws/triggers/__tests__/trigger_webhook.test.ts" name="dispatchWebhookEvent — issue_comment &gt; ## Continue and the waiver handler &gt; answers continue_waived and starts nothing when the handler waives the baseline" time="0.002931">
        </testcase>
        <testcase classname="adws/triggers/__tests__/trigger_webhook.test.ts" name="dispatchWebhookEvent — issue_comment &gt; ## Continue and the waiver handler &gt; consults the handler with the issue comments and, when it declines, hands the comment to the gate as before" time="0.053097417">
        </testcase>
        <testcase classname="adws/triggers/__tests__/trigger_webhook.test.ts" name="dispatchWebhookEvent — issue_comment &gt; ## Continue and the waiver handler &gt; ignores a comment that is no directive without fetching the issue comments or consulting the handler" time="0.001621625">
        </testcase>
    </testsuite>
    <testsuite name="adws/triggers/__tests__/upgradeRedrive.test.ts" timestamp="2026-10-06T17:53:43.882Z" hostname="macmini.local" tests="16" failures="0" errors="0" skipped="0" time="0.007231958">
        <testcase classname="adws/triggers/__tests__/upgradeRedrive.test.ts" name="parseClaimBranch &gt; extracts the claim branch from a realistic #UPG body (as built by runUpgradeGate)" time="0.001505708">
        </testcase>
        <testcase classname="adws/triggers/__tests__/upgradeRedrive.test.ts" name="parseClaimBranch &gt; returns null for a body with no claim-branch line" time="0.00024">
        </testcase>
        <testcase classname="adws/triggers/__tests__/upgradeRedrive.test.ts" name="parseClaimBranch &gt; is tolerant of heading case" time="0.000161625">
        </testcase>
        <testcase classname="adws/triggers/__tests__/upgradeRedrive.test.ts" name="parseClaimBranch &gt; returns null for empty backticks (malformed)" time="0.000123042">
        </testcase>
        <testcase classname="adws/triggers/__tests__/upgradeRedrive.test.ts" name="decideUpgradeRedrive &gt; stranded: open, upgrade label, not terminal, no PR, no live lock → redrive:true" time="0.000608417">
        </testcase>
        <testcase classname="adws/triggers/__tests__/upgradeRedrive.test.ts" name="decideUpgradeRedrive &gt; closed → redrive:false, reason:closed" time="0.000150708">
        </testcase>
        <testcase classname="adws/triggers/__tests__/upgradeRedrive.test.ts" name="decideUpgradeRedrive &gt; no adw:upgrade label → redrive:false, reason:not_upgrade" time="0.000130709">
        </testcase>
        <testcase classname="adws/triggers/__tests__/upgradeRedrive.test.ts" name="decideUpgradeRedrive &gt; terminal-labeled (adw:blocked) → redrive:false, reason:terminal" time="0.000130708">
        </testcase>
        <testcase classname="adws/triggers/__tests__/upgradeRedrive.test.ts" name="decideUpgradeRedrive &gt; claim PR present → redrive:false, reason:pr_present" time="0.000153625">
        </testcase>
        <testcase classname="adws/triggers/__tests__/upgradeRedrive.test.ts" name="decideUpgradeRedrive &gt; spawn lock held by a live process → redrive:false, reason:live_lock" time="0.000161209">
        </testcase>
        <testcase classname="adws/triggers/__tests__/upgradeRedrive.test.ts" name="decideUpgradeRedrive &gt; a dead-PID lock (spawnLockHeldByLiveProcess:false) is still redrivable" time="0.000104875">
        </testcase>
        <testcase classname="adws/triggers/__tests__/upgradeRedrive.test.ts" name="findRedrivableUpgrades &gt; returns exactly the stranded #UPG number among a mixed fixture (terminal/PR-present/live-lock/non-upgrade all skipped)" time="0.001056125">
        </testcase>
        <testcase classname="adws/triggers/__tests__/upgradeRedrive.test.ts" name="findRedrivableUpgrades &gt; treats an absent lock and a dead-PID lock both as redrivable" time="0.000430416">
        </testcase>
        <testcase classname="adws/triggers/__tests__/upgradeRedrive.test.ts" name="findRedrivableUpgrades &gt; a body with no claim-branch line is treated as no PR (redrive proceeds)" time="0.000237875">
        </testcase>
        <testcase classname="adws/triggers/__tests__/upgradeRedrive.test.ts" name="runUpgradeRedriveScan &gt; spawns the upgrade orchestrator only for the stranded issue, with (upgNumber, targetRepoArgs)" time="0.00053225">
        </testcase>
        <testcase classname="adws/triggers/__tests__/upgradeRedrive.test.ts" name="runUpgradeRedriveScan &gt; spawns nothing when no issue is stranded" time="0.000137958">
        </testcase>
    </testsuite>
    <testsuite name="adws/triggers/__tests__/webhookEventBoundary.test.ts" timestamp="2026-10-06T17:53:43.882Z" hostname="macmini.local" tests="18" failures="0" errors="0" skipped="0" time="0.010296791">
        <testcase classname="adws/triggers/__tests__/webhookEventBoundary.test.ts" name="describeWebhookEvent &gt; extracts event, repo, issue number from a full issue_comment payload" time="0.000906375">
        </testcase>
        <testcase classname="adws/triggers/__tests__/webhookEventBoundary.test.ts" name="describeWebhookEvent &gt; falls back to unknown/null when event and body are undefined" time="0.000098125">
        </testcase>
        <testcase classname="adws/triggers/__tests__/webhookEventBoundary.test.ts" name="describeWebhookEvent &gt; degrades a hostile payload to the same fallbacks without throwing" time="0.000362708">
        </testcase>
        <testcase classname="adws/triggers/__tests__/webhookEventBoundary.test.ts" name="describeWebhookEvent &gt; picks up pull_request.number for a pull_request payload" time="0.000077166">
        </testcase>
        <testcase classname="adws/triggers/__tests__/webhookEventBoundary.test.ts" name="safeParseWebhookBody &gt; parses valid JSON into an object" time="0.000091333">
        </testcase>
        <testcase classname="adws/triggers/__tests__/webhookEventBoundary.test.ts" name="safeParseWebhookBody &gt; returns undefined for unparseable JSON" time="0.000076709">
        </testcase>
        <testcase classname="adws/triggers/__tests__/webhookEventBoundary.test.ts" name="safeParseWebhookBody &gt; returns undefined for a valid-but-non-object body (array)" time="0.000052667">
        </testcase>
        <testcase classname="adws/triggers/__tests__/webhookEventBoundary.test.ts" name="safeParseWebhookBody &gt; returns undefined for a valid-but-non-object body (bare string)" time="0.000052041">
        </testcase>
        <testcase classname="adws/triggers/__tests__/webhookEventBoundary.test.ts" name="formatWebhookFailureLog / formatWebhookFailureAlert &gt; formatWebhookFailureLog names event type, repo, issue number and the error message" time="0.000146292">
        </testcase>
        <testcase classname="adws/triggers/__tests__/webhookEventBoundary.test.ts" name="formatWebhookFailureLog / formatWebhookFailureAlert &gt; formatWebhookFailureAlert names event type, repo, issue number and the error message" time="0.000112541">
        </testcase>
        <testcase classname="adws/triggers/__tests__/webhookEventBoundary.test.ts" name="formatWebhookFailureLog / formatWebhookFailureAlert &gt; labels as n/a when neither issue nor PR number is set" time="0.000056833">
        </testcase>
        <testcase classname="adws/triggers/__tests__/webhookEventBoundary.test.ts" name="formatWebhookFailureLog / formatWebhookFailureAlert &gt; labels as PR #N when only a PR number is set" time="0.000058584">
        </testcase>
        <testcase classname="adws/triggers/__tests__/webhookEventBoundary.test.ts" name="formatWebhookFailureLog / formatWebhookFailureAlert &gt; formats a non-Error thrown value via String()" time="0.000033875">
        </testcase>
        <testcase classname="adws/triggers/__tests__/webhookEventBoundary.test.ts" name="reportWebhookEventFailure &gt; calls logger once at error level and notify once with the alert text" time="0.002147542">
        </testcase>
        <testcase classname="adws/triggers/__tests__/webhookEventBoundary.test.ts" name="reportWebhookEventFailure &gt; never throws when notify throws synchronously" time="0.003994125">
            <system-err>
reportWebhookEventFailure itself failed: Error: sync notify boom
    at [90m/Users/martin/projects/paysdoc/AI_Dev_Workflow/.worktrees/feature-issue-1018-promote-rate-limit-probe-regression/[39madws/triggers/__tests__/webhookEventBoundary.test.ts:145:40
    at Mock [90m(file:///Users/martin/projects/paysdoc/AI_Dev_Workflow/.worktrees/feature-issue-1018-promote-rate-limit-probe-regression/[39mnode_modules/[4m@vitest/spy[24m/dist/index.js:332:34[90m)[39m
    at reportWebhookEventFailure [90m(/Users/martin/projects/paysdoc/AI_Dev_Workflow/.worktrees/feature-issue-1018-promote-rate-limit-probe-regression/[39madws/triggers/webhookEventBoundary.ts:95:26[90m)[39m
    at [90m/Users/martin/projects/paysdoc/AI_Dev_Workflow/.worktrees/feature-issue-1018-promote-rate-limit-probe-regression/[39madws/triggers/__tests__/webhookEventBoundary.test.ts:146:18
    at Proxy.assertThrows [90m(file:///Users/martin/projects/paysdoc/AI_Dev_Workflow/.worktrees/feature-issue-1018-promote-rate-limit-probe-regression/[39mnode_modules/[4mchai[24m/index.js:2798:5[90m)[39m
    at Proxy.methodWrapper [90m(file:///Users/martin/projects/paysdoc/AI_Dev_Workflow/.worktrees/feature-issue-1018-promote-rate-limit-probe-regression/[39mnode_modules/[4mchai[24m/index.js:1700:25[90m)[39m
    at Proxy.&lt;anonymous&gt; [90m(file:///Users/martin/projects/paysdoc/AI_Dev_Workflow/.worktrees/feature-issue-1018-promote-rate-limit-probe-regression/[39mnode_modules/[4m@vitest/expect[24m/dist/index.js:1211:12[90m)[39m
    at Proxy.overwritingMethodWrapper [90m(file:///Users/martin/projects/paysdoc/AI_Dev_Workflow/.worktrees/feature-issue-1018-promote-rate-limit-probe-regression/[39mnode_modules/[4mchai[24m/index.js:1750:33[90m)[39m
    at Proxy.&lt;anonymous&gt; [90m(file:///Users/martin/projects/paysdoc/AI_Dev_Workflow/.worktrees/feature-issue-1018-promote-rate-limit-probe-regression/[39mnode_modules/[4m@vitest/expect[24m/dist/index.js:1547:16[90m)[39m
    at Proxy.&lt;anonymous&gt; [90m(file:///Users/martin/projects/paysdoc/AI_Dev_Workflow/.worktrees/feature-issue-1018-promote-rate-limit-probe-regression/[39mnode_modules/[4m@vitest/expect[24m/dist/index.js:1151:15[90m)[39m

            </system-err>
        </testcase>
        <testcase classname="adws/triggers/__tests__/webhookEventBoundary.test.ts" name="reportWebhookEventFailure &gt; never throws when notify returns a rejected promise, and the rejection is consumed" time="0.0007785">
        </testcase>
        <testcase classname="adws/triggers/__tests__/webhookEventBoundary.test.ts" name="reportWebhookEventFailure &gt; never throws when logger throws" time="0.000335125">
            <system-err>
reportWebhookEventFailure itself failed: Error: logger boom
    at [90m/Users/martin/projects/paysdoc/AI_Dev_Workflow/.worktrees/feature-issue-1018-promote-rate-limit-probe-regression/[39madws/triggers/__tests__/webhookEventBoundary.test.ts:162:40
    at Mock [90m(file:///Users/martin/projects/paysdoc/AI_Dev_Workflow/.worktrees/feature-issue-1018-promote-rate-limit-probe-regression/[39mnode_modules/[4m@vitest/spy[24m/dist/index.js:332:34[90m)[39m
    at reportWebhookEventFailure [90m(/Users/martin/projects/paysdoc/AI_Dev_Workflow/.worktrees/feature-issue-1018-promote-rate-limit-probe-regression/[39madws/triggers/webhookEventBoundary.ts:94:5[90m)[39m
    at [90m/Users/martin/projects/paysdoc/AI_Dev_Workflow/.worktrees/feature-issue-1018-promote-rate-limit-probe-regression/[39madws/triggers/__tests__/webhookEventBoundary.test.ts:164:18
    at Proxy.assertThrows [90m(file:///Users/martin/projects/paysdoc/AI_Dev_Workflow/.worktrees/feature-issue-1018-promote-rate-limit-probe-regression/[39mnode_modules/[4mchai[24m/index.js:2798:5[90m)[39m
    at Proxy.methodWrapper [90m(file:///Users/martin/projects/paysdoc/AI_Dev_Workflow/.worktrees/feature-issue-1018-promote-rate-limit-probe-regression/[39mnode_modules/[4mchai[24m/index.js:1700:25[90m)[39m
    at Proxy.&lt;anonymous&gt; [90m(file:///Users/martin/projects/paysdoc/AI_Dev_Workflow/.worktrees/feature-issue-1018-promote-rate-limit-probe-regression/[39mnode_modules/[4m@vitest/expect[24m/dist/index.js:1211:12[90m)[39m
    at Proxy.overwritingMethodWrapper [90m(file:///Users/martin/projects/paysdoc/AI_Dev_Workflow/.worktrees/feature-issue-1018-promote-rate-limit-probe-regression/[39mnode_modules/[4mchai[24m/index.js:1750:33[90m)[39m
    at Proxy.&lt;anonymous&gt; [90m(file:///Users/martin/projects/paysdoc/AI_Dev_Workflow/.worktrees/feature-issue-1018-promote-rate-limit-probe-regression/[39mnode_modules/[4m@vitest/expect[24m/dist/index.js:1547:16[90m)[39m
    at Proxy.&lt;anonymous&gt; [90m(file:///Users/martin/projects/paysdoc/AI_Dev_Workflow/.worktrees/feature-issue-1018-promote-rate-limit-probe-regression/[39mnode_modules/[4m@vitest/expect[24m/dist/index.js:1151:15[90m)[39m

            </system-err>
        </testcase>
        <testcase classname="adws/triggers/__tests__/webhookEventBoundary.test.ts" name="reportWebhookEventFailure &gt; does not await the notifier — returns synchronously even with a never-settling promise" time="0.000133167">
        </testcase>
    </testsuite>
    <testsuite name="adws/triggers/__tests__/webhookGatekeeper.test.ts" timestamp="2026-10-06T17:53:43.883Z" hostname="macmini.local" tests="11" failures="0" errors="0" skipped="0" time="0.005277875">
        <testcase classname="adws/triggers/__tests__/webhookGatekeeper.test.ts" name="classifyAndSpawnWorkflow — adw:upgrade short-circuit (Bug C′) &gt; routes an adw:upgrade issue to adwUpgrade.tsx and never calls evaluateCandidate" time="0.002108542">
        </testcase>
        <testcase classname="adws/triggers/__tests__/webhookGatekeeper.test.ts" name="classifyAndSpawnWorkflow — adw:upgrade short-circuit (Bug C′) &gt; does NOT spawn a normal workflow script for an adw:upgrade issue" time="0.00024875">
        </testcase>
        <testcase classname="adws/triggers/__tests__/webhookGatekeeper.test.ts" name="classifyAndSpawnWorkflow — adw:upgrade short-circuit (Bug C′) &gt; falls through to evaluateCandidate for a non-upgrade issue" time="0.000180167">
        </testcase>
        <testcase classname="adws/triggers/__tests__/webhookGatekeeper.test.ts" name="classifyAndSpawnWorkflow — adw:none wins on every spawn path &gt; comment path: spawns nothing, evaluates no candidate, spends no classification and releases no lock" time="0.000205417">
        </testcase>
        <testcase classname="adws/triggers/__tests__/webhookGatekeeper.test.ts" name="classifyAndSpawnWorkflow — adw:none wins on every spawn path &gt; dependency-closure path: adw:none beats a classification label" time="0.000132625">
        </testcase>
        <testcase classname="adws/triggers/__tests__/webhookGatekeeper.test.ts" name="classifyAndSpawnWorkflow — adw:none wins on every spawn path &gt; issues.opened path: a precomputed classification does not get past adw:none" time="0.000131084">
        </testcase>
        <testcase classname="adws/triggers/__tests__/webhookGatekeeper.test.ts" name="classifyAndSpawnWorkflow — adw:none wins on every spawn path &gt; cron path: spawns nothing and releases the spawn lock the cron took for the issue" time="0.000172417">
        </testcase>
        <testcase classname="adws/triggers/__tests__/webhookGatekeeper.test.ts" name="classifyAndSpawnWorkflow — adw:none wins on every spawn path &gt; does not route an adw:upgrade issue to adwUpgrade when it also carries adw:none" time="0.000108625">
        </testcase>
        <testcase classname="adws/triggers/__tests__/webhookGatekeeper.test.ts" name="classifyAndSpawnWorkflow — adw:none wins on every spawn path &gt; control: an issue without adw:none still spawns, reading its labels once" time="0.00019575">
        </testcase>
        <testcase classname="adws/triggers/__tests__/webhookGatekeeper.test.ts" name="closeAbandonedDependents — tracker routing &gt; calls tracker.listIssues with number+body fields" time="0.000284292">
        </testcase>
        <testcase classname="adws/triggers/__tests__/webhookGatekeeper.test.ts" name="closeAbandonedDependents — tracker routing &gt; does not throw when listIssues throws" time="0.000427333">
        </testcase>
    </testsuite>
    <testsuite name="adws/triggers/__tests__/webhookHandlers.test.ts" timestamp="2026-10-06T17:53:43.883Z" hostname="macmini.local" tests="15" failures="0" errors="0" skipped="0" time="0.007178125">
        <testcase classname="adws/triggers/__tests__/webhookHandlers.test.ts" name="handlePullRequestEvent — merged PR &gt; returns ignored for a merged PR without any side effects" time="0.002530584">
            <system-out>
📋 [2026-10-06T17:53:40.953Z] Received pull_request event: action=closed, PR=#10, repo=acme/myrepo
📋 [2026-10-06T17:53:40.955Z] PR #10 was merged — cleanup flows through issues.closed

            </system-out>
        </testcase>
        <testcase classname="adws/triggers/__tests__/webhookHandlers.test.ts" name="handlePullRequestEvent — discarded PR with adw-id &gt; writes discarded to state and closes linked issue" time="0.001305583">
            <system-out>
📋 [2026-10-06T17:53:40.955Z] Received pull_request event: action=closed, PR=#10, repo=acme/myrepo
📋 [2026-10-06T17:53:40.955Z] PR #10 abandoned — linked to issue #42
📋 [2026-10-06T17:53:40.956Z] Wrote discarded state for adwId=abc123

📋 [2026-10-06T17:53:40.956Z] Closed issue #42 after abandoned PR

            </system-out>
        </testcase>
        <testcase classname="adws/triggers/__tests__/webhookHandlers.test.ts" name="handlePullRequestEvent — abandoned PR without adw-id &gt; closes linked issue without writing state" time="0.000351917">
            <system-out>
📋 [2026-10-06T17:53:40.957Z] Received pull_request event: action=closed, PR=#10, repo=acme/myrepo
📋 [2026-10-06T17:53:40.957Z] PR #10 abandoned — linked to issue #42

📋 [2026-10-06T17:53:40.957Z] Closed issue #42 after abandoned PR

            </system-out>
        </testcase>
        <testcase classname="adws/triggers/__tests__/webhookHandlers.test.ts" name="handlePullRequestEvent — no issue number in branch &gt; returns ignored when branch name has no issue-N pattern" time="0.000166291">
            <system-out>
📋 [2026-10-06T17:53:40.957Z] Received pull_request event: action=closed, PR=#10, repo=acme/myrepo
📋 [2026-10-06T17:53:40.957Z] No issue link found in PR #10 (no `issue-N` pattern in branch name: hotfix/some-fix)

            </system-out>
        </testcase>
        <testcase classname="adws/triggers/__tests__/webhookHandlers.test.ts" name="handlePullRequestEvent — non-closed action &gt; returns ignored for actions other than closed" time="0.0001175">
            <system-out>
📋 [2026-10-06T17:53:40.957Z] Received pull_request event: action=opened, PR=#10, repo=acme/myrepo

            </system-out>
        </testcase>
        <testcase classname="adws/triggers/__tests__/webhookHandlers.test.ts" name="handleIssueClosedEvent — normal closure (completed workflow) &gt; cleans up worktree, deletes branch, and unblocks dependents" time="0.000416792">
            <system-out>
✅ [2026-10-06T17:53:40.958Z] Removed 1 worktree(s) for issue #42

            </system-out>
        </testcase>
        <testcase classname="adws/triggers/__tests__/webhookHandlers.test.ts" name="handleIssueClosedEvent — abandoned closure &gt; cleans up worktree, deletes branch, and closes dependents with error comment" time="0.000203167">
            <system-out>
✅ [2026-10-06T17:53:40.958Z] Removed 1 worktree(s) for issue #42

            </system-out>
        </testcase>
        <testcase classname="adws/triggers/__tests__/webhookHandlers.test.ts" name="handleIssueClosedEvent — discarded closure &gt; cleans up worktree, deletes branch, and closes dependents (parity with abandoned)" time="0.00018625">
            <system-out>
✅ [2026-10-06T17:53:40.958Z] Removed 1 worktree(s) for issue #42

            </system-out>
        </testcase>
        <testcase classname="adws/triggers/__tests__/webhookHandlers.test.ts" name="handleIssueClosedEvent — active stage within grace period &gt; skips cleanup entirely" time="0.00021575">
            <system-out>
📋 [2026-10-06T17:53:40.958Z] Issue #42: skipping cleanup — stage &apos;build_running&apos; is active within grace period

            </system-out>
        </testcase>
        <testcase classname="adws/triggers/__tests__/webhookHandlers.test.ts" name="handleIssueClosedEvent — active stage outside grace period &gt; proceeds with cleanup when last activity exceeds grace period" time="0.000154083">
            <system-out>
✅ [2026-10-06T17:53:40.958Z] Removed 1 worktree(s) for issue #42

            </system-out>
        </testcase>
        <testcase classname="adws/triggers/__tests__/webhookHandlers.test.ts" name="handleIssueClosedEvent — no adw-id found &gt; cleans up worktree only (no state, no branch deletion from state) and unblocks dependents" time="0.000172833">
            <system-out>
✅ [2026-10-06T17:53:40.959Z] Removed 1 worktree(s) for issue #42

            </system-out>
        </testcase>
        <testcase classname="adws/triggers/__tests__/webhookHandlers.test.ts" name="handleIssueClosedEvent — no state file &gt; cleans up worktrees and unblocks dependents (treats as normal closure)" time="0.000147334">
            <system-out>
✅ [2026-10-06T17:53:40.959Z] Removed 1 worktree(s) for issue #42

            </system-out>
        </testcase>
        <testcase classname="adws/triggers/__tests__/webhookHandlers.test.ts" name="handleIssueClosedEvent — fetchIssueComments fails &gt; proceeds with basic cleanup on network error" time="0.000185667">
            <system-out>
⚠️ [2026-10-06T17:53:40.959Z] Failed to fetch comments for issue #42: Error: network timeout
✅ [2026-10-06T17:53:40.959Z] Removed 1 worktree(s) for issue #42

            </system-out>
        </testcase>
        <testcase classname="adws/triggers/__tests__/webhookHandlers.test.ts" name="handleIssueClosedEvent — top-level branchName used for deletion (issue #530) &gt; deletes remote branch using top-level branchName when orchestrator state lacks it" time="0.000134">
            <system-out>
✅ [2026-10-06T17:53:40.959Z] Removed 1 worktree(s) for issue #42

            </system-out>
        </testcase>
        <testcase classname="adws/triggers/__tests__/webhookHandlers.test.ts" name="handleIssueClosedEvent — no boundary &gt; cleans up worktrees only when boundary is undefined" time="0.000122042">
            <system-out>
✅ [2026-10-06T17:53:40.959Z] Removed 1 worktree(s) for issue #42

            </system-out>
        </testcase>
    </testsuite>
    <testsuite name="adws/triggers/__tests__/webhookRepoResolver.test.ts" timestamp="2026-10-06T17:53:43.884Z" hostname="macmini.local" tests="29" failures="0" errors="0" skipped="0" time="0.0632755">
        <testcase classname="adws/triggers/__tests__/webhookRepoResolver.test.ts" name="resolveWebhookRepo — parsing &gt; returns null for a payload with no repository" time="0.000975458">
        </testcase>
        <testcase classname="adws/triggers/__tests__/webhookRepoResolver.test.ts" name="resolveWebhookRepo — parsing &gt; returns null for a payload with an empty repository object" time="0.000082417">
        </testcase>
        <testcase classname="adws/triggers/__tests__/webhookRepoResolver.test.ts" name="resolveWebhookRepo — parsing &gt; returns null when full_name is missing" time="0.000061042">
        </testcase>
        <testcase classname="adws/triggers/__tests__/webhookRepoResolver.test.ts" name="resolveWebhookRepo — parsing &gt; returns null when clone_url and html_url are both missing" time="0.000058125">
        </testcase>
        <testcase classname="adws/triggers/__tests__/webhookRepoResolver.test.ts" name="resolveWebhookRepo — parsing &gt; parses repoInfo from full_name" time="0.00040725">
        </testcase>
        <testcase classname="adws/triggers/__tests__/webhookRepoResolver.test.ts" name="resolveWebhookRepo — parsing &gt; builds targetRepo from full_name and clone_url" time="0.000221792">
        </testcase>
        <testcase classname="adws/triggers/__tests__/webhookRepoResolver.test.ts" name="resolveWebhookRepo — parsing &gt; builds targetRepoArgs identical to extractTargetRepoArgs output" time="0.000183459">
        </testcase>
        <testcase classname="adws/triggers/__tests__/webhookRepoResolver.test.ts" name="per-event context resolves to payload repository (§1) &gt; basePath is join(targetReposDir, owner, repo) for acme/webapp" time="0.000834708">
        </testcase>
        <testcase classname="adws/triggers/__tests__/webhookRepoResolver.test.ts" name="per-event context resolves to payload repository (§1) &gt; basePath is join(targetReposDir, owner, repo) for octo/hello-world" time="0.000271792">
        </testcase>
        <testcase classname="adws/triggers/__tests__/webhookRepoResolver.test.ts" name="per-event context resolves to payload repository (§1) &gt; owner comes from the payload" time="0.000359208">
        </testcase>
        <testcase classname="adws/triggers/__tests__/webhookRepoResolver.test.ts" name="per-event context resolves to payload repository (§1) &gt; repo comes from the payload" time="0.000213958">
        </testcase>
        <testcase classname="adws/triggers/__tests__/webhookRepoResolver.test.ts" name="per-event context resolves to payload repository (§1) &gt; selfHost is false (target context)" time="0.000158166">
        </testcase>
        <testcase classname="adws/triggers/__tests__/webhookRepoResolver.test.ts" name="per-event independence — second construction does not mutate first (§2) &gt; first context retains its owner/repo/basePath after second is constructed" time="0.000234208">
        </testcase>
        <testcase classname="adws/triggers/__tests__/webhookRepoResolver.test.ts" name="per-event independence — second construction does not mutate first (§2) &gt; both contexts built independently resolve to their own base paths" time="0.000199584">
        </testcase>
        <testcase classname="adws/triggers/__tests__/webhookRepoResolver.test.ts" name="per-event independence — second construction does not mutate first (§2) &gt; construction order does not change per-context values (B-then-A same as A-then-B)" time="0.000267792">
        </testcase>
        <testcase classname="adws/triggers/__tests__/webhookRepoResolver.test.ts" name="per-event command runs with context own token and cwd (§3a) &gt; recorded command env.GH_TOKEN equals the context token" time="0.001391625">
        </testcase>
        <testcase classname="adws/triggers/__tests__/webhookRepoResolver.test.ts" name="per-event command runs with context own token and cwd (§3a) &gt; recorded command cwd equals the context basePath" time="0.00035725">
        </testcase>
        <testcase classname="adws/triggers/__tests__/webhookRepoResolver.test.ts" name="mid-flight process.env.GH_TOKEN overwrite does not bleed into per-event command (§3b) &gt; per-event command still carries own token after global overwrite" time="0.000481791">
        </testcase>
        <testcase classname="adws/triggers/__tests__/webhookRepoResolver.test.ts" name="mid-flight process.env.GH_TOKEN overwrite does not bleed into per-event command (§3b) &gt; per-event command does not carry the overwritten token" time="0.000670167">
        </testcase>
        <testcase classname="adws/triggers/__tests__/webhookRepoResolver.test.ts" name="interleaved events for two repos are isolated (§4) &gt; each context records its own token in the command env" time="0.000423166">
        </testcase>
        <testcase classname="adws/triggers/__tests__/webhookRepoResolver.test.ts" name="interleaved events for two repos are isolated (§4) &gt; each context records its own basePath as cwd" time="0.000403166">
        </testcase>
        <testcase classname="adws/triggers/__tests__/webhookRepoResolver.test.ts" name="interleaved events for two repos are isolated (§4) &gt; context A&apos;s command does not carry context B&apos;s token" time="0.000455708">
        </testcase>
        <testcase classname="adws/triggers/__tests__/webhookRepoResolver.test.ts" name="interleaved events for two repos are isolated (§4) &gt; context B&apos;s command does not carry context A&apos;s token" time="0.000419875">
        </testcase>
        <testcase classname="adws/triggers/__tests__/webhookRepoResolver.test.ts" name="worktreePathFor is payload-determined and cwd-independent (§5) &gt; worktreePathFor resolves under join(targetReposDir, owner, repo, .worktrees, branch)" time="0.000284083">
        </testcase>
        <testcase classname="adws/triggers/__tests__/webhookRepoResolver.test.ts" name="worktreePathFor is payload-determined and cwd-independent (§5) &gt; worktreePathFor returns the same path from two different working directories" time="0.0003915">
        </testcase>
        <testcase classname="adws/triggers/__tests__/webhookRepoResolver.test.ts" name="incomplete identity surfaces the GitContext construction error &gt; throws when resolved token is empty" time="0.000787708">
        </testcase>
        <testcase classname="adws/triggers/__tests__/webhookRepoResolver.test.ts" name="buildEventBoundary &gt; returns the boundary buildLaunchBoundary produces" time="0.018523917">
        </testcase>
        <testcase classname="adws/triggers/__tests__/webhookRepoResolver.test.ts" name="buildEventBoundary &gt; warns naming the repository and returns undefined when construction throws" time="0.020083666">
        </testcase>
        <testcase classname="adws/triggers/__tests__/webhookRepoResolver.test.ts" name="selfHostBoundary &gt; builds at most once and memoises the result across repeated calls" time="0.012283459">
        </testcase>
    </testsuite>
    <testsuite name="test/mocks/__tests__/claude-cli-stub.test.ts" timestamp="2026-10-06T17:53:43.885Z" hostname="macmini.local" tests="13" failures="0" errors="0" skipped="0" time="0.487360209">
        <testcase classname="test/mocks/__tests__/claude-cli-stub.test.ts" name="claude-cli-stub — rate-limited response via MOCK_RESPONSE &gt; exits 1 with three JSON lines that end an agent run rate-limited and classify as limited" time="0.036069666">
        </testcase>
        <testcase classname="test/mocks/__tests__/claude-cli-stub.test.ts" name="claude-cli-stub — rate-limited response via MOCK_RESPONSE &gt; names a reset time that has not yet passed when no override is given" time="0.026137916">
        </testcase>
        <testcase classname="test/mocks/__tests__/claude-cli-stub.test.ts" name="claude-cli-stub — rate-limited response via MOCK_RESPONSE &gt; echoes MOCK_RATE_LIMIT_RESETS_AT into rate_limit_info.resetsAt" time="0.025872208">
        </testcase>
        <testcase classname="test/mocks/__tests__/claude-cli-stub.test.ts" name="claude-cli-stub — rate-limited response via MOCK_RESPONSE &gt; passes the committed envelope conformance schema" time="0.027327334">
        </testcase>
        <testcase classname="test/mocks/__tests__/claude-cli-stub.test.ts" name="claude-cli-stub — default response is unchanged &gt; exits 0 with no rate-limited signal when nothing asks for it" time="0.028578625">
        </testcase>
        <testcase classname="test/mocks/__tests__/claude-cli-stub.test.ts" name="claude-cli-stub — manifest-driven limitedInvocations &gt; rejects the first invocation and answers normally on the second" time="0.078136541">
        </testcase>
        <testcase classname="test/mocks/__tests__/claude-cli-stub.test.ts" name="claude-cli-stub — manifest-driven stand-in for /commit &gt; commits every change in the worktree and answers with the subject it committed" time="0.26330025">
        </testcase>
        <testcase classname="test/mocks/__tests__/claude-cli-stub.test.ts" name="resolveResponseMode — precedence and defaults &gt; prefers a manifest response over MOCK_RESPONSE" time="0.000208625">
        </testcase>
        <testcase classname="test/mocks/__tests__/claude-cli-stub.test.ts" name="resolveResponseMode — precedence and defaults &gt; falls back to MOCK_RESPONSE when there is no manifest response" time="0.000078541">
        </testcase>
        <testcase classname="test/mocks/__tests__/claude-cli-stub.test.ts" name="resolveResponseMode — precedence and defaults &gt; defaults to the unchanged response when neither is set" time="0.000105459">
        </testcase>
        <testcase classname="test/mocks/__tests__/claude-cli-stub.test.ts" name="shouldRateLimit &gt; rejects every invocation when limitedInvocations is absent" time="0.000086875">
        </testcase>
        <testcase classname="test/mocks/__tests__/claude-cli-stub.test.ts" name="shouldRateLimit &gt; rejects only invocations below the limit" time="0.000048292">
        </testcase>
        <testcase classname="test/mocks/__tests__/claude-cli-stub.test.ts" name="shouldRateLimit &gt; never rejects the default mode" time="0.000034334">
        </testcase>
    </testsuite>
    <testsuite name="test/mocks/__tests__/ghShadowLanding.test.ts" timestamp="2026-10-06T17:53:43.886Z" hostname="macmini.local" tests="7" failures="0" errors="0" skipped="0" time="1.807439458">
        <testcase classname="test/mocks/__tests__/ghShadowLanding.test.ts" name="landMergedPullRequest &gt; moves the base branch, its remote-tracking ref and the checked-out file to the head of the merged branch" time="0.251190583">
        </testcase>
        <testcase classname="test/mocks/__tests__/ghShadowLanding.test.ts" name="landMergedPullRequest &gt; still lands the merge once the head branch has been deleted, because the sweep deletes it only afterwards" time="0.310668209">
        </testcase>
        <testcase classname="test/mocks/__tests__/ghShadowLanding.test.ts" name="landMergedPullRequest &gt; leaves the repository alone for a call that merged nothing" time="0.235264583">
        </testcase>
        <testcase classname="test/mocks/__tests__/ghShadowLanding.test.ts" name="landMergedPullRequest &gt; leaves the repository alone for a merge that named another repository, which changed no forge state" time="0.268235375">
        </testcase>
        <testcase classname="test/mocks/__tests__/ghShadowLanding.test.ts" name="landMergedPullRequest &gt; fails the call, persisting and logging nothing, when the base branch cannot be fast-forwarded to the head" time="0.32231525">
        </testcase>
        <testcase classname="test/mocks/__tests__/ghShadowLanding.test.ts" name="landMergedPullRequest &gt; fails the call when the repository is not on the pull request&apos;s base branch" time="0.244245417">
        </testcase>
        <testcase classname="test/mocks/__tests__/ghShadowLanding.test.ts" name="landMergedPullRequest &gt; fails the call when the head branch does not exist" time="0.17472125">
        </testcase>
    </testsuite>
    <testsuite name="test/mocks/__tests__/gitRemoteMock.test.ts" timestamp="2026-10-06T17:53:43.886Z" hostname="macmini.local" tests="12" failures="0" errors="0" skipped="0" time="0.403799167">
        <testcase classname="test/mocks/__tests__/gitRemoteMock.test.ts" name="git-remote-mock — invocation log &gt; records a push with its full argument list and the working directory, and still prints the canned output" time="0.036046125">
        </testcase>
        <testcase classname="test/mocks/__tests__/gitRemoteMock.test.ts" name="git-remote-mock — invocation log &gt; records fetch under its own subcommand and exits 0" time="0.035781459">
        </testcase>
        <testcase classname="test/mocks/__tests__/gitRemoteMock.test.ts" name="git-remote-mock — invocation log &gt; records clone under its own subcommand and exits 0" time="0.051846542">
        </testcase>
        <testcase classname="test/mocks/__tests__/gitRemoteMock.test.ts" name="git-remote-mock — invocation log &gt; records pull under its own subcommand and exits 0" time="0.039508958">
        </testcase>
        <testcase classname="test/mocks/__tests__/gitRemoteMock.test.ts" name="git-remote-mock — invocation log &gt; records ls-remote under its own subcommand and exits 0" time="0.033730084">
        </testcase>
        <testcase classname="test/mocks/__tests__/gitRemoteMock.test.ts" name="git-remote-mock — invocation log &gt; appends one line per invocation, in the order the invocations were made" time="0.07753175">
        </testcase>
        <testcase classname="test/mocks/__tests__/gitRemoteMock.test.ts" name="git-remote-mock — invocation log &gt; hands a local subcommand to the real git and records nothing" time="0.059301167">
        </testcase>
        <testcase classname="test/mocks/__tests__/gitRemoteMock.test.ts" name="git-remote-mock — invocation log &gt; still turns a push into a no-op that exits 0, and writes no file, when MOCK_GIT_LOG is unset" time="0.034324833">
        </testcase>
        <testcase classname="test/mocks/__tests__/gitRemoteMock.test.ts" name="git-remote-mock — invocation log &gt; does not fail git when the log cannot be written" time="0.033477875">
        </testcase>
        <testcase classname="test/mocks/__tests__/gitRemoteMock.test.ts" name="gitMockLog &gt; reads nothing from a log that does not exist" time="0.000395375">
        </testcase>
        <testcase classname="test/mocks/__tests__/gitRemoteMock.test.ts" name="gitMockLog &gt; round-trips what it appends, in order" time="0.000430459">
        </testcase>
        <testcase classname="test/mocks/__tests__/gitRemoteMock.test.ts" name="gitMockLog &gt; skips blank lines, lines that are not JSON and records of the wrong shape" time="0.000327041">
        </testcase>
    </testsuite>
    <testsuite name="test/mocks/__tests__/manifestByCommand.test.ts" timestamp="2026-10-06T17:53:43.886Z" hostname="macmini.local" tests="19" failures="0" errors="0" skipped="0" time="0.5950295">
        <testcase classname="test/mocks/__tests__/manifestByCommand.test.ts" name="applyManifest — per-command entries &gt; applies only the entry keyed on the command that opens the prompt, and returns its jsonlPath and response" time="0.003104959">
        </testcase>
        <testcase classname="test/mocks/__tests__/manifestByCommand.test.ts" name="applyManifest — per-command entries &gt; matches the command exactly, so /implement-tdd is answered by the top-level entry when only /implement has one" time="0.000856375">
        </testcase>
        <testcase classname="test/mocks/__tests__/manifestByCommand.test.ts" name="applyManifest — per-command entries &gt; keeps the top-level entry for a command no entry is keyed on" time="0.001197083">
        </testcase>
        <testcase classname="test/mocks/__tests__/manifestByCommand.test.ts" name="applyManifest — per-command entries &gt; keeps the top-level entry for a prompt that opens with no command" time="0.001168542">
        </testcase>
        <testcase classname="test/mocks/__tests__/manifestByCommand.test.ts" name="applyManifest — per-command entries &gt; keeps the top-level entry for an empty prompt" time="0.000977583">
        </testcase>
        <testcase classname="test/mocks/__tests__/manifestByCommand.test.ts" name="applyManifest — per-command entries &gt; keeps the top-level onCommitCommand behaviour for a command no entry is keyed on" time="0.165782041">
        </testcase>
        <testcase classname="test/mocks/__tests__/manifestByCommand.test.ts" name="applyManifest — per-command entries &gt; lets an entry keyed on /commit replace the top-level onCommitCommand for that prompt" time="0.121824125">
        </testcase>
        <testcase classname="test/mocks/__tests__/manifestByCommand.test.ts" name="applyManifest — per-command entries &gt; runs none of the top-level deletes, stage, commits or commitAll for a prompt an entry answers" time="0.114499542">
        </testcase>
        <testcase classname="test/mocks/__tests__/manifestByCommand.test.ts" name="applyManifest — per-command entries &gt; creates the entry&apos;s commits as allow-empty commits, and counts them" time="0.178270708">
        </testcase>
        <testcase classname="test/mocks/__tests__/manifestByCommand.test.ts" name="applyManifest — per-command entries &gt; resolves an entry&apos;s absolute jsonlPath as it is" time="0.00068625">
        </testcase>
        <testcase classname="test/mocks/__tests__/manifestByCommand.test.ts" name="applyManifest — per-command entries &gt; throws on conflicting edits inside the selected entry, before writing any of them" time="0.000836125">
        </testcase>
        <testcase classname="test/mocks/__tests__/manifestByCommand.test.ts" name="applyManifest — byCommand schema &gt; throws a manifestInterpreter: schema error for an entry without jsonlPath, naming byCommand" time="0.000497542">
        </testcase>
        <testcase classname="test/mocks/__tests__/manifestByCommand.test.ts" name="applyManifest — byCommand schema &gt; throws a manifestInterpreter: schema error for an entry whose edits are malformed, naming byCommand" time="0.000471834">
        </testcase>
        <testcase classname="test/mocks/__tests__/manifestByCommand.test.ts" name="applyManifest — byCommand schema &gt; throws a manifestInterpreter: schema error for an entry whose commits are malformed, naming byCommand" time="0.001148208">
        </testcase>
        <testcase classname="test/mocks/__tests__/manifestByCommand.test.ts" name="applyManifest — byCommand schema &gt; throws a manifestInterpreter: schema error for an entry whose response has an unknown kind, naming byCommand" time="0.000388583">
        </testcase>
        <testcase classname="test/mocks/__tests__/manifestByCommand.test.ts" name="applyManifest — byCommand schema &gt; throws a manifestInterpreter: schema error for a key that is not a slash command, naming byCommand" time="0.0003435">
        </testcase>
        <testcase classname="test/mocks/__tests__/manifestByCommand.test.ts" name="applyManifest — byCommand schema &gt; throws a manifestInterpreter: schema error for a byCommand that is not an object, naming byCommand" time="0.000300083">
        </testcase>
        <testcase classname="test/mocks/__tests__/manifestByCommand.test.ts" name="applyManifest — the error response &gt; validates at the top level and is passed through" time="0.000348167">
        </testcase>
        <testcase classname="test/mocks/__tests__/manifestByCommand.test.ts" name="applyManifest — the error response &gt; validates per entry and is passed through only for that entry&apos;s prompt" time="0.000799125">
        </testcase>
    </testsuite>
    <testsuite name="test/mocks/__tests__/manifestInterpreter.test.ts" timestamp="2026-10-06T17:53:43.887Z" hostname="macmini.local" tests="9" failures="0" errors="0" skipped="0" time="0.010229667">
        <testcase classname="test/mocks/__tests__/manifestInterpreter.test.ts" name="applyManifest — well-formed manifest &gt; applies two edits, returns resolved paths and jsonlPath" time="0.004628875">
        </testcase>
        <testcase classname="test/mocks/__tests__/manifestInterpreter.test.ts" name="applyManifest — malformed manifest &gt; throws with manifestInterpreter: prefix when manifest JSON is invalid" time="0.000738042">
        </testcase>
        <testcase classname="test/mocks/__tests__/manifestInterpreter.test.ts" name="applyManifest — malformed manifest &gt; throws with manifestInterpreter: prefix when manifest fails schema validation" time="0.000888375">
        </testcase>
        <testcase classname="test/mocks/__tests__/manifestInterpreter.test.ts" name="applyManifest — no-op manifest &gt; returns empty editsApplied and resolved jsonlPath without writing files" time="0.000613584">
        </testcase>
        <testcase classname="test/mocks/__tests__/manifestInterpreter.test.ts" name="applyManifest — response block &gt; passes a well-formed rate-limited response block through unchanged" time="0.000635958">
        </testcase>
        <testcase classname="test/mocks/__tests__/manifestInterpreter.test.ts" name="applyManifest — response block &gt; leaves response undefined when the manifest carries none" time="0.000412834">
        </testcase>
        <testcase classname="test/mocks/__tests__/manifestInterpreter.test.ts" name="applyManifest — response block &gt; throws with manifestInterpreter: prefix when the response block has an unknown kind" time="0.00039825">
        </testcase>
        <testcase classname="test/mocks/__tests__/manifestInterpreter.test.ts" name="applyManifest — response block &gt; throws with manifestInterpreter: prefix when resetsAt is not a number" time="0.0003965">
        </testcase>
        <testcase classname="test/mocks/__tests__/manifestInterpreter.test.ts" name="applyManifest — conflicting edits &gt; throws with conflicting edits message and leaves worktree unchanged" time="0.000409083">
        </testcase>
    </testsuite>
    <testsuite name="test/mocks/__tests__/manifestInterpreterGit.test.ts" timestamp="2026-10-06T17:53:43.888Z" hostname="macmini.local" tests="10" failures="0" errors="0" skipped="0" time="1.289690417">
        <testcase classname="test/mocks/__tests__/manifestInterpreterGit.test.ts" name="applyManifest — worktree actions of a planner &gt; deletes the named paths after the edits are written, tolerating a path that is already gone" time="0.107456625">
        </testcase>
        <testcase classname="test/mocks/__tests__/manifestInterpreterGit.test.ts" name="applyManifest — worktree actions of a planner &gt; stages the named paths, deletions included, and leaves every other change unstaged" time="0.125552667">
        </testcase>
        <testcase classname="test/mocks/__tests__/manifestInterpreterGit.test.ts" name="applyManifest — worktree actions of a planner &gt; commitAll stages every change and commits it under the given subject" time="0.186560916">
        </testcase>
        <testcase classname="test/mocks/__tests__/manifestInterpreterGit.test.ts" name="applyManifest — worktree actions of a planner &gt; throws with manifestInterpreter: prefix when deletes is malformed" time="0.1109345">
        </testcase>
        <testcase classname="test/mocks/__tests__/manifestInterpreterGit.test.ts" name="applyManifest — worktree actions of a planner &gt; throws with manifestInterpreter: prefix when stage is malformed" time="0.096371959">
        </testcase>
        <testcase classname="test/mocks/__tests__/manifestInterpreterGit.test.ts" name="applyManifest — worktree actions of a planner &gt; throws with manifestInterpreter: prefix when commitAll is malformed" time="0.100721333">
        </testcase>
        <testcase classname="test/mocks/__tests__/manifestInterpreterGit.test.ts" name="applyManifest — stand-in for the /commit command &gt; stages every change and commits it under the prefix the command was given, without applying the edits" time="0.17671225">
        </testcase>
        <testcase classname="test/mocks/__tests__/manifestInterpreterGit.test.ts" name="applyManifest — stand-in for the /commit command &gt; applies the edits and commits nothing when the invoked command is not /commit" time="0.154339375">
        </testcase>
        <testcase classname="test/mocks/__tests__/manifestInterpreterGit.test.ts" name="applyManifest — stand-in for the /commit command &gt; does not stand in for /commit unless the manifest asks for it" time="0.123118958">
        </testcase>
        <testcase classname="test/mocks/__tests__/manifestInterpreterGit.test.ts" name="applyManifest — stand-in for the /commit command &gt; throws with manifestInterpreter: prefix when onCommitCommand names an unknown behaviour" time="0.106527">
        </testcase>
    </testsuite>
    <testsuite name="test/mocks/__tests__/manifestRefusalGuard.test.ts" timestamp="2026-10-06T17:53:43.888Z" hostname="macmini.local" tests="30" failures="0" errors="0" skipped="0" time="0.037987459">
        <testcase classname="test/mocks/__tests__/manifestRefusalGuard.test.ts" name="applyManifest — refusal guard on a top-level edit &gt; refuses an edit of .adw/state.json, naming it, and writes none of the manifest&apos;s edits" time="0.002066791">
        </testcase>
        <testcase classname="test/mocks/__tests__/manifestRefusalGuard.test.ts" name="applyManifest — refusal guard on a top-level edit &gt; refuses an edit of agents/surface-02/state.json, naming it, and writes none of the manifest&apos;s edits" time="0.001431542">
        </testcase>
        <testcase classname="test/mocks/__tests__/manifestRefusalGuard.test.ts" name="applyManifest — refusal guard on a top-level edit &gt; refuses an edit of agents/spawn_locks/acme_widgets_issue-1002.json, naming it, and writes none of the manifest&apos;s edits" time="0.000699084">
        </testcase>
        <testcase classname="test/mocks/__tests__/manifestRefusalGuard.test.ts" name="applyManifest — refusal guard on a top-level edit &gt; refuses an edit of agents/paused_queue.json, naming it, and writes none of the manifest&apos;s edits" time="0.001237208">
        </testcase>
        <testcase classname="test/mocks/__tests__/manifestRefusalGuard.test.ts" name="applyManifest — refusal guard on a top-level edit &gt; refuses an edit of agents, naming it, and writes none of the manifest&apos;s edits" time="0.001601458">
        </testcase>
        <testcase classname="test/mocks/__tests__/manifestRefusalGuard.test.ts" name="applyManifest — refusal guard on a top-level edit &gt; refuses an edit of ./agents/x, naming it, and writes none of the manifest&apos;s edits" time="0.001919125">
        </testcase>
        <testcase classname="test/mocks/__tests__/manifestRefusalGuard.test.ts" name="applyManifest — refusal guard on a top-level edit &gt; refuses an edit of src/../agents/x, naming it, and writes none of the manifest&apos;s edits" time="0.000813417">
        </testcase>
        <testcase classname="test/mocks/__tests__/manifestRefusalGuard.test.ts" name="applyManifest — refusal guard on a top-level edit &gt; refuses an edit of ./.adw/state.json, naming it, and writes none of the manifest&apos;s edits" time="0.000557041">
        </testcase>
        <testcase classname="test/mocks/__tests__/manifestRefusalGuard.test.ts" name="applyManifest — refusal guard on a top-level edit &gt; refuses an edit of ../outside.txt, naming it, and writes none of the manifest&apos;s edits" time="0.000492875">
        </testcase>
        <testcase classname="test/mocks/__tests__/manifestRefusalGuard.test.ts" name="applyManifest — refusal guard on a top-level edit &gt; refuses an absolute path outside the worktree" time="0.000673292">
        </testcase>
        <testcase classname="test/mocks/__tests__/manifestRefusalGuard.test.ts" name="applyManifest — refusal guard on a top-level edit &gt; refuses an absolute path that lands on the worktree&apos;s own state file" time="0.000449584">
        </testcase>
        <testcase classname="test/mocks/__tests__/manifestRefusalGuard.test.ts" name="applyManifest — refusal guard on a top-level edit &gt; names every refused path in the error, in declaration order, with the manifest it came from" time="0.000421916">
        </testcase>
        <testcase classname="test/mocks/__tests__/manifestRefusalGuard.test.ts" name="applyManifest — refusal guard on a delete &gt; refuses to delete .adw/state.json and leaves what is there" time="0.000860584">
        </testcase>
        <testcase classname="test/mocks/__tests__/manifestRefusalGuard.test.ts" name="applyManifest — refusal guard on a delete &gt; refuses to delete agents/surface-04 and leaves what is there" time="0.002033458">
        </testcase>
        <testcase classname="test/mocks/__tests__/manifestRefusalGuard.test.ts" name="applyManifest — refusal guard on a delete &gt; refuses to delete ../outside.txt and leaves what is there" time="0.001396166">
        </testcase>
        <testcase classname="test/mocks/__tests__/manifestRefusalGuard.test.ts" name="applyManifest — refusal guard on a per-command entry the prompt does not select &gt; refuses a /commit entry that writes agents/surface-04/state.json, asked with a /feature prompt" time="0.001476666">
        </testcase>
        <testcase classname="test/mocks/__tests__/manifestRefusalGuard.test.ts" name="applyManifest — refusal guard on a per-command entry the prompt does not select &gt; refuses a /commit entry that writes .adw/state.json, asked with a /feature prompt" time="0.001701167">
        </testcase>
        <testcase classname="test/mocks/__tests__/manifestRefusalGuard.test.ts" name="applyManifest — refusal guard on a per-command entry the prompt does not select &gt; refuses before the onCommitCommand stand-in would commit anything" time="0.001292208">
        </testcase>
        <testcase classname="test/mocks/__tests__/manifestRefusalGuard.test.ts" name="applyManifest — refusal guard lets through what no Then step reads as output &gt; applies an edit of .adw/commands.md" time="0.001534292">
        </testcase>
        <testcase classname="test/mocks/__tests__/manifestRefusalGuard.test.ts" name="applyManifest — refusal guard lets through what no Then step reads as output &gt; applies an edit of .adw/project.md" time="0.001728875">
        </testcase>
        <testcase classname="test/mocks/__tests__/manifestRefusalGuard.test.ts" name="applyManifest — refusal guard lets through what no Then step reads as output &gt; applies an edit of .claude/commands/feature.md" time="0.002379584">
        </testcase>
        <testcase classname="test/mocks/__tests__/manifestRefusalGuard.test.ts" name="applyManifest — refusal guard lets through what no Then step reads as output &gt; applies an edit of specs/issue-7-plan.md" time="0.001306292">
        </testcase>
        <testcase classname="test/mocks/__tests__/manifestRefusalGuard.test.ts" name="applyManifest — refusal guard lets through what no Then step reads as output &gt; applies an edit of src/featureStub.ts" time="0.000864584">
        </testcase>
        <testcase classname="test/mocks/__tests__/manifestRefusalGuard.test.ts" name="applyManifest — refusal guard lets through what no Then step reads as output &gt; applies an edit of adws/agents/planAgent.ts" time="0.00101375">
        </testcase>
        <testcase classname="test/mocks/__tests__/manifestRefusalGuard.test.ts" name="applyManifest — refusal guard lets through what no Then step reads as output &gt; applies an edit of src/../specs/issue-7-plan.md" time="0.000776083">
        </testcase>
        <testcase classname="test/mocks/__tests__/manifestRefusalGuard.test.ts" name="applyManifest — refusal guard lets through what no Then step reads as output &gt; applies a path inside the worktree given in absolute form" time="0.000647416">
        </testcase>
        <testcase classname="test/mocks/__tests__/manifestRefusalGuard.test.ts" name="findRefusedPaths &gt; returns the declared spelling of every refused path, once, across edits, deletes and entries" time="0.000080917">
        </testcase>
        <testcase classname="test/mocks/__tests__/manifestRefusalGuard.test.ts" name="findRefusedPaths &gt; returns nothing for a manifest that declares no edits" time="0.000037833">
        </testcase>
        <testcase classname="test/mocks/__tests__/manifestRefusalGuard.test.ts" name="findRefusedPaths &gt; returns nothing for a path that merely starts with the letters of a refused one" time="0.000045416">
        </testcase>
        <testcase classname="test/mocks/__tests__/manifestRefusalGuard.test.ts" name="findRefusedPaths &gt; refuses none of the manifests committed under test/fixtures/jsonl/manifests" time="0.005406375">
        </testcase>
    </testsuite>
    <testsuite name="test/mocks/__tests__/mockServerDispatch.test.ts" timestamp="2026-10-06T17:53:43.889Z" hostname="macmini.local" tests="14" failures="0" errors="0" skipped="0" time="0.033353875">
        <testcase classname="test/mocks/__tests__/mockServerDispatch.test.ts" name="dispatchMockRequest &gt; records the request and runs its route in one synchronous call" time="0.006016916">
        </testcase>
        <testcase classname="test/mocks/__tests__/mockServerDispatch.test.ts" name="dispatchMockRequest &gt; appends the comment to the state before it returns" time="0.0007005">
        </testcase>
        <testcase classname="test/mocks/__tests__/mockServerDispatch.test.ts" name="dispatchMockRequest &gt; records the headers it is given, and none when it is given none" time="0.000841209">
        </testcase>
        <testcase classname="test/mocks/__tests__/mockServerDispatch.test.ts" name="dispatchMockRequest &gt; does not record a control request, but still runs it" time="0.000353834">
        </testcase>
        <testcase classname="test/mocks/__tests__/mockServerDispatch.test.ts" name="dispatchMockRequest &gt; answers 404 naming the path for a route nothing serves, and still records the request" time="0.000589167">
        </testcase>
        <testcase classname="test/mocks/__tests__/mockServerDispatch.test.ts" name="dispatchMockRequest &gt; matches a route by its path alone, whatever the query string" time="0.000211208">
        </testcase>
        <testcase classname="test/mocks/__tests__/mockServerDispatch.test.ts" name="getMockServerState &gt; returns a deep copy the caller may mutate without touching the server" time="0.000294708">
        </testcase>
        <testcase classname="test/mocks/__tests__/mockServerDispatch.test.ts" name="getMockServerState &gt; reflects the default state after a reset" time="0.000273167">
        </testcase>
        <testcase classname="test/mocks/__tests__/mockServerDispatch.test.ts" name="the HTTP listener &gt; serves the same dispatch an in-process caller gets, and records the request" time="0.020687375">
        </testcase>
        <testcase classname="test/mocks/__tests__/mockServerDispatch.test.ts" name="the Actions-secrets route &gt; answers 201 for a secret it creates and records the request" time="0.000757291">
        </testcase>
        <testcase classname="test/mocks/__tests__/mockServerDispatch.test.ts" name="the Actions-secrets route &gt; keeps the secret&apos;s name and timestamps in the state, and never its value" time="0.000419166">
        </testcase>
        <testcase classname="test/mocks/__tests__/mockServerDispatch.test.ts" name="the Actions-secrets route &gt; answers 204 with no body for a secret that exists, keeps its creation time and moves its update time" time="0.000783">
        </testcase>
        <testcase classname="test/mocks/__tests__/mockServerDispatch.test.ts" name="the Actions-secrets route &gt; keeps each secret under its own name" time="0.000208125">
        </testcase>
        <testcase classname="test/mocks/__tests__/mockServerDispatch.test.ts" name="the Actions-secrets route &gt; holds no secret by default, and none after a reset" time="0.000426084">
        </testcase>
    </testsuite>
    <testsuite name="test/mocks/__tests__/stubErrorAndFlags.test.ts" timestamp="2026-10-06T17:53:43.890Z" hostname="macmini.local" tests="22" failures="0" errors="0" skipped="0" time="0.314718708">
        <testcase classname="test/mocks/__tests__/stubErrorAndFlags.test.ts" name="extractPrompt — value flags &gt; knows every value-taking flag ADW passes to claude" time="0.001399917">
        </testcase>
        <testcase classname="test/mocks/__tests__/stubErrorAndFlags.test.ts" name="extractPrompt — value flags &gt; skips the value of --output-format" time="0.000342458">
        </testcase>
        <testcase classname="test/mocks/__tests__/stubErrorAndFlags.test.ts" name="extractPrompt — value flags &gt; skips the value of --model" time="0.000145584">
        </testcase>
        <testcase classname="test/mocks/__tests__/stubErrorAndFlags.test.ts" name="extractPrompt — value flags &gt; skips the value of --effort" time="0.000135458">
        </testcase>
        <testcase classname="test/mocks/__tests__/stubErrorAndFlags.test.ts" name="extractPrompt — value flags &gt; skips the value of --max-turns" time="0.000121083">
        </testcase>
        <testcase classname="test/mocks/__tests__/stubErrorAndFlags.test.ts" name="extractPrompt — value flags &gt; skips the value of --settings" time="0.000096083">
        </testcase>
        <testcase classname="test/mocks/__tests__/stubErrorAndFlags.test.ts" name="extractPrompt — value flags &gt; returns the prompt of the exact vector runClaudeAgentWithCommand builds, without guardrails" time="0.000150375">
        </testcase>
        <testcase classname="test/mocks/__tests__/stubErrorAndFlags.test.ts" name="extractPrompt — value flags &gt; returns the prompt of the exact vector runClaudeAgentWithCommand builds, with --settings unshifted first" time="0.000111209">
        </testcase>
        <testcase classname="test/mocks/__tests__/stubErrorAndFlags.test.ts" name="extractPrompt — value flags &gt; returns the prompt of the probe vector, which passes --max-turns 1" time="0.000134542">
        </testcase>
        <testcase classname="test/mocks/__tests__/stubErrorAndFlags.test.ts" name="extractPrompt — value flags &gt; returns an empty string when no argument is a prompt" time="0.000153167">
        </testcase>
        <testcase classname="test/mocks/__tests__/stubErrorAndFlags.test.ts" name="claude-cli-stub — a prompt that follows the value-taking flags is answered by its command&apos;s entry &gt; answers /feature from its entry, without guardrails" time="0.0362485">
        </testcase>
        <testcase classname="test/mocks/__tests__/stubErrorAndFlags.test.ts" name="claude-cli-stub — a prompt that follows the value-taking flags is answered by its command&apos;s entry &gt; answers /feature from its entry, with --settings &lt;json&gt; unshifted first" time="0.042175791">
        </testcase>
        <testcase classname="test/mocks/__tests__/stubErrorAndFlags.test.ts" name="resolveResponseMode and buildErrorResultLine — the error response &gt; maps a manifest error response to the error mode" time="0.000151709">
        </testcase>
        <testcase classname="test/mocks/__tests__/stubErrorAndFlags.test.ts" name="resolveResponseMode and buildErrorResultLine — the error response &gt; prefers a manifest error response over MOCK_RESPONSE" time="0.000055416">
        </testcase>
        <testcase classname="test/mocks/__tests__/stubErrorAndFlags.test.ts" name="resolveResponseMode and buildErrorResultLine — the error response &gt; never rate-limits the error mode" time="0.000044542">
        </testcase>
        <testcase classname="test/mocks/__tests__/stubErrorAndFlags.test.ts" name="resolveResponseMode and buildErrorResultLine — the error response &gt; turns the result template into an is_error result that keeps api_error_status null and subtype success" time="0.00036875">
        </testcase>
        <testcase classname="test/mocks/__tests__/stubErrorAndFlags.test.ts" name="claude-cli-stub — the error response &gt; streams a result marked is_error and exits 1 when the top-level entry answers with the error response" time="0.032214083">
        </testcase>
        <testcase classname="test/mocks/__tests__/stubErrorAndFlags.test.ts" name="claude-cli-stub — the error response &gt; streams a result marked is_error and exits 1 when the /feature entry answers with the error response" time="0.0321585">
        </testcase>
        <testcase classname="test/mocks/__tests__/stubErrorAndFlags.test.ts" name="claude-cli-stub — the error response &gt; ends an agent run in a plain failure: no rate limit, no expired login, no server error, no overload" time="0.044375834">
        </testcase>
        <testcase classname="test/mocks/__tests__/stubErrorAndFlags.test.ts" name="claude-cli-stub — the error response &gt; passes the committed envelope conformance schema" time="0.046707833">
        </testcase>
        <testcase classname="test/mocks/__tests__/stubErrorAndFlags.test.ts" name="claude-cli-stub — the error response &gt; applies the selected entry&apos;s edits before it answers with the error" time="0.041742292">
        </testcase>
        <testcase classname="test/mocks/__tests__/stubErrorAndFlags.test.ts" name="claude-cli-stub — the refusal guard &gt; exits 1 naming .adw/state.json, and writes none of the manifest&apos;s edits" time="0.034581583">
        </testcase>
    </testsuite>
    <testsuite name="test/mocks/__tests__/test-harness.test.ts" timestamp="2026-10-06T17:53:43.890Z" hostname="macmini.local" tests="9" failures="0" errors="0" skipped="0" time="0.869789459">
        <testcase classname="test/mocks/__tests__/test-harness.test.ts" name="setupMockInfrastructure — git-mock wrapper location &gt; installs the git wrapper under a writable directory outside process.cwd()" time="0.022918042">
        </testcase>
        <testcase classname="test/mocks/__tests__/test-harness.test.ts" name="teardownMockInfrastructure — unconditional cleanup &gt; stops a mock server left listening by a partial setup" time="0.028439625">
        </testcase>
        <testcase classname="test/mocks/__tests__/test-harness.test.ts" name="setupMockInfrastructure — crash safety &gt; stops the server it started when a later setup step throws" time="0.009713959">
        </testcase>
        <testcase classname="test/mocks/__tests__/test-harness.test.ts" name="setupMockInfrastructure — git-mock invocation log &gt; points MOCK_GIT_LOG at an empty log of its own, under the temporary directory and outside the checkout" time="0.013587583">
        </testcase>
        <testcase classname="test/mocks/__tests__/test-harness.test.ts" name="setupMockInfrastructure — git-mock invocation log &gt; records a push made through the git the setup put first on PATH" time="0.295152333">
        </testcase>
        <testcase classname="test/mocks/__tests__/test-harness.test.ts" name="setupMockInfrastructure — git-mock invocation log &gt; removes the log on teardown and leaves MOCK_GIT_LOG unset" time="0.152919166">
        </testcase>
        <testcase classname="test/mocks/__tests__/test-harness.test.ts" name="setupMockInfrastructure — git-mock invocation log &gt; removes the log on teardown and leaves MOCK_GIT_LOG set to its earlier value" time="0.149753584">
        </testcase>
        <testcase classname="test/mocks/__tests__/test-harness.test.ts" name="setupMockInfrastructure — git-mock invocation log &gt; hands a second setup made without a teardown the log of the first" time="0.013803375">
        </testcase>
        <testcase classname="test/mocks/__tests__/test-harness.test.ts" name="setupMockInfrastructure — git-mock invocation log &gt; gives each setup a log of its own, empty of what the last one recorded" time="0.181996625">
        </testcase>
    </testsuite>
    <testsuite name="adws/phases/__tests__/applicationTypeGate.park.test.ts" timestamp="2026-10-06T17:53:43.891Z" hostname="macmini.local" tests="5" failures="0" errors="0" skipped="0" time="0.011966042">
        <testcase classname="adws/phases/__tests__/applicationTypeGate.park.test.ts" name="buildApplicationTypeGateDeps — the real park, end to end &gt; parks as human_gated and posts the missing_application_type comment when the section is missing" time="0.0067965">
        </testcase>
        <testcase classname="adws/phases/__tests__/applicationTypeGate.park.test.ts" name="buildApplicationTypeGateDeps — the real park, end to end &gt; quotes the value in the comment when the section names a type ADW does not know" time="0.00150775">
        </testcase>
        <testcase classname="adws/phases/__tests__/applicationTypeGate.park.test.ts" name="buildApplicationTypeGateDeps — the real park, end to end &gt; parks a repository that has no .adw/ directory" time="0.00091975">
        </testcase>
        <testcase classname="adws/phases/__tests__/applicationTypeGate.park.test.ts" name="buildApplicationTypeGateDeps — the real park, end to end &gt; merges the latest default branch through the git context it was given before it parks" time="0.001045791">
        </testcase>
        <testcase classname="adws/phases/__tests__/applicationTypeGate.park.test.ts" name="buildApplicationTypeGateDeps — the real park, end to end &gt; proceeds, and posts nothing, when the merge brings the section into the worktree" time="0.0010985">
        </testcase>
    </testsuite>
    <testsuite name="adws/phases/__tests__/applicationTypeGate.test.ts" timestamp="2026-10-06T17:53:43.891Z" hostname="macmini.local" tests="19" failures="0" errors="0" skipped="0" time="0.026557375">
        <testcase classname="adws/phases/__tests__/applicationTypeGate.test.ts" name="runApplicationTypeGate — a type ADW knows proceeds &gt; proceeds with the cli profile, without merging, reloading or parking" time="0.003308375">
        </testcase>
        <testcase classname="adws/phases/__tests__/applicationTypeGate.test.ts" name="runApplicationTypeGate — a type ADW knows proceeds &gt; proceeds with the web profile, without merging, reloading or parking" time="0.000711041">
        </testcase>
        <testcase classname="adws/phases/__tests__/applicationTypeGate.test.ts" name="runApplicationTypeGate — a type ADW knows proceeds &gt; records the cli profile on the console and in the execution log" time="0.000644667">
        </testcase>
        <testcase classname="adws/phases/__tests__/applicationTypeGate.test.ts" name="runApplicationTypeGate — a type ADW knows proceeds &gt; records the web profile on the console and in the execution log" time="0.000482959">
        </testcase>
        <testcase classname="adws/phases/__tests__/applicationTypeGate.test.ts" name="runApplicationTypeGate — a type ADW knows proceeds &gt; reads a value that differs only in case or spacing as the type it names" time="0.000474583">
        </testcase>
        <testcase classname="adws/phases/__tests__/applicationTypeGate.test.ts" name="runApplicationTypeGate — a fake third type reaches the gate through the table alone &gt; proceeds with the profile of a type only the table it is handed knows" time="0.000552167">
        </testcase>
        <testcase classname="adws/phases/__tests__/applicationTypeGate.test.ts" name="runApplicationTypeGate — a fake third type reaches the gate through the table alone &gt; still proceeds with cli and web under the extended table" time="0.000692958">
        </testcase>
        <testcase classname="adws/phases/__tests__/applicationTypeGate.test.ts" name="runApplicationTypeGate — a fake third type reaches the gate through the table alone &gt; parks the same type under the default table" time="0.001143208">
        </testcase>
        <testcase classname="adws/phases/__tests__/applicationTypeGate.test.ts" name="runApplicationTypeGate — a type ADW does not know merges the default branch once, reads again, and parks if still unknown &gt; parks a missing type with found null after merging and reloading once each" time="0.00286275">
        </testcase>
        <testcase classname="adws/phases/__tests__/applicationTypeGate.test.ts" name="runApplicationTypeGate — a type ADW does not know merges the default branch once, reads again, and parks if still unknown &gt; parks an unknown type with the value as written" time="0.002692834">
        </testcase>
        <testcase classname="adws/phases/__tests__/applicationTypeGate.test.ts" name="runApplicationTypeGate — a type ADW does not know merges the default branch once, reads again, and parks if still unknown &gt; parks with what the merge left, not with what the first read found" time="0.002020791">
        </testcase>
        <testcase classname="adws/phases/__tests__/applicationTypeGate.test.ts" name="runApplicationTypeGate — a type ADW does not know merges the default branch once, reads again, and parks if still unknown &gt; merges before it reads again, and reads again before it parks" time="0.001664875">
        </testcase>
        <testcase classname="adws/phases/__tests__/applicationTypeGate.test.ts" name="runApplicationTypeGate — a type ADW does not know merges the default branch once, reads again, and parks if still unknown &gt; proceeds, with the reloaded config, when the merge brings the type in" time="0.001581208">
        </testcase>
        <testcase classname="adws/phases/__tests__/applicationTypeGate.test.ts" name="runApplicationTypeGate — a type ADW does not know merges the default branch once, reads again, and parks if still unknown &gt; proceeds when the merge corrects an unknown value to a known one" time="0.00188475">
        </testcase>
        <testcase classname="adws/phases/__tests__/applicationTypeGate.test.ts" name="runApplicationTypeGate — a type ADW does not know merges the default branch once, reads again, and parks if still unknown &gt; says in the execution log that the section is missing, and that it merges and reads again" time="0.001493333">
        </testcase>
        <testcase classname="adws/phases/__tests__/applicationTypeGate.test.ts" name="runApplicationTypeGate — a type ADW does not know merges the default branch once, reads again, and parks if still unknown &gt; quotes the value the section holds when it is not a type ADW knows" time="0.000761333">
        </testcase>
        <testcase classname="adws/phases/__tests__/applicationTypeGate.test.ts" name="runApplicationTypeGate — a type ADW does not know merges the default branch once, reads again, and parks if still unknown &gt; records the profile it proceeds with after the merge" time="0.000606584">
        </testcase>
        <testcase classname="adws/phases/__tests__/applicationTypeGate.test.ts" name="requireApplicationProfile &gt; returns the profile the configuration carries" time="0.001079">
        </testcase>
        <testcase classname="adws/phases/__tests__/applicationTypeGate.test.ts" name="requireApplicationProfile &gt; throws, naming both initialisers, instead of defaulting when there is none" time="0.000885959">
        </testcase>
    </testsuite>
    <testsuite name="adws/phases/__tests__/baseScenarioRerun.server.test.ts" timestamp="2026-10-06T17:53:43.892Z" hostname="macmini.local" tests="4" failures="0" errors="0" skipped="0" time="0.02814125">
        <testcase classname="adws/phases/__tests__/baseScenarioRerun.server.test.ts" name="the base scenario re-run — where the base branch declares a dev server &gt; runs inside a dev server started on the base checkout, on the run’s port" time="0.010313666">
        </testcase>
        <testcase classname="adws/phases/__tests__/baseScenarioRerun.server.test.ts" name="the base scenario re-run — where the base branch declares a dev server &gt; waits until the run’s port is free before it starts the server" time="0.005591709">
        </testcase>
        <testcase classname="adws/phases/__tests__/baseScenarioRerun.server.test.ts" name="the base scenario re-run — where the base branch declares a dev server &gt; reports the scenario as not run, and does not run it, when the server does not start" time="0.004760334">
        </testcase>
        <testcase classname="adws/phases/__tests__/baseScenarioRerun.server.test.ts" name="the base scenario re-run — where the base branch declares a dev server &gt; reports the scenario as not run when the port stays busy" time="0.005870125">
        </testcase>
    </testsuite>
    <testsuite name="adws/phases/__tests__/baseScenarioRerun.test.ts" timestamp="2026-10-06T17:53:43.892Z" hostname="macmini.local" tests="18" failures="0" errors="0" skipped="0" time="0.076819583">
        <testcase classname="adws/phases/__tests__/baseScenarioRerun.test.ts" name="the base scenario re-run — runs just that scenario &gt; runs the base branch’s own command once, for the re-run tag, in the base checkout" time="0.011139833">
        </testcase>
        <testcase classname="adws/phases/__tests__/baseScenarioRerun.test.ts" name="the base scenario re-run — runs just that scenario &gt; has tagged only that scenario while it runs, directly above its keyword line" time="0.007622292">
        </testcase>
        <testcase classname="adws/phases/__tests__/baseScenarioRerun.test.ts" name="the base scenario re-run — runs just that scenario &gt; leaves every feature file as it found it" time="0.006048791">
        </testcase>
        <testcase classname="adws/phases/__tests__/baseScenarioRerun.test.ts" name="the base scenario re-run — runs just that scenario &gt; leaves every feature file as it found it when the run throws, and reports the scenario as not run" time="0.004708125">
        </testcase>
        <testcase classname="adws/phases/__tests__/baseScenarioRerun.test.ts" name="the base scenario re-run — runs just that scenario &gt; writes its report and proof files under the run’s baseline directory" time="0.004564709">
        </testcase>
        <testcase classname="adws/phases/__tests__/baseScenarioRerun.test.ts" name="the base scenario re-run — what it reports &gt; reports Failed when the scenario fails on the base branch" time="0.004649834">
        </testcase>
        <testcase classname="adws/phases/__tests__/baseScenarioRerun.test.ts" name="the base scenario re-run — what it reports &gt; reports Passed when the scenario passes on the base branch" time="0.00236825">
        </testcase>
        <testcase classname="adws/phases/__tests__/baseScenarioRerun.test.ts" name="the base scenario re-run — what it reports &gt; reports NotRun when the report holds no test case" time="0.004574125">
        </testcase>
        <testcase classname="adws/phases/__tests__/baseScenarioRerun.test.ts" name="the base scenario re-run — what it reports &gt; reports NotRun when the run wrote no report" time="0.001932">
        </testcase>
        <testcase classname="adws/phases/__tests__/baseScenarioRerun.test.ts" name="the base scenario re-run — what it reports &gt; reports NotRun, without starting the runner, for a scenario the base branch does not have" time="0.004297666">
        </testcase>
        <testcase classname="adws/phases/__tests__/baseScenarioRerun.test.ts" name="the base scenario re-run — what it reports &gt; reports NotRun when the base branch cannot be checked out" time="0.001252583">
        </testcase>
        <testcase classname="adws/phases/__tests__/baseScenarioRerun.test.ts" name="the base scenario re-run — finding the scenario &gt; tags the scenario of the feature the report names, not one of the same name in another feature" time="0.00595425">
        </testcase>
        <testcase classname="adws/phases/__tests__/baseScenarioRerun.test.ts" name="the base scenario re-run — finding the scenario &gt; finds a scenario by the long name cucumber-js gives a scenario in a rule" time="0.004022958">
        </testcase>
        <testcase classname="adws/phases/__tests__/baseScenarioRerun.test.ts" name="the base scenario re-run — finding the scenario &gt; finds a scenario named in the report of another runner by the feature at the end of its classname" time="0.001976417">
        </testcase>
        <testcase classname="adws/phases/__tests__/baseScenarioRerun.test.ts" name="the base scenario re-run — finding the scenario &gt; finds the scenario in any feature when the report names none" time="0.001783792">
        </testcase>
        <testcase classname="adws/phases/__tests__/baseScenarioRerun.test.ts" name="the base scenario re-run — install and memoization &gt; installs the dependencies of the base checkout once, however many scenarios it re-runs" time="0.002272625">
        </testcase>
        <testcase classname="adws/phases/__tests__/baseScenarioRerun.test.ts" name="the base scenario re-run — install and memoization &gt; reports every scenario as not run, with a warning, when the install fails" time="0.001510417">
        </testcase>
        <testcase classname="adws/phases/__tests__/baseScenarioRerun.test.ts" name="the base scenario re-run — install and memoization &gt; runs a scenario it has already classified only once" time="0.004563875">
        </testcase>
    </testsuite>
    <testsuite name="adws/phases/__tests__/baseWorktree.test.ts" timestamp="2026-10-06T17:53:43.893Z" hostname="macmini.local" tests="21" failures="0" errors="0" skipped="0" time="0.076446333">
        <testcase classname="adws/phases/__tests__/baseWorktree.test.ts" name="buildBaseWorktreePort &gt; checks the remote base branch out detached, after clearing a stale checkout, and reports where and at which commit" time="0.001077333">
        </testcase>
        <testcase classname="adws/phases/__tests__/baseWorktree.test.ts" name="buildBaseWorktreePort &gt; makes the checkout once: a second ensure() returns the same checkout and touches nothing" time="0.000454542">
        </testcase>
        <testcase classname="adws/phases/__tests__/baseWorktree.test.ts" name="buildBaseWorktreePort &gt; removing the checkout &gt; is what the registered exit cleanup does" time="0.000097833">
        </testcase>
        <testcase classname="adws/phases/__tests__/baseWorktree.test.ts" name="buildBaseWorktreePort &gt; removing the checkout &gt; leaves the exit cleanup nothing more to do once remove() has run" time="0.000083917">
        </testcase>
        <testcase classname="adws/phases/__tests__/baseWorktree.test.ts" name="buildBaseWorktreePort &gt; removing the checkout &gt; happens once, however often remove() is called" time="0.000084917">
        </testcase>
        <testcase classname="adws/phases/__tests__/baseWorktree.test.ts" name="buildBaseWorktreePort &gt; removing the checkout &gt; does nothing before the checkout was made" time="0.000059833">
        </testcase>
        <testcase classname="adws/phases/__tests__/baseWorktree.test.ts" name="buildBaseWorktreePort &gt; a creation that fails &gt; rethrows when removeWorktree fails, and registers no exit cleanup" time="0.000294791">
        </testcase>
        <testcase classname="adws/phases/__tests__/baseWorktree.test.ts" name="buildBaseWorktreePort &gt; a creation that fails &gt; rethrows when fetchRemote fails, and registers no exit cleanup" time="0.000074375">
        </testcase>
        <testcase classname="adws/phases/__tests__/baseWorktree.test.ts" name="buildBaseWorktreePort &gt; a creation that fails &gt; rethrows when addDetachedWorktree fails, and registers no exit cleanup" time="0.00008175">
        </testcase>
        <testcase classname="adws/phases/__tests__/baseWorktree.test.ts" name="buildBaseWorktreePort &gt; a creation that fails &gt; rethrows when copyEnvToWorktree fails, and registers no exit cleanup" time="0.000141375">
        </testcase>
        <testcase classname="adws/phases/__tests__/baseWorktree.test.ts" name="buildBaseWorktreePort &gt; a creation that fails &gt; rethrows when headShort fails, and registers no exit cleanup" time="0.00013125">
        </testcase>
        <testcase classname="adws/phases/__tests__/baseWorktree.test.ts" name="buildBaseWorktreePort &gt; a creation that fails &gt; is not remembered: the next ensure() starts over" time="0.000205083">
        </testcase>
        <testcase classname="adws/phases/__tests__/baseWorktree.test.ts" name="buildBaseWorktreePort &gt; by default &gt; uses the launch GitContext of the config, and removes the checkout when the process exits" time="0.000701083">
        </testcase>
        <testcase classname="adws/phases/__tests__/baseWorktree.test.ts" name="buildBaseWorktreePort &gt; by default &gt; needs no GitContext to be built, only to be used" time="0.000304875">
        </testcase>
        <testcase classname="adws/phases/__tests__/baseWorktree.test.ts" name="baseWorktreeName &gt; names the checkout after the issue and the run" time="0.000638708">
        </testcase>
        <testcase classname="adws/phases/__tests__/baseWorktree.test.ts" name="baseWorktreeName &gt; puts the checkout in reach of the dev-server janitor" time="0.000542209">
        </testcase>
        <testcase classname="adws/phases/__tests__/baseWorktree.test.ts" name="baseWorktreeName &gt; puts the checkout in reach of the cleanup of every worktree of an issue" time="0.068241166">
        </testcase>
        <testcase classname="adws/phases/__tests__/baseWorktree.test.ts" name="baseWorktreeName &gt; keeps the checkout from being taken for the worktree of the issue itself" time="0.0013415">
        </testcase>
        <testcase classname="adws/phases/__tests__/baseWorktree.test.ts" name="sharedBaseWorktree &gt; returns one port per adwId" time="0.000392708">
        </testcase>
        <testcase classname="adws/phases/__tests__/baseWorktree.test.ts" name="sharedBaseWorktree &gt; builds a fresh port for the next caller once its port was removed" time="0.000205416">
        </testcase>
        <testcase classname="adws/phases/__tests__/baseWorktree.test.ts" name="sharedBaseWorktree &gt; shares one checkout between its callers" time="0.000371458">
        </testcase>
    </testsuite>
    <testsuite name="adws/phases/__tests__/baselinePhase.directives.test.ts" timestamp="2026-10-06T17:53:43.893Z" hostname="macmini.local" tests="3" failures="0" errors="0" skipped="0" time="0.012545041">
        <testcase classname="adws/phases/__tests__/baselinePhase.directives.test.ts" name="executeBaselinePhase — a waived baseline &gt; checks nothing out and runs nothing, and says why" time="0.004204666">
        </testcase>
        <testcase classname="adws/phases/__tests__/baselinePhase.directives.test.ts" name="executeBaselinePhase — &quot;## Retry&quot; &gt; leaves a park that &quot;## Retry&quot; re-arms, and the resumed phase runs the checks again and parks again while the base is red" time="0.004214">
        </testcase>
        <testcase classname="adws/phases/__tests__/baselinePhase.directives.test.ts" name="executeBaselinePhase — &quot;## Retry&quot; &gt; records the passed baseline when the resumed phase finds the base branch green" time="0.003309667">
        </testcase>
    </testsuite>
    <testsuite name="adws/phases/__tests__/baselinePhase.test.ts" timestamp="2026-10-06T17:53:43.894Z" hostname="macmini.local" tests="16" failures="0" errors="0" skipped="0" time="0.036625084">
        <testcase classname="adws/phases/__tests__/baselinePhase.test.ts" name="executeBaselinePhase — a green base branch &gt; records that the baseline passed, with the base branch, its commit and when, and starts no agent" time="0.006934875">
        </testcase>
        <testcase classname="adws/phases/__tests__/baselinePhase.test.ts" name="executeBaselinePhase — a green base branch &gt; posts no comment and parks nothing" time="0.0021325">
        </testcase>
        <testcase classname="adws/phases/__tests__/baselinePhase.test.ts" name="executeBaselinePhase — a green base branch &gt; logs the base branch and the commit it checked out" time="0.003460792">
        </testcase>
        <testcase classname="adws/phases/__tests__/baselinePhase.test.ts" name="executeBaselinePhase — a green base branch &gt; runs the install and the checks in the base checkout, never in the issue worktree" time="0.001677583">
        </testcase>
        <testcase classname="adws/phases/__tests__/baselinePhase.test.ts" name="executeBaselinePhase — a green base branch &gt; logs each check in the format of the static-check gate, labelled as the base branch’s" time="0.001425375">
        </testcase>
        <testcase classname="adws/phases/__tests__/baselinePhase.test.ts" name="executeBaselinePhase — a green base branch &gt; asks the shared checkout once and never removes it: the re-runs share it, and the process exit removes it" time="0.001380083">
        </testcase>
        <testcase classname="adws/phases/__tests__/baselinePhase.test.ts" name="executeBaselinePhase — a red base branch &gt; parks the workflow as human_gated for baseline_red, exits 0 and records no baseline" time="0.002717542">
        </testcase>
        <testcase classname="adws/phases/__tests__/baselinePhase.test.ts" name="executeBaselinePhase — a red base branch &gt; posts exactly the baseline_red park comment, naming the failing check and quoting its output" time="0.002014959">
        </testcase>
        <testcase classname="adws/phases/__tests__/baselinePhase.test.ts" name="executeBaselinePhase — a red base branch &gt; logs the full output of the failing check" time="0.00177525">
        </testcase>
        <testcase classname="adws/phases/__tests__/baselinePhase.test.ts" name="executeBaselinePhase — a red base branch &gt; parks when the install fails, naming &quot;install dependencies&quot; and its command, before any check runs" time="0.0016185">
        </testcase>
        <testcase classname="adws/phases/__tests__/baselinePhase.test.ts" name="executeBaselinePhase — the dev server of the base branch &gt; parks for base_server_down, quoting the server’s output, when the server does not start" time="0.0018835">
        </testcase>
        <testcase classname="adws/phases/__tests__/baselinePhase.test.ts" name="executeBaselinePhase — the dev server of the base branch &gt; starts the declared server in the base checkout, on the run’s port, with the base branch’s health path and a log of its own" time="0.001455667">
        </testcase>
        <testcase classname="adws/phases/__tests__/baselinePhase.test.ts" name="executeBaselinePhase — the dev server of the base branch &gt; starts no server while a check is red" time="0.001662042">
        </testcase>
        <testcase classname="adws/phases/__tests__/baselinePhase.test.ts" name="executeBaselinePhase — the dev server of the base branch &gt; falls back to &quot;/&quot; as the health path when the base branch names none" time="0.0023815">
        </testcase>
        <testcase classname="adws/phases/__tests__/baselinePhase.test.ts" name="executeBaselinePhase — a base branch that declares no dev server &gt; starts no server when the section says N/A" time="0.001356708">
        </testcase>
        <testcase classname="adws/phases/__tests__/baselinePhase.test.ts" name="executeBaselinePhase — a base branch that declares no dev server &gt; starts no server when the section is missing, although the parsed config defaults to one" time="0.001454667">
        </testcase>
    </testsuite>
    <testsuite name="adws/phases/__tests__/branchIdentityFallback.test.ts" timestamp="2026-10-06T17:53:43.894Z" hostname="macmini.local" tests="13" failures="0" errors="0" skipped="0" time="0.003137916">
        <testcase classname="adws/phases/__tests__/branchIdentityFallback.test.ts" name="findExistingBranchForIssue &gt; returns a matching branch when one exists" time="0.001121125">
        </testcase>
        <testcase classname="adws/phases/__tests__/branchIdentityFallback.test.ts" name="findExistingBranchForIssue &gt; returns null when no candidates match (empty list)" time="0.000103917">
        </testcase>
        <testcase classname="adws/phases/__tests__/branchIdentityFallback.test.ts" name="findExistingBranchForIssue &gt; returns null when candidates exist but none match the issue" time="0.000079416">
        </testcase>
        <testcase classname="adws/phases/__tests__/branchIdentityFallback.test.ts" name="findExistingBranchForIssue &gt; returns null on reclassification prefix mismatch" time="0.0000835">
        </testcase>
        <testcase classname="adws/phases/__tests__/branchIdentityFallback.test.ts" name="findExistingBranchForIssue &gt; matches an alias prefix (feat- for /feature)" time="0.000068625">
        </testcase>
        <testcase classname="adws/phases/__tests__/branchIdentityFallback.test.ts" name="findExistingBranchForIssue &gt; returns the first matching branch when multiple match" time="0.000057417">
        </testcase>
        <testcase classname="adws/phases/__tests__/branchIdentityFallback.test.ts" name="recoverAdwIdForBranch &gt; returns the adwId whose persisted branchName matches" time="0.00013525">
        </testcase>
        <testcase classname="adws/phases/__tests__/branchIdentityFallback.test.ts" name="recoverAdwIdForBranch &gt; returns null when no adwId has a matching branchName" time="0.0000655">
        </testcase>
        <testcase classname="adws/phases/__tests__/branchIdentityFallback.test.ts" name="recoverAdwIdForBranch &gt; returns null when state store is empty" time="0.000067084">
        </testcase>
        <testcase classname="adws/phases/__tests__/branchIdentityFallback.test.ts" name="recoverAdwIdForBranch &gt; returns null when all state files are missing (readTopLevelState returns null)" time="0.000078">
        </testcase>
        <testcase classname="adws/phases/__tests__/branchIdentityFallback.test.ts" name="recoverAdwIdForBranch &gt; returns null when matching state has no branchName field" time="0.000056625">
        </testcase>
        <testcase classname="adws/phases/__tests__/branchIdentityFallback.test.ts" name="recoverAdwIdForBranch &gt; tie-breaks on most-recently-active when multiple adwIds match" time="0.000076584">
        </testcase>
        <testcase classname="adws/phases/__tests__/branchIdentityFallback.test.ts" name="recoverAdwIdForBranch &gt; prefers any adwId with activity over one with null activity on tie" time="0.000056417">
        </testcase>
    </testsuite>
    <testsuite name="adws/phases/__tests__/branchNameResolution.test.ts" timestamp="2026-10-06T17:53:43.895Z" hostname="macmini.local" tests="18" failures="0" errors="0" skipped="0" time="0.02087225">
        <testcase classname="adws/phases/__tests__/branchNameResolution.test.ts" name="readPersistedBranchName &gt; returns undefined when no state file exists" time="0.00163825">
        </testcase>
        <testcase classname="adws/phases/__tests__/branchNameResolution.test.ts" name="readPersistedBranchName &gt; returns the stored branchName" time="0.001486292">
        </testcase>
        <testcase classname="adws/phases/__tests__/branchNameResolution.test.ts" name="persistBranchName &gt; writes branchName into the top-level state file" time="0.001320042">
        </testcase>
        <testcase classname="adws/phases/__tests__/branchNameResolution.test.ts" name="persistBranchName &gt; merges without clobbering sibling fields" time="0.000643084">
        </testcase>
        <testcase classname="adws/phases/__tests__/branchNameResolution.test.ts" name="_resolveWorkflowBranchNameForTest — deterministic identity fallback (criterion 1) &gt; returns the existing branch found by the finder and does NOT call the agent" time="0.004224542">
            <system-out>
📋 [2026-10-06T17:53:39.980Z] Reusing existing branch found by deterministic identity fallback: feature-issue-1-existing-branch

            </system-out>
        </testcase>
        <testcase classname="adws/phases/__tests__/branchNameResolution.test.ts" name="_resolveWorkflowBranchNameForTest — deterministic identity fallback (criterion 1) &gt; persists the finder-returned branch so subsequent calls skip the finder" time="0.001359375">
            <system-out>
📋 [2026-10-06T17:53:39.984Z] Reusing existing branch found by deterministic identity fallback: feature-issue-1-existing-branch

            </system-out>
        </testcase>
        <testcase classname="adws/phases/__tests__/branchNameResolution.test.ts" name="_resolveWorkflowBranchNameForTest — deterministic identity fallback (criterion 1) &gt; calls the agent exactly once when the finder returns null" time="0.001428083">
            <system-out>
✅ [2026-10-06T17:53:39.985Z] Branch name generated: feature-issue-1-llm-generated

            </system-out>
        </testcase>
        <testcase classname="adws/phases/__tests__/branchNameResolution.test.ts" name="_resolveWorkflowBranchNameForTest — strand-proof fallback on agent failure &gt; falls back to the deterministic slug-free name when the agent throws (e.g. slug validation)" time="0.001572875">
            <system-out>
⚠️ [2026-10-06T17:53:39.987Z] Branch-name generation failed (Slug already contains a forbidden prefix &quot;review&quot;: &quot;review-failed-blocking-stage&quot;); falling back to deterministic slug-free branch name: feature-issue-1
✅ [2026-10-06T17:53:39.987Z] Branch name generated: feature-issue-1

            </system-out>
        </testcase>
        <testcase classname="adws/phases/__tests__/branchNameResolution.test.ts" name="_resolveWorkflowBranchNameForTest — strand-proof fallback on agent failure &gt; re-throws AuthRequiredError instead of masking it as a slug fallback" time="0.000567042">
        </testcase>
        <testcase classname="adws/phases/__tests__/branchNameResolution.test.ts" name="_resolveWorkflowBranchNameForTest — happy-path precedence (criterion 4) &gt; persisted state wins over finder — finder is NOT called" time="0.000636791">
            <system-out>
📋 [2026-10-06T17:53:39.989Z] Reusing persisted branch name for adwId test-bname-res-1791309219969-happy: feature-issue-1-already-persisted

            </system-out>
        </testcase>
        <testcase classname="adws/phases/__tests__/branchNameResolution.test.ts" name="_resolveWorkflowBranchNameForTest — happy-path precedence (criterion 4) &gt; recovery-comment branchName wins over finder — finder is NOT called" time="0.000416291">
            <system-out>
📋 [2026-10-06T17:53:39.989Z] Reusing branch from previous workflow: feature-issue-1-from-recovery-comment

            </system-out>
        </testcase>
        <testcase classname="adws/phases/__tests__/branchNameResolution.test.ts" name="_resolveWorkflowBranchNameForTest (resolveWorkflowBranchName core logic) &gt; case 1: fresh run, no persisted state, no recovery &gt; calls the agent once, returns the generated name, and persists it" time="0.000823417">
            <system-out>
✅ [2026-10-06T17:53:39.990Z] Branch name generated: feature-issue-1-new-feature

            </system-out>
        </testcase>
        <testcase classname="adws/phases/__tests__/branchNameResolution.test.ts" name="_resolveWorkflowBranchNameForTest (resolveWorkflowBranchName core logic) &gt; case 2: persisted name exists &gt; returns the persisted name without calling the agent" time="0.000714084">
            <system-out>
📋 [2026-10-06T17:53:39.991Z] Reusing persisted branch name for adwId test-bname-res-1791309219969-case2: feature-issue-1-already-persisted

            </system-out>
        </testcase>
        <testcase classname="adws/phases/__tests__/branchNameResolution.test.ts" name="_resolveWorkflowBranchNameForTest (resolveWorkflowBranchName core logic) &gt; case 3: recovery state has branchName &gt; returns and persists the recovery name without calling the agent" time="0.000522292">
            <system-out>
📋 [2026-10-06T17:53:39.991Z] Reusing branch from previous workflow: feature-issue-1-from-recovery

            </system-out>
        </testcase>
        <testcase classname="adws/phases/__tests__/branchNameResolution.test.ts" name="_resolveWorkflowBranchNameForTest (resolveWorkflowBranchName core logic) &gt; case 4: two calls, agent would diverge (resolver-level criterion 3) &gt; agent is called exactly once across two sequential resolves" time="0.000452709">
            <system-out>
✅ [2026-10-06T17:53:39.992Z] Branch name generated: feature-issue-1-slug-alpha

📋 [2026-10-06T17:53:39.992Z] Reusing persisted branch name for adwId test-bname-res-1791309219969-case4: feature-issue-1-slug-alpha

            </system-out>
        </testcase>
        <testcase classname="adws/phases/__tests__/branchNameResolution.test.ts" name="_resolveWorkflowBranchNameForTest (resolveWorkflowBranchName core logic) &gt; case 5: mismatch guard — concurrent write during agent call &gt; throws a &quot;Refusing to fork&quot; error naming both branch names and the adwId" time="0.000459458">
        </testcase>
        <testcase classname="adws/phases/__tests__/branchNameResolution.test.ts" name="_resolveWorkflowBranchNameForTest (resolveWorkflowBranchName core logic) &gt; case 5: mismatch guard — concurrent write during agent call &gt; error message names the adwId" time="0.000677125">
        </testcase>
        <testcase classname="adws/phases/__tests__/branchNameResolution.test.ts" name="_resolveWorkflowBranchNameForTest (resolveWorkflowBranchName core logic) &gt; case 5: mismatch guard — concurrent write during agent call &gt; persisted state is unchanged after the guard throws" time="0.000407666">
        </testcase>
    </testsuite>
    <testsuite name="adws/phases/__tests__/buildPhase.test.ts" timestamp="2026-10-06T17:53:43.895Z" hostname="macmini.local" tests="1" failures="0" errors="0" skipped="0" time="0.009886791">
        <testcase classname="adws/phases/__tests__/buildPhase.test.ts" name="executeBuildPhase — context compaction &gt; asks for the kill on every build agent run, and restarts the agent with a fresh continuation context" time="0.008783">
            <system-out>
✅ [2026-10-06T17:53:39.653Z] Plan loaded from: /tmp/adw-build-worktree-2qKGXI/plan.md
📋 [2026-10-06T17:53:39.654Z] Running Build Agent (scenario detection delegated to build agent)...

📋 [2026-10-06T17:53:39.655Z] Build agent context compacted (batch reset 1/3, checkpoint 0)

            </system-out>
        </testcase>
    </testsuite>
    <testsuite name="adws/phases/__tests__/decidePostReviewOutcome.test.ts" timestamp="2026-10-06T17:53:43.896Z" hostname="macmini.local" tests="3" failures="0" errors="0" skipped="0" time="0.001864625">
        <testcase classname="adws/phases/__tests__/decidePostReviewOutcome.test.ts" name="decidePostReviewOutcome &gt; returns proceed + awaiting_merge for a passing review" time="0.00090175">
        </testcase>
        <testcase classname="adws/phases/__tests__/decidePostReviewOutcome.test.ts" name="decidePostReviewOutcome &gt; returns stop + review_failed + skipDocAndPR for a failing review" time="0.000095709">
        </testcase>
        <testcase classname="adws/phases/__tests__/decidePostReviewOutcome.test.ts" name="decidePostReviewOutcome &gt; is pure: repeated calls with the same arg return equal results" time="0.000091417">
        </testcase>
    </testsuite>
    <testsuite name="adws/phases/__tests__/docsSelfCheck.test.ts" timestamp="2026-10-06T17:53:43.896Z" hostname="macmini.local" tests="5" failures="0" errors="0" skipped="0" time="0.002888208">
        <testcase classname="adws/phases/__tests__/docsSelfCheck.test.ts" name="findExistingRefactorIssueDefault (via buildDefaultDocsSelfCheckDeps) &gt; returns the matching issue number when title includes docPath" time="0.00138425">
        </testcase>
        <testcase classname="adws/phases/__tests__/docsSelfCheck.test.ts" name="findExistingRefactorIssueDefault (via buildDefaultDocsSelfCheckDeps) &gt; returns null when no issue title includes the docPath" time="0.0001475">
        </testcase>
        <testcase classname="adws/phases/__tests__/docsSelfCheck.test.ts" name="findExistingRefactorIssueDefault (via buildDefaultDocsSelfCheckDeps) &gt; returns null on empty result set" time="0.000096125">
        </testcase>
        <testcase classname="adws/phases/__tests__/docsSelfCheck.test.ts" name="findExistingRefactorIssueDefault (via buildDefaultDocsSelfCheckDeps) &gt; returns null on throw (fail-open)" time="0.000147125">
        </testcase>
        <testcase classname="adws/phases/__tests__/docsSelfCheck.test.ts" name="findExistingRefactorIssueDefault (via buildDefaultDocsSelfCheckDeps) &gt; calls searchOpenIssues with correct options" time="0.000129291">
        </testcase>
    </testsuite>
    <testsuite name="adws/phases/__tests__/gherkinFreeze.test.ts" timestamp="2026-10-06T17:53:43.896Z" hostname="macmini.local" tests="12" failures="0" errors="0" skipped="0" time="0.036148292">
        <testcase classname="adws/phases/__tests__/gherkinFreeze.test.ts" name="captureGherkinSnapshot &gt; captures .feature files" time="0.003950917">
        </testcase>
        <testcase classname="adws/phases/__tests__/gherkinFreeze.test.ts" name="captureGherkinSnapshot &gt; ignores non-.feature files" time="0.001628875">
        </testcase>
        <testcase classname="adws/phases/__tests__/gherkinFreeze.test.ts" name="captureGherkinSnapshot &gt; excludes node_modules and .git" time="0.001438708">
        </testcase>
        <testcase classname="adws/phases/__tests__/gherkinFreeze.test.ts" name="collectChangedFeaturePaths &gt; no changes → empty list" time="0.000804042">
        </testcase>
        <testcase classname="adws/phases/__tests__/gherkinFreeze.test.ts" name="collectChangedFeaturePaths &gt; modified .feature → collected" time="0.000611084">
        </testcase>
        <testcase classname="adws/phases/__tests__/gherkinFreeze.test.ts" name="collectChangedFeaturePaths &gt; deleted .feature → collected" time="0.003574917">
        </testcase>
        <testcase classname="adws/phases/__tests__/gherkinFreeze.test.ts" name="collectChangedFeaturePaths &gt; added .feature → collected" time="0.016673417">
        </testcase>
        <testcase classname="adws/phases/__tests__/gherkinFreeze.test.ts" name="collectChangedFeaturePaths &gt; non-.feature edits are ignored" time="0.002737208">
        </testcase>
        <testcase classname="adws/phases/__tests__/gherkinFreeze.test.ts" name="restoreGherkinSnapshot &gt; restores modified file to snapshot content" time="0.000838958">
        </testcase>
        <testcase classname="adws/phases/__tests__/gherkinFreeze.test.ts" name="restoreGherkinSnapshot &gt; recreates deleted file with original content" time="0.001548041">
        </testcase>
        <testcase classname="adws/phases/__tests__/gherkinFreeze.test.ts" name="restoreGherkinSnapshot &gt; deletes added file" time="0.000630958">
        </testcase>
        <testcase classname="adws/phases/__tests__/gherkinFreeze.test.ts" name="restoreGherkinSnapshot &gt; no changes → returns empty list" time="0.000462125">
        </testcase>
    </testsuite>
    <testsuite name="adws/phases/__tests__/orchestratorLock.test.ts" timestamp="2026-10-06T17:53:43.896Z" hostname="macmini.local" tests="13" failures="0" errors="0" skipped="0" time="0.00662825">
        <testcase classname="adws/phases/__tests__/orchestratorLock.test.ts" name="runWithOrchestratorLifecycle &gt; returns false and does not start heartbeat when acquireIssueSpawnLock returns false" time="0.001289542">
        </testcase>
        <testcase classname="adws/phases/__tests__/orchestratorLock.test.ts" name="runWithOrchestratorLifecycle &gt; appends the refusal, naming the issue and the holder pid, to the orchestrator execution log" time="0.0002175">
        </testcase>
        <testcase classname="adws/phases/__tests__/orchestratorLock.test.ts" name="runWithOrchestratorLifecycle &gt; says the holder is unknown when the lock record is gone by the time it is read" time="0.000094958">
        </testcase>
        <testcase classname="adws/phases/__tests__/orchestratorLock.test.ts" name="runWithOrchestratorLifecycle &gt; writes nothing to the execution log when the lock is acquired" time="0.000108125">
        </testcase>
        <testcase classname="adws/phases/__tests__/orchestratorLock.test.ts" name="runWithOrchestratorLifecycle &gt; invokes start/stop heartbeat and release in order when fn resolves" time="0.000138208">
        </testcase>
        <testcase classname="adws/phases/__tests__/orchestratorLock.test.ts" name="runWithOrchestratorLifecycle &gt; still stops heartbeat and releases lock when fn throws" time="0.000712458">
        </testcase>
        <testcase classname="adws/phases/__tests__/orchestratorLock.test.ts" name="runWithOrchestratorLifecycle &gt; passes config.issueNumber and process.pid to acquireIssueSpawnLock, and config.adwId to startHeartbeat" time="0.001602042">
        </testcase>
        <testcase classname="adws/phases/__tests__/orchestratorLock.test.ts" name="runWithOrchestratorLifecycle with a lock wait &gt; waits out a lock that is refused twice, then runs the phases without logging a refusal" time="0.000542">
        </testcase>
        <testcase classname="adws/phases/__tests__/orchestratorLock.test.ts" name="runWithOrchestratorLifecycle with a lock wait &gt; gives up after the last attempt, logging the refusal once and running nothing" time="0.000546458">
        </testcase>
        <testcase classname="adws/phases/__tests__/orchestratorLock.test.ts" name="runWithOrchestratorLifecycle with a lock wait &gt; waits for the merge poll for less than the heartbeat stale threshold, because no heartbeat runs until the lock is held" time="0.000133334">
        </testcase>
        <testcase classname="adws/phases/__tests__/orchestratorLock.test.ts" name="runWithRawOrchestratorLifecycle &gt; returns false and does not start heartbeat when acquireIssueSpawnLock returns false" time="0.000140166">
        </testcase>
        <testcase classname="adws/phases/__tests__/orchestratorLock.test.ts" name="runWithRawOrchestratorLifecycle &gt; invokes start/stop heartbeat and release in order when fn resolves" time="0.000097083">
        </testcase>
        <testcase classname="adws/phases/__tests__/orchestratorLock.test.ts" name="runWithRawOrchestratorLifecycle &gt; still stops heartbeat and releases lock when fn throws" time="0.00018675">
        </testcase>
    </testsuite>
    <testsuite name="adws/phases/__tests__/planCommitGuard.test.ts" timestamp="2026-10-06T17:53:43.897Z" hostname="macmini.local" tests="30" failures="0" errors="0" skipped="0" time="4.003874667">
        <testcase classname="adws/phases/__tests__/planCommitGuard.test.ts" name="buildPlanCommitMessage &gt; keeps the plan-orchestrator prefix and the conventional-commit keyword" time="0.129385875">
        </testcase>
        <testcase classname="adws/phases/__tests__/planCommitGuard.test.ts" name="commitPlanFileOnly &gt; commits the plan file and no other path" time="0.219131625">
        </testcase>
        <testcase classname="adws/phases/__tests__/planCommitGuard.test.ts" name="commitPlanFileOnly &gt; commits under the launch GitContext&apos;s git identity, not the host&apos;s git config" time="0.2026705">
        </testcase>
        <testcase classname="adws/phases/__tests__/planCommitGuard.test.ts" name="commitPlanFileOnly &gt; leaves every other change in the worktree uncommitted, staged changes still staged" time="0.213515875">
        </testcase>
        <testcase classname="adws/phases/__tests__/planCommitGuard.test.ts" name="commitPlanFileOnly &gt; returns false when the plan file is already committed and unchanged" time="0.267184083">
        </testcase>
        <testcase classname="adws/phases/__tests__/planCommitGuard.test.ts" name="commitPlanFileOnly &gt; throws, naming the expected plan path, when the plan file is missing" time="0.136223833">
        </testcase>
        <testcase classname="adws/phases/__tests__/planCommitGuard.test.ts" name="isOffLimitsToPlanner &gt; is off limits: .claude" time="0.106042667">
        </testcase>
        <testcase classname="adws/phases/__tests__/planCommitGuard.test.ts" name="isOffLimitsToPlanner &gt; is off limits: .adw" time="0.118750959">
        </testcase>
        <testcase classname="adws/phases/__tests__/planCommitGuard.test.ts" name="isOffLimitsToPlanner &gt; is off limits: .claude/commands/scenario_writer.md" time="0.114305541">
        </testcase>
        <testcase classname="adws/phases/__tests__/planCommitGuard.test.ts" name="isOffLimitsToPlanner &gt; is off limits: .adw/commands.md" time="0.110995">
        </testcase>
        <testcase classname="adws/phases/__tests__/planCommitGuard.test.ts" name="isOffLimitsToPlanner &gt; is off limits: ./.claude/settings.json" time="0.10502975">
        </testcase>
        <testcase classname="adws/phases/__tests__/planCommitGuard.test.ts" name="isOffLimitsToPlanner &gt; is off limits: .claude\commands\scenario_writer.md" time="0.115294208">
        </testcase>
        <testcase classname="adws/phases/__tests__/planCommitGuard.test.ts" name="isOffLimitsToPlanner &gt; is not off limits: .adw-version" time="0.111558875">
        </testcase>
        <testcase classname="adws/phases/__tests__/planCommitGuard.test.ts" name="isOffLimitsToPlanner &gt; is not off limits: .adw-stub-invocations" time="0.123278">
        </testcase>
        <testcase classname="adws/phases/__tests__/planCommitGuard.test.ts" name="isOffLimitsToPlanner &gt; is not off limits: .adw-stub-manifest.json" time="0.124392">
        </testcase>
        <testcase classname="adws/phases/__tests__/planCommitGuard.test.ts" name="isOffLimitsToPlanner &gt; is not off limits: .claude-x" time="0.126659041">
        </testcase>
        <testcase classname="adws/phases/__tests__/planCommitGuard.test.ts" name="isOffLimitsToPlanner &gt; is not off limits: .claudeignore" time="0.124788167">
        </testcase>
        <testcase classname="adws/phases/__tests__/planCommitGuard.test.ts" name="isOffLimitsToPlanner &gt; is not off limits: docs/.claude/notes.md" time="0.120226125">
        </testcase>
        <testcase classname="adws/phases/__tests__/planCommitGuard.test.ts" name="isOffLimitsToPlanner &gt; is not off limits: specs/issue-7-adw-abc123-sdlc_planner-plan.md" time="0.117255834">
        </testcase>
        <testcase classname="adws/phases/__tests__/planCommitGuard.test.ts" name="isOffLimitsToPlanner &gt; is not off limits: README.md" time="0.109461125">
        </testcase>
        <testcase classname="adws/phases/__tests__/planCommitGuard.test.ts" name="changedFilePaths &gt; reports created, deleted and modified paths, sorted, and ignores unchanged ones" time="0.118189792">
        </testcase>
        <testcase classname="adws/phases/__tests__/planCommitGuard.test.ts" name="changedFilePaths &gt; reports nothing when the two states are identical" time="0.121448208">
        </testcase>
        <testcase classname="adws/phases/__tests__/planCommitGuard.test.ts" name="parseNameOnlyDiff &gt; splits lines, trims them, drops empty ones and strips the quotes git puts around unusual paths" time="0.121152084">
        </testcase>
        <testcase classname="adws/phases/__tests__/planCommitGuard.test.ts" name="parseNameOnlyDiff &gt; returns an empty list for empty output" time="0.120732792">
        </testcase>
        <testcase classname="adws/phases/__tests__/planCommitGuard.test.ts" name="findOffLimitsChanges &gt; unions the changed files with the off-limits paths of added commits, sorted and de-duplicated" time="0.120400834">
        </testcase>
        <testcase classname="adws/phases/__tests__/planCommitGuard.test.ts" name="findOffLimitsChanges &gt; ignores committed paths outside .claude/ and .adw/" time="0.116421083">
        </testcase>
        <testcase classname="adws/phases/__tests__/planCommitGuard.test.ts" name="hashOffLimitsFiles &gt; hashes every file under .claude/ and .adw/ by POSIX relative path, and nothing else" time="0.117967042">
        </testcase>
        <testcase classname="adws/phases/__tests__/planCommitGuard.test.ts" name="hashOffLimitsFiles &gt; gives a file a different hash when its contents change, and the same hash when they do not" time="0.133699375">
        </testcase>
        <testcase classname="adws/phases/__tests__/planCommitGuard.test.ts" name="hashOffLimitsFiles &gt; hashes a symlink by its target without following it" time="0.114295917">
        </testcase>
        <testcase classname="adws/phases/__tests__/planCommitGuard.test.ts" name="hashOffLimitsFiles &gt; returns an empty map when neither directory exists" time="0.121360542">
        </testcase>
    </testsuite>
    <testsuite name="adws/phases/__tests__/planCommitGuardPhase.test.ts" timestamp="2026-10-06T17:53:43.898Z" hostname="macmini.local" tests="14" failures="0" errors="0" skipped="0" time="2.395539542">
        <testcase classname="adws/phases/__tests__/planCommitGuardPhase.test.ts" name="capturePlanPhaseBaseline &gt; records the HEAD commit and the hashes of the off-limits files" time="0.168676834">
        </testcase>
        <testcase classname="adws/phases/__tests__/planCommitGuardPhase.test.ts" name="committedPathsSince &gt; lists every path in commits added since the baseline head, both sides of a rename" time="0.207462417">
        </testcase>
        <testcase classname="adws/phases/__tests__/planCommitGuardPhase.test.ts" name="committedPathsSince &gt; is empty when nothing was committed since the baseline head" time="0.126775">
        </testcase>
        <testcase classname="adws/phases/__tests__/planCommitGuardPhase.test.ts" name="assertPlanPhaseLeftOffLimitsAlone &gt; fails with a PlanCommitGuardError naming the path when a .claude/ file is modified during the plan phase" time="0.190997416">
        </testcase>
        <testcase classname="adws/phases/__tests__/planCommitGuardPhase.test.ts" name="assertPlanPhaseLeftOffLimitsAlone &gt; names every offending path in the message" time="0.137065625">
        </testcase>
        <testcase classname="adws/phases/__tests__/planCommitGuardPhase.test.ts" name="assertPlanPhaseLeftOffLimitsAlone &gt; creating a file under .claude/ &gt; fails naming .claude/commands/plan_checklist.md" time="0.165361417">
        </testcase>
        <testcase classname="adws/phases/__tests__/planCommitGuardPhase.test.ts" name="assertPlanPhaseLeftOffLimitsAlone &gt; deleting a file under .claude/ &gt; fails naming .claude/skills/tdd/SKILL.md" time="0.138706791">
        </testcase>
        <testcase classname="adws/phases/__tests__/planCommitGuardPhase.test.ts" name="assertPlanPhaseLeftOffLimitsAlone &gt; modifying and staging a file under .adw/ &gt; fails naming .adw/commands.md" time="0.16334025">
        </testcase>
        <testcase classname="adws/phases/__tests__/planCommitGuardPhase.test.ts" name="assertPlanPhaseLeftOffLimitsAlone &gt; creating a file under .adw/ &gt; fails naming .adw/plan_notes.md" time="0.159580041">
        </testcase>
        <testcase classname="adws/phases/__tests__/planCommitGuardPhase.test.ts" name="assertPlanPhaseLeftOffLimitsAlone &gt; modifying a .claude/ file and committing it &gt; fails naming .claude/commands/scenario_writer.md" time="0.192405792">
        </testcase>
        <testcase classname="adws/phases/__tests__/planCommitGuardPhase.test.ts" name="assertPlanPhaseLeftOffLimitsAlone &gt; fails when a .claude/ change that already existed before the baseline is committed during the phase" time="0.194911583">
        </testcase>
        <testcase classname="adws/phases/__tests__/planCommitGuardPhase.test.ts" name="assertPlanPhaseLeftOffLimitsAlone &gt; passes when .claude/ and .adw/ changes existed before the baseline and stay as they were" time="0.156761667">
        </testcase>
        <testcase classname="adws/phases/__tests__/planCommitGuardPhase.test.ts" name="assertPlanPhaseLeftOffLimitsAlone &gt; passes when the planner only changes files outside .claude/ and .adw/, .adw-* files included" time="0.160908042">
        </testcase>
        <testcase classname="adws/phases/__tests__/planCommitGuardPhase.test.ts" name="assertPlanPhaseLeftOffLimitsAlone &gt; passes when the planner commits a change outside .claude/ and .adw/" time="0.231181333">
        </testcase>
    </testsuite>
    <testsuite name="adws/phases/__tests__/planPhase.test.ts" timestamp="2026-10-06T17:53:43.898Z" hostname="macmini.local" tests="34" failures="0" errors="0" skipped="0" time="0.003300625">
        <testcase classname="adws/phases/__tests__/planPhase.test.ts" name="buildContinuationPrompt — no checkpoint commits (first-pass behavior) &gt; plan preserved in output" time="0.000722125">
        </testcase>
        <testcase classname="adws/phases/__tests__/planPhase.test.ts" name="buildContinuationPrompt — no checkpoint commits (first-pass behavior) &gt; previous output carried as continuation context" time="0.000074791">
        </testcase>
        <testcase classname="adws/phases/__tests__/planPhase.test.ts" name="buildContinuationPrompt — no checkpoint commits (first-pass behavior) &gt; does not include authoritative git-state framing" time="0.000088333">
        </testcase>
        <testcase classname="adws/phases/__tests__/planPhase.test.ts" name="buildContinuationPrompt — no checkpoint commits (first-pass behavior) &gt; does not include git log instructions" time="0.00006275">
        </testcase>
        <testcase classname="adws/phases/__tests__/planPhase.test.ts" name="buildContinuationPrompt — no checkpoint commits (first-pass behavior) &gt; token_limit reason message" time="0.000052833">
        </testcase>
        <testcase classname="adws/phases/__tests__/planPhase.test.ts" name="buildContinuationPrompt — no checkpoint commits (first-pass behavior) &gt; compaction reason message" time="0.00004625">
        </testcase>
        <testcase classname="adws/phases/__tests__/planPhase.test.ts" name="buildContinuationPrompt — no checkpoint commits (first-pass behavior) &gt; truncation preserved — long output sliced to last MAX_CONTINUATION_OUTPUT_LENGTH chars" time="0.000076167">
        </testcase>
        <testcase classname="adws/phases/__tests__/planPhase.test.ts" name="buildContinuationPrompt — no checkpoint commits (first-pass behavior) &gt; short output included whole" time="0.0000505">
        </testcase>
        <testcase classname="adws/phases/__tests__/planPhase.test.ts" name="buildContinuationPrompt — with checkpoint commits &gt; plan preserved in output" time="0.000067708">
        </testcase>
        <testcase classname="adws/phases/__tests__/planPhase.test.ts" name="buildContinuationPrompt — with checkpoint commits &gt; committed-state direction names git log against origin/dev" time="0.000076958">
        </testcase>
        <testcase classname="adws/phases/__tests__/planPhase.test.ts" name="buildContinuationPrompt — with checkpoint commits &gt; committed-state direction names git diff against origin/dev" time="0.000049958">
        </testcase>
        <testcase classname="adws/phases/__tests__/planPhase.test.ts" name="buildContinuationPrompt — with checkpoint commits &gt; authoritative-state framing present" time="0.000035083">
        </testcase>
        <testcase classname="adws/phases/__tests__/planPhase.test.ts" name="buildContinuationPrompt — with checkpoint commits &gt; uncommitted-state direction includes git status" time="0.000030458">
        </testcase>
        <testcase classname="adws/phases/__tests__/planPhase.test.ts" name="buildContinuationPrompt — with checkpoint commits &gt; uncommitted-state direction includes git diff --staged" time="0.000031416">
        </testcase>
        <testcase classname="adws/phases/__tests__/planPhase.test.ts" name="buildContinuationPrompt — with checkpoint commits &gt; tail retained but demoted — previous-agent-output block present with secondary note" time="0.000044041">
        </testcase>
        <testcase classname="adws/phases/__tests__/planPhase.test.ts" name="buildContinuationPrompt — with checkpoint commits &gt; truncation preserved — long output sliced to last MAX_CONTINUATION_OUTPUT_LENGTH chars" time="0.000066791">
        </testcase>
        <testcase classname="adws/phases/__tests__/planPhase.test.ts" name="buildContinuationPrompt — with checkpoint commits &gt; token_limit reason message" time="0.000028083">
        </testcase>
        <testcase classname="adws/phases/__tests__/planPhase.test.ts" name="buildContinuationPrompt — with checkpoint commits &gt; compaction reason message" time="0.0000265">
        </testcase>
        <testcase classname="adws/phases/__tests__/planPhase.test.ts" name="buildContinuationPrompt — with checkpoint commits &gt; no-base fallback — git inspection guidance present without origin/undefined" time="0.000035958">
        </testcase>
        <testcase classname="adws/phases/__tests__/planPhase.test.ts" name="buildContinuationPrompt — resumed_in_place reason &gt; plan preserved in output" time="0.00003075">
        </testcase>
        <testcase classname="adws/phases/__tests__/planPhase.test.ts" name="buildContinuationPrompt — resumed_in_place reason &gt; reason message reflects interrupted/abandoned orchestrator" time="0.000052333">
        </testcase>
        <testcase classname="adws/phases/__tests__/planPhase.test.ts" name="buildContinuationPrompt — resumed_in_place reason &gt; authoritative-state framing present" time="0.000025791">
        </testcase>
        <testcase classname="adws/phases/__tests__/planPhase.test.ts" name="buildContinuationPrompt — resumed_in_place reason &gt; committed-state direction names git log against origin/dev" time="0.0000315">
        </testcase>
        <testcase classname="adws/phases/__tests__/planPhase.test.ts" name="buildContinuationPrompt — resumed_in_place reason &gt; uncommitted-state direction includes git status and git diff --staged" time="0.000032458">
        </testcase>
        <testcase classname="adws/phases/__tests__/planPhase.test.ts" name="buildContinuationPrompt — resumed_in_place reason &gt; &quot;do NOT redo or revert&quot; guidance present" time="0.0000915">
        </testcase>
        <testcase classname="adws/phases/__tests__/planPhase.test.ts" name="buildContinuationPrompt — resumed_in_place reason &gt; no-base fallback — git inspection guidance present without origin/undefined" time="0.000036">
        </testcase>
        <testcase classname="adws/phases/__tests__/planPhase.test.ts" name="buildResumeInPlacePrompt &gt; plan preserved in output" time="0.000036625">
        </testcase>
        <testcase classname="adws/phases/__tests__/planPhase.test.ts" name="buildResumeInPlacePrompt &gt; output matches buildContinuationPrompt with resumed_in_place + checkpoints" time="0.00007225">
        </testcase>
        <testcase classname="adws/phases/__tests__/planPhase.test.ts" name="buildResumeInPlacePrompt &gt; authoritative framing present" time="0.000039333">
        </testcase>
        <testcase classname="adws/phases/__tests__/planPhase.test.ts" name="buildResumeInPlacePrompt &gt; git inspection guidance present" time="0.000045459">
        </testcase>
        <testcase classname="adws/phases/__tests__/planPhase.test.ts" name="buildResumeInPlacePrompt &gt; no-base fallback — no origin/undefined emitted" time="0.000034167">
        </testcase>
        <testcase classname="adws/phases/__tests__/planPhase.test.ts" name="buildResumeInPlacePrompt &gt; empty previous-output does not produce malformed previous-agent-output block" time="0.000032667">
        </testcase>
        <testcase classname="adws/phases/__tests__/planPhase.test.ts" name="shouldResumeBuildInPlace &gt; returns true when canResume is true" time="0.00003625">
        </testcase>
        <testcase classname="adws/phases/__tests__/planPhase.test.ts" name="shouldResumeBuildInPlace &gt; returns false when canResume is false" time="0.000024375">
        </testcase>
    </testsuite>
    <testsuite name="adws/phases/__tests__/planPhaseCommit.test.ts" timestamp="2026-10-06T17:53:43.899Z" hostname="macmini.local" tests="3" failures="0" errors="0" skipped="0" time="0.76033275">
        <testcase classname="adws/phases/__tests__/planPhaseCommit.test.ts" name="executePlanPhase — the plan commit &gt; fails the phase naming the path when the planner changes a prompt, and adds no commit" time="0.206207167">
            <system-out>
✅ [2026-10-06T17:53:36.438Z] Using branch: feature-issue-7-plan-commit
📋 [2026-10-06T17:53:36.439Z] Running Plan Agent...

            </system-out>
        </testcase>
        <testcase classname="adws/phases/__tests__/planPhaseCommit.test.ts" name="executePlanPhase — the plan commit &gt; commits the plan file and nothing else, leaving the planner&apos;s other changes uncommitted" time="0.292601167">
            <system-out>
✅ [2026-10-06T17:53:36.629Z] Using branch: feature-issue-7-plan-commit
📋 [2026-10-06T17:53:36.629Z] Running Plan Agent...

✅ [2026-10-06T17:53:36.722Z] Plan committed: specs/issue-7-adw-abc123-sdlc_planner-plan.md

            </system-out>
        </testcase>
        <testcase classname="adws/phases/__tests__/planPhaseCommit.test.ts" name="executePlanPhase — the plan commit &gt; does not fail on a prompt change that was already in the worktree when the phase began, and does not commit it" time="0.260761708">
            <system-out>
✅ [2026-10-06T17:53:36.923Z] Using branch: feature-issue-7-plan-commit
📋 [2026-10-06T17:53:36.923Z] Running Plan Agent...

✅ [2026-10-06T17:53:37.013Z] Plan committed: specs/issue-7-adw-abc123-sdlc_planner-plan.md

            </system-out>
        </testcase>
    </testsuite>
    <testsuite name="adws/phases/__tests__/prReviewCompletion.test.ts" timestamp="2026-10-06T17:53:43.900Z" hostname="macmini.local" tests="1" failures="0" errors="0" skipped="0" time="0.009597041">
        <testcase classname="adws/phases/__tests__/prReviewCompletion.test.ts" name="handlePRReviewWorkflowError — notifier deps fallback &gt; reaches notifyBlockedTransition with real buildNotifierDeps readers when no deps are injected and the config carries a GitHub repoContext" time="0.008890375">
            <system-out>
[31m❌ [2026-10-06T17:53:41.198Z] PR Review workflow failed: Error: boom[0m

            </system-out>
        </testcase>
    </testsuite>
    <testsuite name="adws/phases/__tests__/prReviewPhase.test.ts" timestamp="2026-10-06T17:53:43.900Z" hostname="macmini.local" tests="10" failures="0" errors="0" skipped="0" time="0.03753275">
        <testcase classname="adws/phases/__tests__/prReviewPhase.test.ts" name="initializePRReviewWorkflow records the PR review as the issue&apos;s owner &gt; replaces the finished SDLC run&apos;s owner with this run and leaves the stage alone" time="0.012607792">
            <system-out>
✅ [2026-10-06T17:53:39.639Z] Fetched PR: Tidy the retry budget
📋 [2026-10-06T17:53:39.639Z] [prreview-owner-unit] ===================================
📋 [2026-10-06T17:53:39.639Z] [prreview-owner-unit] PR Review Orchestrator
📋 [2026-10-06T17:53:39.639Z] [prreview-owner-unit] PR: #96
📋 [2026-10-06T17:53:39.639Z] [prreview-owner-unit] ADW ID: prreview-owner-unit
📋 [2026-10-06T17:53:39.639Z] [prreview-owner-unit] ===================================
📋 [2026-10-06T17:53:39.640Z] [prreview-owner-unit] Fetching unaddressed comments for PR #96
📋 [2026-10-06T17:53:39.640Z] [prreview-owner-unit] Found 0 total comments on PR #96
📋 [2026-10-06T17:53:39.640Z] [prreview-owner-unit] Found 0 human comments (filtered 0 bot/self/ADW comments)
📋 [2026-10-06T17:53:39.640Z] [prreview-owner-unit] No human comments found on PR #96, returning empty
📋 [2026-10-06T17:53:39.640Z] [prreview-owner-unit] Found 0 unaddressed review comment(s)
📋 [2026-10-06T17:53:39.640Z] [prreview-owner-unit] State: /Users/martin/projects/paysdoc/AI_Dev_Workflow/.worktrees/feature-issue-1018-promote-rate-limit-probe-regression/agents/prreview-owner-unit/pr-review-orchestrator
📋 [2026-10-06T17:53:39.641Z] [prreview-owner-unit] Worktree path: /tmp/adw-pr-review-owner-unit

📋 [2026-10-06T17:53:39.648Z] [prreview-owner-unit] Allocated port 50661 for dev server (http://localhost:50661)

            </system-out>
        </testcase>
        <testcase classname="adws/phases/__tests__/prReviewPhase.test.ts" name="initializePRReviewWorkflow records the PR review as the issue&apos;s owner &gt; drops a park the issue&apos;s earlier run left, since a starting run is no longer parked" time="0.005648541">
            <system-out>
✅ [2026-10-06T17:53:39.652Z] Fetched PR: Tidy the retry budget
📋 [2026-10-06T17:53:39.652Z] [prreview-owner-unit] ===================================
📋 [2026-10-06T17:53:39.652Z] [prreview-owner-unit] PR Review Orchestrator
📋 [2026-10-06T17:53:39.652Z] [prreview-owner-unit] PR: #96
📋 [2026-10-06T17:53:39.652Z] [prreview-owner-unit] ADW ID: prreview-owner-unit
📋 [2026-10-06T17:53:39.652Z] [prreview-owner-unit] ===================================
📋 [2026-10-06T17:53:39.652Z] [prreview-owner-unit] Fetching unaddressed comments for PR #96
📋 [2026-10-06T17:53:39.652Z] [prreview-owner-unit] Found 0 total comments on PR #96
📋 [2026-10-06T17:53:39.652Z] [prreview-owner-unit] Found 0 human comments (filtered 0 bot/self/ADW comments)
📋 [2026-10-06T17:53:39.652Z] [prreview-owner-unit] No human comments found on PR #96, returning empty
📋 [2026-10-06T17:53:39.652Z] [prreview-owner-unit] Found 0 unaddressed review comment(s)
📋 [2026-10-06T17:53:39.652Z] [prreview-owner-unit] State: /Users/martin/projects/paysdoc/AI_Dev_Workflow/.worktrees/feature-issue-1018-promote-rate-limit-probe-regression/agents/prreview-owner-unit/pr-review-orchestrator
📋 [2026-10-06T17:53:39.653Z] [prreview-owner-unit] Worktree path: /tmp/adw-pr-review-owner-unit

📋 [2026-10-06T17:53:39.654Z] [prreview-owner-unit] Allocated port 49707 for dev server (http://localhost:49707)

            </system-out>
        </testcase>
        <testcase classname="adws/phases/__tests__/prReviewPhase.test.ts" name="initializePRReviewWorkflow records the PR review as the issue&apos;s owner &gt; never pairs this pid with the finished run&apos;s start time" time="0.005290583">
            <system-out>
✅ [2026-10-06T17:53:39.658Z] Fetched PR: Tidy the retry budget
📋 [2026-10-06T17:53:39.658Z] [prreview-owner-unit] ===================================
📋 [2026-10-06T17:53:39.658Z] [prreview-owner-unit] PR Review Orchestrator
📋 [2026-10-06T17:53:39.658Z] [prreview-owner-unit] PR: #96
📋 [2026-10-06T17:53:39.658Z] [prreview-owner-unit] ADW ID: prreview-owner-unit
📋 [2026-10-06T17:53:39.658Z] [prreview-owner-unit] ===================================
📋 [2026-10-06T17:53:39.658Z] [prreview-owner-unit] Fetching unaddressed comments for PR #96
📋 [2026-10-06T17:53:39.658Z] [prreview-owner-unit] Found 0 total comments on PR #96
📋 [2026-10-06T17:53:39.658Z] [prreview-owner-unit] Found 0 human comments (filtered 0 bot/self/ADW comments)
📋 [2026-10-06T17:53:39.658Z] [prreview-owner-unit] No human comments found on PR #96, returning empty
📋 [2026-10-06T17:53:39.659Z] [prreview-owner-unit] Found 0 unaddressed review comment(s)
📋 [2026-10-06T17:53:39.660Z] [prreview-owner-unit] State: /Users/martin/projects/paysdoc/AI_Dev_Workflow/.worktrees/feature-issue-1018-promote-rate-limit-probe-regression/agents/prreview-owner-unit/pr-review-orchestrator
📋 [2026-10-06T17:53:39.660Z] [prreview-owner-unit] Worktree path: /tmp/adw-pr-review-owner-unit

📋 [2026-10-06T17:53:39.661Z] [prreview-owner-unit] Allocated port 13308 for dev server (http://localhost:13308)

            </system-out>
        </testcase>
        <testcase classname="adws/phases/__tests__/prReviewPhase.test.ts" name="initializePRReviewWorkflow records the PR review as the issue&apos;s owner &gt; reads as live to the cron ten minutes into pr_review_build_running, so the cron leaves it to run" time="0.002931625">
            <system-out>
✅ [2026-10-06T17:53:39.662Z] Fetched PR: Tidy the retry budget
📋 [2026-10-06T17:53:39.662Z] [prreview-owner-unit] ===================================
📋 [2026-10-06T17:53:39.662Z] [prreview-owner-unit] PR Review Orchestrator
📋 [2026-10-06T17:53:39.662Z] [prreview-owner-unit] PR: #96
📋 [2026-10-06T17:53:39.662Z] [prreview-owner-unit] ADW ID: prreview-owner-unit
📋 [2026-10-06T17:53:39.662Z] [prreview-owner-unit] ===================================
📋 [2026-10-06T17:53:39.662Z] [prreview-owner-unit] Fetching unaddressed comments for PR #96
📋 [2026-10-06T17:53:39.662Z] [prreview-owner-unit] Found 0 total comments on PR #96
📋 [2026-10-06T17:53:39.662Z] [prreview-owner-unit] Found 0 human comments (filtered 0 bot/self/ADW comments)
📋 [2026-10-06T17:53:39.662Z] [prreview-owner-unit] No human comments found on PR #96, returning empty
📋 [2026-10-06T17:53:39.663Z] [prreview-owner-unit] Found 0 unaddressed review comment(s)
📋 [2026-10-06T17:53:39.663Z] [prreview-owner-unit] State: /Users/martin/projects/paysdoc/AI_Dev_Workflow/.worktrees/feature-issue-1018-promote-rate-limit-probe-regression/agents/prreview-owner-unit/pr-review-orchestrator
📋 [2026-10-06T17:53:39.663Z] [prreview-owner-unit] Worktree path: /tmp/adw-pr-review-owner-unit

📋 [2026-10-06T17:53:39.663Z] [prreview-owner-unit] Allocated port 24873 for dev server (http://localhost:24873)

            </system-out>
        </testcase>
        <testcase classname="adws/phases/__tests__/prReviewPhase.test.ts" name="initializePRReviewWorkflow: the application-type gate &gt; records the PR review as the orchestrator before the gate runs, so that a park inside init resumes the PR review on &quot;## Retry&quot;" time="0.001848167">
            <system-out>
✅ [2026-10-06T17:53:39.665Z] Fetched PR: Tidy the retry budget
📋 [2026-10-06T17:53:39.665Z] [prreview-owner-unit] ===================================
📋 [2026-10-06T17:53:39.665Z] [prreview-owner-unit] PR Review Orchestrator
📋 [2026-10-06T17:53:39.665Z] [prreview-owner-unit] PR: #96
📋 [2026-10-06T17:53:39.665Z] [prreview-owner-unit] ADW ID: prreview-owner-unit
📋 [2026-10-06T17:53:39.665Z] [prreview-owner-unit] ===================================
📋 [2026-10-06T17:53:39.665Z] [prreview-owner-unit] Fetching unaddressed comments for PR #96
📋 [2026-10-06T17:53:39.665Z] [prreview-owner-unit] Found 0 total comments on PR #96
📋 [2026-10-06T17:53:39.665Z] [prreview-owner-unit] Found 0 human comments (filtered 0 bot/self/ADW comments)
📋 [2026-10-06T17:53:39.665Z] [prreview-owner-unit] No human comments found on PR #96, returning empty
📋 [2026-10-06T17:53:39.665Z] [prreview-owner-unit] Found 0 unaddressed review comment(s)
📋 [2026-10-06T17:53:39.665Z] [prreview-owner-unit] State: /Users/martin/projects/paysdoc/AI_Dev_Workflow/.worktrees/feature-issue-1018-promote-rate-limit-probe-regression/agents/prreview-owner-unit/pr-review-orchestrator
📋 [2026-10-06T17:53:39.665Z] [prreview-owner-unit] Worktree path: /tmp/adw-pr-review-owner-unit

📋 [2026-10-06T17:53:39.666Z] [prreview-owner-unit] Allocated port 34746 for dev server (http://localhost:34746)

            </system-out>
        </testcase>
        <testcase classname="adws/phases/__tests__/prReviewPhase.test.ts" name="initializePRReviewWorkflow: the application-type gate &gt; hands the gate the run, the PR worktree and the PR&apos;s target branch as the default branch" time="0.001518916">
            <system-out>
✅ [2026-10-06T17:53:39.667Z] Fetched PR: Tidy the retry budget
📋 [2026-10-06T17:53:39.667Z] [prreview-owner-unit] ===================================
📋 [2026-10-06T17:53:39.667Z] [prreview-owner-unit] PR Review Orchestrator
📋 [2026-10-06T17:53:39.667Z] [prreview-owner-unit] PR: #96
📋 [2026-10-06T17:53:39.667Z] [prreview-owner-unit] ADW ID: prreview-owner-unit
📋 [2026-10-06T17:53:39.667Z] [prreview-owner-unit] ===================================
📋 [2026-10-06T17:53:39.667Z] [prreview-owner-unit] Fetching unaddressed comments for PR #96
📋 [2026-10-06T17:53:39.667Z] [prreview-owner-unit] Found 0 total comments on PR #96
📋 [2026-10-06T17:53:39.667Z] [prreview-owner-unit] Found 0 human comments (filtered 0 bot/self/ADW comments)
📋 [2026-10-06T17:53:39.667Z] [prreview-owner-unit] No human comments found on PR #96, returning empty
📋 [2026-10-06T17:53:39.667Z] [prreview-owner-unit] Found 0 unaddressed review comment(s)
📋 [2026-10-06T17:53:39.667Z] [prreview-owner-unit] State: /Users/martin/projects/paysdoc/AI_Dev_Workflow/.worktrees/feature-issue-1018-promote-rate-limit-probe-regression/agents/prreview-owner-unit/pr-review-orchestrator
📋 [2026-10-06T17:53:39.667Z] [prreview-owner-unit] Worktree path: /tmp/adw-pr-review-owner-unit

📋 [2026-10-06T17:53:39.667Z] [prreview-owner-unit] Allocated port 43387 for dev server (http://localhost:43387)

            </system-out>
        </testcase>
        <testcase classname="adws/phases/__tests__/prReviewPhase.test.ts" name="initializePRReviewWorkflow: the application-type gate &gt; hands the gate issue number 0 when the PR links no issue, as the base configuration carries it" time="0.001818166">
            <system-out>
✅ [2026-10-06T17:53:39.668Z] Fetched PR: Tidy the retry budget
📋 [2026-10-06T17:53:39.668Z] [prreview-owner-unit] ===================================
📋 [2026-10-06T17:53:39.668Z] [prreview-owner-unit] PR Review Orchestrator
📋 [2026-10-06T17:53:39.668Z] [prreview-owner-unit] PR: #96
📋 [2026-10-06T17:53:39.668Z] [prreview-owner-unit] ADW ID: prreview-owner-unit
📋 [2026-10-06T17:53:39.668Z] [prreview-owner-unit] ===================================
📋 [2026-10-06T17:53:39.668Z] [prreview-owner-unit] Fetching unaddressed comments for PR #96
📋 [2026-10-06T17:53:39.668Z] [prreview-owner-unit] Found 0 total comments on PR #96
📋 [2026-10-06T17:53:39.668Z] [prreview-owner-unit] Found 0 human comments (filtered 0 bot/self/ADW comments)
📋 [2026-10-06T17:53:39.668Z] [prreview-owner-unit] No human comments found on PR #96, returning empty
📋 [2026-10-06T17:53:39.668Z] [prreview-owner-unit] Found 0 unaddressed review comment(s)
📋 [2026-10-06T17:53:39.669Z] [prreview-owner-unit] State: /Users/martin/projects/paysdoc/AI_Dev_Workflow/.worktrees/feature-issue-1018-promote-rate-limit-probe-regression/agents/prreview-owner-unit/pr-review-orchestrator
📋 [2026-10-06T17:53:39.669Z] [prreview-owner-unit] Worktree path: /tmp/adw-pr-review-owner-unit

📋 [2026-10-06T17:53:39.669Z] [prreview-owner-unit] Allocated port 55149 for dev server (http://localhost:55149)

            </system-out>
        </testcase>
        <testcase classname="adws/phases/__tests__/prReviewPhase.test.ts" name="initializePRReviewWorkflow: the application-type gate &gt; hands the gate the config read from the PR worktree" time="0.001890708">
            <system-out>
✅ [2026-10-06T17:53:39.670Z] Fetched PR: Tidy the retry budget
📋 [2026-10-06T17:53:39.670Z] [prreview-owner-unit] ===================================
📋 [2026-10-06T17:53:39.670Z] [prreview-owner-unit] PR Review Orchestrator
📋 [2026-10-06T17:53:39.670Z] [prreview-owner-unit] PR: #96
📋 [2026-10-06T17:53:39.670Z] [prreview-owner-unit] ADW ID: prreview-owner-unit
📋 [2026-10-06T17:53:39.670Z] [prreview-owner-unit] ===================================
📋 [2026-10-06T17:53:39.670Z] [prreview-owner-unit] Fetching unaddressed comments for PR #96
📋 [2026-10-06T17:53:39.670Z] [prreview-owner-unit] Found 0 total comments on PR #96
📋 [2026-10-06T17:53:39.670Z] [prreview-owner-unit] Found 0 human comments (filtered 0 bot/self/ADW comments)
📋 [2026-10-06T17:53:39.670Z] [prreview-owner-unit] No human comments found on PR #96, returning empty
📋 [2026-10-06T17:53:39.670Z] [prreview-owner-unit] Found 0 unaddressed review comment(s)
📋 [2026-10-06T17:53:39.670Z] [prreview-owner-unit] State: /Users/martin/projects/paysdoc/AI_Dev_Workflow/.worktrees/feature-issue-1018-promote-rate-limit-probe-regression/agents/prreview-owner-unit/pr-review-orchestrator
📋 [2026-10-06T17:53:39.670Z] [prreview-owner-unit] Worktree path: /tmp/adw-pr-review-owner-unit

📋 [2026-10-06T17:53:39.671Z] [prreview-owner-unit] Allocated port 28190 for dev server (http://localhost:28190)

            </system-out>
        </testcase>
        <testcase classname="adws/phases/__tests__/prReviewPhase.test.ts" name="initializePRReviewWorkflow: the application-type gate &gt; builds the gate its real dependencies from the launch GitContext" time="0.00159625">
            <system-out>
✅ [2026-10-06T17:53:39.672Z] Fetched PR: Tidy the retry budget
📋 [2026-10-06T17:53:39.672Z] [prreview-owner-unit] ===================================
📋 [2026-10-06T17:53:39.672Z] [prreview-owner-unit] PR Review Orchestrator
📋 [2026-10-06T17:53:39.672Z] [prreview-owner-unit] PR: #96
📋 [2026-10-06T17:53:39.672Z] [prreview-owner-unit] ADW ID: prreview-owner-unit
📋 [2026-10-06T17:53:39.672Z] [prreview-owner-unit] ===================================
📋 [2026-10-06T17:53:39.672Z] [prreview-owner-unit] Fetching unaddressed comments for PR #96
📋 [2026-10-06T17:53:39.672Z] [prreview-owner-unit] Found 0 total comments on PR #96
📋 [2026-10-06T17:53:39.672Z] [prreview-owner-unit] Found 0 human comments (filtered 0 bot/self/ADW comments)
📋 [2026-10-06T17:53:39.672Z] [prreview-owner-unit] No human comments found on PR #96, returning empty
📋 [2026-10-06T17:53:39.672Z] [prreview-owner-unit] Found 0 unaddressed review comment(s)
📋 [2026-10-06T17:53:39.672Z] [prreview-owner-unit] State: /Users/martin/projects/paysdoc/AI_Dev_Workflow/.worktrees/feature-issue-1018-promote-rate-limit-probe-regression/agents/prreview-owner-unit/pr-review-orchestrator
📋 [2026-10-06T17:53:39.673Z] [prreview-owner-unit] Worktree path: /tmp/adw-pr-review-owner-unit

📋 [2026-10-06T17:53:39.673Z] [prreview-owner-unit] Allocated port 18328 for dev server (http://localhost:18328)

            </system-out>
        </testcase>
        <testcase classname="adws/phases/__tests__/prReviewPhase.test.ts" name="initializePRReviewWorkflow: the application-type gate &gt; puts the profile the gate resolved, and the config it returned, on the base configuration" time="0.001540875">
            <system-out>
✅ [2026-10-06T17:53:39.674Z] Fetched PR: Tidy the retry budget
📋 [2026-10-06T17:53:39.674Z] [prreview-owner-unit] ===================================
📋 [2026-10-06T17:53:39.674Z] [prreview-owner-unit] PR Review Orchestrator
📋 [2026-10-06T17:53:39.674Z] [prreview-owner-unit] PR: #96
📋 [2026-10-06T17:53:39.674Z] [prreview-owner-unit] ADW ID: prreview-owner-unit
📋 [2026-10-06T17:53:39.674Z] [prreview-owner-unit] ===================================
📋 [2026-10-06T17:53:39.674Z] [prreview-owner-unit] Fetching unaddressed comments for PR #96
📋 [2026-10-06T17:53:39.674Z] [prreview-owner-unit] Found 0 total comments on PR #96
📋 [2026-10-06T17:53:39.674Z] [prreview-owner-unit] Found 0 human comments (filtered 0 bot/self/ADW comments)
📋 [2026-10-06T17:53:39.674Z] [prreview-owner-unit] No human comments found on PR #96, returning empty
📋 [2026-10-06T17:53:39.674Z] [prreview-owner-unit] Found 0 unaddressed review comment(s)
📋 [2026-10-06T17:53:39.674Z] [prreview-owner-unit] State: /Users/martin/projects/paysdoc/AI_Dev_Workflow/.worktrees/feature-issue-1018-promote-rate-limit-probe-regression/agents/prreview-owner-unit/pr-review-orchestrator
📋 [2026-10-06T17:53:39.674Z] [prreview-owner-unit] Worktree path: /tmp/adw-pr-review-owner-unit

📋 [2026-10-06T17:53:39.674Z] [prreview-owner-unit] Allocated port 55912 for dev server (http://localhost:55912)

            </system-out>
        </testcase>
    </testsuite>
    <testsuite name="adws/phases/__tests__/preExistingRegressionGate.test.ts" timestamp="2026-10-06T17:53:43.901Z" hostname="macmini.local" tests="16" failures="0" errors="0" skipped="0" time="0.014198834">
        <testcase classname="adws/phases/__tests__/preExistingRegressionGate.test.ts" name="failingRegressionScenarios &gt; takes the failed cases of the @regression tag, with their classname as the feature" time="0.0014425">
        </testcase>
        <testcase classname="adws/phases/__tests__/preExistingRegressionGate.test.ts" name="failingRegressionScenarios &gt; leaves the feature out of a case that has no classname" time="0.000237709">
        </testcase>
        <testcase classname="adws/phases/__tests__/preExistingRegressionGate.test.ts" name="failingRegressionScenarios &gt; has none when @regression passed, was skipped or was not run" time="0.000214208">
        </testcase>
        <testcase classname="adws/phases/__tests__/preExistingRegressionGate.test.ts" name="failingRegressionScenarios &gt; cannot identify the scenarios of a @regression run that failed without per-case results" time="0.000132667">
        </testcase>
        <testcase classname="adws/phases/__tests__/preExistingRegressionGate.test.ts" name="the pre-existing regression gate — a scenario that also fails on the base branch &gt; parks the issue with the pre_existing_regression comment for that scenario" time="0.005007042">
        </testcase>
        <testcase classname="adws/phases/__tests__/preExistingRegressionGate.test.ts" name="the pre-existing regression gate — a scenario that also fails on the base branch &gt; names the scenario and the base branch, and says what both directives do" time="0.001110375">
        </testcase>
        <testcase classname="adws/phases/__tests__/preExistingRegressionGate.test.ts" name="the pre-existing regression gate — a scenario that also fails on the base branch &gt; records the outcome of each re-run in the execution log" time="0.001031708">
        </testcase>
        <testcase classname="adws/phases/__tests__/preExistingRegressionGate.test.ts" name="the pre-existing regression gate — a scenario that also fails on the base branch &gt; parks naming the scenario that fails there, not the one that passes" time="0.000867917">
        </testcase>
        <testcase classname="adws/phases/__tests__/preExistingRegressionGate.test.ts" name="the pre-existing regression gate — a scenario the change broke &gt; returns without posting anything or exiting when the scenario passes on the base branch" time="0.000548917">
        </testcase>
        <testcase classname="adws/phases/__tests__/preExistingRegressionGate.test.ts" name="the pre-existing regression gate — a scenario the change broke &gt; treats a scenario that could not be run on the base branch as introduced" time="0.00039">
        </testcase>
        <testcase classname="adws/phases/__tests__/preExistingRegressionGate.test.ts" name="the pre-existing regression gate — a scenario the change broke &gt; records the outcome of the re-run in the execution log" time="0.000402">
        </testcase>
        <testcase classname="adws/phases/__tests__/preExistingRegressionGate.test.ts" name="the pre-existing regression gate — a waived baseline &gt; re-runs nothing and leaves every failing scenario to the fix agent, saying why" time="0.000400625">
        </testcase>
        <testcase classname="adws/phases/__tests__/preExistingRegressionGate.test.ts" name="the pre-existing regression gate — nothing to triage &gt; re-runs nothing when only a tag of the issue failed" time="0.000255583">
        </testcase>
        <testcase classname="adws/phases/__tests__/preExistingRegressionGate.test.ts" name="the pre-existing regression gate — nothing to triage &gt; re-runs nothing when @regression failed without per-case results, and warns that the scenarios cannot be identified" time="0.000405">
        </testcase>
        <testcase classname="adws/phases/__tests__/preExistingRegressionGate.test.ts" name="the pre-existing regression gate — a passed baseline &gt; still re-runs the scenario, because the baseline runs no regression scenario and cannot vouch for one" time="0.000284792">
        </testcase>
        <testcase classname="adws/phases/__tests__/preExistingRegressionGate.test.ts" name="the pre-existing regression gate — a passed baseline &gt; reads the baseline from the top-level state by default" time="0.000650291">
        </testcase>
    </testsuite>
    <testsuite name="adws/phases/__tests__/progressGate.test.ts" timestamp="2026-10-06T17:53:43.901Z" hostname="macmini.local" tests="17" failures="0" errors="0" skipped="0" time="0.004652459">
        <testcase classname="adws/phases/__tests__/progressGate.test.ts" name="evaluateProgressGate &gt; returns continue for the first novel boundary within the backstop" time="0.000950625">
        </testcase>
        <testcase classname="adws/phases/__tests__/progressGate.test.ts" name="evaluateProgressGate &gt; returns abort:no_progress for a previously-seen hash" time="0.000095917">
        </testcase>
        <testcase classname="adws/phases/__tests__/progressGate.test.ts" name="evaluateProgressGate &gt; returns abort:no_progress when the committed state equals the build-start seed (frozen)" time="0.000086834">
        </testcase>
        <testcase classname="adws/phases/__tests__/progressGate.test.ts" name="evaluateProgressGate &gt; returns continue for a novel state at the backstop limit (checkpointCount = maxCheckpoints - 1)" time="0.000076041">
        </testcase>
        <testcase classname="adws/phases/__tests__/progressGate.test.ts" name="evaluateProgressGate &gt; returns abort:backstop for a novel state one past the backstop (checkpointCount = maxCheckpoints)" time="0.000064958">
        </testcase>
        <testcase classname="adws/phases/__tests__/progressGate.test.ts" name="evaluateProgressGate &gt; returns continue for a net-negative novel state (deletion/refactor reaching a novel tree)" time="0.00006375">
        </testcase>
        <testcase classname="adws/phases/__tests__/progressGate.test.ts" name="evaluateProgressGate &gt; does not mutate the seen set passed to the gate" time="0.000121834">
        </testcase>
        <testcase classname="adws/phases/__tests__/progressGate.test.ts" name="evaluateProgressGate &gt; does not mutate the checkpoint count (pure function, no side effects)" time="0.000059291">
        </testcase>
        <testcase classname="adws/phases/__tests__/progressGate.test.ts" name="describeProgressGateAbort &gt; no_progress message reports build stopped advancing and is stuck" time="0.000136">
        </testcase>
        <testcase classname="adws/phases/__tests__/progressGate.test.ts" name="describeProgressGateAbort &gt; no_progress message directs operator to inspect plan and task" time="0.000089208">
        </testcase>
        <testcase classname="adws/phases/__tests__/progressGate.test.ts" name="describeProgressGateAbort &gt; no_progress message does not suggest the issue is too large or to split" time="0.000094167">
        </testcase>
        <testcase classname="adws/phases/__tests__/progressGate.test.ts" name="describeProgressGateAbort &gt; backstop message reports issue is likely too large and should be split" time="0.000084625">
        </testcase>
        <testcase classname="adws/phases/__tests__/progressGate.test.ts" name="describeProgressGateAbort &gt; backstop message does not say build made no progress or is stuck" time="0.000074875">
        </testcase>
        <testcase classname="adws/phases/__tests__/progressGate.test.ts" name="describeProgressGateAbort &gt; the two messages are distinct — not conflated into one generic string" time="0.000089">
        </testcase>
        <testcase classname="adws/phases/__tests__/progressGate.test.ts" name="describeProgressGateAbort &gt; no_progress message interpolates maxContextResets from bounds" time="0.000085708">
        </testcase>
        <testcase classname="adws/phases/__tests__/progressGate.test.ts" name="describeProgressGateAbort &gt; backstop message interpolates maxCheckpoints from bounds" time="0.000037208">
        </testcase>
        <testcase classname="adws/phases/__tests__/progressGate.test.ts" name="describeProgressGateAbort &gt; is deterministic — same inputs return the same string" time="0.000264583">
        </testcase>
    </testsuite>
    <testsuite name="adws/phases/__tests__/promotionRotAdvisory.test.ts" timestamp="2026-10-06T17:53:43.902Z" hostname="macmini.local" tests="8" failures="0" errors="0" skipped="0" time="0.008139">
        <testcase classname="adws/phases/__tests__/promotionRotAdvisory.test.ts" name="runPromotionRotAdvisory (injectable core) &gt; label absent → analyze and postComment are never called" time="0.001319458">
        </testcase>
        <testcase classname="adws/phases/__tests__/promotionRotAdvisory.test.ts" name="runPromotionRotAdvisory (injectable core) &gt; label present → analyze called once with the feature id, postComment called once with a formatted body" time="0.001768708">
        </testcase>
        <testcase classname="adws/phases/__tests__/promotionRotAdvisory.test.ts" name="runPromotionRotAdvisory (injectable core) &gt; analyze throws → resolves without throwing and posts no comment" time="0.000497667">
        </testcase>
        <testcase classname="adws/phases/__tests__/promotionRotAdvisory.test.ts" name="runPromotionRotAdvisory (injectable core) &gt; postComment throws → resolves without throwing" time="0.000164208">
        </testcase>
        <testcase classname="adws/phases/__tests__/promotionRotAdvisory.test.ts" name="executePromotionRotAdvisory (WorkflowConfig adapter) &gt; label absent → commentOnPullRequest not called, resolves" time="0.000715792">
        </testcase>
        <testcase classname="adws/phases/__tests__/promotionRotAdvisory.test.ts" name="executePromotionRotAdvisory (WorkflowConfig adapter) &gt; label + PR number + marker present → agent called once, comment posted exactly once" time="0.00165375">
        </testcase>
        <testcase classname="adws/phases/__tests__/promotionRotAdvisory.test.ts" name="executePromotionRotAdvisory (WorkflowConfig adapter) &gt; agent throws (e.g. OutputValidationError after exhausted retries) → resolves without throwing, no comment posted" time="0.000487167">
        </testcase>
        <testcase classname="adws/phases/__tests__/promotionRotAdvisory.test.ts" name="executePromotionRotAdvisory (WorkflowConfig adapter) &gt; no PR number resolvable → no agent call, no comment, resolves with zero cost" time="0.000303709">
        </testcase>
    </testsuite>
    <testsuite name="adws/phases/__tests__/reviewPhase.test.ts" timestamp="2026-10-06T17:53:43.902Z" hostname="macmini.local" tests="6" failures="0" errors="0" skipped="0" time="0.0053025">
        <testcase classname="adws/phases/__tests__/reviewPhase.test.ts" name="executeReviewPatchCycle — blocker splitting &gt; Case 1: only patch blockers → patchAgent called per blocker, refactorAgent NOT called" time="0.002496375">
        </testcase>
        <testcase classname="adws/phases/__tests__/reviewPhase.test.ts" name="executeReviewPatchCycle — blocker splitting &gt; Case 2: only one refactor blocker → patchAgent NOT called, refactorAgent called once" time="0.000530166">
        </testcase>
        <testcase classname="adws/phases/__tests__/reviewPhase.test.ts" name="executeReviewPatchCycle — blocker splitting &gt; Case 3: mixed blockers → patchAgents run before refactor, commit+push once" time="0.000462667">
        </testcase>
        <testcase classname="adws/phases/__tests__/reviewPhase.test.ts" name="executeReviewPatchCycle — blocker splitting &gt; Case 4: blocker with no remediationStrategy defaults to patch" time="0.000227792">
        </testcase>
        <testcase classname="adws/phases/__tests__/reviewPhase.test.ts" name="executeReviewPatchCycle — blocker splitting &gt; buildAgent is called once per refactor blocker" time="0.000185333">
        </testcase>
        <testcase classname="adws/phases/__tests__/reviewPhase.test.ts" name="executeReviewPatchCycle — blocker splitting &gt; commit and push are always called exactly once per cycle" time="0.000193541">
        </testcase>
    </testsuite>
    <testsuite name="adws/phases/__tests__/reviewPhaseApprovalGate.test.ts" timestamp="2026-10-06T17:53:43.902Z" hostname="macmini.local" tests="8" failures="0" errors="0" skipped="0" time="0.007047916">
        <testcase classname="adws/phases/__tests__/reviewPhaseApprovalGate.test.ts" name="executeReviewPhase — hitl approval gate &gt; Case 1: hitl present → approvePullRequest not called, labels read live, skip logged" time="0.003144666">
        </testcase>
        <testcase classname="adws/phases/__tests__/reviewPhaseApprovalGate.test.ts" name="executeReviewPhase — hitl approval gate &gt; Case 2: no labels → approvePullRequest called exactly once with 7" time="0.000333208">
        </testcase>
        <testcase classname="adws/phases/__tests__/reviewPhaseApprovalGate.test.ts" name="executeReviewPhase — hitl approval gate &gt; Case 3: other labels only → approved once (guards .includes semantics, not &quot;any label&quot;)" time="0.000169916">
        </testcase>
        <testcase classname="adws/phases/__tests__/reviewPhaseApprovalGate.test.ts" name="executeReviewPhase — hitl approval gate &gt; Case 4: approval failure → non-fatal, review still passed, warn logged" time="0.000154167">
        </testcase>
        <testcase classname="adws/phases/__tests__/reviewPhaseApprovalGate.test.ts" name="executeReviewPhase — hitl approval gate &gt; Case 5: refused capability probe → approvePullRequest and fetchLabels not called, review still passed" time="0.000762333">
        </testcase>
        <testcase classname="adws/phases/__tests__/reviewPhaseApprovalGate.test.ts" name="executeReviewPhase — hitl approval gate &gt; Case 6: refused label read → approvePullRequest not called, review still passed, warn names the issue" time="0.000477583">
        </testcase>
        <testcase classname="adws/phases/__tests__/reviewPhaseApprovalGate.test.ts" name="executeReviewPhase — hitl approval gate &gt; Case 7: review failed → neither fetchLabels nor approvePullRequest called" time="0.0003915">
        </testcase>
        <testcase classname="adws/phases/__tests__/reviewPhaseApprovalGate.test.ts" name="executeReviewPhase — hitl approval gate &gt; Case 8: no PR url → nothing consulted, nothing approved" time="0.000363459">
        </testcase>
    </testsuite>
    <testsuite name="adws/phases/__tests__/reviewPhaseScreenshots.test.ts" timestamp="2026-10-06T17:53:43.903Z" hostname="macmini.local" tests="6" failures="0" errors="0" skipped="0" time="0.005313416">
        <testcase classname="adws/phases/__tests__/reviewPhaseScreenshots.test.ts" name="executeReviewPhase — screenshots on the issue comment &gt; uploads the images of the proof it judged and puts their URLs on the Review Passed comment" time="0.002802083">
        </testcase>
        <testcase classname="adws/phases/__tests__/reviewPhaseScreenshots.test.ts" name="executeReviewPhase — screenshots on the issue comment &gt; puts their URLs on the Review Failed comment of a failing review" time="0.000223792">
        </testcase>
        <testcase classname="adws/phases/__tests__/reviewPhaseScreenshots.test.ts" name="executeReviewPhase — screenshots on the issue comment &gt; uploads nothing and sets an empty list when there is no scenario proof" time="0.000155625">
        </testcase>
        <testcase classname="adws/phases/__tests__/reviewPhaseScreenshots.test.ts" name="executeReviewPhase — screenshots on the issue comment &gt; uploads nothing and posts no comment when there is no repository context" time="0.000107041">
        </testcase>
        <testcase classname="adws/phases/__tests__/reviewPhaseScreenshots.test.ts" name="executeReviewPhase — screenshots on the issue comment &gt; replaces the URLs of an earlier attempt, so a later comment never shows images of an earlier run" time="0.000166917">
        </testcase>
        <testcase classname="adws/phases/__tests__/reviewPhaseScreenshots.test.ts" name="executeReviewPhase — screenshots on the issue comment &gt; uploads nothing when the review agent fails to return" time="0.000610458">
        </testcase>
    </testsuite>
    <testsuite name="adws/phases/__tests__/rotAdvisoryFormat.test.ts" timestamp="2026-10-06T17:53:43.903Z" hostname="macmini.local" tests="11" failures="0" errors="0" skipped="0" time="0.004188667">
        <testcase classname="adws/phases/__tests__/rotAdvisoryFormat.test.ts" name="formatRotAdvisoryComment &gt; names the analysis advisory and non-blocking" time="0.001519042">
        </testcase>
        <testcase classname="adws/phases/__tests__/rotAdvisoryFormat.test.ts" name="formatRotAdvisoryComment &gt; includes a Markdown table header" time="0.000139625">
        </testcase>
        <testcase classname="adws/phases/__tests__/rotAdvisoryFormat.test.ts" name="formatRotAdvisoryComment &gt; includes one row per verdict carrying its step, reuse, rot, and note" time="0.000162083">
        </testcase>
        <testcase classname="adws/phases/__tests__/rotAdvisoryFormat.test.ts" name="formatRotAdvisoryComment &gt; names the promoted feature id" time="0.000055083">
        </testcase>
        <testcase classname="adws/phases/__tests__/rotAdvisoryFormat.test.ts" name="formatRotAdvisoryComment &gt; emits a stable fallback line and no table when there are no verdicts" time="0.000293625">
        </testcase>
        <testcase classname="adws/phases/__tests__/rotAdvisoryFormat.test.ts" name="formatRotAdvisoryComment &gt; is pure — same input always produces the same output" time="0.000245583">
        </testcase>
        <testcase classname="adws/phases/__tests__/rotAdvisoryFormat.test.ts" name="hasRegressionPromotionLabel &gt; label present → regression-promotion" time="0.000087042">
        </testcase>
        <testcase classname="adws/phases/__tests__/rotAdvisoryFormat.test.ts" name="hasRegressionPromotionLabel &gt; label absent → enhancement" time="0.000048333">
        </testcase>
        <testcase classname="adws/phases/__tests__/rotAdvisoryFormat.test.ts" name="hasRegressionPromotionLabel &gt; mixed labels including the target → adw:feature,regression-promotion,hitl" time="0.000054959">
        </testcase>
        <testcase classname="adws/phases/__tests__/rotAdvisoryFormat.test.ts" name="hasRegressionPromotionLabel &gt; mixed labels without the target → adw:feature,hitl" time="0.000058458">
        </testcase>
        <testcase classname="adws/phases/__tests__/rotAdvisoryFormat.test.ts" name="hasRegressionPromotionLabel &gt; empty labels → " time="0.000045125">
        </testcase>
    </testsuite>
    <testsuite name="adws/phases/__tests__/scenarioTestFixLoop.regression.test.ts" timestamp="2026-10-06T17:53:43.903Z" hostname="macmini.local" tests="7" failures="0" errors="0" skipped="0" time="0.009026792">
        <testcase classname="adws/phases/__tests__/scenarioTestFixLoop.regression.test.ts" name="runScenarioTestFixLoop — a regression scenario that also fails on the base branch &gt; never reaches the fix agent: the gate parks the workflow first" time="0.002935292">
        </testcase>
        <testcase classname="adws/phases/__tests__/scenarioTestFixLoop.regression.test.ts" name="runScenarioTestFixLoop — a regression scenario that also fails on the base branch &gt; parks, instead of failing on the cap, when it is the last attempt" time="0.0006345">
        </testcase>
        <testcase classname="adws/phases/__tests__/scenarioTestFixLoop.regression.test.ts" name="runScenarioTestFixLoop — a regression scenario that also fails on the base branch &gt; is still failed by the cap on the last attempt when the gate lets the failure through" time="0.000411083">
        </testcase>
        <testcase classname="adws/phases/__tests__/scenarioTestFixLoop.regression.test.ts" name="runScenarioTestFixLoop — a regression scenario the change broke &gt; goes to the fix agent as before when the gate lets it through" time="0.002456417">
        </testcase>
        <testcase classname="adws/phases/__tests__/scenarioTestFixLoop.regression.test.ts" name="runScenarioTestFixLoop — a regression scenario the change broke &gt; consults the gate before it starts the fix agent" time="0.00062375">
        </testcase>
        <testcase classname="adws/phases/__tests__/scenarioTestFixLoop.regression.test.ts" name="runScenarioTestFixLoop — the gate sees every failing run &gt; is called once per failing run, with that run’s proof, and never for a passing run" time="0.000421792">
        </testcase>
        <testcase classname="adws/phases/__tests__/scenarioTestFixLoop.regression.test.ts" name="runScenarioTestFixLoop — the gate sees every failing run &gt; is not called when the first run passes" time="0.000235209">
        </testcase>
    </testsuite>
    <testsuite name="adws/phases/__tests__/scenarioTestFixLoop.test.ts" timestamp="2026-10-06T17:53:43.904Z" hostname="macmini.local" tests="5" failures="0" errors="0" skipped="0" time="0.005004">
        <testcase classname="adws/phases/__tests__/scenarioTestFixLoop.test.ts" name="runScenarioTestFixLoop &gt; pass on first attempt → no fix, no fidelity call, scenarioRetries:0" time="0.001772125">
        </testcase>
        <testcase classname="adws/phases/__tests__/scenarioTestFixLoop.test.ts" name="runScenarioTestFixLoop &gt; fail then pass within cap → fix called; fidelity called once (no scenario files → skip fidelity)" time="0.000285917">
        </testcase>
        <testcase classname="adws/phases/__tests__/scenarioTestFixLoop.test.ts" name="runScenarioTestFixLoop &gt; fidelity returns aligned:false → throws GoalFidelityError" time="0.001035708">
        </testcase>
        <testcase classname="adws/phases/__tests__/scenarioTestFixLoop.test.ts" name="runScenarioTestFixLoop &gt; blocker failures persist to cap → throws ScenarioHermeticityError" time="0.000388167">
        </testcase>
        <testcase classname="adws/phases/__tests__/scenarioTestFixLoop.test.ts" name="runScenarioTestFixLoop &gt; no scenarios configured (proof undefined) → returns cleanly, no throw, no fidelity call" time="0.000302958">
        </testcase>
    </testsuite>
    <testsuite name="adws/phases/__tests__/scenarioTestPhase.test.ts" timestamp="2026-10-06T17:53:43.904Z" hostname="macmini.local" tests="16" failures="0" errors="0" skipped="0" time="0.004886541">
        <testcase classname="adws/phases/__tests__/scenarioTestPhase.test.ts" name="executeScenarioTestPhase — skip when no scenarios &gt; returns passing result immediately when scenariosMd is empty" time="0.001180167">
        </testcase>
        <testcase classname="adws/phases/__tests__/scenarioTestPhase.test.ts" name="executeScenarioTestPhase — skip when no scenarios &gt; returns passing result when scenariosMd is whitespace only" time="0.000140959">
        </testcase>
        <testcase classname="adws/phases/__tests__/scenarioTestPhase.test.ts" name="executeScenarioTestPhase — skip when runScenariosByTag is N/A &gt; returns passing result immediately when runScenariosByTag is N/A" time="0.000134958">
        </testcase>
        <testcase classname="adws/phases/__tests__/scenarioTestPhase.test.ts" name="executeScenarioTestPhase — without dev server &gt; calls runScenarioProof directly when startDevServer is N/A" time="0.000181625">
        </testcase>
        <testcase classname="adws/phases/__tests__/scenarioTestPhase.test.ts" name="executeScenarioTestPhase — without dev server &gt; calls runScenarioProof directly when startDevServer is empty string" time="0.000105125">
        </testcase>
        <testcase classname="adws/phases/__tests__/scenarioTestPhase.test.ts" name="executeScenarioTestPhase — without dev server &gt; passes correct options to runScenarioProof" time="0.001020541">
        </testcase>
        <testcase classname="adws/phases/__tests__/scenarioTestPhase.test.ts" name="executeScenarioTestPhase — with dev server &gt; wraps runScenarioProof in withDevServer when startDevServer is configured" time="0.000133583">
        </testcase>
        <testcase classname="adws/phases/__tests__/scenarioTestPhase.test.ts" name="executeScenarioTestPhase — with dev server &gt; passes the parsed port from applicationUrl to withDevServer" time="0.000110292">
        </testcase>
        <testcase classname="adws/phases/__tests__/scenarioTestPhase.test.ts" name="executeScenarioTestPhase — with dev server &gt; passes healthCheckPath to withDevServer" time="0.000091167">
        </testcase>
        <testcase classname="adws/phases/__tests__/scenarioTestPhase.test.ts" name="executeScenarioTestPhase — structured result &gt; returns scenarioProof with hasBlockerFailures false when scenarios pass" time="0.000346292">
        </testcase>
        <testcase classname="adws/phases/__tests__/scenarioTestPhase.test.ts" name="executeScenarioTestPhase — structured result &gt; returns scenarioProof with hasBlockerFailures true when scenarios fail" time="0.000071959">
        </testcase>
        <testcase classname="adws/phases/__tests__/scenarioTestPhase.test.ts" name="executeScenarioTestPhase — structured result &gt; returns costUsd of 0 (subprocess-only, no agent cost)" time="0.000056625">
        </testcase>
        <testcase classname="adws/phases/__tests__/scenarioTestPhase.test.ts" name="executeScenarioTestPhase — phase cost records &gt; creates phase cost records with phase name &quot;scenarioTest&quot;" time="0.000104667">
        </testcase>
        <testcase classname="adws/phases/__tests__/scenarioTestPhase.test.ts" name="executeScenarioTestPhase — phase cost records &gt; creates phase cost records with correct workflowId and issueNumber" time="0.000090458">
        </testcase>
        <testcase classname="adws/phases/__tests__/scenarioTestPhase.test.ts" name="executeScenarioTestPhase — phase cost records &gt; creates phase cost records even when skipping (no scenarios)" time="0.000086208">
        </testcase>
        <testcase classname="adws/phases/__tests__/scenarioTestPhase.test.ts" name="executeScenarioTestPhase — phase cost records &gt; returns phaseCostRecords from createPhaseCostRecords" time="0.000098625">
        </testcase>
    </testsuite>
    <testsuite name="adws/phases/__tests__/startupFailureLog.test.ts" timestamp="2026-10-06T17:53:43.904Z" hostname="macmini.local" tests="4" failures="0" errors="0" skipped="0" time="0.012087708">
        <testcase classname="adws/phases/__tests__/startupFailureLog.test.ts" name="recordStartupFailure &gt; appends the error with its stack to the orchestrator execution log, creating the directory when startup died before it existed" time="0.006039709">
        </testcase>
        <testcase classname="adws/phases/__tests__/startupFailureLog.test.ts" name="recordStartupFailure &gt; records String(error) for a thrown value that is not an Error" time="0.001261542">
        </testcase>
        <testcase classname="adws/phases/__tests__/startupFailureLog.test.ts" name="recordStartupFailure &gt; appends after the lines an earlier run left instead of rewriting the log" time="0.001724041">
        </testcase>
        <testcase classname="adws/phases/__tests__/startupFailureLog.test.ts" name="recordStartupFailure &gt; never throws when the log cannot be written, so the caller can still rethrow the startup error" time="0.001973541">
        </testcase>
    </testsuite>
    <testsuite name="adws/phases/__tests__/staticCheckFixRound.failure.test.ts" timestamp="2026-10-06T17:53:43.905Z" hostname="macmini.local" tests="8" failures="0" errors="0" skipped="0" time="0.006313875">
        <testcase classname="adws/phases/__tests__/staticCheckFixRound.failure.test.ts" name="toStaticCheckFailure — the one input of a round’s agent run &gt; names the round in the test name, and is a failed test" time="0.002420417">
        </testcase>
        <testcase classname="adws/phases/__tests__/staticCheckFixRound.failure.test.ts" name="toStaticCheckFailure — the one input of a round’s agent run &gt; lists the command of each failing check, one per line" time="0.000315583">
        </testcase>
        <testcase classname="adws/phases/__tests__/staticCheckFixRound.failure.test.ts" name="toStaticCheckFailure — the one input of a round’s agent run &gt; names the failing checks in the purpose, and says that each passes on exit 0" time="0.000545375">
        </testcase>
        <testcase classname="adws/phases/__tests__/staticCheckFixRound.failure.test.ts" name="toStaticCheckFailure — the one input of a round’s agent run &gt; holds one section per failing check, in check order, with its name, command, exit code and output" time="0.000487708">
        </testcase>
        <testcase classname="adws/phases/__tests__/staticCheckFixRound.failure.test.ts" name="toStaticCheckFailure — the one input of a round’s agent run &gt; says &quot;none&quot; for a check that has no exit code" time="0.000249625">
        </testcase>
        <testcase classname="adws/phases/__tests__/staticCheckFixRound.failure.test.ts" name="toStaticCheckFailure — the one input of a round’s agent run &gt; says that a check printed nothing when it printed nothing" time="0.000207083">
        </testcase>
        <testcase classname="adws/phases/__tests__/staticCheckFixRound.failure.test.ts" name="toStaticCheckFailure — the one input of a round’s agent run &gt; cuts an output longer than the cap, and tells the agent to run the command for the rest" time="0.00033175">
        </testcase>
        <testcase classname="adws/phases/__tests__/staticCheckFixRound.failure.test.ts" name="toStaticCheckFailure — the one input of a round’s agent run &gt; passes an output that fits unchanged" time="0.00025075">
        </testcase>
    </testsuite>
    <testsuite name="adws/phases/__tests__/staticCheckFixRound.fix.test.ts" timestamp="2026-10-06T17:53:43.905Z" hostname="macmini.local" tests="18" failures="0" errors="0" skipped="0" time="0.012171333">
        <testcase classname="adws/phases/__tests__/staticCheckFixRound.fix.test.ts" name="buildStaticCheckFixRoundPort — fix &gt; records the base, publishes it, runs the agent once, commits what the round changed, then diffs from the base" time="0.003422292">
        </testcase>
        <testcase classname="adws/phases/__tests__/staticCheckFixRound.fix.test.ts" name="buildStaticCheckFixRoundPort — fix &gt; returns the agent’s cost and model usage" time="0.000506833">
        </testcase>
        <testcase classname="adws/phases/__tests__/staticCheckFixRound.fix.test.ts" name="buildStaticCheckFixRoundPort — fix &gt; counts a missing cost as zero" time="0.000605917">
        </testcase>
        <testcase classname="adws/phases/__tests__/staticCheckFixRound.fix.test.ts" name="buildStaticCheckFixRoundPort — fix &gt; runs one agent for a round with two failing checks, and hands it both" time="0.000448709">
        </testcase>
        <testcase classname="adws/phases/__tests__/staticCheckFixRound.fix.test.ts" name="buildStaticCheckFixRoundPort — fix &gt; hands the agent the logs directory, a state path of its own, the worktree, the issue body and the launch context" time="0.00065075">
        </testcase>
        <testcase classname="adws/phases/__tests__/staticCheckFixRound.fix.test.ts" name="buildStaticCheckFixRoundPort — fix &gt; commits with the prefix of the static-check fix agent and names the round and the failing checks" time="0.000499791">
        </testcase>
        <testcase classname="adws/phases/__tests__/staticCheckFixRound.fix.test.ts" name="buildStaticCheckFixRoundPort — fix &gt; writes a commit message that the shell the commit goes through cannot take apart" time="0.000398833">
        </testcase>
        <testcase classname="adws/phases/__tests__/staticCheckFixRound.fix.test.ts" name="buildStaticCheckFixRoundPort — fix &gt; returns an empty diff when the round changed nothing" time="0.000392958">
        </testcase>
        <testcase classname="adws/phases/__tests__/staticCheckFixRound.fix.test.ts" name="buildStaticCheckFixRoundPort — fix &gt; carries on when the agent reports that it failed, since the guard judges whatever it changed" time="0.000727709">
        </testcase>
        <testcase classname="adws/phases/__tests__/staticCheckFixRound.fix.test.ts" name="buildStaticCheckFixRoundPort — fix &gt; records each round’s own base" time="0.000428959">
        </testcase>
        <testcase classname="adws/phases/__tests__/staticCheckFixRound.fix.test.ts" name="buildStaticCheckFixRoundPort — a round the agent never finishes &gt; commits what the round left behind, resets to the remote, and rethrows the error of the agent" time="0.000581958">
        </testcase>
        <testcase classname="adws/phases/__tests__/staticCheckFixRound.fix.test.ts" name="buildStaticCheckFixRoundPort — a round the agent never finishes &gt; commits first so that the reset removes the files the round created, which a reset alone would leave" time="0.000598292">
        </testcase>
        <testcase classname="adws/phases/__tests__/staticCheckFixRound.fix.test.ts" name="buildStaticCheckFixRoundPort — a round the agent never finishes &gt; logs a reset that fails and still rethrows the original error" time="0.000386458">
        </testcase>
        <testcase classname="adws/phases/__tests__/staticCheckFixRound.fix.test.ts" name="buildStaticCheckFixRoundPort — a round the agent never finishes &gt; logs a commit that fails, still resets, and still rethrows the original error" time="0.000351">
        </testcase>
        <testcase classname="adws/phases/__tests__/staticCheckFixRound.fix.test.ts" name="buildStaticCheckFixRoundPort — a round the agent never finishes &gt; logs a head that is not the base after the reset, and still rethrows the original error" time="0.000341209">
        </testcase>
        <testcase classname="adws/phases/__tests__/staticCheckFixRound.fix.test.ts" name="buildStaticCheckFixRoundPort — a round the agent never finishes &gt; resets a round whose the commit failed after the agent ran, and rethrows that failure" time="0.000361">
        </testcase>
        <testcase classname="adws/phases/__tests__/staticCheckFixRound.fix.test.ts" name="buildStaticCheckFixRoundPort — a round the agent never finishes &gt; resets a round whose the diff failed after the agent ran, and rethrows that failure" time="0.000331834">
        </testcase>
        <testcase classname="adws/phases/__tests__/staticCheckFixRound.fix.test.ts" name="buildStaticCheckFixRoundPort — a round the agent never finishes &gt; does not reset a round that failed before the agent ran" time="0.000359959">
        </testcase>
    </testsuite>
    <testsuite name="adws/phases/__tests__/staticCheckFixRound.keepDiscard.test.ts" timestamp="2026-10-06T17:53:43.906Z" hostname="macmini.local" tests="6" failures="0" errors="0" skipped="0" time="0.011567209">
        <testcase classname="adws/phases/__tests__/staticCheckFixRound.keepDiscard.test.ts" name="buildStaticCheckFixRoundPort — keep &gt; pushes the branch, so that the remote is what the round left" time="0.006977">
        </testcase>
        <testcase classname="adws/phases/__tests__/staticCheckFixRound.keepDiscard.test.ts" name="buildStaticCheckFixRoundPort — discard &gt; resets the worktree to the remote, then checks that it is back at the round’s base" time="0.000815167">
        </testcase>
        <testcase classname="adws/phases/__tests__/staticCheckFixRound.keepDiscard.test.ts" name="buildStaticCheckFixRoundPort — discard &gt; fails closed when the head is not the round’s base after the reset, naming the branch and both commits" time="0.001113791">
        </testcase>
        <testcase classname="adws/phases/__tests__/staticCheckFixRound.keepDiscard.test.ts" name="buildStaticCheckFixRoundPort — discard &gt; takes two spellings of one commit for the same commit" time="0.000914417">
        </testcase>
        <testcase classname="adws/phases/__tests__/staticCheckFixRound.keepDiscard.test.ts" name="buildStaticCheckFixRoundPort — discard &gt; lets the error of a reset that fails propagate" time="0.000544833">
        </testcase>
        <testcase classname="adws/phases/__tests__/staticCheckFixRound.keepDiscard.test.ts" name="buildStaticCheckFixRoundPort — discard &gt; refuses to discard a round it never started" time="0.000310875">
        </testcase>
    </testsuite>
    <testsuite name="adws/phases/__tests__/staticCheckGate.label.test.ts" timestamp="2026-10-06T17:53:43.906Z" hostname="macmini.local" tests="2" failures="0" errors="0" skipped="0" time="0.006726167">
        <testcase classname="adws/phases/__tests__/staticCheckGate.label.test.ts" name="logCheckVerdict &gt; logs every verdict under the label it is given" time="0.004327">
        </testcase>
        <testcase classname="adws/phases/__tests__/staticCheckGate.label.test.ts" name="logCheckVerdict &gt; logs the lines of the static check gate when it is given no label" time="0.0015985">
        </testcase>
    </testsuite>
    <testsuite name="adws/phases/__tests__/unitTestPhase.guard.test.ts" timestamp="2026-10-06T17:53:43.906Z" hostname="macmini.local" tests="7" failures="0" errors="0" skipped="0" time="0.028480083">
        <testcase classname="adws/phases/__tests__/unitTestPhase.guard.test.ts" name="executeUnitTestPhase — a fix round the guard rejects, with unitTests true &gt; discards the round, runs the checks no more, and parks with the guard’s reasons" time="0.013044375">
            <system-out>
📋 [2026-10-06T17:53:39.803Z] Phase: Static Checks

✅ [2026-10-06T17:53:39.805Z] Static check passed: type check — tc
✅ [2026-10-06T17:53:39.806Z] Static check passed: additional type checks — atc
[31m❌ [2026-10-06T17:53:39.806Z] Static check failed: lint (exit 1) — lint[0m
[31m❌ [2026-10-06T17:53:39.806Z] lint error in src/a.ts[0m
✅ [2026-10-06T17:53:39.806Z] Static check passed: build — build

📋 [2026-10-06T17:53:39.807Z] Static-check fix round 1: fixing lint (exit 1)

⚠️ [2026-10-06T17:53:39.809Z] Static-check fix round 1 rejected by the fix-round guard and reverted:
⚠️ [2026-10-06T17:53:39.809Z]   `src/a.ts` adds `@ts-ignore` (javascript suppression pattern)

⚠️ [2026-10-06T17:53:39.810Z] Static-check fix loop stalled (rejected_round) after 1 fix round(s)
⚠️ [2026-10-06T17:53:39.810Z] Workflow parked as human_gated: fix_loop_stalled

            </system-out>
        </testcase>
        <testcase classname="adws/phases/__tests__/unitTestPhase.guard.test.ts" name="executeUnitTestPhase — a fix round the guard rejects, with unitTests true &gt; logs the guard’s reasons in the execution log" time="0.002117791">
            <system-out>
📋 [2026-10-06T17:53:39.812Z] Phase: Static Checks

✅ [2026-10-06T17:53:39.813Z] Static check passed: type check — tc
✅ [2026-10-06T17:53:39.813Z] Static check passed: additional type checks — atc
[31m❌ [2026-10-06T17:53:39.813Z] Static check failed: lint (exit 1) — lint[0m
[31m❌ [2026-10-06T17:53:39.813Z] lint error in src/a.ts[0m
✅ [2026-10-06T17:53:39.813Z] Static check passed: build — build

📋 [2026-10-06T17:53:39.813Z] Static-check fix round 1: fixing lint (exit 1)

⚠️ [2026-10-06T17:53:39.813Z] Static-check fix round 1 rejected by the fix-round guard and reverted:
⚠️ [2026-10-06T17:53:39.813Z]   `src/a.ts` adds `@ts-ignore` (javascript suppression pattern)

⚠️ [2026-10-06T17:53:39.813Z] Static-check fix loop stalled (rejected_round) after 1 fix round(s)
⚠️ [2026-10-06T17:53:39.813Z] Workflow parked as human_gated: fix_loop_stalled

            </system-out>
        </testcase>
        <testcase classname="adws/phases/__tests__/unitTestPhase.guard.test.ts" name="executeUnitTestPhase — a fix round the guard rejects, with unitTests false &gt; discards the round, runs the checks no more, and parks with the guard’s reasons" time="0.001893917">
            <system-out>
📋 [2026-10-06T17:53:39.815Z] Phase: Static Checks

✅ [2026-10-06T17:53:39.815Z] Static check passed: type check — tc
✅ [2026-10-06T17:53:39.815Z] Static check passed: additional type checks — atc
[31m❌ [2026-10-06T17:53:39.815Z] Static check failed: lint (exit 1) — lint[0m
[31m❌ [2026-10-06T17:53:39.815Z] lint error in src/a.ts[0m
✅ [2026-10-06T17:53:39.815Z] Static check passed: build — build

📋 [2026-10-06T17:53:39.815Z] Static-check fix round 1: fixing lint (exit 1)

⚠️ [2026-10-06T17:53:39.815Z] Static-check fix round 1 rejected by the fix-round guard and reverted:
⚠️ [2026-10-06T17:53:39.815Z]   `src/a.ts` adds `@ts-ignore` (javascript suppression pattern)

⚠️ [2026-10-06T17:53:39.815Z] Static-check fix loop stalled (rejected_round) after 1 fix round(s)
⚠️ [2026-10-06T17:53:39.815Z] Workflow parked as human_gated: fix_loop_stalled

            </system-out>
        </testcase>
        <testcase classname="adws/phases/__tests__/unitTestPhase.guard.test.ts" name="executeUnitTestPhase — a fix round the guard rejects, with unitTests false &gt; logs the guard’s reasons in the execution log" time="0.005599833">
            <system-out>
📋 [2026-10-06T17:53:39.816Z] Phase: Static Checks

✅ [2026-10-06T17:53:39.817Z] Static check passed: type check — tc
✅ [2026-10-06T17:53:39.817Z] Static check passed: additional type checks — atc
[31m❌ [2026-10-06T17:53:39.817Z] Static check failed: lint (exit 1) — lint[0m
[31m❌ [2026-10-06T17:53:39.817Z] lint error in src/a.ts[0m
✅ [2026-10-06T17:53:39.817Z] Static check passed: build — build

📋 [2026-10-06T17:53:39.818Z] Static-check fix round 1: fixing lint (exit 1)

⚠️ [2026-10-06T17:53:39.818Z] Static-check fix round 1 rejected by the fix-round guard and reverted:
⚠️ [2026-10-06T17:53:39.818Z]   `src/a.ts` adds `@ts-ignore` (javascript suppression pattern)

⚠️ [2026-10-06T17:53:39.821Z] Static-check fix loop stalled (rejected_round) after 1 fix round(s)
⚠️ [2026-10-06T17:53:39.821Z] Workflow parked as human_gated: fix_loop_stalled

            </system-out>
        </testcase>
        <testcase classname="adws/phases/__tests__/unitTestPhase.guard.test.ts" name="executeUnitTestPhase — the repository’s own suppression patterns &gt; rejects a round that adds a pattern the repository lists in &quot;## Suppression Patterns&quot;" time="0.001803375">
            <system-out>
📋 [2026-10-06T17:53:39.822Z] Phase: Static Checks

✅ [2026-10-06T17:53:39.822Z] Static check passed: type check — tc
✅ [2026-10-06T17:53:39.822Z] Static check passed: additional type checks — atc
[31m❌ [2026-10-06T17:53:39.822Z] Static check failed: lint (exit 1) — lint[0m
[31m❌ [2026-10-06T17:53:39.822Z] lint error in src/a.ts[0m
✅ [2026-10-06T17:53:39.822Z] Static check passed: build — build

📋 [2026-10-06T17:53:39.823Z] Static-check fix round 1: fixing lint (exit 1)

⚠️ [2026-10-06T17:53:39.823Z] Static-check fix round 1 rejected by the fix-round guard and reverted:
⚠️ [2026-10-06T17:53:39.823Z]   `src/a.ts` adds `@acme-off` (suppression pattern from .adw/commands.md)

⚠️ [2026-10-06T17:53:39.823Z] Static-check fix loop stalled (rejected_round) after 1 fix round(s)
⚠️ [2026-10-06T17:53:39.823Z] Workflow parked as human_gated: fix_loop_stalled

            </system-out>
        </testcase>
        <testcase classname="adws/phases/__tests__/unitTestPhase.guard.test.ts" name="executeUnitTestPhase — the repository’s own suppression patterns &gt; accepts the same round when the repository lists no such pattern" time="0.001467958">
            <system-out>
📋 [2026-10-06T17:53:39.824Z] Phase: Static Checks

✅ [2026-10-06T17:53:39.824Z] Static check passed: type check — tc
✅ [2026-10-06T17:53:39.824Z] Static check passed: additional type checks — atc
[31m❌ [2026-10-06T17:53:39.824Z] Static check failed: lint (exit 1) — lint[0m
[31m❌ [2026-10-06T17:53:39.824Z] lint error in src/a.ts[0m
✅ [2026-10-06T17:53:39.824Z] Static check passed: build — build

📋 [2026-10-06T17:53:39.824Z] Static-check fix round 1: fixing lint (exit 1)

📋 [2026-10-06T17:53:39.824Z] Static-check fix round 1 kept; running the static checks again

✅ [2026-10-06T17:53:39.824Z] Static check passed: type check — tc
✅ [2026-10-06T17:53:39.824Z] Static check passed: additional type checks — atc
✅ [2026-10-06T17:53:39.824Z] Static check passed: lint — lint
✅ [2026-10-06T17:53:39.824Z] Static check passed: build — build

✅ [2026-10-06T17:53:39.825Z] Static checks green after 1 fix round(s)

📋 [2026-10-06T17:53:39.825Z] Phase: Unit Tests

✅ [2026-10-06T17:53:39.825Z] Unit tests passed!

            </system-out>
        </testcase>
        <testcase classname="adws/phases/__tests__/unitTestPhase.guard.test.ts" name="executeUnitTestPhase — the repository’s own suppression patterns &gt; logs an entry that tries to remove a framework pattern, and still rejects the suppression" time="0.001414792">
            <system-out>
📋 [2026-10-06T17:53:39.825Z] Phase: Static Checks

✅ [2026-10-06T17:53:39.825Z] Static check passed: type check — tc
✅ [2026-10-06T17:53:39.825Z] Static check passed: additional type checks — atc
[31m❌ [2026-10-06T17:53:39.826Z] Static check failed: lint (exit 1) — lint[0m
[31m❌ [2026-10-06T17:53:39.826Z] lint error in src/a.ts[0m
✅ [2026-10-06T17:53:39.826Z] Static check passed: build — build

⚠️ [2026-10-06T17:53:39.826Z] Fix-round guard: ignoring &quot;!@ts-ignore&quot; in the suppression patterns of .adw/commands.md; an entry cannot remove a pattern

📋 [2026-10-06T17:53:39.826Z] Static-check fix round 1: fixing lint (exit 1)

⚠️ [2026-10-06T17:53:39.826Z] Static-check fix round 1 rejected by the fix-round guard and reverted:
⚠️ [2026-10-06T17:53:39.826Z]   `src/a.ts` adds `@ts-ignore` (javascript suppression pattern)

⚠️ [2026-10-06T17:53:39.826Z] Static-check fix loop stalled (rejected_round) after 1 fix round(s)
⚠️ [2026-10-06T17:53:39.826Z] Workflow parked as human_gated: fix_loop_stalled

            </system-out>
        </testcase>
    </testsuite>
    <testsuite name="adws/phases/__tests__/unitTestPhase.park.test.ts" timestamp="2026-10-06T17:53:43.907Z" hostname="macmini.local" tests="20" failures="0" errors="0" skipped="0" time="0.059208333">
        <testcase classname="adws/phases/__tests__/unitTestPhase.park.test.ts" name="executeUnitTestPhase — a fix loop that stalls, with unitTests true &gt; parks the workflow as human_gated and exits with code 0" time="0.008605958">
            <system-out>
📋 [2026-10-06T17:53:38.714Z] Phase: Static Checks

✅ [2026-10-06T17:53:38.716Z] Static check passed: type check — tc
✅ [2026-10-06T17:53:38.716Z] Static check passed: additional type checks — atc
[31m❌ [2026-10-06T17:53:38.716Z] Static check failed: lint (exit 1) — lint[0m
[31m❌ [2026-10-06T17:53:38.716Z] lint error in src/a.ts[0m
✅ [2026-10-06T17:53:38.716Z] Static check passed: build — build

📋 [2026-10-06T17:53:38.717Z] Static-check fix round 1: fixing lint (exit 1)

📋 [2026-10-06T17:53:38.717Z] Static-check fix round 1 kept; running the static checks again

✅ [2026-10-06T17:53:38.718Z] Static check passed: type check — tc
✅ [2026-10-06T17:53:38.718Z] Static check passed: additional type checks — atc
[31m❌ [2026-10-06T17:53:38.718Z] Static check failed: lint (exit 1) — lint[0m
[31m❌ [2026-10-06T17:53:38.718Z] lint error in src/a.ts[0m
✅ [2026-10-06T17:53:38.718Z] Static check passed: build — build

⚠️ [2026-10-06T17:53:38.718Z] Static-check fix loop stalled (identical_output) after 1 fix round(s)
⚠️ [2026-10-06T17:53:38.718Z] Workflow parked as human_gated: fix_loop_stalled

            </system-out>
        </testcase>
        <testcase classname="adws/phases/__tests__/unitTestPhase.park.test.ts" name="executeUnitTestPhase — a fix loop that stalls, with unitTests true &gt; posts one park comment that names the check and its command, quotes its output, and explains &quot;## Retry&quot;" time="0.00498225">
            <system-out>
📋 [2026-10-06T17:53:38.720Z] Phase: Static Checks

✅ [2026-10-06T17:53:38.720Z] Static check passed: type check — tc
✅ [2026-10-06T17:53:38.720Z] Static check passed: additional type checks — atc
[31m❌ [2026-10-06T17:53:38.720Z] Static check failed: lint (exit 1) — lint[0m
[31m❌ [2026-10-06T17:53:38.721Z] lint error in src/a.ts[0m
✅ [2026-10-06T17:53:38.721Z] Static check passed: build — build

📋 [2026-10-06T17:53:38.721Z] Static-check fix round 1: fixing lint (exit 1)

📋 [2026-10-06T17:53:38.722Z] Static-check fix round 1 kept; running the static checks again

✅ [2026-10-06T17:53:38.722Z] Static check passed: type check — tc
✅ [2026-10-06T17:53:38.722Z] Static check passed: additional type checks — atc
[31m❌ [2026-10-06T17:53:38.722Z] Static check failed: lint (exit 1) — lint[0m
[31m❌ [2026-10-06T17:53:38.722Z] lint error in src/a.ts[0m
✅ [2026-10-06T17:53:38.722Z] Static check passed: build — build

⚠️ [2026-10-06T17:53:38.722Z] Static-check fix loop stalled (identical_output) after 1 fix round(s)
⚠️ [2026-10-06T17:53:38.722Z] Workflow parked as human_gated: fix_loop_stalled

            </system-out>
        </testcase>
        <testcase classname="adws/phases/__tests__/unitTestPhase.park.test.ts" name="executeUnitTestPhase — a fix loop that stalls, with unitTests true &gt; puts the failing output in the execution log" time="0.002185916">
            <system-out>
📋 [2026-10-06T17:53:38.726Z] Phase: Static Checks

✅ [2026-10-06T17:53:38.726Z] Static check passed: type check — tc
✅ [2026-10-06T17:53:38.726Z] Static check passed: additional type checks — atc
[31m❌ [2026-10-06T17:53:38.726Z] Static check failed: lint (exit 1) — lint[0m
[31m❌ [2026-10-06T17:53:38.726Z] lint error in src/a.ts[0m
✅ [2026-10-06T17:53:38.726Z] Static check passed: build — build

📋 [2026-10-06T17:53:38.726Z] Static-check fix round 1: fixing lint (exit 1)

📋 [2026-10-06T17:53:38.726Z] Static-check fix round 1 kept; running the static checks again

✅ [2026-10-06T17:53:38.726Z] Static check passed: type check — tc
✅ [2026-10-06T17:53:38.726Z] Static check passed: additional type checks — atc
[31m❌ [2026-10-06T17:53:38.726Z] Static check failed: lint (exit 1) — lint[0m
[31m❌ [2026-10-06T17:53:38.726Z] lint error in src/a.ts[0m
✅ [2026-10-06T17:53:38.726Z] Static check passed: build — build

⚠️ [2026-10-06T17:53:38.726Z] Static-check fix loop stalled (identical_output) after 1 fix round(s)
⚠️ [2026-10-06T17:53:38.726Z] Workflow parked as human_gated: fix_loop_stalled

            </system-out>
        </testcase>
        <testcase classname="adws/phases/__tests__/unitTestPhase.park.test.ts" name="executeUnitTestPhase — a fix loop that stalls, with unitTests true &gt; never starts the test run" time="0.001732125">
            <system-out>
📋 [2026-10-06T17:53:38.727Z] Phase: Static Checks

✅ [2026-10-06T17:53:38.728Z] Static check passed: type check — tc
✅ [2026-10-06T17:53:38.728Z] Static check passed: additional type checks — atc
[31m❌ [2026-10-06T17:53:38.728Z] Static check failed: lint (exit 1) — lint[0m
[31m❌ [2026-10-06T17:53:38.728Z] lint error in src/a.ts[0m
✅ [2026-10-06T17:53:38.728Z] Static check passed: build — build

📋 [2026-10-06T17:53:38.728Z] Static-check fix round 1: fixing lint (exit 1)

📋 [2026-10-06T17:53:38.728Z] Static-check fix round 1 kept; running the static checks again

✅ [2026-10-06T17:53:38.728Z] Static check passed: type check — tc
✅ [2026-10-06T17:53:38.728Z] Static check passed: additional type checks — atc
[31m❌ [2026-10-06T17:53:38.728Z] Static check failed: lint (exit 1) — lint[0m
[31m❌ [2026-10-06T17:53:38.728Z] lint error in src/a.ts[0m
✅ [2026-10-06T17:53:38.728Z] Static check passed: build — build

⚠️ [2026-10-06T17:53:38.728Z] Static-check fix loop stalled (identical_output) after 1 fix round(s)
⚠️ [2026-10-06T17:53:38.728Z] Workflow parked as human_gated: fix_loop_stalled

            </system-out>
        </testcase>
        <testcase classname="adws/phases/__tests__/unitTestPhase.park.test.ts" name="executeUnitTestPhase — a fix loop that stalls, with unitTests true &gt; is no failure: no error is recorded and no error comment is posted" time="0.001491875">
            <system-out>
📋 [2026-10-06T17:53:38.729Z] Phase: Static Checks

✅ [2026-10-06T17:53:38.729Z] Static check passed: type check — tc
✅ [2026-10-06T17:53:38.729Z] Static check passed: additional type checks — atc
[31m❌ [2026-10-06T17:53:38.729Z] Static check failed: lint (exit 1) — lint[0m
[31m❌ [2026-10-06T17:53:38.729Z] lint error in src/a.ts[0m
✅ [2026-10-06T17:53:38.729Z] Static check passed: build — build

📋 [2026-10-06T17:53:38.729Z] Static-check fix round 1: fixing lint (exit 1)

📋 [2026-10-06T17:53:38.729Z] Static-check fix round 1 kept; running the static checks again

✅ [2026-10-06T17:53:38.729Z] Static check passed: type check — tc
✅ [2026-10-06T17:53:38.729Z] Static check passed: additional type checks — atc
[31m❌ [2026-10-06T17:53:38.729Z] Static check failed: lint (exit 1) — lint[0m
[31m❌ [2026-10-06T17:53:38.730Z] lint error in src/a.ts[0m
✅ [2026-10-06T17:53:38.730Z] Static check passed: build — build

⚠️ [2026-10-06T17:53:38.730Z] Static-check fix loop stalled (identical_output) after 1 fix round(s)
⚠️ [2026-10-06T17:53:38.730Z] Workflow parked as human_gated: fix_loop_stalled

            </system-out>
        </testcase>
        <testcase classname="adws/phases/__tests__/unitTestPhase.park.test.ts" name="executeUnitTestPhase — a fix loop that stalls, with unitTests true &gt; names every check that still fails" time="0.001497667">
            <system-out>
📋 [2026-10-06T17:53:38.731Z] Phase: Static Checks

✅ [2026-10-06T17:53:38.731Z] Static check passed: type check — tc
✅ [2026-10-06T17:53:38.731Z] Static check passed: additional type checks — atc
[31m❌ [2026-10-06T17:53:38.731Z] Static check failed: lint (exit 1) — lint[0m
[31m❌ [2026-10-06T17:53:38.731Z] lint error in src/a.ts[0m
[31m❌ [2026-10-06T17:53:38.731Z] Static check failed: build (exit 2) — build[0m
[31m❌ [2026-10-06T17:53:38.731Z] build error in src/b.ts[0m

📋 [2026-10-06T17:53:38.731Z] Static-check fix round 1: fixing lint (exit 1), build (exit 2)

📋 [2026-10-06T17:53:38.731Z] Static-check fix round 1 kept; running the static checks again

✅ [2026-10-06T17:53:38.731Z] Static check passed: type check — tc
✅ [2026-10-06T17:53:38.731Z] Static check passed: additional type checks — atc
[31m❌ [2026-10-06T17:53:38.731Z] Static check failed: lint (exit 1) — lint[0m
[31m❌ [2026-10-06T17:53:38.731Z] lint error in src/a.ts[0m
[31m❌ [2026-10-06T17:53:38.731Z] Static check failed: build (exit 2) — build[0m
[31m❌ [2026-10-06T17:53:38.731Z] build error in src/b.ts[0m

⚠️ [2026-10-06T17:53:38.731Z] Static-check fix loop stalled (identical_output) after 1 fix round(s)
⚠️ [2026-10-06T17:53:38.731Z] Workflow parked as human_gated: fix_loop_stalled

            </system-out>
        </testcase>
        <testcase classname="adws/phases/__tests__/unitTestPhase.park.test.ts" name="executeUnitTestPhase — a fix loop that stalls, with unitTests true &gt; reports a check that was killed, and so has no exit code, as failing" time="0.002250709">
            <system-out>
📋 [2026-10-06T17:53:38.732Z] Phase: Static Checks

✅ [2026-10-06T17:53:38.732Z] Static check passed: type check — tc
[31m❌ [2026-10-06T17:53:38.732Z] Static check failed: additional type checks (exit none) — atc[0m
[31m❌ [2026-10-06T17:53:38.732Z] Terminated[0m
✅ [2026-10-06T17:53:38.732Z] Static check passed: lint — lint
✅ [2026-10-06T17:53:38.732Z] Static check passed: build — build

📋 [2026-10-06T17:53:38.732Z] Static-check fix round 1: fixing additional type checks (exit none)

📋 [2026-10-06T17:53:38.732Z] Static-check fix round 1 kept; running the static checks again

✅ [2026-10-06T17:53:38.732Z] Static check passed: type check — tc
[31m❌ [2026-10-06T17:53:38.733Z] Static check failed: additional type checks (exit none) — atc[0m
[31m❌ [2026-10-06T17:53:38.733Z] Terminated[0m
✅ [2026-10-06T17:53:38.733Z] Static check passed: lint — lint
✅ [2026-10-06T17:53:38.733Z] Static check passed: build — build

⚠️ [2026-10-06T17:53:38.733Z] Static-check fix loop stalled (identical_output) after 1 fix round(s)
⚠️ [2026-10-06T17:53:38.733Z] Workflow parked as human_gated: fix_loop_stalled

            </system-out>
        </testcase>
        <testcase classname="adws/phases/__tests__/unitTestPhase.park.test.ts" name="executeUnitTestPhase — a fix loop that stalls, with unitTests true &gt; parks after a round that was kept but changed nothing the checks print" time="0.003095709">
            <system-out>
📋 [2026-10-06T17:53:38.734Z] Phase: Static Checks

✅ [2026-10-06T17:53:38.734Z] Static check passed: type check — tc
✅ [2026-10-06T17:53:38.735Z] Static check passed: additional type checks — atc
[31m❌ [2026-10-06T17:53:38.735Z] Static check failed: lint (exit 1) — lint[0m
[31m❌ [2026-10-06T17:53:38.735Z] lint error in src/a.ts[0m
✅ [2026-10-06T17:53:38.735Z] Static check passed: build — build

📋 [2026-10-06T17:53:38.735Z] Static-check fix round 1: fixing lint (exit 1)

📋 [2026-10-06T17:53:38.736Z] Static-check fix round 1 kept; running the static checks again

✅ [2026-10-06T17:53:38.736Z] Static check passed: type check — tc
✅ [2026-10-06T17:53:38.736Z] Static check passed: additional type checks — atc
[31m❌ [2026-10-06T17:53:38.736Z] Static check failed: lint (exit 1) — lint[0m
[31m❌ [2026-10-06T17:53:38.736Z] lint error in src/a.ts[0m
✅ [2026-10-06T17:53:38.736Z] Static check passed: build — build

⚠️ [2026-10-06T17:53:38.736Z] Static-check fix loop stalled (identical_output) after 1 fix round(s)
⚠️ [2026-10-06T17:53:38.736Z] Workflow parked as human_gated: fix_loop_stalled

            </system-out>
        </testcase>
        <testcase classname="adws/phases/__tests__/unitTestPhase.park.test.ts" name="executeUnitTestPhase — a fix loop that stalls, with unitTests false &gt; parks the workflow as human_gated and exits with code 0" time="0.001579292">
            <system-out>
📋 [2026-10-06T17:53:38.738Z] Phase: Static Checks

✅ [2026-10-06T17:53:38.738Z] Static check passed: type check — tc
✅ [2026-10-06T17:53:38.738Z] Static check passed: additional type checks — atc
[31m❌ [2026-10-06T17:53:38.738Z] Static check failed: lint (exit 1) — lint[0m
[31m❌ [2026-10-06T17:53:38.738Z] lint error in src/a.ts[0m
✅ [2026-10-06T17:53:38.738Z] Static check passed: build — build

📋 [2026-10-06T17:53:38.738Z] Static-check fix round 1: fixing lint (exit 1)

📋 [2026-10-06T17:53:38.738Z] Static-check fix round 1 kept; running the static checks again

✅ [2026-10-06T17:53:38.738Z] Static check passed: type check — tc
✅ [2026-10-06T17:53:38.738Z] Static check passed: additional type checks — atc
[31m❌ [2026-10-06T17:53:38.738Z] Static check failed: lint (exit 1) — lint[0m
[31m❌ [2026-10-06T17:53:38.738Z] lint error in src/a.ts[0m
✅ [2026-10-06T17:53:38.738Z] Static check passed: build — build

⚠️ [2026-10-06T17:53:38.738Z] Static-check fix loop stalled (identical_output) after 1 fix round(s)
⚠️ [2026-10-06T17:53:38.738Z] Workflow parked as human_gated: fix_loop_stalled

            </system-out>
        </testcase>
        <testcase classname="adws/phases/__tests__/unitTestPhase.park.test.ts" name="executeUnitTestPhase — a fix loop that stalls, with unitTests false &gt; posts one park comment that names the check and its command, quotes its output, and explains &quot;## Retry&quot;" time="0.001735708">
            <system-out>
📋 [2026-10-06T17:53:38.739Z] Phase: Static Checks

✅ [2026-10-06T17:53:38.739Z] Static check passed: type check — tc
✅ [2026-10-06T17:53:38.739Z] Static check passed: additional type checks — atc
[31m❌ [2026-10-06T17:53:38.739Z] Static check failed: lint (exit 1) — lint[0m
[31m❌ [2026-10-06T17:53:38.739Z] lint error in src/a.ts[0m
✅ [2026-10-06T17:53:38.739Z] Static check passed: build — build

📋 [2026-10-06T17:53:38.739Z] Static-check fix round 1: fixing lint (exit 1)

📋 [2026-10-06T17:53:38.739Z] Static-check fix round 1 kept; running the static checks again

✅ [2026-10-06T17:53:38.740Z] Static check passed: type check — tc
✅ [2026-10-06T17:53:38.740Z] Static check passed: additional type checks — atc
[31m❌ [2026-10-06T17:53:38.740Z] Static check failed: lint (exit 1) — lint[0m
[31m❌ [2026-10-06T17:53:38.740Z] lint error in src/a.ts[0m
✅ [2026-10-06T17:53:38.740Z] Static check passed: build — build

⚠️ [2026-10-06T17:53:38.740Z] Static-check fix loop stalled (identical_output) after 1 fix round(s)
⚠️ [2026-10-06T17:53:38.740Z] Workflow parked as human_gated: fix_loop_stalled

            </system-out>
        </testcase>
        <testcase classname="adws/phases/__tests__/unitTestPhase.park.test.ts" name="executeUnitTestPhase — a fix loop that stalls, with unitTests false &gt; puts the failing output in the execution log" time="0.003049417">
            <system-out>
📋 [2026-10-06T17:53:38.741Z] Phase: Static Checks

✅ [2026-10-06T17:53:38.742Z] Static check passed: type check — tc
✅ [2026-10-06T17:53:38.742Z] Static check passed: additional type checks — atc
[31m❌ [2026-10-06T17:53:38.742Z] Static check failed: lint (exit 1) — lint[0m
[31m❌ [2026-10-06T17:53:38.742Z] lint error in src/a.ts[0m
✅ [2026-10-06T17:53:38.742Z] Static check passed: build — build

📋 [2026-10-06T17:53:38.742Z] Static-check fix round 1: fixing lint (exit 1)

📋 [2026-10-06T17:53:38.743Z] Static-check fix round 1 kept; running the static checks again

✅ [2026-10-06T17:53:38.743Z] Static check passed: type check — tc
✅ [2026-10-06T17:53:38.743Z] Static check passed: additional type checks — atc
[31m❌ [2026-10-06T17:53:38.743Z] Static check failed: lint (exit 1) — lint[0m
[31m❌ [2026-10-06T17:53:38.743Z] lint error in src/a.ts[0m
✅ [2026-10-06T17:53:38.743Z] Static check passed: build — build

⚠️ [2026-10-06T17:53:38.743Z] Static-check fix loop stalled (identical_output) after 1 fix round(s)
⚠️ [2026-10-06T17:53:38.743Z] Workflow parked as human_gated: fix_loop_stalled

            </system-out>
        </testcase>
        <testcase classname="adws/phases/__tests__/unitTestPhase.park.test.ts" name="executeUnitTestPhase — a fix loop that stalls, with unitTests false &gt; never starts the test run" time="0.001441125">
            <system-out>
📋 [2026-10-06T17:53:38.744Z] Phase: Static Checks

✅ [2026-10-06T17:53:38.744Z] Static check passed: type check — tc
✅ [2026-10-06T17:53:38.744Z] Static check passed: additional type checks — atc
[31m❌ [2026-10-06T17:53:38.744Z] Static check failed: lint (exit 1) — lint[0m
[31m❌ [2026-10-06T17:53:38.744Z] lint error in src/a.ts[0m
✅ [2026-10-06T17:53:38.744Z] Static check passed: build — build

📋 [2026-10-06T17:53:38.744Z] Static-check fix round 1: fixing lint (exit 1)

📋 [2026-10-06T17:53:38.744Z] Static-check fix round 1 kept; running the static checks again

✅ [2026-10-06T17:53:38.744Z] Static check passed: type check — tc
✅ [2026-10-06T17:53:38.744Z] Static check passed: additional type checks — atc
[31m❌ [2026-10-06T17:53:38.744Z] Static check failed: lint (exit 1) — lint[0m
[31m❌ [2026-10-06T17:53:38.744Z] lint error in src/a.ts[0m
✅ [2026-10-06T17:53:38.744Z] Static check passed: build — build

⚠️ [2026-10-06T17:53:38.744Z] Static-check fix loop stalled (identical_output) after 1 fix round(s)
⚠️ [2026-10-06T17:53:38.745Z] Workflow parked as human_gated: fix_loop_stalled

            </system-out>
        </testcase>
        <testcase classname="adws/phases/__tests__/unitTestPhase.park.test.ts" name="executeUnitTestPhase — a fix loop that stalls, with unitTests false &gt; is no failure: no error is recorded and no error comment is posted" time="0.001281584">
            <system-out>
📋 [2026-10-06T17:53:38.745Z] Phase: Static Checks

✅ [2026-10-06T17:53:38.745Z] Static check passed: type check — tc
✅ [2026-10-06T17:53:38.745Z] Static check passed: additional type checks — atc
[31m❌ [2026-10-06T17:53:38.745Z] Static check failed: lint (exit 1) — lint[0m
[31m❌ [2026-10-06T17:53:38.745Z] lint error in src/a.ts[0m
✅ [2026-10-06T17:53:38.746Z] Static check passed: build — build

📋 [2026-10-06T17:53:38.746Z] Static-check fix round 1: fixing lint (exit 1)

📋 [2026-10-06T17:53:38.746Z] Static-check fix round 1 kept; running the static checks again

✅ [2026-10-06T17:53:38.746Z] Static check passed: type check — tc
✅ [2026-10-06T17:53:38.746Z] Static check passed: additional type checks — atc
[31m❌ [2026-10-06T17:53:38.746Z] Static check failed: lint (exit 1) — lint[0m
[31m❌ [2026-10-06T17:53:38.746Z] lint error in src/a.ts[0m
✅ [2026-10-06T17:53:38.746Z] Static check passed: build — build

⚠️ [2026-10-06T17:53:38.746Z] Static-check fix loop stalled (identical_output) after 1 fix round(s)
⚠️ [2026-10-06T17:53:38.746Z] Workflow parked as human_gated: fix_loop_stalled

            </system-out>
        </testcase>
        <testcase classname="adws/phases/__tests__/unitTestPhase.park.test.ts" name="executeUnitTestPhase — a fix loop that stalls, with unitTests false &gt; names every check that still fails" time="0.001580667">
            <system-out>
📋 [2026-10-06T17:53:38.747Z] Phase: Static Checks

✅ [2026-10-06T17:53:38.747Z] Static check passed: type check — tc
✅ [2026-10-06T17:53:38.747Z] Static check passed: additional type checks — atc
[31m❌ [2026-10-06T17:53:38.747Z] Static check failed: lint (exit 1) — lint[0m
[31m❌ [2026-10-06T17:53:38.747Z] lint error in src/a.ts[0m
[31m❌ [2026-10-06T17:53:38.747Z] Static check failed: build (exit 2) — build[0m
[31m❌ [2026-10-06T17:53:38.747Z] build error in src/b.ts[0m

📋 [2026-10-06T17:53:38.747Z] Static-check fix round 1: fixing lint (exit 1), build (exit 2)

📋 [2026-10-06T17:53:38.747Z] Static-check fix round 1 kept; running the static checks again

✅ [2026-10-06T17:53:38.747Z] Static check passed: type check — tc
✅ [2026-10-06T17:53:38.747Z] Static check passed: additional type checks — atc
[31m❌ [2026-10-06T17:53:38.747Z] Static check failed: lint (exit 1) — lint[0m
[31m❌ [2026-10-06T17:53:38.747Z] lint error in src/a.ts[0m
[31m❌ [2026-10-06T17:53:38.747Z] Static check failed: build (exit 2) — build[0m
[31m❌ [2026-10-06T17:53:38.747Z] build error in src/b.ts[0m

⚠️ [2026-10-06T17:53:38.747Z] Static-check fix loop stalled (identical_output) after 1 fix round(s)
⚠️ [2026-10-06T17:53:38.747Z] Workflow parked as human_gated: fix_loop_stalled

            </system-out>
        </testcase>
        <testcase classname="adws/phases/__tests__/unitTestPhase.park.test.ts" name="executeUnitTestPhase — a fix loop that stalls, with unitTests false &gt; reports a check that was killed, and so has no exit code, as failing" time="0.001687958">
            <system-out>
📋 [2026-10-06T17:53:38.748Z] Phase: Static Checks

✅ [2026-10-06T17:53:38.748Z] Static check passed: type check — tc
[31m❌ [2026-10-06T17:53:38.748Z] Static check failed: additional type checks (exit none) — atc[0m
[31m❌ [2026-10-06T17:53:38.748Z] Terminated[0m
✅ [2026-10-06T17:53:38.748Z] Static check passed: lint — lint
✅ [2026-10-06T17:53:38.748Z] Static check passed: build — build

📋 [2026-10-06T17:53:38.749Z] Static-check fix round 1: fixing additional type checks (exit none)

📋 [2026-10-06T17:53:38.749Z] Static-check fix round 1 kept; running the static checks again

✅ [2026-10-06T17:53:38.749Z] Static check passed: type check — tc
[31m❌ [2026-10-06T17:53:38.749Z] Static check failed: additional type checks (exit none) — atc[0m
[31m❌ [2026-10-06T17:53:38.749Z] Terminated[0m
✅ [2026-10-06T17:53:38.749Z] Static check passed: lint — lint
✅ [2026-10-06T17:53:38.749Z] Static check passed: build — build

⚠️ [2026-10-06T17:53:38.749Z] Static-check fix loop stalled (identical_output) after 1 fix round(s)
⚠️ [2026-10-06T17:53:38.749Z] Workflow parked as human_gated: fix_loop_stalled

            </system-out>
        </testcase>
        <testcase classname="adws/phases/__tests__/unitTestPhase.park.test.ts" name="executeUnitTestPhase — a fix loop that stalls, with unitTests false &gt; parks after a round that was kept but changed nothing the checks print" time="0.001545042">
            <system-out>
📋 [2026-10-06T17:53:38.750Z] Phase: Static Checks

✅ [2026-10-06T17:53:38.750Z] Static check passed: type check — tc
✅ [2026-10-06T17:53:38.750Z] Static check passed: additional type checks — atc
[31m❌ [2026-10-06T17:53:38.750Z] Static check failed: lint (exit 1) — lint[0m
[31m❌ [2026-10-06T17:53:38.750Z] lint error in src/a.ts[0m
✅ [2026-10-06T17:53:38.750Z] Static check passed: build — build

📋 [2026-10-06T17:53:38.750Z] Static-check fix round 1: fixing lint (exit 1)

📋 [2026-10-06T17:53:38.750Z] Static-check fix round 1 kept; running the static checks again

✅ [2026-10-06T17:53:38.750Z] Static check passed: type check — tc
✅ [2026-10-06T17:53:38.750Z] Static check passed: additional type checks — atc
[31m❌ [2026-10-06T17:53:38.750Z] Static check failed: lint (exit 1) — lint[0m
[31m❌ [2026-10-06T17:53:38.750Z] lint error in src/a.ts[0m
✅ [2026-10-06T17:53:38.750Z] Static check passed: build — build

⚠️ [2026-10-06T17:53:38.751Z] Static-check fix loop stalled (identical_output) after 1 fix round(s)
⚠️ [2026-10-06T17:53:38.751Z] Workflow parked as human_gated: fix_loop_stalled

            </system-out>
        </testcase>
        <testcase classname="adws/phases/__tests__/unitTestPhase.park.test.ts" name="executeUnitTestPhase — &quot;## Retry&quot; on a parked workflow, with unitTests true &gt; re-arms the parked stage, and the resumed phase starts a round although the check prints what it printed when the loop stopped" time="0.012606375">
            <system-out>
📋 [2026-10-06T17:53:38.752Z] Phase: Static Checks

✅ [2026-10-06T17:53:38.752Z] Static check passed: type check — tc
✅ [2026-10-06T17:53:38.752Z] Static check passed: additional type checks — atc
[31m❌ [2026-10-06T17:53:38.752Z] Static check failed: lint (exit 1) — lint[0m
[31m❌ [2026-10-06T17:53:38.752Z] lint error in src/a.ts[0m
✅ [2026-10-06T17:53:38.752Z] Static check passed: build — build

📋 [2026-10-06T17:53:38.752Z] Static-check fix round 1: fixing lint (exit 1)

📋 [2026-10-06T17:53:38.752Z] Static-check fix round 1 kept; running the static checks again

✅ [2026-10-06T17:53:38.752Z] Static check passed: type check — tc
✅ [2026-10-06T17:53:38.753Z] Static check passed: additional type checks — atc
[31m❌ [2026-10-06T17:53:38.753Z] Static check failed: lint (exit 1) — lint[0m
[31m❌ [2026-10-06T17:53:38.753Z] lint error in src/a.ts[0m
✅ [2026-10-06T17:53:38.753Z] Static check passed: build — build

⚠️ [2026-10-06T17:53:38.753Z] Static-check fix loop stalled (identical_output) after 1 fix round(s)
⚠️ [2026-10-06T17:53:38.753Z] Workflow parked as human_gated: fix_loop_stalled

📋 [2026-10-06T17:53:38.756Z] Phase: Static Checks

✅ [2026-10-06T17:53:38.756Z] Static check passed: type check — tc
✅ [2026-10-06T17:53:38.757Z] Static check passed: additional type checks — atc
[31m❌ [2026-10-06T17:53:38.757Z] Static check failed: lint (exit 1) — lint[0m
[31m❌ [2026-10-06T17:53:38.757Z] lint error in src/a.ts[0m
✅ [2026-10-06T17:53:38.757Z] Static check passed: build — build

📋 [2026-10-06T17:53:38.757Z] Static-check fix round 1: fixing lint (exit 1)

📋 [2026-10-06T17:53:38.757Z] Static-check fix round 1 kept; running the static checks again

✅ [2026-10-06T17:53:38.758Z] Static check passed: type check — tc
✅ [2026-10-06T17:53:38.758Z] Static check passed: additional type checks — atc
✅ [2026-10-06T17:53:38.758Z] Static check passed: lint — lint
✅ [2026-10-06T17:53:38.758Z] Static check passed: build — build

✅ [2026-10-06T17:53:38.758Z] Static checks green after 1 fix round(s)

📋 [2026-10-06T17:53:38.759Z] Phase: Unit Tests

✅ [2026-10-06T17:53:38.760Z] Unit tests passed!

            </system-out>
        </testcase>
        <testcase classname="adws/phases/__tests__/unitTestPhase.park.test.ts" name="executeUnitTestPhase — &quot;## Retry&quot; on a parked workflow, with unitTests false &gt; re-arms the parked stage, and the resumed phase starts a round although the check prints what it printed when the loop stopped" time="0.003851084">
            <system-out>
📋 [2026-10-06T17:53:38.764Z] Phase: Static Checks

✅ [2026-10-06T17:53:38.764Z] Static check passed: type check — tc
✅ [2026-10-06T17:53:38.764Z] Static check passed: additional type checks — atc
[31m❌ [2026-10-06T17:53:38.764Z] Static check failed: lint (exit 1) — lint[0m
[31m❌ [2026-10-06T17:53:38.764Z] lint error in src/a.ts[0m
✅ [2026-10-06T17:53:38.765Z] Static check passed: build — build

📋 [2026-10-06T17:53:38.765Z] Static-check fix round 1: fixing lint (exit 1)

📋 [2026-10-06T17:53:38.765Z] Static-check fix round 1 kept; running the static checks again

✅ [2026-10-06T17:53:38.765Z] Static check passed: type check — tc
✅ [2026-10-06T17:53:38.765Z] Static check passed: additional type checks — atc
[31m❌ [2026-10-06T17:53:38.765Z] Static check failed: lint (exit 1) — lint[0m
[31m❌ [2026-10-06T17:53:38.765Z] lint error in src/a.ts[0m
✅ [2026-10-06T17:53:38.765Z] Static check passed: build — build

⚠️ [2026-10-06T17:53:38.765Z] Static-check fix loop stalled (identical_output) after 1 fix round(s)
⚠️ [2026-10-06T17:53:38.765Z] Workflow parked as human_gated: fix_loop_stalled

📋 [2026-10-06T17:53:38.765Z] Phase: Static Checks

✅ [2026-10-06T17:53:38.765Z] Static check passed: type check — tc
✅ [2026-10-06T17:53:38.766Z] Static check passed: additional type checks — atc
[31m❌ [2026-10-06T17:53:38.766Z] Static check failed: lint (exit 1) — lint[0m
[31m❌ [2026-10-06T17:53:38.767Z] lint error in src/a.ts[0m
✅ [2026-10-06T17:53:38.767Z] Static check passed: build — build

📋 [2026-10-06T17:53:38.767Z] Static-check fix round 1: fixing lint (exit 1)

📋 [2026-10-06T17:53:38.767Z] Static-check fix round 1 kept; running the static checks again

✅ [2026-10-06T17:53:38.767Z] Static check passed: type check — tc
✅ [2026-10-06T17:53:38.767Z] Static check passed: additional type checks — atc
✅ [2026-10-06T17:53:38.767Z] Static check passed: lint — lint
✅ [2026-10-06T17:53:38.767Z] Static check passed: build — build

✅ [2026-10-06T17:53:38.767Z] Static checks green after 1 fix round(s)

📋 [2026-10-06T17:53:38.767Z] Unit tests disabled — skipping the test run

            </system-out>
        </testcase>
        <testcase classname="adws/phases/__tests__/unitTestPhase.park.test.ts" name="executeUnitTestPhase — a fix round that fails with an error &gt; lets the error propagate, and parks nothing" time="0.000912041">
            <system-out>
📋 [2026-10-06T17:53:38.768Z] Phase: Static Checks

✅ [2026-10-06T17:53:38.768Z] Static check passed: type check — tc
✅ [2026-10-06T17:53:38.768Z] Static check passed: additional type checks — atc
[31m❌ [2026-10-06T17:53:38.768Z] Static check failed: lint (exit 1) — lint[0m
[31m❌ [2026-10-06T17:53:38.768Z] lint error in src/a.ts[0m
✅ [2026-10-06T17:53:38.768Z] Static check passed: build — build

📋 [2026-10-06T17:53:38.768Z] Static-check fix round 1: fixing lint (exit 1)

            </system-out>
        </testcase>
        <testcase classname="adws/phases/__tests__/unitTestPhase.park.test.ts" name="executeUnitTestPhase — a fix round that fails with an error &gt; asks for the git context of the workflow only once a check is red" time="0.001005208">
            <system-out>
📋 [2026-10-06T17:53:38.769Z] Phase: Static Checks

✅ [2026-10-06T17:53:38.769Z] Static check passed: type check — tc
✅ [2026-10-06T17:53:38.769Z] Static check passed: additional type checks — atc
[31m❌ [2026-10-06T17:53:38.769Z] Static check failed: lint (exit 1) — lint[0m
[31m❌ [2026-10-06T17:53:38.769Z] lint error in src/a.ts[0m
✅ [2026-10-06T17:53:38.769Z] Static check passed: build — build

            </system-out>
        </testcase>
    </testsuite>
    <testsuite name="adws/phases/__tests__/unitTestPhase.test.ts" timestamp="2026-10-06T17:53:43.909Z" hostname="macmini.local" tests="20" failures="0" errors="0" skipped="0" time="0.041974333">
        <testcase classname="adws/phases/__tests__/unitTestPhase.test.ts" name="executeUnitTestPhase — static checks and the unit-test switch &gt; runs every static check and skips the test run when unitTests is false" time="0.0041225">
            <system-out>
📋 [2026-10-06T17:53:39.083Z] Phase: Static Checks

✅ [2026-10-06T17:53:39.084Z] Static check passed: type check — tc
✅ [2026-10-06T17:53:39.085Z] Static check passed: additional type checks — atc
✅ [2026-10-06T17:53:39.085Z] Static check passed: lint — lint
✅ [2026-10-06T17:53:39.085Z] Static check passed: build — build

📋 [2026-10-06T17:53:39.085Z] Unit tests disabled — skipping the test run

            </system-out>
        </testcase>
        <testcase classname="adws/phases/__tests__/unitTestPhase.test.ts" name="executeUnitTestPhase — static checks and the unit-test switch &gt; runs the static checks before the test run when unitTests is true" time="0.001454584">
            <system-out>
📋 [2026-10-06T17:53:39.086Z] Phase: Static Checks

✅ [2026-10-06T17:53:39.086Z] Static check passed: type check — tc
✅ [2026-10-06T17:53:39.086Z] Static check passed: additional type checks — atc
✅ [2026-10-06T17:53:39.086Z] Static check passed: lint — lint
✅ [2026-10-06T17:53:39.086Z] Static check passed: build — build

📋 [2026-10-06T17:53:39.086Z] Phase: Unit Tests

✅ [2026-10-06T17:53:39.087Z] Unit tests passed!

            </system-out>
        </testcase>
        <testcase classname="adws/phases/__tests__/unitTestPhase.test.ts" name="executeUnitTestPhase — static checks and the unit-test switch &gt; runs the checks in the worktree" time="0.002412417">
            <system-out>
📋 [2026-10-06T17:53:39.087Z] Phase: Static Checks

✅ [2026-10-06T17:53:39.089Z] Static check passed: type check — tc
✅ [2026-10-06T17:53:39.089Z] Static check passed: additional type checks — atc
✅ [2026-10-06T17:53:39.089Z] Static check passed: lint — lint
✅ [2026-10-06T17:53:39.089Z] Static check passed: build — build

📋 [2026-10-06T17:53:39.089Z] Unit tests disabled — skipping the test run

            </system-out>
        </testcase>
        <testcase classname="adws/phases/__tests__/unitTestPhase.test.ts" name="executeUnitTestPhase — static checks and the unit-test switch &gt; runs nothing when every static check is N/A and unitTests is false" time="0.001297167">
            <system-out>
📋 [2026-10-06T17:53:39.090Z] Phase: Static Checks

📋 [2026-10-06T17:53:39.090Z] Static check skipped (N/A): type check
📋 [2026-10-06T17:53:39.090Z] Static check skipped (N/A): additional type checks
📋 [2026-10-06T17:53:39.090Z] Static check skipped (N/A): lint
📋 [2026-10-06T17:53:39.090Z] Static check skipped (N/A): build

📋 [2026-10-06T17:53:39.090Z] Unit tests disabled — skipping the test run

            </system-out>
        </testcase>
        <testcase classname="adws/phases/__tests__/unitTestPhase.test.ts" name="executeUnitTestPhase — static checks and the unit-test switch &gt; starts no fix round and needs no git context when every check is green on the first run" time="0.001743042">
            <system-out>
📋 [2026-10-06T17:53:39.091Z] Phase: Static Checks

✅ [2026-10-06T17:53:39.091Z] Static check passed: type check — tc
✅ [2026-10-06T17:53:39.092Z] Static check passed: additional type checks — atc
✅ [2026-10-06T17:53:39.092Z] Static check passed: lint — lint
✅ [2026-10-06T17:53:39.092Z] Static check passed: build — build

📋 [2026-10-06T17:53:39.092Z] Phase: Unit Tests

✅ [2026-10-06T17:53:39.092Z] Unit tests passed!

            </system-out>
        </testcase>
        <testcase classname="adws/phases/__tests__/unitTestPhase.test.ts" name="executeUnitTestPhase — static checks and the unit-test switch &gt; logs the output of a check that passed, as it logged it before" time="0.001421375">
            <system-out>
📋 [2026-10-06T17:53:39.093Z] Phase: Static Checks

✅ [2026-10-06T17:53:39.093Z] Static check passed: type check — tc
✅ [2026-10-06T17:53:39.094Z] Static check passed: additional type checks — atc
✅ [2026-10-06T17:53:39.094Z] Static check passed: lint — lint
✅ [2026-10-06T17:53:39.094Z] Static check passed: build — build

📋 [2026-10-06T17:53:39.094Z] Unit tests disabled — skipping the test run

            </system-out>
        </testcase>
        <testcase classname="adws/phases/__tests__/unitTestPhase.test.ts" name="executeUnitTestPhase — a red static check the fix loop fixes, with unitTests true &gt; hands the failing check to the fix loop, runs the checks again, and completes" time="0.005283">
            <system-out>
📋 [2026-10-06T17:53:39.095Z] Phase: Static Checks

✅ [2026-10-06T17:53:39.095Z] Static check passed: type check — tc
✅ [2026-10-06T17:53:39.095Z] Static check passed: additional type checks — atc
[31m❌ [2026-10-06T17:53:39.095Z] Static check failed: lint (exit 1) — lint[0m
[31m❌ [2026-10-06T17:53:39.096Z] lint error in src/a.ts[0m
✅ [2026-10-06T17:53:39.096Z] Static check passed: build — build

📋 [2026-10-06T17:53:39.097Z] Static-check fix round 1: fixing lint (exit 1)

📋 [2026-10-06T17:53:39.098Z] Static-check fix round 1 kept; running the static checks again

✅ [2026-10-06T17:53:39.098Z] Static check passed: type check — tc
✅ [2026-10-06T17:53:39.098Z] Static check passed: additional type checks — atc
✅ [2026-10-06T17:53:39.098Z] Static check passed: lint — lint
✅ [2026-10-06T17:53:39.098Z] Static check passed: build — build

✅ [2026-10-06T17:53:39.098Z] Static checks green after 1 fix round(s)

📋 [2026-10-06T17:53:39.098Z] Phase: Unit Tests

✅ [2026-10-06T17:53:39.098Z] Unit tests passed!

            </system-out>
        </testcase>
        <testcase classname="adws/phases/__tests__/unitTestPhase.test.ts" name="executeUnitTestPhase — a red static check the fix loop fixes, with unitTests true &gt; runs the whole set of checks once, then the round, then the whole set again, and only then the test run" time="0.003893917">
            <system-out>
📋 [2026-10-06T17:53:39.100Z] Phase: Static Checks

✅ [2026-10-06T17:53:39.100Z] Static check passed: type check — tc
✅ [2026-10-06T17:53:39.100Z] Static check passed: additional type checks — atc
[31m❌ [2026-10-06T17:53:39.100Z] Static check failed: lint (exit 1) — lint[0m
[31m❌ [2026-10-06T17:53:39.101Z] lint error in src/a.ts[0m
✅ [2026-10-06T17:53:39.101Z] Static check passed: build — build

📋 [2026-10-06T17:53:39.102Z] Static-check fix round 1: fixing lint (exit 1)

📋 [2026-10-06T17:53:39.103Z] Static-check fix round 1 kept; running the static checks again

✅ [2026-10-06T17:53:39.103Z] Static check passed: type check — tc
✅ [2026-10-06T17:53:39.103Z] Static check passed: additional type checks — atc
✅ [2026-10-06T17:53:39.103Z] Static check passed: lint — lint
✅ [2026-10-06T17:53:39.103Z] Static check passed: build — build

✅ [2026-10-06T17:53:39.103Z] Static checks green after 1 fix round(s)

📋 [2026-10-06T17:53:39.103Z] Phase: Unit Tests

✅ [2026-10-06T17:53:39.103Z] Unit tests passed!

            </system-out>
        </testcase>
        <testcase classname="adws/phases/__tests__/unitTestPhase.test.ts" name="executeUnitTestPhase — a red static check the fix loop fixes, with unitTests true &gt; logs the failing check’s output, and the round, in the execution log" time="0.002378125">
            <system-out>
📋 [2026-10-06T17:53:39.104Z] Phase: Static Checks

✅ [2026-10-06T17:53:39.104Z] Static check passed: type check — tc
✅ [2026-10-06T17:53:39.104Z] Static check passed: additional type checks — atc
[31m❌ [2026-10-06T17:53:39.104Z] Static check failed: lint (exit 1) — lint[0m
[31m❌ [2026-10-06T17:53:39.104Z] lint error in src/a.ts[0m
✅ [2026-10-06T17:53:39.104Z] Static check passed: build — build

📋 [2026-10-06T17:53:39.104Z] Static-check fix round 1: fixing lint (exit 1)

📋 [2026-10-06T17:53:39.104Z] Static-check fix round 1 kept; running the static checks again

✅ [2026-10-06T17:53:39.104Z] Static check passed: type check — tc
✅ [2026-10-06T17:53:39.104Z] Static check passed: additional type checks — atc
✅ [2026-10-06T17:53:39.104Z] Static check passed: lint — lint
✅ [2026-10-06T17:53:39.104Z] Static check passed: build — build

✅ [2026-10-06T17:53:39.104Z] Static checks green after 1 fix round(s)

📋 [2026-10-06T17:53:39.105Z] Phase: Unit Tests

✅ [2026-10-06T17:53:39.105Z] Unit tests passed!

            </system-out>
        </testcase>
        <testcase classname="adws/phases/__tests__/unitTestPhase.test.ts" name="executeUnitTestPhase — a red static check the fix loop fixes, with unitTests true &gt; adds the cost and the model usage of the rounds to the cost of the phase" time="0.001693">
            <system-out>
📋 [2026-10-06T17:53:39.106Z] Phase: Static Checks

✅ [2026-10-06T17:53:39.106Z] Static check passed: type check — tc
✅ [2026-10-06T17:53:39.107Z] Static check passed: additional type checks — atc
[31m❌ [2026-10-06T17:53:39.107Z] Static check failed: lint (exit 1) — lint[0m
[31m❌ [2026-10-06T17:53:39.107Z] lint error in src/a.ts[0m
✅ [2026-10-06T17:53:39.107Z] Static check passed: build — build

📋 [2026-10-06T17:53:39.107Z] Static-check fix round 1: fixing lint (exit 1)

📋 [2026-10-06T17:53:39.107Z] Static-check fix round 1 kept; running the static checks again

✅ [2026-10-06T17:53:39.107Z] Static check passed: type check — tc
✅ [2026-10-06T17:53:39.107Z] Static check passed: additional type checks — atc
✅ [2026-10-06T17:53:39.107Z] Static check passed: lint — lint
✅ [2026-10-06T17:53:39.107Z] Static check passed: build — build

✅ [2026-10-06T17:53:39.107Z] Static checks green after 1 fix round(s)

📋 [2026-10-06T17:53:39.107Z] Phase: Unit Tests

✅ [2026-10-06T17:53:39.107Z] Unit tests passed!

            </system-out>
        </testcase>
        <testcase classname="adws/phases/__tests__/unitTestPhase.test.ts" name="executeUnitTestPhase — a red static check the fix loop fixes, with unitTests true &gt; hands one round every failing check at once" time="0.001129625">
            <system-out>
📋 [2026-10-06T17:53:39.108Z] Phase: Static Checks

✅ [2026-10-06T17:53:39.108Z] Static check passed: type check — tc
✅ [2026-10-06T17:53:39.108Z] Static check passed: additional type checks — atc
[31m❌ [2026-10-06T17:53:39.108Z] Static check failed: lint (exit 1) — lint[0m
[31m❌ [2026-10-06T17:53:39.108Z] lint error in src/a.ts[0m
[31m❌ [2026-10-06T17:53:39.108Z] Static check failed: build (exit 2) — build[0m
[31m❌ [2026-10-06T17:53:39.108Z] build error in src/b.ts[0m

📋 [2026-10-06T17:53:39.108Z] Static-check fix round 1: fixing lint (exit 1), build (exit 2)

📋 [2026-10-06T17:53:39.108Z] Static-check fix round 1 kept; running the static checks again

✅ [2026-10-06T17:53:39.108Z] Static check passed: type check — tc
✅ [2026-10-06T17:53:39.108Z] Static check passed: additional type checks — atc
✅ [2026-10-06T17:53:39.108Z] Static check passed: lint — lint
✅ [2026-10-06T17:53:39.108Z] Static check passed: build — build

✅ [2026-10-06T17:53:39.108Z] Static checks green after 1 fix round(s)

📋 [2026-10-06T17:53:39.108Z] Phase: Unit Tests

✅ [2026-10-06T17:53:39.108Z] Unit tests passed!

            </system-out>
        </testcase>
        <testcase classname="adws/phases/__tests__/unitTestPhase.test.ts" name="executeUnitTestPhase — a red static check the fix loop fixes, with unitTests true &gt; carries on past any fixed number of rounds while the output keeps changing" time="0.003528167">
            <system-out>
📋 [2026-10-06T17:53:39.109Z] Phase: Static Checks

✅ [2026-10-06T17:53:39.109Z] Static check passed: type check — tc
✅ [2026-10-06T17:53:39.109Z] Static check passed: additional type checks — atc
[31m❌ [2026-10-06T17:53:39.109Z] Static check failed: lint (exit 1) — lint[0m
[31m❌ [2026-10-06T17:53:39.109Z] 9 problems[0m
✅ [2026-10-06T17:53:39.109Z] Static check passed: build — build

📋 [2026-10-06T17:53:39.109Z] Static-check fix round 1: fixing lint (exit 1)

📋 [2026-10-06T17:53:39.109Z] Static-check fix round 1 kept; running the static checks again

✅ [2026-10-06T17:53:39.109Z] Static check passed: type check — tc
✅ [2026-10-06T17:53:39.109Z] Static check passed: additional type checks — atc
[31m❌ [2026-10-06T17:53:39.109Z] Static check failed: lint (exit 1) — lint[0m
[31m❌ [2026-10-06T17:53:39.110Z] 8 problems[0m
✅ [2026-10-06T17:53:39.110Z] Static check passed: build — build

📋 [2026-10-06T17:53:39.110Z] Static-check fix round 2: fixing lint (exit 1)

📋 [2026-10-06T17:53:39.110Z] Static-check fix round 2 kept; running the static checks again

✅ [2026-10-06T17:53:39.110Z] Static check passed: type check — tc
✅ [2026-10-06T17:53:39.110Z] Static check passed: additional type checks — atc
[31m❌ [2026-10-06T17:53:39.110Z] Static check failed: lint (exit 1) — lint[0m
[31m❌ [2026-10-06T17:53:39.110Z] 7 problems[0m
✅ [2026-10-06T17:53:39.110Z] Static check passed: build — build

📋 [2026-10-06T17:53:39.110Z] Static-check fix round 3: fixing lint (exit 1)

📋 [2026-10-06T17:53:39.110Z] Static-check fix round 3 kept; running the static checks again

✅ [2026-10-06T17:53:39.110Z] Static check passed: type check — tc
✅ [2026-10-06T17:53:39.110Z] Static check passed: additional type checks — atc
[31m❌ [2026-10-06T17:53:39.110Z] Static check failed: lint (exit 1) — lint[0m
[31m❌ [2026-10-06T17:53:39.110Z] 6 problems[0m
✅ [2026-10-06T17:53:39.110Z] Static check passed: build — build

📋 [2026-10-06T17:53:39.110Z] Static-check fix round 4: fixing lint (exit 1)

📋 [2026-10-06T17:53:39.110Z] Static-check fix round 4 kept; running the static checks again

✅ [2026-10-06T17:53:39.110Z] Static check passed: type check — tc
✅ [2026-10-06T17:53:39.110Z] Static check passed: additional type checks — atc
[31m❌ [2026-10-06T17:53:39.110Z] Static check failed: lint (exit 1) — lint[0m
[31m❌ [2026-10-06T17:53:39.110Z] 5 problems[0m
✅ [2026-10-06T17:53:39.110Z] Static check passed: build — build

📋 [2026-10-06T17:53:39.110Z] Static-check fix round 5: fixing lint (exit 1)

📋 [2026-10-06T17:53:39.111Z] Static-check fix round 5 kept; running the static checks again

✅ [2026-10-06T17:53:39.111Z] Static check passed: type check — tc
✅ [2026-10-06T17:53:39.111Z] Static check passed: additional type checks — atc
[31m❌ [2026-10-06T17:53:39.111Z] Static check failed: lint (exit 1) — lint[0m
[31m❌ [2026-10-06T17:53:39.111Z] 4 problems[0m
✅ [2026-10-06T17:53:39.111Z] Static check passed: build — build

📋 [2026-10-06T17:53:39.111Z] Static-check fix round 6: fixing lint (exit 1)

📋 [2026-10-06T17:53:39.111Z] Static-check fix round 6 kept; running the static checks again

✅ [2026-10-06T17:53:39.111Z] Static check passed: type check — tc
✅ [2026-10-06T17:53:39.111Z] Static check passed: additional type checks — atc
[31m❌ [2026-10-06T17:53:39.111Z] Static check failed: lint (exit 1) — lint[0m
[31m❌ [2026-10-06T17:53:39.111Z] 3 problems[0m
✅ [2026-10-06T17:53:39.111Z] Static check passed: build — build

📋 [2026-10-06T17:53:39.111Z] Static-check fix round 7: fixing lint (exit 1)

📋 [2026-10-06T17:53:39.111Z] Static-check fix round 7 kept; running the static checks again

✅ [2026-10-06T17:53:39.111Z] Static check passed: type check — tc
✅ [2026-10-06T17:53:39.111Z] Static check passed: additional type checks — atc
[31m❌ [2026-10-06T17:53:39.111Z] Static check failed: lint (exit 1) — lint[0m
[31m❌ [2026-10-06T17:53:39.111Z] 2 problems[0m
✅ [2026-10-06T17:53:39.111Z] Static check passed: build — build

📋 [2026-10-06T17:53:39.111Z] Static-check fix round 8: fixing lint (exit 1)

📋 [2026-10-06T17:53:39.111Z] Static-check fix round 8 kept; running the static checks again

✅ [2026-10-06T17:53:39.111Z] Static check passed: type check — tc
✅ [2026-10-06T17:53:39.111Z] Static check passed: additional type checks — atc
[31m❌ [2026-10-06T17:53:39.111Z] Static check failed: lint (exit 1) — lint[0m
[31m❌ [2026-10-06T17:53:39.111Z] 1 problems[0m
✅ [2026-10-06T17:53:39.111Z] Static check passed: build — build

📋 [2026-10-06T17:53:39.111Z] Static-check fix round 9: fixing lint (exit 1)

📋 [2026-10-06T17:53:39.112Z] Static-check fix round 9 kept; running the static checks again

✅ [2026-10-06T17:53:39.112Z] Static check passed: type check — tc
✅ [2026-10-06T17:53:39.112Z] Static check passed: additional type checks — atc
✅ [2026-10-06T17:53:39.112Z] Static check passed: lint — lint
✅ [2026-10-06T17:53:39.112Z] Static check passed: build — build

✅ [2026-10-06T17:53:39.112Z] Static checks green after 9 fix round(s)

📋 [2026-10-06T17:53:39.112Z] Phase: Unit Tests

✅ [2026-10-06T17:53:39.112Z] Unit tests passed!

            </system-out>
        </testcase>
        <testcase classname="adws/phases/__tests__/unitTestPhase.test.ts" name="executeUnitTestPhase — a red static check the fix loop fixes, with unitTests false &gt; hands the failing check to the fix loop, runs the checks again, and completes" time="0.001083375">
            <system-out>
📋 [2026-10-06T17:53:39.112Z] Phase: Static Checks

✅ [2026-10-06T17:53:39.113Z] Static check passed: type check — tc
✅ [2026-10-06T17:53:39.113Z] Static check passed: additional type checks — atc
[31m❌ [2026-10-06T17:53:39.113Z] Static check failed: lint (exit 1) — lint[0m
[31m❌ [2026-10-06T17:53:39.113Z] lint error in src/a.ts[0m
✅ [2026-10-06T17:53:39.113Z] Static check passed: build — build

📋 [2026-10-06T17:53:39.113Z] Static-check fix round 1: fixing lint (exit 1)

📋 [2026-10-06T17:53:39.113Z] Static-check fix round 1 kept; running the static checks again

✅ [2026-10-06T17:53:39.113Z] Static check passed: type check — tc
✅ [2026-10-06T17:53:39.113Z] Static check passed: additional type checks — atc
✅ [2026-10-06T17:53:39.113Z] Static check passed: lint — lint
✅ [2026-10-06T17:53:39.113Z] Static check passed: build — build

✅ [2026-10-06T17:53:39.113Z] Static checks green after 1 fix round(s)

📋 [2026-10-06T17:53:39.113Z] Unit tests disabled — skipping the test run

            </system-out>
        </testcase>
        <testcase classname="adws/phases/__tests__/unitTestPhase.test.ts" name="executeUnitTestPhase — a red static check the fix loop fixes, with unitTests false &gt; runs the whole set of checks once, then the round, then the whole set again, and only then the test run" time="0.000908125">
            <system-out>
📋 [2026-10-06T17:53:39.114Z] Phase: Static Checks

✅ [2026-10-06T17:53:39.114Z] Static check passed: type check — tc
✅ [2026-10-06T17:53:39.114Z] Static check passed: additional type checks — atc
[31m❌ [2026-10-06T17:53:39.114Z] Static check failed: lint (exit 1) — lint[0m
[31m❌ [2026-10-06T17:53:39.114Z] lint error in src/a.ts[0m
✅ [2026-10-06T17:53:39.114Z] Static check passed: build — build

📋 [2026-10-06T17:53:39.114Z] Static-check fix round 1: fixing lint (exit 1)

📋 [2026-10-06T17:53:39.114Z] Static-check fix round 1 kept; running the static checks again

✅ [2026-10-06T17:53:39.114Z] Static check passed: type check — tc
✅ [2026-10-06T17:53:39.114Z] Static check passed: additional type checks — atc
✅ [2026-10-06T17:53:39.114Z] Static check passed: lint — lint
✅ [2026-10-06T17:53:39.114Z] Static check passed: build — build

✅ [2026-10-06T17:53:39.114Z] Static checks green after 1 fix round(s)

📋 [2026-10-06T17:53:39.114Z] Unit tests disabled — skipping the test run

            </system-out>
        </testcase>
        <testcase classname="adws/phases/__tests__/unitTestPhase.test.ts" name="executeUnitTestPhase — a red static check the fix loop fixes, with unitTests false &gt; logs the failing check’s output, and the round, in the execution log" time="0.001193167">
            <system-out>
📋 [2026-10-06T17:53:39.114Z] Phase: Static Checks

✅ [2026-10-06T17:53:39.115Z] Static check passed: type check — tc
✅ [2026-10-06T17:53:39.115Z] Static check passed: additional type checks — atc
[31m❌ [2026-10-06T17:53:39.115Z] Static check failed: lint (exit 1) — lint[0m
[31m❌ [2026-10-06T17:53:39.115Z] lint error in src/a.ts[0m
✅ [2026-10-06T17:53:39.115Z] Static check passed: build — build

📋 [2026-10-06T17:53:39.115Z] Static-check fix round 1: fixing lint (exit 1)

📋 [2026-10-06T17:53:39.115Z] Static-check fix round 1 kept; running the static checks again

✅ [2026-10-06T17:53:39.115Z] Static check passed: type check — tc
✅ [2026-10-06T17:53:39.115Z] Static check passed: additional type checks — atc
✅ [2026-10-06T17:53:39.115Z] Static check passed: lint — lint
✅ [2026-10-06T17:53:39.115Z] Static check passed: build — build

✅ [2026-10-06T17:53:39.115Z] Static checks green after 1 fix round(s)

📋 [2026-10-06T17:53:39.115Z] Unit tests disabled — skipping the test run

            </system-out>
        </testcase>
        <testcase classname="adws/phases/__tests__/unitTestPhase.test.ts" name="executeUnitTestPhase — a red static check the fix loop fixes, with unitTests false &gt; adds the cost and the model usage of the rounds to the cost of the phase" time="0.00106875">
            <system-out>
📋 [2026-10-06T17:53:39.116Z] Phase: Static Checks

✅ [2026-10-06T17:53:39.116Z] Static check passed: type check — tc
✅ [2026-10-06T17:53:39.116Z] Static check passed: additional type checks — atc
[31m❌ [2026-10-06T17:53:39.116Z] Static check failed: lint (exit 1) — lint[0m
[31m❌ [2026-10-06T17:53:39.116Z] lint error in src/a.ts[0m
✅ [2026-10-06T17:53:39.116Z] Static check passed: build — build

📋 [2026-10-06T17:53:39.116Z] Static-check fix round 1: fixing lint (exit 1)

📋 [2026-10-06T17:53:39.116Z] Static-check fix round 1 kept; running the static checks again

✅ [2026-10-06T17:53:39.116Z] Static check passed: type check — tc
✅ [2026-10-06T17:53:39.116Z] Static check passed: additional type checks — atc
✅ [2026-10-06T17:53:39.116Z] Static check passed: lint — lint
✅ [2026-10-06T17:53:39.116Z] Static check passed: build — build

✅ [2026-10-06T17:53:39.116Z] Static checks green after 1 fix round(s)

📋 [2026-10-06T17:53:39.116Z] Unit tests disabled — skipping the test run

            </system-out>
        </testcase>
        <testcase classname="adws/phases/__tests__/unitTestPhase.test.ts" name="executeUnitTestPhase — a red static check the fix loop fixes, with unitTests false &gt; hands one round every failing check at once" time="0.001075875">
            <system-out>
📋 [2026-10-06T17:53:39.117Z] Phase: Static Checks

✅ [2026-10-06T17:53:39.117Z] Static check passed: type check — tc
✅ [2026-10-06T17:53:39.117Z] Static check passed: additional type checks — atc
[31m❌ [2026-10-06T17:53:39.117Z] Static check failed: lint (exit 1) — lint[0m
[31m❌ [2026-10-06T17:53:39.117Z] lint error in src/a.ts[0m
[31m❌ [2026-10-06T17:53:39.117Z] Static check failed: build (exit 2) — build[0m
[31m❌ [2026-10-06T17:53:39.117Z] build error in src/b.ts[0m

📋 [2026-10-06T17:53:39.117Z] Static-check fix round 1: fixing lint (exit 1), build (exit 2)

📋 [2026-10-06T17:53:39.117Z] Static-check fix round 1 kept; running the static checks again

✅ [2026-10-06T17:53:39.117Z] Static check passed: type check — tc
✅ [2026-10-06T17:53:39.117Z] Static check passed: additional type checks — atc
✅ [2026-10-06T17:53:39.117Z] Static check passed: lint — lint
✅ [2026-10-06T17:53:39.117Z] Static check passed: build — build

✅ [2026-10-06T17:53:39.117Z] Static checks green after 1 fix round(s)

📋 [2026-10-06T17:53:39.117Z] Unit tests disabled — skipping the test run

            </system-out>
        </testcase>
        <testcase classname="adws/phases/__tests__/unitTestPhase.test.ts" name="executeUnitTestPhase — a red static check the fix loop fixes, with unitTests false &gt; carries on past any fixed number of rounds while the output keeps changing" time="0.00279425">
            <system-out>
📋 [2026-10-06T17:53:39.118Z] Phase: Static Checks

✅ [2026-10-06T17:53:39.118Z] Static check passed: type check — tc
✅ [2026-10-06T17:53:39.118Z] Static check passed: additional type checks — atc
[31m❌ [2026-10-06T17:53:39.118Z] Static check failed: lint (exit 1) — lint[0m
[31m❌ [2026-10-06T17:53:39.118Z] 9 problems[0m
✅ [2026-10-06T17:53:39.118Z] Static check passed: build — build

📋 [2026-10-06T17:53:39.118Z] Static-check fix round 1: fixing lint (exit 1)

📋 [2026-10-06T17:53:39.118Z] Static-check fix round 1 kept; running the static checks again

✅ [2026-10-06T17:53:39.118Z] Static check passed: type check — tc
✅ [2026-10-06T17:53:39.118Z] Static check passed: additional type checks — atc
[31m❌ [2026-10-06T17:53:39.118Z] Static check failed: lint (exit 1) — lint[0m
[31m❌ [2026-10-06T17:53:39.118Z] 8 problems[0m
✅ [2026-10-06T17:53:39.118Z] Static check passed: build — build

📋 [2026-10-06T17:53:39.118Z] Static-check fix round 2: fixing lint (exit 1)

📋 [2026-10-06T17:53:39.118Z] Static-check fix round 2 kept; running the static checks again

✅ [2026-10-06T17:53:39.118Z] Static check passed: type check — tc
✅ [2026-10-06T17:53:39.118Z] Static check passed: additional type checks — atc
[31m❌ [2026-10-06T17:53:39.118Z] Static check failed: lint (exit 1) — lint[0m
[31m❌ [2026-10-06T17:53:39.118Z] 7 problems[0m
✅ [2026-10-06T17:53:39.118Z] Static check passed: build — build

📋 [2026-10-06T17:53:39.119Z] Static-check fix round 3: fixing lint (exit 1)

📋 [2026-10-06T17:53:39.119Z] Static-check fix round 3 kept; running the static checks again

✅ [2026-10-06T17:53:39.119Z] Static check passed: type check — tc
✅ [2026-10-06T17:53:39.119Z] Static check passed: additional type checks — atc
[31m❌ [2026-10-06T17:53:39.119Z] Static check failed: lint (exit 1) — lint[0m
[31m❌ [2026-10-06T17:53:39.119Z] 6 problems[0m
✅ [2026-10-06T17:53:39.119Z] Static check passed: build — build

📋 [2026-10-06T17:53:39.119Z] Static-check fix round 4: fixing lint (exit 1)

📋 [2026-10-06T17:53:39.119Z] Static-check fix round 4 kept; running the static checks again

✅ [2026-10-06T17:53:39.119Z] Static check passed: type check — tc
✅ [2026-10-06T17:53:39.119Z] Static check passed: additional type checks — atc
[31m❌ [2026-10-06T17:53:39.119Z] Static check failed: lint (exit 1) — lint[0m
[31m❌ [2026-10-06T17:53:39.119Z] 5 problems[0m
✅ [2026-10-06T17:53:39.119Z] Static check passed: build — build

📋 [2026-10-06T17:53:39.119Z] Static-check fix round 5: fixing lint (exit 1)

📋 [2026-10-06T17:53:39.119Z] Static-check fix round 5 kept; running the static checks again

✅ [2026-10-06T17:53:39.119Z] Static check passed: type check — tc
✅ [2026-10-06T17:53:39.119Z] Static check passed: additional type checks — atc
[31m❌ [2026-10-06T17:53:39.119Z] Static check failed: lint (exit 1) — lint[0m
[31m❌ [2026-10-06T17:53:39.119Z] 4 problems[0m
✅ [2026-10-06T17:53:39.119Z] Static check passed: build — build

📋 [2026-10-06T17:53:39.119Z] Static-check fix round 6: fixing lint (exit 1)

📋 [2026-10-06T17:53:39.119Z] Static-check fix round 6 kept; running the static checks again

✅ [2026-10-06T17:53:39.119Z] Static check passed: type check — tc
✅ [2026-10-06T17:53:39.119Z] Static check passed: additional type checks — atc
[31m❌ [2026-10-06T17:53:39.119Z] Static check failed: lint (exit 1) — lint[0m
[31m❌ [2026-10-06T17:53:39.119Z] 3 problems[0m
✅ [2026-10-06T17:53:39.119Z] Static check passed: build — build

📋 [2026-10-06T17:53:39.119Z] Static-check fix round 7: fixing lint (exit 1)

📋 [2026-10-06T17:53:39.119Z] Static-check fix round 7 kept; running the static checks again

✅ [2026-10-06T17:53:39.119Z] Static check passed: type check — tc
✅ [2026-10-06T17:53:39.120Z] Static check passed: additional type checks — atc
[31m❌ [2026-10-06T17:53:39.120Z] Static check failed: lint (exit 1) — lint[0m
[31m❌ [2026-10-06T17:53:39.120Z] 2 problems[0m
✅ [2026-10-06T17:53:39.120Z] Static check passed: build — build

📋 [2026-10-06T17:53:39.120Z] Static-check fix round 8: fixing lint (exit 1)

📋 [2026-10-06T17:53:39.120Z] Static-check fix round 8 kept; running the static checks again

✅ [2026-10-06T17:53:39.120Z] Static check passed: type check — tc
✅ [2026-10-06T17:53:39.120Z] Static check passed: additional type checks — atc
[31m❌ [2026-10-06T17:53:39.120Z] Static check failed: lint (exit 1) — lint[0m
[31m❌ [2026-10-06T17:53:39.120Z] 1 problems[0m
✅ [2026-10-06T17:53:39.120Z] Static check passed: build — build

📋 [2026-10-06T17:53:39.120Z] Static-check fix round 9: fixing lint (exit 1)

📋 [2026-10-06T17:53:39.120Z] Static-check fix round 9 kept; running the static checks again

✅ [2026-10-06T17:53:39.120Z] Static check passed: type check — tc
✅ [2026-10-06T17:53:39.120Z] Static check passed: additional type checks — atc
✅ [2026-10-06T17:53:39.120Z] Static check passed: lint — lint
✅ [2026-10-06T17:53:39.120Z] Static check passed: build — build

✅ [2026-10-06T17:53:39.120Z] Static checks green after 9 fix round(s)

📋 [2026-10-06T17:53:39.120Z] Unit tests disabled — skipping the test run

            </system-out>
        </testcase>
        <testcase classname="adws/phases/__tests__/unitTestPhase.test.ts" name="executeUnitTestPhase — a hard-failed unit-test run &gt; still ends the run with exit code 1 and the unit-test error" time="0.001746125">
            <system-out>
📋 [2026-10-06T17:53:39.121Z] Phase: Static Checks

✅ [2026-10-06T17:53:39.121Z] Static check passed: type check — tc
✅ [2026-10-06T17:53:39.121Z] Static check passed: additional type checks — atc
✅ [2026-10-06T17:53:39.121Z] Static check passed: lint — lint
✅ [2026-10-06T17:53:39.121Z] Static check passed: build — build

📋 [2026-10-06T17:53:39.121Z] Phase: Unit Tests

[31m❌ [2026-10-06T17:53:39.121Z] Unit tests hard-failed: unit tests failed. No PR was created.[0m

            </system-out>
        </testcase>
        <testcase classname="adws/phases/__tests__/unitTestPhase.test.ts" name="executeUnitTestPhase — a hard-failed unit-test run &gt; is not a park: no park comment, and no human_gated stage" time="0.000953">
            <system-out>
📋 [2026-10-06T17:53:39.122Z] Phase: Static Checks

✅ [2026-10-06T17:53:39.122Z] Static check passed: type check — tc
✅ [2026-10-06T17:53:39.123Z] Static check passed: additional type checks — atc
✅ [2026-10-06T17:53:39.123Z] Static check passed: lint — lint
✅ [2026-10-06T17:53:39.123Z] Static check passed: build — build

📋 [2026-10-06T17:53:39.123Z] Phase: Unit Tests

[31m❌ [2026-10-06T17:53:39.123Z] Unit tests hard-failed: unit tests failed. No PR was created.[0m

            </system-out>
        </testcase>
    </testsuite>
    <testsuite name="adws/phases/__tests__/upgradeGate.test.ts" timestamp="2026-10-06T17:53:43.912Z" hostname="macmini.local" tests="23" failures="0" errors="0" skipped="0" time="0.010691292">
        <testcase classname="adws/phases/__tests__/upgradeGate.test.ts" name="shouldTriggerUpgrade &gt; returns true when storedVersion is null (first bootstrap)" time="0.001392958">
        </testcase>
        <testcase classname="adws/phases/__tests__/upgradeGate.test.ts" name="shouldTriggerUpgrade &gt; returns false when hashes are equal" time="0.000159292">
        </testcase>
        <testcase classname="adws/phases/__tests__/upgradeGate.test.ts" name="shouldTriggerUpgrade &gt; returns true when hashes differ" time="0.000114875">
        </testcase>
        <testcase classname="adws/phases/__tests__/upgradeGate.test.ts" name="addDependencyToBody &gt; appends a new ## Blocked by section when body has none" time="0.000588917">
        </testcase>
        <testcase classname="adws/phases/__tests__/upgradeGate.test.ts" name="addDependencyToBody &gt; inserts bullet into existing ## Blocked by section without adding second heading" time="0.000390958">
        </testcase>
        <testcase classname="adws/phases/__tests__/upgradeGate.test.ts" name="addDependencyToBody &gt; is idempotent when the reference already exists" time="0.00017175">
        </testcase>
        <testcase classname="adws/phases/__tests__/upgradeGate.test.ts" name="addDependencyToBody &gt; recognises ## Dependencies heading" time="0.000229666">
        </testcase>
        <testcase classname="adws/phases/__tests__/upgradeGate.test.ts" name="addDependencyToBody &gt; recognises ## Depends on heading" time="0.000300625">
        </testcase>
        <testcase classname="adws/phases/__tests__/upgradeGate.test.ts" name="runUpgradeGate — proceed (hash match) &gt; returns proceed and does not call claimUpgrade" time="0.001155291">
        </testcase>
        <testcase classname="adws/phases/__tests__/upgradeGate.test.ts" name="runUpgradeGate — proceed (hash match) &gt; passes defaultBranch and workspacePath to readAdwVersion" time="0.001090375">
        </testcase>
        <testcase classname="adws/phases/__tests__/upgradeGate.test.ts" name="runUpgradeGate — proceed (hash match) &gt; stale local worktree but remote default branch matches current hash → proceed" time="0.000188625">
        </testcase>
        <testcase classname="adws/phases/__tests__/upgradeGate.test.ts" name="runUpgradeGate — winner path &gt; calls createIssue" time="0.000341958">
        </testcase>
        <testcase classname="adws/phases/__tests__/upgradeGate.test.ts" name="runUpgradeGate — winner path &gt; applies adw:upgrade label to the new issue" time="0.000191083">
        </testcase>
        <testcase classname="adws/phases/__tests__/upgradeGate.test.ts" name="runUpgradeGate — winner path &gt; spawns the upgrade orchestrator" time="0.000177417">
        </testcase>
        <testcase classname="adws/phases/__tests__/upgradeGate.test.ts" name="runUpgradeGate — winner path &gt; calls updateIssueBody with a body containing the UPG reference" time="0.0001545">
        </testcase>
        <testcase classname="adws/phases/__tests__/upgradeGate.test.ts" name="runUpgradeGate — winner path &gt; calls moveToStatus with Todo" time="0.000153125">
        </testcase>
        <testcase classname="adws/phases/__tests__/upgradeGate.test.ts" name="runUpgradeGate — winner path &gt; returns parked winner outcome" time="0.000365333">
        </testcase>
        <testcase classname="adws/phases/__tests__/upgradeGate.test.ts" name="runUpgradeGate — loser path (issue resolvable via claim) &gt; does not call createIssue or spawnUpgradeOrchestrator" time="0.000175583">
        </testcase>
        <testcase classname="adws/phases/__tests__/upgradeGate.test.ts" name="runUpgradeGate — loser path (issue resolvable via claim) &gt; registers dependency on existing UPG issue" time="0.000151334">
        </testcase>
        <testcase classname="adws/phases/__tests__/upgradeGate.test.ts" name="runUpgradeGate — loser path (issue resolvable via claim) &gt; calls moveToStatus with Todo" time="0.000129334">
        </testcase>
        <testcase classname="adws/phases/__tests__/upgradeGate.test.ts" name="runUpgradeGate — loser path (issue resolvable via claim) &gt; returns parked loser outcome with correct upgradeIssueNumber" time="0.000132417">
        </testcase>
        <testcase classname="adws/phases/__tests__/upgradeGate.test.ts" name="runUpgradeGate — loser path (fallback to findOpenUpgradeIssue) &gt; registers dependency on fallback issue when existingIssueNumber is null" time="0.000155667">
        </testcase>
        <testcase classname="adws/phases/__tests__/upgradeGate.test.ts" name="runUpgradeGate — loser path (unresolved race: no issue found) &gt; parks without body edit when no UPG issue is found" time="0.001029542">
        </testcase>
    </testsuite>
    <testsuite name="adws/phases/__tests__/workflowCompletion.test.ts" timestamp="2026-10-06T17:53:43.913Z" hostname="macmini.local" tests="9" failures="0" errors="0" skipped="0" time="0.004171167">
        <testcase classname="adws/phases/__tests__/workflowCompletion.test.ts" name="buildPausedWorkflowEntry &gt; writes resetsAt (as ISO) and rateLimitType when the facts carry both" time="0.000891209">
        </testcase>
        <testcase classname="adws/phases/__tests__/workflowCompletion.test.ts" name="buildPausedWorkflowEntry &gt; omits resetsAt and rateLimitType entirely when facts are empty, matching the pre-#910 shape" time="0.001276583">
        </testcase>
        <testcase classname="adws/phases/__tests__/workflowCompletion.test.ts" name="buildPausedWorkflowEntry &gt; writes rateLimitType alone when the facts carry a type but no reset time" time="0.00022825">
        </testcase>
        <testcase classname="adws/phases/__tests__/workflowCompletion.test.ts" name="buildPausedWorkflowEntry &gt; keeps the untouched extraArgs behaviour: set when targetRepo is present, absent otherwise" time="0.000228708">
        </testcase>
        <testcase classname="adws/phases/__tests__/workflowCompletion.test.ts" name="buildPausedWorkflowEntry &gt; stamps pausedAt from the injected now" time="0.00014375">
        </testcase>
        <testcase classname="adws/phases/__tests__/workflowCompletion.test.ts" name="describeRateLimitPauseReason &gt; keeps today&apos;s text, byte-identical, when the facts carry neither a type nor a reset time" time="0.000172084">
        </testcase>
        <testcase classname="adws/phases/__tests__/workflowCompletion.test.ts" name="describeRateLimitPauseReason &gt; names the limit type when only the type is known" time="0.000109959">
        </testcase>
        <testcase classname="adws/phases/__tests__/workflowCompletion.test.ts" name="describeRateLimitPauseReason &gt; names the limit type and the reset time (UTC) when both are known" time="0.000123">
        </testcase>
        <testcase classname="adws/phases/__tests__/workflowCompletion.test.ts" name="describeRateLimitPauseReason &gt; names the reset time (UTC) alone when only the reset time is known" time="0.000127833">
        </testcase>
    </testsuite>
    <testsuite name="adws/phases/__tests__/workflowInit.test.ts" timestamp="2026-10-06T17:53:43.913Z" hostname="macmini.local" tests="20" failures="0" errors="0" skipped="0" time="0.056479041">
        <testcase classname="adws/phases/__tests__/workflowInit.test.ts" name="initializeWorkflow determinism — criterion 3 (issue #524) &gt; calls the branch-name agent exactly once across two initialisations with the same adwId" time="0.013483583">
            <system-out>
📋 [2026-10-06T17:53:39.155Z] Pre-flight check passed: Claude CLI found at /Users/martin/.local/bin/claude
📋 [2026-10-06T17:53:39.158Z] Fetching issue...

✅ [2026-10-06T17:53:39.158Z] Fetched issue: Test issue
📋 [2026-10-06T17:53:39.158Z] Using pre-classified issue type: /feature
📋 [2026-10-06T17:53:39.158Z] [test-wfinit-1791309219145-c3] ===================================
📋 [2026-10-06T17:53:39.158Z] [test-wfinit-1791309219145-c3] orchestrator
📋 [2026-10-06T17:53:39.158Z] [test-wfinit-1791309219145-c3] Issue: #9000
📋 [2026-10-06T17:53:39.158Z] [test-wfinit-1791309219145-c3] ADW ID: test-wfinit-1791309219145-c3
📋 [2026-10-06T17:53:39.158Z] [test-wfinit-1791309219145-c3] ADW version: abc1234
📋 [2026-10-06T17:53:39.158Z] [test-wfinit-1791309219145-c3] ===================================

✅ [2026-10-06T17:53:39.159Z] [test-wfinit-1791309219145-c3] Branch name generated: feature-issue-9000-slug-alpha

📋 [2026-10-06T17:53:39.160Z] [test-wfinit-1791309219145-c3] Worktree path: /tmp/fake-worktree
📋 [2026-10-06T17:53:39.160Z] [test-wfinit-1791309219145-c3] State: /Users/martin/projects/paysdoc/AI_Dev_Workflow/.worktrees/feature-issue-1018-promote-rate-limit-probe-regression/agents/test-wfinit-1791309219145-c3/orchestrator
📋 [2026-10-06T17:53:39.160Z] [test-wfinit-1791309219145-c3] Logs: /Users/martin/projects/paysdoc/AI_Dev_Workflow/.worktrees/feature-issue-1018-promote-rate-limit-probe-regression/logs/test-wfinit-1791309219145-c3
📋 [2026-10-06T17:53:39.162Z] [test-wfinit-1791309219145-c3] No .adw/ directory found, using default project config
📋 [2026-10-06T17:53:39.162Z] [test-wfinit-1791309219145-c3] adw.yml unit-test gate: enabled

📋 [2026-10-06T17:53:39.162Z] [test-wfinit-1791309219145-c3] Allocated port 3000 for dev server (http://localhost:3000)

📋 [2026-10-06T17:53:39.163Z] [test-wfinit-1791309219145-c3] Pre-flight check passed: Claude CLI found at /Users/martin/.local/bin/claude
📋 [2026-10-06T17:53:39.163Z] [test-wfinit-1791309219145-c3] Fetching issue...

✅ [2026-10-06T17:53:39.163Z] [test-wfinit-1791309219145-c3] Fetched issue: Test issue
📋 [2026-10-06T17:53:39.163Z] [test-wfinit-1791309219145-c3] Using pre-classified issue type: /feature
📋 [2026-10-06T17:53:39.163Z] [test-wfinit-1791309219145-c3] ===================================
📋 [2026-10-06T17:53:39.163Z] [test-wfinit-1791309219145-c3] orchestrator
📋 [2026-10-06T17:53:39.163Z] [test-wfinit-1791309219145-c3] Issue: #9000
📋 [2026-10-06T17:53:39.163Z] [test-wfinit-1791309219145-c3] ADW ID: test-wfinit-1791309219145-c3
📋 [2026-10-06T17:53:39.163Z] [test-wfinit-1791309219145-c3] ADW version: abc1234
📋 [2026-10-06T17:53:39.163Z] [test-wfinit-1791309219145-c3] ===================================
📋 [2026-10-06T17:53:39.163Z] [test-wfinit-1791309219145-c3] Reusing persisted branch name for adwId test-wfinit-1791309219145-c3: feature-issue-9000-slug-alpha

📋 [2026-10-06T17:53:39.163Z] [test-wfinit-1791309219145-c3] Worktree path: /tmp/fake-worktree
📋 [2026-10-06T17:53:39.163Z] [test-wfinit-1791309219145-c3] State: /Users/martin/projects/paysdoc/AI_Dev_Workflow/.worktrees/feature-issue-1018-promote-rate-limit-probe-regression/agents/test-wfinit-1791309219145-c3/orchestrator
📋 [2026-10-06T17:53:39.163Z] [test-wfinit-1791309219145-c3] Logs: /Users/martin/projects/paysdoc/AI_Dev_Workflow/.worktrees/feature-issue-1018-promote-rate-limit-probe-regression/logs/test-wfinit-1791309219145-c3
📋 [2026-10-06T17:53:39.164Z] [test-wfinit-1791309219145-c3] No .adw/ directory found, using default project config
📋 [2026-10-06T17:53:39.164Z] [test-wfinit-1791309219145-c3] adw.yml unit-test gate: enabled

📋 [2026-10-06T17:53:39.164Z] [test-wfinit-1791309219145-c3] Allocated port 3000 for dev server (http://localhost:3000)

            </system-out>
        </testcase>
        <testcase classname="adws/phases/__tests__/workflowInit.test.ts" name="initializeWorkflow determinism — criterion 3 (issue #524) &gt; both initialisations return the branch name from the first agent call" time="0.004167417">
            <system-out>
📋 [2026-10-06T17:53:39.166Z] [test-wfinit-1791309219145-c3] Pre-flight check passed: Claude CLI found at /Users/martin/.local/bin/claude
📋 [2026-10-06T17:53:39.166Z] [test-wfinit-1791309219145-c3] Fetching issue...

✅ [2026-10-06T17:53:39.166Z] [test-wfinit-1791309219145-c3] Fetched issue: Test issue
📋 [2026-10-06T17:53:39.166Z] [test-wfinit-1791309219145-c3] Using pre-classified issue type: /feature
📋 [2026-10-06T17:53:39.166Z] [test-wfinit-1791309219145-c3b] ===================================
📋 [2026-10-06T17:53:39.166Z] [test-wfinit-1791309219145-c3b] orchestrator
📋 [2026-10-06T17:53:39.166Z] [test-wfinit-1791309219145-c3b] Issue: #9000
📋 [2026-10-06T17:53:39.166Z] [test-wfinit-1791309219145-c3b] ADW ID: test-wfinit-1791309219145-c3b
📋 [2026-10-06T17:53:39.166Z] [test-wfinit-1791309219145-c3b] ADW version: abc1234
📋 [2026-10-06T17:53:39.166Z] [test-wfinit-1791309219145-c3b] ===================================

✅ [2026-10-06T17:53:39.167Z] [test-wfinit-1791309219145-c3b] Branch name generated: feature-issue-9000-slug-first

📋 [2026-10-06T17:53:39.167Z] [test-wfinit-1791309219145-c3b] Worktree path: /tmp/fake-worktree
📋 [2026-10-06T17:53:39.167Z] [test-wfinit-1791309219145-c3b] State: /Users/martin/projects/paysdoc/AI_Dev_Workflow/.worktrees/feature-issue-1018-promote-rate-limit-probe-regression/agents/test-wfinit-1791309219145-c3b/orchestrator
📋 [2026-10-06T17:53:39.167Z] [test-wfinit-1791309219145-c3b] Logs: /Users/martin/projects/paysdoc/AI_Dev_Workflow/.worktrees/feature-issue-1018-promote-rate-limit-probe-regression/logs/test-wfinit-1791309219145-c3b
📋 [2026-10-06T17:53:39.168Z] [test-wfinit-1791309219145-c3b] No .adw/ directory found, using default project config
📋 [2026-10-06T17:53:39.168Z] [test-wfinit-1791309219145-c3b] adw.yml unit-test gate: enabled

📋 [2026-10-06T17:53:39.169Z] [test-wfinit-1791309219145-c3b] Allocated port 3000 for dev server (http://localhost:3000)

📋 [2026-10-06T17:53:39.169Z] [test-wfinit-1791309219145-c3b] Pre-flight check passed: Claude CLI found at /Users/martin/.local/bin/claude
📋 [2026-10-06T17:53:39.169Z] [test-wfinit-1791309219145-c3b] Fetching issue...

✅ [2026-10-06T17:53:39.169Z] [test-wfinit-1791309219145-c3b] Fetched issue: Test issue
📋 [2026-10-06T17:53:39.169Z] [test-wfinit-1791309219145-c3b] Using pre-classified issue type: /feature
📋 [2026-10-06T17:53:39.169Z] [test-wfinit-1791309219145-c3b] ===================================
📋 [2026-10-06T17:53:39.169Z] [test-wfinit-1791309219145-c3b] orchestrator
📋 [2026-10-06T17:53:39.169Z] [test-wfinit-1791309219145-c3b] Issue: #9000
📋 [2026-10-06T17:53:39.169Z] [test-wfinit-1791309219145-c3b] ADW ID: test-wfinit-1791309219145-c3b
📋 [2026-10-06T17:53:39.169Z] [test-wfinit-1791309219145-c3b] ADW version: abc1234
📋 [2026-10-06T17:53:39.169Z] [test-wfinit-1791309219145-c3b] ===================================
📋 [2026-10-06T17:53:39.169Z] [test-wfinit-1791309219145-c3b] Reusing persisted branch name for adwId test-wfinit-1791309219145-c3b: feature-issue-9000-slug-first

📋 [2026-10-06T17:53:39.169Z] [test-wfinit-1791309219145-c3b] Worktree path: /tmp/fake-worktree
📋 [2026-10-06T17:53:39.169Z] [test-wfinit-1791309219145-c3b] State: /Users/martin/projects/paysdoc/AI_Dev_Workflow/.worktrees/feature-issue-1018-promote-rate-limit-probe-regression/agents/test-wfinit-1791309219145-c3b/orchestrator
📋 [2026-10-06T17:53:39.169Z] [test-wfinit-1791309219145-c3b] Logs: /Users/martin/projects/paysdoc/AI_Dev_Workflow/.worktrees/feature-issue-1018-promote-rate-limit-probe-regression/logs/test-wfinit-1791309219145-c3b
📋 [2026-10-06T17:53:39.169Z] [test-wfinit-1791309219145-c3b] No .adw/ directory found, using default project config
📋 [2026-10-06T17:53:39.169Z] [test-wfinit-1791309219145-c3b] adw.yml unit-test gate: enabled

📋 [2026-10-06T17:53:39.169Z] [test-wfinit-1791309219145-c3b] Allocated port 3000 for dev server (http://localhost:3000)

            </system-out>
        </testcase>
        <testcase classname="adws/phases/__tests__/workflowInit.test.ts" name="initializeWorkflow determinism — criterion 3 (issue #524) &gt; top-level state records branchName from the first agent call" time="0.001933125">
            <system-out>
📋 [2026-10-06T17:53:39.170Z] [test-wfinit-1791309219145-c3b] Pre-flight check passed: Claude CLI found at /Users/martin/.local/bin/claude
📋 [2026-10-06T17:53:39.170Z] [test-wfinit-1791309219145-c3b] Fetching issue...

✅ [2026-10-06T17:53:39.170Z] [test-wfinit-1791309219145-c3b] Fetched issue: Test issue
📋 [2026-10-06T17:53:39.170Z] [test-wfinit-1791309219145-c3b] Using pre-classified issue type: /feature
📋 [2026-10-06T17:53:39.170Z] [test-wfinit-1791309219145-c3c] ===================================
📋 [2026-10-06T17:53:39.170Z] [test-wfinit-1791309219145-c3c] orchestrator
📋 [2026-10-06T17:53:39.170Z] [test-wfinit-1791309219145-c3c] Issue: #9000
📋 [2026-10-06T17:53:39.170Z] [test-wfinit-1791309219145-c3c] ADW ID: test-wfinit-1791309219145-c3c
📋 [2026-10-06T17:53:39.170Z] [test-wfinit-1791309219145-c3c] ADW version: abc1234
📋 [2026-10-06T17:53:39.170Z] [test-wfinit-1791309219145-c3c] ===================================

✅ [2026-10-06T17:53:39.170Z] [test-wfinit-1791309219145-c3c] Branch name generated: feature-issue-9000-slug-state

📋 [2026-10-06T17:53:39.170Z] [test-wfinit-1791309219145-c3c] Worktree path: /tmp/fake-worktree
📋 [2026-10-06T17:53:39.171Z] [test-wfinit-1791309219145-c3c] State: /Users/martin/projects/paysdoc/AI_Dev_Workflow/.worktrees/feature-issue-1018-promote-rate-limit-probe-regression/agents/test-wfinit-1791309219145-c3c/orchestrator
📋 [2026-10-06T17:53:39.171Z] [test-wfinit-1791309219145-c3c] Logs: /Users/martin/projects/paysdoc/AI_Dev_Workflow/.worktrees/feature-issue-1018-promote-rate-limit-probe-regression/logs/test-wfinit-1791309219145-c3c
📋 [2026-10-06T17:53:39.171Z] [test-wfinit-1791309219145-c3c] No .adw/ directory found, using default project config
📋 [2026-10-06T17:53:39.171Z] [test-wfinit-1791309219145-c3c] adw.yml unit-test gate: enabled

📋 [2026-10-06T17:53:39.171Z] [test-wfinit-1791309219145-c3c] Allocated port 3000 for dev server (http://localhost:3000)

📋 [2026-10-06T17:53:39.171Z] [test-wfinit-1791309219145-c3c] Pre-flight check passed: Claude CLI found at /Users/martin/.local/bin/claude
📋 [2026-10-06T17:53:39.171Z] [test-wfinit-1791309219145-c3c] Fetching issue...

✅ [2026-10-06T17:53:39.171Z] [test-wfinit-1791309219145-c3c] Fetched issue: Test issue
📋 [2026-10-06T17:53:39.171Z] [test-wfinit-1791309219145-c3c] Using pre-classified issue type: /feature
📋 [2026-10-06T17:53:39.171Z] [test-wfinit-1791309219145-c3c] ===================================
📋 [2026-10-06T17:53:39.171Z] [test-wfinit-1791309219145-c3c] orchestrator
📋 [2026-10-06T17:53:39.171Z] [test-wfinit-1791309219145-c3c] Issue: #9000
📋 [2026-10-06T17:53:39.171Z] [test-wfinit-1791309219145-c3c] ADW ID: test-wfinit-1791309219145-c3c
📋 [2026-10-06T17:53:39.171Z] [test-wfinit-1791309219145-c3c] ADW version: abc1234
📋 [2026-10-06T17:53:39.171Z] [test-wfinit-1791309219145-c3c] ===================================
📋 [2026-10-06T17:53:39.171Z] [test-wfinit-1791309219145-c3c] Reusing persisted branch name for adwId test-wfinit-1791309219145-c3c: feature-issue-9000-slug-state

📋 [2026-10-06T17:53:39.171Z] [test-wfinit-1791309219145-c3c] Worktree path: /tmp/fake-worktree
📋 [2026-10-06T17:53:39.171Z] [test-wfinit-1791309219145-c3c] State: /Users/martin/projects/paysdoc/AI_Dev_Workflow/.worktrees/feature-issue-1018-promote-rate-limit-probe-regression/agents/test-wfinit-1791309219145-c3c/orchestrator
📋 [2026-10-06T17:53:39.171Z] [test-wfinit-1791309219145-c3c] Logs: /Users/martin/projects/paysdoc/AI_Dev_Workflow/.worktrees/feature-issue-1018-promote-rate-limit-probe-regression/logs/test-wfinit-1791309219145-c3c
📋 [2026-10-06T17:53:39.171Z] [test-wfinit-1791309219145-c3c] No .adw/ directory found, using default project config
📋 [2026-10-06T17:53:39.171Z] [test-wfinit-1791309219145-c3c] adw.yml unit-test gate: enabled

📋 [2026-10-06T17:53:39.171Z] [test-wfinit-1791309219145-c3c] Allocated port 3000 for dev server (http://localhost:3000)

            </system-out>
        </testcase>
        <testcase classname="adws/phases/__tests__/workflowInit.test.ts" name="initializeWorkflow determinism — criterion 3 (issue #524) &gt; ensureWorktree is called at most once — only one worktree is created" time="0.002525833">
            <system-out>
📋 [2026-10-06T17:53:39.172Z] [test-wfinit-1791309219145-c3c] Pre-flight check passed: Claude CLI found at /Users/martin/.local/bin/claude
📋 [2026-10-06T17:53:39.172Z] [test-wfinit-1791309219145-c3c] Fetching issue...

✅ [2026-10-06T17:53:39.172Z] [test-wfinit-1791309219145-c3c] Fetched issue: Test issue
📋 [2026-10-06T17:53:39.172Z] [test-wfinit-1791309219145-c3c] Using pre-classified issue type: /feature
📋 [2026-10-06T17:53:39.172Z] [test-wfinit-1791309219145-c3d] ===================================
📋 [2026-10-06T17:53:39.172Z] [test-wfinit-1791309219145-c3d] orchestrator
📋 [2026-10-06T17:53:39.172Z] [test-wfinit-1791309219145-c3d] Issue: #9000
📋 [2026-10-06T17:53:39.172Z] [test-wfinit-1791309219145-c3d] ADW ID: test-wfinit-1791309219145-c3d
📋 [2026-10-06T17:53:39.172Z] [test-wfinit-1791309219145-c3d] ADW version: abc1234
📋 [2026-10-06T17:53:39.172Z] [test-wfinit-1791309219145-c3d] ===================================

✅ [2026-10-06T17:53:39.172Z] [test-wfinit-1791309219145-c3d] Branch name generated: feature-issue-9000-slug-wt

📋 [2026-10-06T17:53:39.172Z] [test-wfinit-1791309219145-c3d] Worktree path: /tmp/fake-worktree
📋 [2026-10-06T17:53:39.173Z] [test-wfinit-1791309219145-c3d] State: /Users/martin/projects/paysdoc/AI_Dev_Workflow/.worktrees/feature-issue-1018-promote-rate-limit-probe-regression/agents/test-wfinit-1791309219145-c3d/orchestrator
📋 [2026-10-06T17:53:39.173Z] [test-wfinit-1791309219145-c3d] Logs: /Users/martin/projects/paysdoc/AI_Dev_Workflow/.worktrees/feature-issue-1018-promote-rate-limit-probe-regression/logs/test-wfinit-1791309219145-c3d
📋 [2026-10-06T17:53:39.173Z] [test-wfinit-1791309219145-c3d] No .adw/ directory found, using default project config
📋 [2026-10-06T17:53:39.173Z] [test-wfinit-1791309219145-c3d] adw.yml unit-test gate: enabled

📋 [2026-10-06T17:53:39.173Z] [test-wfinit-1791309219145-c3d] Allocated port 3000 for dev server (http://localhost:3000)

📋 [2026-10-06T17:53:39.173Z] [test-wfinit-1791309219145-c3d] Pre-flight check passed: Claude CLI found at /Users/martin/.local/bin/claude
📋 [2026-10-06T17:53:39.173Z] [test-wfinit-1791309219145-c3d] Fetching issue...

✅ [2026-10-06T17:53:39.173Z] [test-wfinit-1791309219145-c3d] Fetched issue: Test issue
📋 [2026-10-06T17:53:39.173Z] [test-wfinit-1791309219145-c3d] Using pre-classified issue type: /feature
📋 [2026-10-06T17:53:39.173Z] [test-wfinit-1791309219145-c3d] ===================================
📋 [2026-10-06T17:53:39.173Z] [test-wfinit-1791309219145-c3d] orchestrator
📋 [2026-10-06T17:53:39.173Z] [test-wfinit-1791309219145-c3d] Issue: #9000
📋 [2026-10-06T17:53:39.173Z] [test-wfinit-1791309219145-c3d] ADW ID: test-wfinit-1791309219145-c3d
📋 [2026-10-06T17:53:39.173Z] [test-wfinit-1791309219145-c3d] ADW version: abc1234
📋 [2026-10-06T17:53:39.173Z] [test-wfinit-1791309219145-c3d] ===================================
📋 [2026-10-06T17:53:39.173Z] [test-wfinit-1791309219145-c3d] Reusing persisted branch name for adwId test-wfinit-1791309219145-c3d: feature-issue-9000-slug-wt

📋 [2026-10-06T17:53:39.173Z] [test-wfinit-1791309219145-c3d] Reusing existing worktree at /tmp/fake-worktree
📋 [2026-10-06T17:53:39.173Z] [test-wfinit-1791309219145-c3d] Worktree path: /tmp/fake-worktree
📋 [2026-10-06T17:53:39.173Z] [test-wfinit-1791309219145-c3d] State: /Users/martin/projects/paysdoc/AI_Dev_Workflow/.worktrees/feature-issue-1018-promote-rate-limit-probe-regression/agents/test-wfinit-1791309219145-c3d/orchestrator
📋 [2026-10-06T17:53:39.173Z] [test-wfinit-1791309219145-c3d] Logs: /Users/martin/projects/paysdoc/AI_Dev_Workflow/.worktrees/feature-issue-1018-promote-rate-limit-probe-regression/logs/test-wfinit-1791309219145-c3d
📋 [2026-10-06T17:53:39.174Z] [test-wfinit-1791309219145-c3d] No .adw/ directory found, using default project config
📋 [2026-10-06T17:53:39.174Z] [test-wfinit-1791309219145-c3d] adw.yml unit-test gate: enabled

📋 [2026-10-06T17:53:39.174Z] [test-wfinit-1791309219145-c3d] Allocated port 3000 for dev server (http://localhost:3000)

            </system-out>
        </testcase>
        <testcase classname="adws/phases/__tests__/workflowInit.test.ts" name="initializeWorkflow: boundary-providers passthrough to bindWorkspaceContext &gt; passes the fake boundary and the worktree path to bindWorkspaceContext" time="0.001230875">
            <system-out>
📋 [2026-10-06T17:53:39.175Z] [test-wfinit-1791309219145-c3d] Pre-flight check passed: Claude CLI found at /Users/martin/.local/bin/claude
📋 [2026-10-06T17:53:39.175Z] [test-wfinit-1791309219145-c3d] Fetching issue...

✅ [2026-10-06T17:53:39.175Z] [test-wfinit-1791309219145-c3d] Fetched issue: Test issue
📋 [2026-10-06T17:53:39.175Z] [test-wfinit-1791309219145-c3d] Using pre-classified issue type: /feature
📋 [2026-10-06T17:53:39.175Z] [test-wfinit-1791309219145-boundary] ===================================
📋 [2026-10-06T17:53:39.175Z] [test-wfinit-1791309219145-boundary] orchestrator
📋 [2026-10-06T17:53:39.175Z] [test-wfinit-1791309219145-boundary] Issue: #9000
📋 [2026-10-06T17:53:39.175Z] [test-wfinit-1791309219145-boundary] ADW ID: test-wfinit-1791309219145-boundary
📋 [2026-10-06T17:53:39.175Z] [test-wfinit-1791309219145-boundary] ADW version: abc1234
📋 [2026-10-06T17:53:39.175Z] [test-wfinit-1791309219145-boundary] ===================================

✅ [2026-10-06T17:53:39.175Z] [test-wfinit-1791309219145-boundary] Branch name generated: feature-issue-9000-boundary-match

📋 [2026-10-06T17:53:39.175Z] [test-wfinit-1791309219145-boundary] Worktree path: /tmp/fake-worktree
📋 [2026-10-06T17:53:39.175Z] [test-wfinit-1791309219145-boundary] State: /Users/martin/projects/paysdoc/AI_Dev_Workflow/.worktrees/feature-issue-1018-promote-rate-limit-probe-regression/agents/test-wfinit-1791309219145-boundary/orchestrator
📋 [2026-10-06T17:53:39.175Z] [test-wfinit-1791309219145-boundary] Logs: /Users/martin/projects/paysdoc/AI_Dev_Workflow/.worktrees/feature-issue-1018-promote-rate-limit-probe-regression/logs/test-wfinit-1791309219145-boundary
📋 [2026-10-06T17:53:39.175Z] [test-wfinit-1791309219145-boundary] No .adw/ directory found, using default project config
📋 [2026-10-06T17:53:39.175Z] [test-wfinit-1791309219145-boundary] adw.yml unit-test gate: enabled

📋 [2026-10-06T17:53:39.175Z] [test-wfinit-1791309219145-boundary] Allocated port 3000 for dev server (http://localhost:3000)

            </system-out>
        </testcase>
        <testcase classname="adws/phases/__tests__/workflowInit.test.ts" name="initializeWorkflow: boundary-providers passthrough to bindWorkspaceContext &gt; reads the issue through the boundary&apos;s own providers.issueTracker (#844)" time="0.001412916">
            <system-out>
📋 [2026-10-06T17:53:39.176Z] [test-wfinit-1791309219145-boundary] Pre-flight check passed: Claude CLI found at /Users/martin/.local/bin/claude
📋 [2026-10-06T17:53:39.176Z] [test-wfinit-1791309219145-boundary] Fetching issue...

✅ [2026-10-06T17:53:39.176Z] [test-wfinit-1791309219145-boundary] Fetched issue: Test issue
📋 [2026-10-06T17:53:39.176Z] [test-wfinit-1791309219145-boundary] Using pre-classified issue type: /feature
📋 [2026-10-06T17:53:39.176Z] [test-wfinit-1791309219145-boundary] ===================================
📋 [2026-10-06T17:53:39.176Z] [test-wfinit-1791309219145-boundary] orchestrator
📋 [2026-10-06T17:53:39.176Z] [test-wfinit-1791309219145-boundary] Issue: #9000
📋 [2026-10-06T17:53:39.176Z] [test-wfinit-1791309219145-boundary] ADW ID: test-wfinit-1791309219145-boundary
📋 [2026-10-06T17:53:39.176Z] [test-wfinit-1791309219145-boundary] ADW version: abc1234
📋 [2026-10-06T17:53:39.176Z] [test-wfinit-1791309219145-boundary] ===================================

✅ [2026-10-06T17:53:39.176Z] [test-wfinit-1791309219145-boundary] Branch name generated: feature-issue-9000-issue-tracker

📋 [2026-10-06T17:53:39.176Z] [test-wfinit-1791309219145-boundary] Worktree path: /tmp/fake-worktree
📋 [2026-10-06T17:53:39.176Z] [test-wfinit-1791309219145-boundary] State: /Users/martin/projects/paysdoc/AI_Dev_Workflow/.worktrees/feature-issue-1018-promote-rate-limit-probe-regression/agents/test-wfinit-1791309219145-boundary/orchestrator
📋 [2026-10-06T17:53:39.176Z] [test-wfinit-1791309219145-boundary] Logs: /Users/martin/projects/paysdoc/AI_Dev_Workflow/.worktrees/feature-issue-1018-promote-rate-limit-probe-regression/logs/test-wfinit-1791309219145-boundary
📋 [2026-10-06T17:53:39.177Z] [test-wfinit-1791309219145-boundary] No .adw/ directory found, using default project config
📋 [2026-10-06T17:53:39.177Z] [test-wfinit-1791309219145-boundary] adw.yml unit-test gate: enabled

📋 [2026-10-06T17:53:39.177Z] [test-wfinit-1791309219145-boundary] Allocated port 3000 for dev server (http://localhost:3000)

            </system-out>
        </testcase>
        <testcase classname="adws/phases/__tests__/workflowInit.test.ts" name="initializeWorkflow: boundary-providers passthrough to bindWorkspaceContext &gt; refuses to mint a second provider set when a caller-supplied repoId names a different repository — bindWorkspaceContext is never reached" time="0.00152575">
            <system-out>
📋 [2026-10-06T17:53:39.177Z] [test-wfinit-1791309219145-boundary] Pre-flight check passed: Claude CLI found at /Users/martin/.local/bin/claude
📋 [2026-10-06T17:53:39.177Z] [test-wfinit-1791309219145-boundary] Fetching issue...

✅ [2026-10-06T17:53:39.177Z] [test-wfinit-1791309219145-boundary] Fetched issue: Test issue
📋 [2026-10-06T17:53:39.177Z] [test-wfinit-1791309219145-boundary] Using pre-classified issue type: /feature
📋 [2026-10-06T17:53:39.177Z] [test-wfinit-1791309219145-boundary] ===================================
📋 [2026-10-06T17:53:39.177Z] [test-wfinit-1791309219145-boundary] orchestrator
📋 [2026-10-06T17:53:39.177Z] [test-wfinit-1791309219145-boundary] Issue: #9000
📋 [2026-10-06T17:53:39.177Z] [test-wfinit-1791309219145-boundary] ADW ID: test-wfinit-1791309219145-boundary
📋 [2026-10-06T17:53:39.177Z] [test-wfinit-1791309219145-boundary] ADW version: abc1234
📋 [2026-10-06T17:53:39.177Z] [test-wfinit-1791309219145-boundary] ===================================

✅ [2026-10-06T17:53:39.177Z] [test-wfinit-1791309219145-boundary] Branch name generated: feature-issue-9000-boundary-mismatch

📋 [2026-10-06T17:53:39.178Z] [test-wfinit-1791309219145-boundary] Worktree path: /tmp/fake-worktree
📋 [2026-10-06T17:53:39.178Z] [test-wfinit-1791309219145-boundary] Failed to create RepoContext (falling back to direct API calls): Error: resolveWorkflowProviders: caller-supplied repository other-owner/other-repo does not match the launch boundary&apos;s test-owner/test-repo
📋 [2026-10-06T17:53:39.178Z] [test-wfinit-1791309219145-boundary] State: /Users/martin/projects/paysdoc/AI_Dev_Workflow/.worktrees/feature-issue-1018-promote-rate-limit-probe-regression/agents/test-wfinit-1791309219145-boundary/orchestrator
📋 [2026-10-06T17:53:39.178Z] [test-wfinit-1791309219145-boundary] Logs: /Users/martin/projects/paysdoc/AI_Dev_Workflow/.worktrees/feature-issue-1018-promote-rate-limit-probe-regression/logs/test-wfinit-1791309219145-boundary
📋 [2026-10-06T17:53:39.178Z] [test-wfinit-1791309219145-boundary] No .adw/ directory found, using default project config
📋 [2026-10-06T17:53:39.178Z] [test-wfinit-1791309219145-boundary] adw.yml unit-test gate: enabled

📋 [2026-10-06T17:53:39.178Z] [test-wfinit-1791309219145-boundary] Allocated port 3000 for dev server (http://localhost:3000)

            </system-out>
        </testcase>
        <testcase classname="adws/phases/__tests__/workflowInit.test.ts" name="initializeWorkflow: the application-type gate &gt; hands the gate the run, its worktree, its default branch and the config read from that worktree" time="0.00144075">
            <system-out>
📋 [2026-10-06T17:53:39.179Z] [test-wfinit-1791309219145-boundary] Pre-flight check passed: Claude CLI found at /Users/martin/.local/bin/claude
📋 [2026-10-06T17:53:39.179Z] [test-wfinit-1791309219145-boundary] Fetching issue...

✅ [2026-10-06T17:53:39.179Z] [test-wfinit-1791309219145-boundary] Fetched issue: Test issue
📋 [2026-10-06T17:53:39.179Z] [test-wfinit-1791309219145-boundary] Using pre-classified issue type: /feature
📋 [2026-10-06T17:53:39.179Z] [test-wfinit-1791309219145-apptype] ===================================
📋 [2026-10-06T17:53:39.179Z] [test-wfinit-1791309219145-apptype] orchestrator
📋 [2026-10-06T17:53:39.179Z] [test-wfinit-1791309219145-apptype] Issue: #9000
📋 [2026-10-06T17:53:39.179Z] [test-wfinit-1791309219145-apptype] ADW ID: test-wfinit-1791309219145-apptype
📋 [2026-10-06T17:53:39.179Z] [test-wfinit-1791309219145-apptype] ADW version: abc1234
📋 [2026-10-06T17:53:39.179Z] [test-wfinit-1791309219145-apptype] ===================================

✅ [2026-10-06T17:53:39.179Z] [test-wfinit-1791309219145-apptype] Branch name generated: feature-issue-9000-apptype

📋 [2026-10-06T17:53:39.179Z] [test-wfinit-1791309219145-apptype] Worktree path: /tmp/fake-worktree
📋 [2026-10-06T17:53:39.179Z] [test-wfinit-1791309219145-apptype] State: /Users/martin/projects/paysdoc/AI_Dev_Workflow/.worktrees/feature-issue-1018-promote-rate-limit-probe-regression/agents/test-wfinit-1791309219145-apptype/orchestrator
📋 [2026-10-06T17:53:39.179Z] [test-wfinit-1791309219145-apptype] Logs: /Users/martin/projects/paysdoc/AI_Dev_Workflow/.worktrees/feature-issue-1018-promote-rate-limit-probe-regression/logs/test-wfinit-1791309219145-apptype
📋 [2026-10-06T17:53:39.180Z] [test-wfinit-1791309219145-apptype] No .adw/ directory found, using default project config
📋 [2026-10-06T17:53:39.180Z] [test-wfinit-1791309219145-apptype] adw.yml unit-test gate: enabled

📋 [2026-10-06T17:53:39.180Z] [test-wfinit-1791309219145-apptype] Allocated port 3000 for dev server (http://localhost:3000)

            </system-out>
        </testcase>
        <testcase classname="adws/phases/__tests__/workflowInit.test.ts" name="initializeWorkflow: the application-type gate &gt; builds the gate its real dependencies from the launch GitContext" time="0.001061666">
            <system-out>
📋 [2026-10-06T17:53:39.180Z] [test-wfinit-1791309219145-apptype] Pre-flight check passed: Claude CLI found at /Users/martin/.local/bin/claude
📋 [2026-10-06T17:53:39.180Z] [test-wfinit-1791309219145-apptype] Fetching issue...

✅ [2026-10-06T17:53:39.180Z] [test-wfinit-1791309219145-apptype] Fetched issue: Test issue
📋 [2026-10-06T17:53:39.180Z] [test-wfinit-1791309219145-apptype] Using pre-classified issue type: /feature
📋 [2026-10-06T17:53:39.180Z] [test-wfinit-1791309219145-apptype] ===================================
📋 [2026-10-06T17:53:39.180Z] [test-wfinit-1791309219145-apptype] orchestrator
📋 [2026-10-06T17:53:39.180Z] [test-wfinit-1791309219145-apptype] Issue: #9000
📋 [2026-10-06T17:53:39.180Z] [test-wfinit-1791309219145-apptype] ADW ID: test-wfinit-1791309219145-apptype
📋 [2026-10-06T17:53:39.180Z] [test-wfinit-1791309219145-apptype] ADW version: abc1234
📋 [2026-10-06T17:53:39.180Z] [test-wfinit-1791309219145-apptype] ===================================

✅ [2026-10-06T17:53:39.180Z] [test-wfinit-1791309219145-apptype] Branch name generated: feature-issue-9000-apptype

📋 [2026-10-06T17:53:39.181Z] [test-wfinit-1791309219145-apptype] Worktree path: /tmp/fake-worktree
📋 [2026-10-06T17:53:39.181Z] [test-wfinit-1791309219145-apptype] State: /Users/martin/projects/paysdoc/AI_Dev_Workflow/.worktrees/feature-issue-1018-promote-rate-limit-probe-regression/agents/test-wfinit-1791309219145-apptype/orchestrator
📋 [2026-10-06T17:53:39.181Z] [test-wfinit-1791309219145-apptype] Logs: /Users/martin/projects/paysdoc/AI_Dev_Workflow/.worktrees/feature-issue-1018-promote-rate-limit-probe-regression/logs/test-wfinit-1791309219145-apptype
📋 [2026-10-06T17:53:39.181Z] [test-wfinit-1791309219145-apptype] No .adw/ directory found, using default project config
📋 [2026-10-06T17:53:39.181Z] [test-wfinit-1791309219145-apptype] adw.yml unit-test gate: enabled

📋 [2026-10-06T17:53:39.181Z] [test-wfinit-1791309219145-apptype] Allocated port 3000 for dev server (http://localhost:3000)

            </system-out>
        </testcase>
        <testcase classname="adws/phases/__tests__/workflowInit.test.ts" name="initializeWorkflow: the application-type gate &gt; returns the profile the gate resolved, and the config the gate returned, which a merge can have changed" time="0.000946833">
            <system-out>
📋 [2026-10-06T17:53:39.181Z] [test-wfinit-1791309219145-apptype] Pre-flight check passed: Claude CLI found at /Users/martin/.local/bin/claude
📋 [2026-10-06T17:53:39.181Z] [test-wfinit-1791309219145-apptype] Fetching issue...

✅ [2026-10-06T17:53:39.181Z] [test-wfinit-1791309219145-apptype] Fetched issue: Test issue
📋 [2026-10-06T17:53:39.181Z] [test-wfinit-1791309219145-apptype] Using pre-classified issue type: /feature
📋 [2026-10-06T17:53:39.181Z] [test-wfinit-1791309219145-apptype] ===================================
📋 [2026-10-06T17:53:39.181Z] [test-wfinit-1791309219145-apptype] orchestrator
📋 [2026-10-06T17:53:39.181Z] [test-wfinit-1791309219145-apptype] Issue: #9000
📋 [2026-10-06T17:53:39.181Z] [test-wfinit-1791309219145-apptype] ADW ID: test-wfinit-1791309219145-apptype
📋 [2026-10-06T17:53:39.181Z] [test-wfinit-1791309219145-apptype] ADW version: abc1234
📋 [2026-10-06T17:53:39.181Z] [test-wfinit-1791309219145-apptype] ===================================

✅ [2026-10-06T17:53:39.181Z] [test-wfinit-1791309219145-apptype] Branch name generated: feature-issue-9000-apptype

📋 [2026-10-06T17:53:39.182Z] [test-wfinit-1791309219145-apptype] Worktree path: /tmp/fake-worktree
📋 [2026-10-06T17:53:39.182Z] [test-wfinit-1791309219145-apptype] State: /Users/martin/projects/paysdoc/AI_Dev_Workflow/.worktrees/feature-issue-1018-promote-rate-limit-probe-regression/agents/test-wfinit-1791309219145-apptype/orchestrator
📋 [2026-10-06T17:53:39.182Z] [test-wfinit-1791309219145-apptype] Logs: /Users/martin/projects/paysdoc/AI_Dev_Workflow/.worktrees/feature-issue-1018-promote-rate-limit-probe-regression/logs/test-wfinit-1791309219145-apptype
📋 [2026-10-06T17:53:39.182Z] [test-wfinit-1791309219145-apptype] No .adw/ directory found, using default project config
📋 [2026-10-06T17:53:39.182Z] [test-wfinit-1791309219145-apptype] adw.yml unit-test gate: enabled

📋 [2026-10-06T17:53:39.182Z] [test-wfinit-1791309219145-apptype] Allocated port 3000 for dev server (http://localhost:3000)

            </system-out>
        </testcase>
        <testcase classname="adws/phases/__tests__/workflowInit.test.ts" name="initializeWorkflow: the application-type gate &gt; runs the gate before it allocates a port" time="0.003847125">
            <system-out>
📋 [2026-10-06T17:53:39.182Z] [test-wfinit-1791309219145-apptype] Pre-flight check passed: Claude CLI found at /Users/martin/.local/bin/claude
📋 [2026-10-06T17:53:39.183Z] [test-wfinit-1791309219145-apptype] Fetching issue...

✅ [2026-10-06T17:53:39.183Z] [test-wfinit-1791309219145-apptype] Fetched issue: Test issue
📋 [2026-10-06T17:53:39.183Z] [test-wfinit-1791309219145-apptype] Using pre-classified issue type: /feature
📋 [2026-10-06T17:53:39.183Z] [test-wfinit-1791309219145-apptype] ===================================
📋 [2026-10-06T17:53:39.183Z] [test-wfinit-1791309219145-apptype] orchestrator
📋 [2026-10-06T17:53:39.183Z] [test-wfinit-1791309219145-apptype] Issue: #9000
📋 [2026-10-06T17:53:39.183Z] [test-wfinit-1791309219145-apptype] ADW ID: test-wfinit-1791309219145-apptype
📋 [2026-10-06T17:53:39.183Z] [test-wfinit-1791309219145-apptype] ADW version: abc1234
📋 [2026-10-06T17:53:39.183Z] [test-wfinit-1791309219145-apptype] ===================================

✅ [2026-10-06T17:53:39.183Z] [test-wfinit-1791309219145-apptype] Branch name generated: feature-issue-9000-apptype

📋 [2026-10-06T17:53:39.184Z] [test-wfinit-1791309219145-apptype] Worktree path: /tmp/fake-worktree
📋 [2026-10-06T17:53:39.184Z] [test-wfinit-1791309219145-apptype] State: /Users/martin/projects/paysdoc/AI_Dev_Workflow/.worktrees/feature-issue-1018-promote-rate-limit-probe-regression/agents/test-wfinit-1791309219145-apptype/orchestrator
📋 [2026-10-06T17:53:39.184Z] [test-wfinit-1791309219145-apptype] Logs: /Users/martin/projects/paysdoc/AI_Dev_Workflow/.worktrees/feature-issue-1018-promote-rate-limit-probe-regression/logs/test-wfinit-1791309219145-apptype
📋 [2026-10-06T17:53:39.185Z] [test-wfinit-1791309219145-apptype] No .adw/ directory found, using default project config
📋 [2026-10-06T17:53:39.185Z] [test-wfinit-1791309219145-apptype] adw.yml unit-test gate: enabled

📋 [2026-10-06T17:53:39.185Z] [test-wfinit-1791309219145-apptype] Allocated port 3000 for dev server (http://localhost:3000)

            </system-out>
        </testcase>
        <testcase classname="adws/phases/__tests__/workflowInit.test.ts" name="initializeWorkflow: the application-type gate &gt; allocates no port when the gate stops the run" time="0.0073155">
            <system-out>
📋 [2026-10-06T17:53:39.186Z] [test-wfinit-1791309219145-apptype] Pre-flight check passed: Claude CLI found at /Users/martin/.local/bin/claude
📋 [2026-10-06T17:53:39.186Z] [test-wfinit-1791309219145-apptype] Fetching issue...

✅ [2026-10-06T17:53:39.187Z] [test-wfinit-1791309219145-apptype] Fetched issue: Test issue
📋 [2026-10-06T17:53:39.187Z] [test-wfinit-1791309219145-apptype] Using pre-classified issue type: /feature
📋 [2026-10-06T17:53:39.187Z] [test-wfinit-1791309219145-apptype] ===================================
📋 [2026-10-06T17:53:39.187Z] [test-wfinit-1791309219145-apptype] orchestrator
📋 [2026-10-06T17:53:39.187Z] [test-wfinit-1791309219145-apptype] Issue: #9000
📋 [2026-10-06T17:53:39.187Z] [test-wfinit-1791309219145-apptype] ADW ID: test-wfinit-1791309219145-apptype
📋 [2026-10-06T17:53:39.187Z] [test-wfinit-1791309219145-apptype] ADW version: abc1234
📋 [2026-10-06T17:53:39.187Z] [test-wfinit-1791309219145-apptype] ===================================

✅ [2026-10-06T17:53:39.187Z] [test-wfinit-1791309219145-apptype] Branch name generated: feature-issue-9000-apptype

📋 [2026-10-06T17:53:39.188Z] [test-wfinit-1791309219145-apptype] Worktree path: /tmp/fake-worktree
📋 [2026-10-06T17:53:39.188Z] [test-wfinit-1791309219145-apptype] State: /Users/martin/projects/paysdoc/AI_Dev_Workflow/.worktrees/feature-issue-1018-promote-rate-limit-probe-regression/agents/test-wfinit-1791309219145-apptype/orchestrator
📋 [2026-10-06T17:53:39.188Z] [test-wfinit-1791309219145-apptype] Logs: /Users/martin/projects/paysdoc/AI_Dev_Workflow/.worktrees/feature-issue-1018-promote-rate-limit-probe-regression/logs/test-wfinit-1791309219145-apptype
📋 [2026-10-06T17:53:39.189Z] [test-wfinit-1791309219145-apptype] No .adw/ directory found, using default project config

            </system-out>
        </testcase>
        <testcase classname="adws/phases/__tests__/workflowInit.test.ts" name="initializeWorkflow: a startup failure is written to the orchestrator execution log &gt; rethrows the startup error and leaves it, with its stack, in agents/&lt;adwId&gt;/&lt;orchestrator&gt;/execution.log" time="0.001016709">
            <system-out>
📋 [2026-10-06T17:53:39.194Z] Pre-flight check passed: Claude CLI found at /Users/martin/.local/bin/claude
📋 [2026-10-06T17:53:39.194Z] Fetching issue...

            </system-out>
        </testcase>
        <testcase classname="adws/phases/__tests__/workflowInit.test.ts" name="initializeWorkflow: a startup failure is written to the orchestrator execution log &gt; records a failed pre-flight check, which throws before any other startup step runs" time="0.001448375">
        </testcase>
        <testcase classname="adws/phases/__tests__/workflowInit.test.ts" name="initializeWorkflow: a startup failure is written to the orchestrator execution log &gt; records under the adwId it resolved itself when the caller passed none" time="0.00368075">
            <system-out>
📋 [2026-10-06T17:53:39.196Z] Pre-flight check passed: Claude CLI found at /Users/martin/.local/bin/claude
📋 [2026-10-06T17:53:39.196Z] Fetching issue...

✅ [2026-10-06T17:53:39.196Z] Fetched issue: Test issue
📋 [2026-10-06T17:53:39.196Z] Using pre-classified issue type: /feature
📋 [2026-10-06T17:53:39.196Z] [hyxped-test-issue] ===================================
📋 [2026-10-06T17:53:39.196Z] [hyxped-test-issue] orchestrator
📋 [2026-10-06T17:53:39.196Z] [hyxped-test-issue] Issue: #9000
📋 [2026-10-06T17:53:39.196Z] [hyxped-test-issue] ADW ID: hyxped-test-issue
📋 [2026-10-06T17:53:39.196Z] [hyxped-test-issue] ADW version: abc1234
📋 [2026-10-06T17:53:39.196Z] [hyxped-test-issue] ===================================

✅ [2026-10-06T17:53:39.196Z] [hyxped-test-issue] Branch name generated: feature-issue-9000-startup-failure

            </system-out>
        </testcase>
        <testcase classname="adws/phases/__tests__/workflowInit.test.ts" name="initializeWorkflow: a startup failure is written to the orchestrator execution log &gt; writes no log when the failure precedes any adwId, and still rethrows" time="0.001187791">
            <system-out>
📋 [2026-10-06T17:53:39.200Z] Pre-flight check passed: Claude CLI found at /Users/martin/.local/bin/claude
📋 [2026-10-06T17:53:39.200Z] Fetching issue...

            </system-out>
        </testcase>
        <testcase classname="adws/phases/__tests__/workflowInit.test.ts" name="initializeWorkflow: the top-level starting state records its owner &gt; records this process, its start time and a fresh heartbeat next to the starting stage" time="0.003124708">
            <system-out>
📋 [2026-10-06T17:53:39.201Z] Pre-flight check passed: Claude CLI found at /Users/martin/.local/bin/claude
📋 [2026-10-06T17:53:39.201Z] Fetching issue...

✅ [2026-10-06T17:53:39.201Z] Fetched issue: Test issue
📋 [2026-10-06T17:53:39.201Z] Using pre-classified issue type: /feature
📋 [2026-10-06T17:53:39.201Z] [test-wfinit-1791309219145-owner] ===================================
📋 [2026-10-06T17:53:39.201Z] [test-wfinit-1791309219145-owner] orchestrator
📋 [2026-10-06T17:53:39.201Z] [test-wfinit-1791309219145-owner] Issue: #9000
📋 [2026-10-06T17:53:39.201Z] [test-wfinit-1791309219145-owner] ADW ID: test-wfinit-1791309219145-owner
📋 [2026-10-06T17:53:39.201Z] [test-wfinit-1791309219145-owner] ADW version: abc1234
📋 [2026-10-06T17:53:39.201Z] [test-wfinit-1791309219145-owner] ===================================

✅ [2026-10-06T17:53:39.202Z] [test-wfinit-1791309219145-owner] Branch name generated: feature-issue-9000-owner

📋 [2026-10-06T17:53:39.202Z] [test-wfinit-1791309219145-owner] Worktree path: /tmp/fake-worktree
📋 [2026-10-06T17:53:39.202Z] [test-wfinit-1791309219145-owner] State: /Users/martin/projects/paysdoc/AI_Dev_Workflow/.worktrees/feature-issue-1018-promote-rate-limit-probe-regression/agents/test-wfinit-1791309219145-owner/orchestrator
📋 [2026-10-06T17:53:39.202Z] [test-wfinit-1791309219145-owner] Logs: /Users/martin/projects/paysdoc/AI_Dev_Workflow/.worktrees/feature-issue-1018-promote-rate-limit-probe-regression/logs/test-wfinit-1791309219145-owner
📋 [2026-10-06T17:53:39.203Z] [test-wfinit-1791309219145-owner] No .adw/ directory found, using default project config
📋 [2026-10-06T17:53:39.203Z] [test-wfinit-1791309219145-owner] adw.yml unit-test gate: enabled

📋 [2026-10-06T17:53:39.203Z] [test-wfinit-1791309219145-owner] Allocated port 3000 for dev server (http://localhost:3000)

            </system-out>
        </testcase>
        <testcase classname="adws/phases/__tests__/workflowInit.test.ts" name="initializeWorkflow: the top-level starting state records its owner &gt; never pairs this pid with a previous run&apos;s start time or heartbeat when it resumes the same adwId" time="0.001413167">
            <system-out>
📋 [2026-10-06T17:53:39.204Z] [test-wfinit-1791309219145-owner] Pre-flight check passed: Claude CLI found at /Users/martin/.local/bin/claude
📋 [2026-10-06T17:53:39.204Z] [test-wfinit-1791309219145-owner] Fetching issue...

✅ [2026-10-06T17:53:39.204Z] [test-wfinit-1791309219145-owner] Fetched issue: Test issue
📋 [2026-10-06T17:53:39.204Z] [test-wfinit-1791309219145-owner] Using pre-classified issue type: /feature
📋 [2026-10-06T17:53:39.204Z] [test-wfinit-1791309219145-owner] ===================================
📋 [2026-10-06T17:53:39.204Z] [test-wfinit-1791309219145-owner] orchestrator
📋 [2026-10-06T17:53:39.204Z] [test-wfinit-1791309219145-owner] Issue: #9000
📋 [2026-10-06T17:53:39.204Z] [test-wfinit-1791309219145-owner] ADW ID: test-wfinit-1791309219145-owner
📋 [2026-10-06T17:53:39.204Z] [test-wfinit-1791309219145-owner] ADW version: abc1234
📋 [2026-10-06T17:53:39.204Z] [test-wfinit-1791309219145-owner] ===================================

✅ [2026-10-06T17:53:39.205Z] [test-wfinit-1791309219145-owner] Branch name generated: feature-issue-9000-owner

📋 [2026-10-06T17:53:39.205Z] [test-wfinit-1791309219145-owner] Worktree path: /tmp/fake-worktree
📋 [2026-10-06T17:53:39.205Z] [test-wfinit-1791309219145-owner] State: /Users/martin/projects/paysdoc/AI_Dev_Workflow/.worktrees/feature-issue-1018-promote-rate-limit-probe-regression/agents/test-wfinit-1791309219145-owner/orchestrator
📋 [2026-10-06T17:53:39.205Z] [test-wfinit-1791309219145-owner] Logs: /Users/martin/projects/paysdoc/AI_Dev_Workflow/.worktrees/feature-issue-1018-promote-rate-limit-probe-regression/logs/test-wfinit-1791309219145-owner
📋 [2026-10-06T17:53:39.205Z] [test-wfinit-1791309219145-owner] No .adw/ directory found, using default project config
📋 [2026-10-06T17:53:39.205Z] [test-wfinit-1791309219145-owner] adw.yml unit-test gate: enabled

📋 [2026-10-06T17:53:39.205Z] [test-wfinit-1791309219145-owner] Allocated port 3000 for dev server (http://localhost:3000)

            </system-out>
        </testcase>
        <testcase classname="adws/phases/__tests__/workflowInit.test.ts" name="initializeWorkflow: the top-level starting state records its owner &gt; drops the park a previous run left, since a starting run is no longer parked" time="0.001437208">
            <system-out>
📋 [2026-10-06T17:53:39.206Z] [test-wfinit-1791309219145-owner] Pre-flight check passed: Claude CLI found at /Users/martin/.local/bin/claude
📋 [2026-10-06T17:53:39.206Z] [test-wfinit-1791309219145-owner] Fetching issue...

✅ [2026-10-06T17:53:39.206Z] [test-wfinit-1791309219145-owner] Fetched issue: Test issue
📋 [2026-10-06T17:53:39.206Z] [test-wfinit-1791309219145-owner] Using pre-classified issue type: /feature
📋 [2026-10-06T17:53:39.206Z] [test-wfinit-1791309219145-owner] ===================================
📋 [2026-10-06T17:53:39.206Z] [test-wfinit-1791309219145-owner] orchestrator
📋 [2026-10-06T17:53:39.206Z] [test-wfinit-1791309219145-owner] Issue: #9000
📋 [2026-10-06T17:53:39.206Z] [test-wfinit-1791309219145-owner] ADW ID: test-wfinit-1791309219145-owner
📋 [2026-10-06T17:53:39.206Z] [test-wfinit-1791309219145-owner] ADW version: abc1234
📋 [2026-10-06T17:53:39.206Z] [test-wfinit-1791309219145-owner] ===================================

✅ [2026-10-06T17:53:39.206Z] [test-wfinit-1791309219145-owner] Branch name generated: feature-issue-9000-owner

📋 [2026-10-06T17:53:39.206Z] [test-wfinit-1791309219145-owner] Worktree path: /tmp/fake-worktree
📋 [2026-10-06T17:53:39.206Z] [test-wfinit-1791309219145-owner] State: /Users/martin/projects/paysdoc/AI_Dev_Workflow/.worktrees/feature-issue-1018-promote-rate-limit-probe-regression/agents/test-wfinit-1791309219145-owner/orchestrator
📋 [2026-10-06T17:53:39.206Z] [test-wfinit-1791309219145-owner] Logs: /Users/martin/projects/paysdoc/AI_Dev_Workflow/.worktrees/feature-issue-1018-promote-rate-limit-probe-regression/logs/test-wfinit-1791309219145-owner
📋 [2026-10-06T17:53:39.206Z] [test-wfinit-1791309219145-owner] No .adw/ directory found, using default project config
📋 [2026-10-06T17:53:39.206Z] [test-wfinit-1791309219145-owner] adw.yml unit-test gate: enabled

📋 [2026-10-06T17:53:39.206Z] [test-wfinit-1791309219145-owner] Allocated port 3000 for dev server (http://localhost:3000)

            </system-out>
        </testcase>
        <testcase classname="adws/phases/__tests__/workflowInit.test.ts" name="initializeWorkflow: the top-level starting state records its owner &gt; still writes the orchestrator&apos;s own sub-state pid" time="0.000962">
            <system-out>
📋 [2026-10-06T17:53:39.207Z] [test-wfinit-1791309219145-owner] Pre-flight check passed: Claude CLI found at /Users/martin/.local/bin/claude
📋 [2026-10-06T17:53:39.207Z] [test-wfinit-1791309219145-owner] Fetching issue...

✅ [2026-10-06T17:53:39.207Z] [test-wfinit-1791309219145-owner] Fetched issue: Test issue
📋 [2026-10-06T17:53:39.207Z] [test-wfinit-1791309219145-owner] Using pre-classified issue type: /feature
📋 [2026-10-06T17:53:39.207Z] [test-wfinit-1791309219145-owner] ===================================
📋 [2026-10-06T17:53:39.207Z] [test-wfinit-1791309219145-owner] orchestrator
📋 [2026-10-06T17:53:39.207Z] [test-wfinit-1791309219145-owner] Issue: #9000
📋 [2026-10-06T17:53:39.207Z] [test-wfinit-1791309219145-owner] ADW ID: test-wfinit-1791309219145-owner
📋 [2026-10-06T17:53:39.207Z] [test-wfinit-1791309219145-owner] ADW version: abc1234
📋 [2026-10-06T17:53:39.207Z] [test-wfinit-1791309219145-owner] ===================================

✅ [2026-10-06T17:53:39.207Z] [test-wfinit-1791309219145-owner] Branch name generated: feature-issue-9000-owner

📋 [2026-10-06T17:53:39.207Z] [test-wfinit-1791309219145-owner] Worktree path: /tmp/fake-worktree
📋 [2026-10-06T17:53:39.207Z] [test-wfinit-1791309219145-owner] State: /Users/martin/projects/paysdoc/AI_Dev_Workflow/.worktrees/feature-issue-1018-promote-rate-limit-probe-regression/agents/test-wfinit-1791309219145-owner/orchestrator
📋 [2026-10-06T17:53:39.207Z] [test-wfinit-1791309219145-owner] Logs: /Users/martin/projects/paysdoc/AI_Dev_Workflow/.worktrees/feature-issue-1018-promote-rate-limit-probe-regression/logs/test-wfinit-1791309219145-owner
📋 [2026-10-06T17:53:39.207Z] [test-wfinit-1791309219145-owner] No .adw/ directory found, using default project config
📋 [2026-10-06T17:53:39.207Z] [test-wfinit-1791309219145-owner] adw.yml unit-test gate: enabled

📋 [2026-10-06T17:53:39.208Z] [test-wfinit-1791309219145-owner] Allocated port 3000 for dev server (http://localhost:3000)

            </system-out>
        </testcase>
    </testsuite>
    <testsuite name="adws/phases/__tests__/workflowPark.test.ts" timestamp="2026-10-06T17:53:43.915Z" hostname="macmini.local" tests="12" failures="0" errors="0" skipped="0" time="0.014993375">
        <testcase classname="adws/phases/__tests__/workflowPark.test.ts" name="parkWorkflow &gt; writes human_gated as the top-level workflow stage" time="0.004021166">
        </testcase>
        <testcase classname="adws/phases/__tests__/workflowPark.test.ts" name="parkWorkflow &gt; records the reason of the park next to the stage, so that a directive can tell which park it answers" time="0.001878833">
        </testcase>
        <testcase classname="adws/phases/__tests__/workflowPark.test.ts" name="parkWorkflow &gt; keeps what the top-level state already holds" time="0.00104575">
        </testcase>
        <testcase classname="adws/phases/__tests__/workflowPark.test.ts" name="parkWorkflow &gt; posts exactly the park comment of the evidence on the issue" time="0.001069875">
        </testcase>
        <testcase classname="adws/phases/__tests__/workflowPark.test.ts" name="parkWorkflow &gt; has written the stage by the time the comment is posted" time="0.000674584">
        </testcase>
        <testcase classname="adws/phases/__tests__/workflowPark.test.ts" name="parkWorkflow &gt; appends a line to the execution log that names the reason" time="0.000638625">
        </testcase>
        <testcase classname="adws/phases/__tests__/workflowPark.test.ts" name="parkWorkflow &gt; ends the process with exit code 0, since a park is not a failure" time="0.000528917">
        </testcase>
        <testcase classname="adws/phases/__tests__/workflowPark.test.ts" name="parkWorkflow &gt; exits after the comment is posted" time="0.000566084">
        </testcase>
        <testcase classname="adws/phases/__tests__/workflowPark.test.ts" name="parkWorkflow &gt; logs a comment that cannot be posted, and still parks and exits" time="0.000645125">
        </testcase>
        <testcase classname="adws/phases/__tests__/workflowPark.test.ts" name="parkWorkflow &gt; parks without a comment when there is no repository context" time="0.000618125">
        </testcase>
        <testcase classname="adws/phases/__tests__/workflowPark.test.ts" name="parkWorkflow &gt; parks for every reason the builder knows" time="0.001949833">
        </testcase>
        <testcase classname="adws/phases/__tests__/workflowPark.test.ts" name="parkWorkflow &gt; leaves the workflow in a stage that &quot;## Retry&quot; re-arms to phase_timeout" time="0.000662375">
        </testcase>
    </testsuite>
    <testsuite name="adws/phases/__tests__/workflowRepoIdentity.test.ts" timestamp="2026-10-06T17:53:43.915Z" hostname="macmini.local" tests="9" failures="0" errors="0" skipped="0" time="0.002707">
        <testcase classname="adws/phases/__tests__/workflowRepoIdentity.test.ts" name="resolveWorkflowRepoId &gt; prefers repoContext.repoId when present" time="0.001085833">
        </testcase>
        <testcase classname="adws/phases/__tests__/workflowRepoIdentity.test.ts" name="resolveWorkflowRepoId &gt; falls back to gitContext when repoContext is absent" time="0.000102625">
        </testcase>
        <testcase classname="adws/phases/__tests__/workflowRepoIdentity.test.ts" name="resolveWorkflowRepoId &gt; falls back to targetRepo when neither repoContext nor gitContext is present" time="0.000083458">
        </testcase>
        <testcase classname="adws/phases/__tests__/workflowRepoIdentity.test.ts" name="resolveWorkflowRepoId &gt; throws an actionable error when the config carries no launch identity" time="0.000357375">
        </testcase>
        <testcase classname="adws/phases/__tests__/workflowRepoIdentity.test.ts" name="workflowLaunchContext &gt; takes selfHost from a self-host GitContext and passes adwId and that GitContext through" time="0.000145541">
        </testcase>
        <testcase classname="adws/phases/__tests__/workflowRepoIdentity.test.ts" name="workflowLaunchContext &gt; takes selfHost: false from a target-repository GitContext" time="0.000123459">
        </testcase>
        <testcase classname="adws/phases/__tests__/workflowRepoIdentity.test.ts" name="workflowLaunchContext &gt; counts a --target-repo GitContext for the framework&apos;s own repository as self-host" time="0.000071084">
        </testcase>
        <testcase classname="adws/phases/__tests__/workflowRepoIdentity.test.ts" name="workflowLaunchContext &gt; is not derived from a bound RepoContext, which a self-host run binds too" time="0.000048042">
        </testcase>
        <testcase classname="adws/phases/__tests__/workflowRepoIdentity.test.ts" name="workflowLaunchContext &gt; counts a config without a GitContext as self-host, so it never injects" time="0.000062333">
        </testcase>
    </testsuite>
    <testsuite name="adws/phases/__tests__/worktreeSetup.test.ts" timestamp="2026-10-06T17:53:43.916Z" hostname="macmini.local" tests="17" failures="0" errors="0" skipped="0" time="2.743514125">
        <testcase classname="adws/phases/__tests__/worktreeSetup.test.ts" name="copyClaudeAssetsToWorktree — target:true commands (E4a) &gt; copies install.md and does NOT add it to .gitignore" time="0.147973166">
            <system-out>
📋 [2026-10-06T17:53:34.606Z] Added 36 gitignore entries to /tmp/adw-ws-test-Igmh4D/.gitignore

            </system-out>
        </testcase>
        <testcase classname="adws/phases/__tests__/worktreeSetup.test.ts" name="copyClaudeAssetsToWorktree — target:true commands (E4a) &gt; copies prime.md and does NOT add it to .gitignore" time="0.138691084">
            <system-out>
📋 [2026-10-06T17:53:34.748Z] Added 36 gitignore entries to /tmp/adw-ws-test-hQMVjw/.gitignore

            </system-out>
        </testcase>
        <testcase classname="adws/phases/__tests__/worktreeSetup.test.ts" name="copyClaudeAssetsToWorktree — target:false commands (E4b) &gt; copies feature.md and adds it to .gitignore" time="0.151614791">
            <system-out>
📋 [2026-10-06T17:53:34.901Z] Added 36 gitignore entries to /tmp/adw-ws-test-42trHx/.gitignore

            </system-out>
        </testcase>
        <testcase classname="adws/phases/__tests__/worktreeSetup.test.ts" name="copyClaudeAssetsToWorktree — target:false commands (E4b) &gt; copies implement.md and adds it to .gitignore" time="0.145500167">
            <system-out>
📋 [2026-10-06T17:53:35.045Z] Added 36 gitignore entries to /tmp/adw-ws-test-CKAz19/.gitignore

            </system-out>
        </testcase>
        <testcase classname="adws/phases/__tests__/worktreeSetup.test.ts" name="copyClaudeAssetsToWorktree — target:true skills (E4c) &gt; copies tdd skill and does NOT add it to .gitignore" time="0.139145416">
            <system-out>
📋 [2026-10-06T17:53:35.186Z] Added 36 gitignore entries to /tmp/adw-ws-test-Wcejoc/.gitignore

            </system-out>
        </testcase>
        <testcase classname="adws/phases/__tests__/worktreeSetup.test.ts" name="copyClaudeAssetsToWorktree — target:false skills (E4d) &gt; copies refactor skill and adds it to .gitignore" time="0.140187834">
            <system-out>
📋 [2026-10-06T17:53:35.325Z] Added 36 gitignore entries to /tmp/adw-ws-test-Z7ub1u/.gitignore

            </system-out>
        </testcase>
        <testcase classname="adws/phases/__tests__/worktreeSetup.test.ts" name="copyClaudeAssetsToWorktree — #267 gitignore-skip-if-tracked invariant (E4e) &gt; does not add feature.md to .gitignore when it is already tracked" time="0.189250708">
            <system-out>
📋 [2026-10-06T17:53:35.514Z] Added 35 gitignore entries to /tmp/adw-ws-test-kSRU76/.gitignore

            </system-out>
        </testcase>
        <testcase classname="adws/phases/__tests__/worktreeSetup.test.ts" name="verifyAdwRegen &gt; all required files present and non-empty → ok:true" time="0.188682083">
        </testcase>
        <testcase classname="adws/phases/__tests__/worktreeSetup.test.ts" name="verifyAdwRegen &gt; missing required .adw/ file → ok:false and reports the file" time="0.188534042">
        </testcase>
        <testcase classname="adws/phases/__tests__/worktreeSetup.test.ts" name="verifyAdwRegen &gt; empty required .adw/ file → ok:false and reports the file" time="0.210776958">
        </testcase>
        <testcase classname="adws/phases/__tests__/worktreeSetup.test.ts" name="verifyAdwRegen &gt; Vocabulary missing → ok:false even when all .adw/ files present" time="0.192964542">
        </testcase>
        <testcase classname="adws/phases/__tests__/worktreeSetup.test.ts" name="decideStarterSettingsCopy &gt; returns action:copy when no settings.json exists" time="0.083069834">
        </testcase>
        <testcase classname="adws/phases/__tests__/worktreeSetup.test.ts" name="decideStarterSettingsCopy &gt; returns action:skip, reason:already_exists when settings.json already exists" time="0.085995417">
        </testcase>
        <testcase classname="adws/phases/__tests__/worktreeSetup.test.ts" name="copyStarterSettingsToWorktree &gt; fresh worktree: copies the template byte-for-byte to .claude/settings.json" time="0.1810405">
            <system-out>
📋 [2026-10-06T17:53:36.647Z] Copied starter guardrails settings to /tmp/adw-starter-CImMlT/.claude/settings.json

            </system-out>
        </testcase>
        <testcase classname="adws/phases/__tests__/worktreeSetup.test.ts" name="copyStarterSettingsToWorktree &gt; fresh worktree: does NOT add .claude/settings.json to .gitignore" time="0.196075625">
            <system-out>
📋 [2026-10-06T17:53:36.842Z] Copied starter guardrails settings to /tmp/adw-starter-fPx2PB/.claude/settings.json

            </system-out>
        </testcase>
        <testcase classname="adws/phases/__tests__/worktreeSetup.test.ts" name="copyStarterSettingsToWorktree &gt; fresh worktree: the copied file is git-committable (git add -A stages it)" time="0.206734334">
            <system-out>
📋 [2026-10-06T17:53:37.006Z] Copied starter guardrails settings to /tmp/adw-starter-vGZ4PE/.claude/settings.json

            </system-out>
        </testcase>
        <testcase classname="adws/phases/__tests__/worktreeSetup.test.ts" name="copyStarterSettingsToWorktree &gt; existing settings.json: is left byte-for-byte unchanged and result is skipped" time="0.156027667">
            <system-out>
📋 [2026-10-06T17:53:37.204Z] Target repo already has .claude/settings.json; skipping starter guardrails copy

            </system-out>
        </testcase>
    </testsuite>
    <testsuite name="adws/phases/__tests__/worktreeSetupTrackedAssets.test.ts" timestamp="2026-10-06T17:53:43.917Z" hostname="macmini.local" tests="8" failures="0" errors="0" skipped="0" time="1.39734725">
        <testcase classname="adws/phases/__tests__/worktreeSetupTrackedAssets.test.ts" name="isFrameworkOwnRepository &gt; is true when the target repository is the framework origin, whatever the case" time="0.000757458">
        </testcase>
        <testcase classname="adws/phases/__tests__/worktreeSetupTrackedAssets.test.ts" name="isFrameworkOwnRepository &gt; is false for any other repository" time="0.000076">
        </testcase>
        <testcase classname="adws/phases/__tests__/worktreeSetupTrackedAssets.test.ts" name="isFrameworkOwnRepository &gt; is false when the framework identity could not be read" time="0.000143083">
        </testcase>
        <testcase classname="adws/phases/__tests__/worktreeSetupTrackedAssets.test.ts" name="copyClaudeAssetsToWorktree — assets the worktree branch tracks (framework checkout behind the branch) &gt; leaves the framework&apos;s own tracked command and skill files as the branch has them" time="0.308478625">
            <system-out>
📋 [2026-10-06T17:53:34.752Z] Worktree belongs to the framework repository acme/framework; left 2 tracked Claude asset(s) as its branch has them
📋 [2026-10-06T17:53:34.753Z] Added 1 gitignore entry to /tmp/adw-ws-worktree-wLEFzx/.gitignore

            </system-out>
        </testcase>
        <testcase classname="adws/phases/__tests__/worktreeSetupTrackedAssets.test.ts" name="copyClaudeAssetsToWorktree — assets the worktree branch tracks (framework checkout behind the branch) &gt; still copies a command that only the framework checkout has, and gitignores it as before" time="0.263516">
            <system-out>
📋 [2026-10-06T17:53:35.033Z] Worktree belongs to the framework repository acme/framework; left 2 tracked Claude asset(s) as its branch has them
📋 [2026-10-06T17:53:35.033Z] Added 1 gitignore entry to /tmp/adw-ws-worktree-wbuGee/.gitignore

            </system-out>
        </testcase>
        <testcase classname="adws/phases/__tests__/worktreeSetupTrackedAssets.test.ts" name="copyClaudeAssetsToWorktree — assets the worktree branch tracks (framework checkout behind the branch) &gt; matches the framework identity case-insensitively" time="0.291532417">
            <system-out>
📋 [2026-10-06T17:53:35.325Z] Worktree belongs to the framework repository acme/framework; left 2 tracked Claude asset(s) as its branch has them
📋 [2026-10-06T17:53:35.325Z] Added 1 gitignore entry to /tmp/adw-ws-worktree-vZ0pvM/.gitignore

            </system-out>
        </testcase>
        <testcase classname="adws/phases/__tests__/worktreeSetupTrackedAssets.test.ts" name="copyClaudeAssetsToWorktree — assets the worktree branch tracks (framework checkout behind the branch) &gt; keeps refreshing a tracked asset in an external target repository" time="0.26829">
            <system-out>
📋 [2026-10-06T17:53:35.594Z] Added 1 gitignore entry to /tmp/adw-ws-worktree-phtLxp/.gitignore

            </system-out>
        </testcase>
        <testcase classname="adws/phases/__tests__/worktreeSetupTrackedAssets.test.ts" name="copyClaudeAssetsToWorktree — assets the worktree branch tracks (framework checkout behind the branch) &gt; behaves as it does for an external target when the framework checkout has no origin to read" time="0.263499792">
            <system-out>
📋 [2026-10-06T17:53:35.853Z] Added 1 gitignore entry to /tmp/adw-ws-worktree-oKC83g/.gitignore

            </system-out>
        </testcase>
    </testsuite>
</testsuites>
